   1              		.cpu cortex-m4
   2              		.arch armv7e-m
   3              		.fpu fpv4-sp-d16
   4              		.eabi_attribute 27, 1
   5              		.eabi_attribute 28, 1
   6              		.eabi_attribute 20, 1
   7              		.eabi_attribute 21, 1
   8              		.eabi_attribute 23, 3
   9              		.eabi_attribute 24, 1
  10              		.eabi_attribute 25, 1
  11              		.eabi_attribute 26, 1
  12              		.eabi_attribute 30, 4
  13              		.eabi_attribute 34, 1
  14              		.eabi_attribute 18, 2
  15              		.file	"debug.c"
  16              		.text
  17              	.Ltext0:
  18              		.cfi_sections	.debug_frame
  19              		.file 1 "quantum/logging/debug.c"
  20              		.global	debug_config
  21              		.section	.bss.debug_config,"aw",%nobits
  24              	debug_config:
  25 0000 00       		.space	1
  26              		.text
  27              	.Letext0:
  28              		.file 2 "/usr/arm-none-eabi/include/machine/_default_types.h"
  29              		.file 3 "/usr/arm-none-eabi/include/sys/_stdint.h"
  30              		.file 4 "quantum/logging/debug.h"
DEFINED SYMBOLS
                            *ABS*:0000000000000000 debug.c
     /tmp/ccCJTEAX.s:24     .bss.debug_config:0000000000000000 debug_config
     /tmp/ccCJTEAX.s:25     .bss.debug_config:0000000000000000 $d

NO UNDEFINED SYMBOLS
