Archive member included to satisfy reference by file (symbol)

/usr/lib/gcc/avr/11.2.0/../../../../avr/lib/avr5/libm.a(fixunssfsi.o)
                              .build/obj_3key_LohseBoi/common/host.o (__fixunssfsi)
/usr/lib/gcc/avr/11.2.0/../../../../avr/lib/avr5/libm.a(fp_split3.o)
                              /usr/lib/gcc/avr/11.2.0/../../../../avr/lib/avr5/libm.a(fixunssfsi.o) (__fp_splitA)
/usr/lib/gcc/avr/11.2.0/../../../../avr/lib/avr5/libm.a(fp_zero.o)
                              /usr/lib/gcc/avr/11.2.0/../../../../avr/lib/avr5/libm.a(fixunssfsi.o) (__fp_zero)
/usr/lib/gcc/avr/11.2.0/../../../../avr/lib/avr5/libm.a(mulsf3.o)
                              .build/obj_3key_LohseBoi/common/host.o (__mulsf3)
/usr/lib/gcc/avr/11.2.0/../../../../avr/lib/avr5/libm.a(mulsf3x.o)
                              /usr/lib/gcc/avr/11.2.0/../../../../avr/lib/avr5/libm.a(mulsf3.o) (__mulsf3x)
/usr/lib/gcc/avr/11.2.0/../../../../avr/lib/avr5/libm.a(fp_inf.o)
                              /usr/lib/gcc/avr/11.2.0/../../../../avr/lib/avr5/libm.a(mulsf3x.o) (__fp_inf)
/usr/lib/gcc/avr/11.2.0/../../../../avr/lib/avr5/libm.a(fp_nan.o)
                              /usr/lib/gcc/avr/11.2.0/../../../../avr/lib/avr5/libm.a(mulsf3x.o) (__fp_nan)
/usr/lib/gcc/avr/11.2.0/../../../../avr/lib/avr5/libm.a(fp_pscA.o)
                              /usr/lib/gcc/avr/11.2.0/../../../../avr/lib/avr5/libm.a(mulsf3x.o) (__fp_pscA)
/usr/lib/gcc/avr/11.2.0/../../../../avr/lib/avr5/libm.a(fp_pscB.o)
                              /usr/lib/gcc/avr/11.2.0/../../../../avr/lib/avr5/libm.a(mulsf3x.o) (__fp_pscB)
/usr/lib/gcc/avr/11.2.0/../../../../avr/lib/avr5/libm.a(fp_round.o)
                              /usr/lib/gcc/avr/11.2.0/../../../../avr/lib/avr5/libm.a(mulsf3.o) (__fp_round)
/usr/lib/gcc/avr/11.2.0/avr5/libgcc.a(_mulsi3.o)
                              .build/obj_3key_LohseBoi/quantum/backlight/backlight_avr.o (__mulsi3)
/usr/lib/gcc/avr/11.2.0/avr5/libgcc.a(_udivmodhi4.o)
                              .build/obj_3key_LohseBoi/quantum/color.o (__udivmodhi4)
/usr/lib/gcc/avr/11.2.0/avr5/libgcc.a(_divmodhi4.o)
                              .build/obj_3key_LohseBoi/quantum/mousekey.o (__divmodhi4)
/usr/lib/gcc/avr/11.2.0/avr5/libgcc.a(_udivmodsi4.o)
                              .build/obj_3key_LohseBoi/quantum/rgblight/rgblight.o (__udivmodsi4)
/usr/lib/gcc/avr/11.2.0/avr5/libgcc.a(_exit.o)
                              /usr/lib/gcc/avr/11.2.0/../../../../avr/lib/avr5/crtatmega32u4.o (exit)
/usr/lib/gcc/avr/11.2.0/avr5/libgcc.a(_tablejump2.o)
                              .build/obj_3key_LohseBoi/quantum/action.o (__tablejump2__)
/usr/lib/gcc/avr/11.2.0/avr5/libgcc.a(_copy_data.o)
                              .build/obj_3key_LohseBoi/keyboards/3key/keymaps/LohseBoi/keymap.o (__do_copy_data)
/usr/lib/gcc/avr/11.2.0/avr5/libgcc.a(_clear_bss.o)
                              .build/obj_3key_LohseBoi/keyboards/3key/keymaps/LohseBoi/keymap.o (__do_clear_bss)
/usr/lib/gcc/avr/11.2.0/avr5/libgcc.a(_popcounthi2.o)
                              .build/obj_3key_LohseBoi/quantum/bitwise.o (__popcounthi2)
/usr/lib/gcc/avr/11.2.0/avr5/libgcc.a(_popcountsi2.o)
                              .build/obj_3key_LohseBoi/quantum/bitwise.o (__popcountsi2)
/usr/lib/gcc/avr/11.2.0/avr5/libgcc.a(_popcountqi2.o)
                              /usr/lib/gcc/avr/11.2.0/avr5/libgcc.a(_popcounthi2.o) (__popcountqi2)
/usr/lib/gcc/avr/11.2.0/avr5/libgcc.a(_mulhisi3.o)
                              .build/obj_3key_LohseBoi/quantum/rgblight/rgblight.o (__mulhisi3)
/usr/lib/gcc/avr/11.2.0/avr5/libgcc.a(_umulhisi3.o)
                              .build/obj_3key_LohseBoi/quantum/rgblight/rgblight.o (__umulhisi3)
/usr/lib/gcc/avr/11.2.0/avr5/libgcc.a(_usmulhisi3.o)
                              /usr/lib/gcc/avr/11.2.0/avr5/libgcc.a(_mulhisi3.o) (__usmulhisi3_tail)
/usr/lib/gcc/avr/11.2.0/avr5/libgcc.a(_muluhisi3.o)
                              .build/obj_3key_LohseBoi/quantum/rgblight/rgblight.o (__muluhisi3)
/usr/lib/gcc/avr/11.2.0/avr5/libgcc.a(_mulshisi3.o)
                              .build/obj_3key_LohseBoi/quantum/rgblight/rgblight.o (__mulshisi3)
/usr/lib/gcc/avr/11.2.0/../../../../avr/lib/avr5/libc.a(memcpy_P.o)
                              .build/obj_3key_LohseBoi/quantum/rgblight/rgblight.o (memcpy_P)
/usr/lib/gcc/avr/11.2.0/../../../../avr/lib/avr5/libc.a(memchr.o)
                              .build/obj_3key_LohseBoi/quantum/rgblight/rgblight.o (memchr)
/usr/lib/gcc/avr/11.2.0/../../../../avr/lib/avr5/libc.a(memmove.o)
                              .build/obj_3key_LohseBoi/lib/lufa/LUFA/Drivers/USB/Class/Common/HIDParser.o (memmove)
/usr/lib/gcc/avr/11.2.0/../../../../avr/lib/avr5/libc.a(sprintf.o)
                              .build/obj_3key_LohseBoi/keyboards/3key/keymaps/LohseBoi/keymap.o (sprintf)
/usr/lib/gcc/avr/11.2.0/../../../../avr/lib/avr5/libc.a(vfprintf_std.o)
[...]
Memory Configuration

Name             Origin             Length             Attributes
text             0x0000000000000000 0x0000000000020000 xr
data             0x0000000000800060 0x000000000000ffa0 rw !x
eeprom           0x0000000000810000 0x0000000000010000 rw !x
fuse             0x0000000000820000 0x0000000000000400 rw !x
lock             0x0000000000830000 0x0000000000000400 rw !x
signature        0x0000000000840000 0x0000000000000400 rw !x
user_signatures  0x0000000000850000 0x0000000000000400 rw !x
*default*        0x0000000000000000 0xffffffffffffffff

Linker script and memory map

Address of section .data set to 0x800100
LOAD /usr/lib/gcc/avr/11.2.0/../../../../avr/lib/avr5/crtatmega32u4.o
LOAD .build/obj_3key_LohseBoi/keyboards/3key/3key.o
LOAD .build/obj_3key_LohseBoi/keyboards/3key/keymaps/LohseBoi/keymap.o
LOAD .build/obj_3key_LohseBoi/quantum/quantum.o
LOAD .build/obj_3key_LohseBoi/quantum/send_string.o
LOAD .build/obj_3key_LohseBoi/quantum/bitwise.o
LOAD .build/obj_3key_LohseBoi/quantum/led.o
LOAD .build/obj_3key_LohseBoi/quantum/action.o
LOAD .build/obj_3key_LohseBoi/quantum/action_layer.o
LOAD .build/obj_3key_LohseBoi/quantum/action_macro.o
LOAD .build/obj_3key_LohseBoi/quantum/action_tapping.o
LOAD .build/obj_3key_LohseBoi/quantum/action_util.o
LOAD .build/obj_3key_LohseBoi/quantum/eeconfig.o
LOAD .build/obj_3key_LohseBoi/quantum/keyboard.o
LOAD .build/obj_3key_LohseBoi/quantum/keymap_common.o
LOAD .build/obj_3key_LohseBoi/quantum/keycode_config.o
LOAD .build/obj_3key_LohseBoi/quantum/logging/debug.o
LOAD .build/obj_3key_LohseBoi/quantum/logging/sendchar.o
LOAD .build/obj_3key_LohseBoi/quantum/bootmagic/bootmagic_lite.o
LOAD .build/obj_3key_LohseBoi/quantum/bootmagic/magic.o
LOAD .build/obj_3key_LohseBoi/quantum/matrix_common.o
LOAD .build/obj_3key_LohseBoi/quantum/matrix.o
LOAD .build/obj_3key_LohseBoi/quantum/debounce/sym_defer_g.o
LOAD .build/obj_3key_LohseBoi/quantum/main.o
LOAD .build/obj_3key_LohseBoi/quantum/mousekey.o
LOAD .build/obj_3key_LohseBoi/quantum/color.o
LOAD .build/obj_3key_LohseBoi/quantum/rgblight/rgblight.o
LOAD .build/obj_3key_LohseBoi/quantum/process_keycode/process_rgb.o
LOAD .build/obj_3key_LohseBoi/quantum/backlight/backlight.o
LOAD .build/obj_3key_LohseBoi/quantum/process_keycode/process_backlight.o
LOAD .build/obj_3key_LohseBoi/quantum/backlight/backlight_driver_common.o
LOAD .build/obj_3key_LohseBoi/quantum/backlight/backlight_avr.o
LOAD .build/obj_3key_LohseBoi/ws2812.o
LOAD .build/obj_3key_LohseBoi/quantum/led_tables.o
LOAD .build/obj_3key_LohseBoi/quantum/process_keycode/process_space_cadet.o
LOAD .build/obj_3key_LohseBoi/quantum/process_keycode/process_magic.o
LOAD .build/obj_3key_LohseBoi/quantum/process_keycode/process_grave_esc.o
LOAD .build/obj_3key_LohseBoi/common/host.o
LOAD .build/obj_3key_LohseBoi/common/report.o
LOAD .build/obj_3key_LohseBoi/common/sync_timer.o
LOAD .build/obj_3key_LohseBoi/common/usb_util.o
LOAD .build/obj_3key_LohseBoi/common/avr/platform.o
LOAD .build/obj_3key_LohseBoi/common/avr/suspend.o
LOAD .build/obj_3key_LohseBoi/common/avr/timer.o
LOAD .build/obj_3key_LohseBoi/common/avr/bootloader.o
LOAD .build/obj_3key_LohseBoi/common/avr/xprintf.o
LOAD .build/obj_3key_LohseBoi/common/avr/printf.o
LOAD .build/obj_3key_LohseBoi/lufa.o
LOAD .build/obj_3key_LohseBoi/usb_descriptor.o
LOAD .build/obj_3key_LohseBoi/lib/lufa/LUFA/Drivers/USB/Class/Common/HIDParser.o
LOAD .build/obj_3key_LohseBoi/lib/lufa/LUFA/Drivers/USB/Core/AVR8/Device_AVR8.o
LOAD .build/obj_3key_LohseBoi/lib/lufa/LUFA/Drivers/USB/Core/AVR8/EndpointStream_AVR8.o
LOAD .build/obj_3key_LohseBoi/lib/lufa/LUFA/Drivers/USB/Core/AVR8/Endpoint_AVR8.o
LOAD .build/obj_3key_LohseBoi/lib/lufa/LUFA/Drivers/USB/Core/AVR8/Host_AVR8.o
LOAD .build/obj_3key_LohseBoi/lib/lufa/LUFA/Drivers/USB/Core/AVR8/PipeStream_AVR8.o
LOAD .build/obj_3key_LohseBoi/lib/lufa/LUFA/Drivers/USB/Core/AVR8/Pipe_AVR8.o
LOAD .build/obj_3key_LohseBoi/lib/lufa/LUFA/Drivers/USB/Core/AVR8/USBController_AVR8.o
LOAD .build/obj_3key_LohseBoi/lib/lufa/LUFA/Drivers/USB/Core/AVR8/USBInterrupt_AVR8.o
LOAD .build/obj_3key_LohseBoi/lib/lufa/LUFA/Drivers/USB/Core/ConfigDescriptors.o
LOAD .build/obj_3key_LohseBoi/lib/lufa/LUFA/Drivers/USB/Core/DeviceStandardReq.o
LOAD .build/obj_3key_LohseBoi/lib/lufa/LUFA/Drivers/USB/Core/Events.o
LOAD .build/obj_3key_LohseBoi/lib/lufa/LUFA/Drivers/USB/Core/HostStandardReq.o
LOAD .build/obj_3key_LohseBoi/lib/lufa/LUFA/Drivers/USB/Core/USBTask.o
LOAD .build/obj_3key_LohseBoi/protocol/lufa/usb_util.o
LOAD /usr/lib/gcc/avr/11.2.0/../../../../avr/lib/avr5/libm.a
START GROUP
LOAD /usr/lib/gcc/avr/11.2.0/avr5/libgcc.a
LOAD /usr/lib/gcc/avr/11.2.0/../../../../avr/lib/avr5/libm.a
LOAD /usr/lib/gcc/avr/11.2.0/../../../../avr/lib/avr5/libc.a
LOAD /usr/lib/gcc/avr/11.2.0/../../../../avr/lib/avr5/libatmega32u4.a
END GROUP
                0x0000000000020000                __TEXT_REGION_LENGTH__ = DEFINED (__TEXT_REGION_LENGTH__)?__TEXT_REGION_LENGTH__:0x20000
                0x000000000000ffa0                __DATA_REGION_LENGTH__ = DEFINED (__DATA_REGION_LENGTH__)?__DATA_REGION_LENGTH__:0xffa0
                0x0000000000010000                __EEPROM_REGION_LENGTH__ = DEFINED (__EEPROM_REGION_LENGTH__)?__EEPROM_REGION_LENGTH__:0x10000
                0x0000000000000400                __FUSE_REGION_LENGTH__ = DEFINED (__FUSE_REGION_LENGTH__)?__FUSE_REGION_LENGTH__:0x400
                0x0000000000000400                __LOCK_REGION_LENGTH__ = DEFINED (__LOCK_REGION_LENGTH__)?__LOCK_REGION_LENGTH__:0x400
                0x0000000000000400                __SIGNATURE_REGION_LENGTH__ = DEFINED (__SIGNATURE_REGION_LENGTH__)?__SIGNATURE_REGION_LENGTH__:0x400
                0x0000000000000400                __USER_SIGNATURE_REGION_LENGTH__ = DEFINED (__USER_SIGNATURE_REGION_LENGTH__)?__USER_SIGNATURE_REGION_LENGTH__:0x400

.hash
 *(.hash)

.dynsym
 *(.dynsym)

.dynstr
 *(.dynstr)

.gnu.version
 *(.gnu.version)

.gnu.version_d
 *(.gnu.version_d)

.gnu.version_r
 *(.gnu.version_r)

.rel.init
 *(.rel.init)

.rela.init
 *(.rela.init)

.rel.text
 *(.rel.text)
 *(.rel.text.*)
 *(.rel.gnu.linkonce.t*)

.rela.text
 *(.rela.text)
 *(.rela.text.*)
 *(.rela.gnu.linkonce.t*)

.rel.fini
 *(.rel.fini)

.rela.fini
 *(.rela.fini)

.rel.rodata
 *(.rel.rodata)
 *(.rel.rodata.*)
 *(.rel.gnu.linkonce.r*)

.rela.rodata
 *(.rela.rodata)
 *(.rela.rodata.*)
 *(.rela.gnu.linkonce.r*)

.rel.data
 *(.rel.data)
 *(.rel.data.*)
 *(.rel.gnu.linkonce.d*)

.rela.data
 *(.rela.data)
 *(.rela.data.*)
 *(.rela.gnu.linkonce.d*)

.rel.ctors
 *(.rel.ctors)

.rela.ctors
 *(.rela.ctors)

.rel.dtors
 *(.rel.dtors)

.rela.dtors
 *(.rela.dtors)

.rel.got
 *(.rel.got)

.rela.got
 *(.rela.got)

.rel.bss
 *(.rel.bss)

.rela.bss
 *(.rela.bss)

.rel.plt
 *(.rel.plt)

.rela.plt
 *(.rela.plt)

.text           0x0000000000000000     0x5fd6
 *(.vectors)
 .vectors       0x0000000000000000       0xac /usr/lib/gcc/avr/11.2.0/../../../../avr/lib/avr5/crtatmega32u4.o
                0x0000000000000000                __vectors
                0x0000000000000000                __vector_default
 *(.vectors)
 *(.progmem.gcc*)
                0x00000000000000ac                . = ALIGN (0x2)
                0x00000000000000ac                __trampolines_start = .
 *(.trampolines)
 .trampolines   0x00000000000000ac        0x0 linker stubs
 *(.trampolines*)
                0x00000000000000ac                __trampolines_end = .
 *libprintf_flt.a:*(.progmem.data)
 *libc.a:*(.progmem.data)
 *(.progmem.*)
 .progmem.data.keymaps
                0x00000000000000ac        0x6 .build/obj_3key_LohseBoi/keyboards/3key/keymaps/LohseBoi/keymap.o
                0x00000000000000ac                keymaps
 .progmem.data.ascii_to_keycode_lut
                0x00000000000000b2       0x80 .build/obj_3key_LohseBoi/quantum/send_string.o
                0x00000000000000b2                ascii_to_keycode_lut
 .progmem.data.ascii_to_dead_lut
                0x0000000000000132       0x10 .build/obj_3key_LohseBoi/quantum/send_string.o
                0x0000000000000132                ascii_to_dead_lut
 .progmem.data.ascii_to_altgr_lut
                0x0000000000000142       0x10 .build/obj_3key_LohseBoi/quantum/send_string.o
                0x0000000000000142                ascii_to_altgr_lut
 .progmem.data.ascii_to_shift_lut
                0x0000000000000152       0x10 .build/obj_3key_LohseBoi/quantum/send_string.o
                0x0000000000000152                ascii_to_shift_lut
 .progmem.data.fn_actions
                0x0000000000000162        0x0 .build/obj_3key_LohseBoi/quantum/keymap_common.o
                0x0000000000000162                fn_actions
 .progmem.data.RGBLED_RGBTEST_INTERVALS
                0x0000000000000162        0x2 .build/obj_3key_LohseBoi/quantum/rgblight/rgblight.o
                0x0000000000000162                RGBLED_RGBTEST_INTERVALS
 .progmem.data.RGBLED_KNIGHT_INTERVALS
                0x0000000000000164        0x3 .build/obj_3key_LohseBoi/quantum/rgblight/rgblight.o
                0x0000000000000164                RGBLED_KNIGHT_INTERVALS
 .progmem.data.RGBLED_SNAKE_INTERVALS
                0x0000000000000167        0x3 .build/obj_3key_LohseBoi/quantum/rgblight/rgblight.o
                0x0000000000000167                RGBLED_SNAKE_INTERVALS
 .progmem.data.RGBLED_RAINBOW_SWIRL_INTERVALS
                0x000000000000016a        0x3 .build/obj_3key_LohseBoi/quantum/rgblight/rgblight.o
                0x000000000000016a                RGBLED_RAINBOW_SWIRL_INTERVALS
 .progmem.data.RGBLED_RAINBOW_MOOD_INTERVALS
                0x000000000000016d        0x3 .build/obj_3key_LohseBoi/quantum/rgblight/rgblight.o
                0x000000000000016d                RGBLED_RAINBOW_MOOD_INTERVALS
 .progmem.data.RGBLED_BREATHING_INTERVALS
                0x0000000000000170        0x4 .build/obj_3key_LohseBoi/quantum/rgblight/rgblight.o
                0x0000000000000170                RGBLED_BREATHING_INTERVALS
 .progmem.data.rgblight_effect_breathe_table
                0x0000000000000174      0x100 .build/obj_3key_LohseBoi/quantum/rgblight/rgblight.o
                0x0000000000000174                rgblight_effect_breathe_table
 .progmem.data.RGBLED_GRADIENT_RANGES
                0x0000000000000274        0x5 .build/obj_3key_LohseBoi/quantum/rgblight/rgblight.o
                0x0000000000000274                RGBLED_GRADIENT_RANGES
 .progmem.data.CIE1931_CURVE
                0x0000000000000279      0x100 .build/obj_3key_LohseBoi/quantum/led_tables.o
                0x0000000000000279                CIE1931_CURVE
 .progmem.data.ProductString
                0x0000000000000379       0x14 .build/obj_3key_LohseBoi/usb_descriptor.o
                0x0000000000000379                ProductString
 .progmem.data.ManufacturerString
                0x000000000000038d       0x18 .build/obj_3key_LohseBoi/usb_descriptor.o
                0x000000000000038d                ManufacturerString
 .progmem.data.LanguageString
                0x00000000000003a5        0x4 .build/obj_3key_LohseBoi/usb_descriptor.o
                0x00000000000003a5                LanguageString
 .progmem.data.ConfigurationDescriptor
                0x00000000000003a9       0x3b .build/obj_3key_LohseBoi/usb_descriptor.o
                0x00000000000003a9                ConfigurationDescriptor
 .progmem.data.DeviceDescriptor
                0x00000000000003e4       0x12 .build/obj_3key_LohseBoi/usb_descriptor.o
                0x00000000000003e4                DeviceDescriptor
 .progmem.data.SharedReport
                0x00000000000003f6       0xb6 .build/obj_3key_LohseBoi/usb_descriptor.o
                0x00000000000003f6                SharedReport
 .progmem.data.KeyboardReport
                0x00000000000004ac       0x40 .build/obj_3key_LohseBoi/usb_descriptor.o
                0x00000000000004ac                KeyboardReport
                0x00000000000004ec                . = ALIGN (0x2)
 *(.lowtext)
 *(.lowtext*)
                0x00000000000004ec                __ctors_start = .
 *(.ctors)
                0x00000000000004ec                __ctors_end = .
                0x00000000000004ec                __dtors_start = .
 *(.dtors)
                0x00000000000004ec                __dtors_end = .
 SORT_BY_NAME(*)(.ctors)
 SORT_BY_NAME(*)(.dtors)
 *(.init0)
 .init0         0x00000000000004ec        0x0 /usr/lib/gcc/avr/11.2.0/../../../../avr/lib/avr5/crtatmega32u4.o
                0x00000000000004ec                __init
 *(.init0)
 *(.init1)
 *(.init1)
 *(.init2)
 .init2         0x00000000000004ec        0xc /usr/lib/gcc/avr/11.2.0/../../../../avr/lib/avr5/crtatmega32u4.o
 *(.init2)
 *(.init3)
 .init3         0x00000000000004f8       0x54 .build/obj_3key_LohseBoi/common/avr/bootloader.o
                0x00000000000004f8                bootloader_jump_after_watchdog_reset
 *(.init3)
 *(.init4)
 .init4         0x000000000000054c       0x16 /usr/lib/gcc/avr/11.2.0/avr5/libgcc.a(_copy_data.o)
                0x000000000000054c                __do_copy_data
 .init4         0x0000000000000562       0x10 /usr/lib/gcc/avr/11.2.0/avr5/libgcc.a(_clear_bss.o)
                0x0000000000000562                __do_clear_bss
 *(.init4)
 *(.init5)
 *(.init5)
 *(.init6)
 *(.init6)
 *(.init7)
 *(.init7)
 *(.init8)
 *(.init8)
 *(.init9)
 .init9         0x0000000000000572        0x8 /usr/lib/gcc/avr/11.2.0/../../../../avr/lib/avr5/crtatmega32u4.o
 *(.init9)
 *(.text)
 .text          0x000000000000057a        0x4 /usr/lib/gcc/avr/11.2.0/../../../../avr/lib/avr5/crtatmega32u4.o
                0x000000000000057a                __vector_38
                0x000000000000057a                __vector_22
                0x000000000000057a                __vector_28
                0x000000000000057a                __vector_1
                0x000000000000057a                __vector_32
                0x000000000000057a                __vector_34
                0x000000000000057a                __vector_24
                0x000000000000057a                __bad_interrupt
                0x000000000000057a                __vector_6
                0x000000000000057a                __vector_31
                0x000000000000057a                __vector_35
                0x000000000000057a                __vector_39
                0x000000000000057a                __vector_3
                0x000000000000057a                __vector_23
                0x000000000000057a                __vector_30
                0x000000000000057a                __vector_25
                0x000000000000057a                __vector_13
                0x000000000000057a                __vector_17
                0x000000000000057a                __vector_19
                0x000000000000057a                __vector_7
                0x000000000000057a                __vector_41
                0x000000000000057a                __vector_27
                0x000000000000057a                __vector_5
                0x000000000000057a                __vector_33
                0x000000000000057a                __vector_37
                0x000000000000057a                __vector_4
                0x000000000000057a                __vector_9
                0x000000000000057a                __vector_2
                0x000000000000057a                __vector_15
                0x000000000000057a                __vector_36
                0x000000000000057a                __vector_29
                0x000000000000057a                __vector_40
                0x000000000000057a                __vector_8
                0x000000000000057a                __vector_26
                0x000000000000057a                __vector_14
                0x000000000000057a                __vector_16
                0x000000000000057a                __vector_18
                0x000000000000057a                __vector_20
                0x000000000000057a                __vector_42
                0x000000000000057e                . = ALIGN (0x2)
 *(.text.*)
 .text.action_get_macro
                0x000000000000057e        0x6 .build/obj_3key_LohseBoi/keyboards/3key/keymaps/LohseBoi/keymap.o
                0x000000000000057e                action_get_macro
 .text.matrix_init_user
                0x0000000000000584        0x2 .build/obj_3key_LohseBoi/keyboards/3key/keymaps/LohseBoi/keymap.o
                0x0000000000000584                matrix_init_user
 .text.matrix_scan_user
                0x0000000000000586        0x2 .build/obj_3key_LohseBoi/keyboards/3key/keymaps/LohseBoi/keymap.o
                0x0000000000000586                matrix_scan_user
 .text.process_record_user
                0x0000000000000588      0x130 .build/obj_3key_LohseBoi/keyboards/3key/keymaps/LohseBoi/keymap.o
                0x0000000000000588                process_record_user
 .text.process_action_kb
                0x00000000000006b8        0x4 .build/obj_3key_LohseBoi/quantum/quantum.o
                0x00000000000006b8                process_action_kb
 .text.process_record_kb
                0x00000000000006bc        0x4 .build/obj_3key_LohseBoi/quantum/quantum.o
                0x00000000000006bc                process_record_kb
 .text.post_process_record_user
                0x00000000000006c0        0x2 .build/obj_3key_LohseBoi/quantum/quantum.o
                0x00000000000006c0                post_process_record_user
 .text.post_process_record_kb
                0x00000000000006c2        0x4 .build/obj_3key_LohseBoi/quantum/quantum.o
                0x00000000000006c2                post_process_record_kb
 .text.get_event_keycode
                0x00000000000006c6       0x66 .build/obj_3key_LohseBoi/quantum/quantum.o
                0x00000000000006c6                get_event_keycode
 .text.get_record_keycode
                0x000000000000072c       0x12 .build/obj_3key_LohseBoi/quantum/quantum.o
                0x000000000000072c                get_record_keycode
 .text.pre_process_record_quantum
                0x000000000000073e        0x4 .build/obj_3key_LohseBoi/quantum/quantum.o
                0x000000000000073e                pre_process_record_quantum
 .text.post_process_record_quantum
                0x0000000000000742       0x1a .build/obj_3key_LohseBoi/quantum/quantum.o
                0x0000000000000742                post_process_record_quantum
 .text.matrix_init_quantum
                0x000000000000075c       0x10 .build/obj_3key_LohseBoi/quantum/quantum.o
                0x000000000000075c                matrix_init_quantum
 .text.matrix_scan_quantum
                0x000000000000076c        0x4 .build/obj_3key_LohseBoi/quantum/quantum.o
                0x000000000000076c                matrix_scan_quantum
 .text.shutdown_user
                0x0000000000000770        0x2 .build/obj_3key_LohseBoi/quantum/quantum.o
                0x0000000000000770                shutdown_user
 .text.reset_keyboard
                0x0000000000000772       0x1e .build/obj_3key_LohseBoi/quantum/quantum.o
                0x0000000000000772                reset_keyboard
 .text.process_record_quantum
                0x0000000000000790       0xbe .build/obj_3key_LohseBoi/quantum/quantum.o
                0x0000000000000790                process_record_quantum
 .text.send_char
                0x000000000000084e       0xcc .build/obj_3key_LohseBoi/quantum/send_string.o
                0x000000000000084e                send_char
 .text.send_string_with_delay
                0x000000000000091a       0xd4 .build/obj_3key_LohseBoi/quantum/send_string.o
                0x000000000000091a                send_string_with_delay
 .text.send_string
                0x00000000000009ee        0x6 .build/obj_3key_LohseBoi/quantum/send_string.o
                0x00000000000009ee                send_string
 .text.led_set_user
                0x00000000000009f4        0x2 .build/obj_3key_LohseBoi/quantum/led.o
                0x00000000000009f4                led_set_user
 .text.led_set_kb
                0x00000000000009f6        0x4 .build/obj_3key_LohseBoi/quantum/led.o
                0x00000000000009f6                led_set_kb
 .text.led_update_user
                0x00000000000009fa        0x4 .build/obj_3key_LohseBoi/quantum/led.o
                0x00000000000009fa                led_update_user
 .text.led_update_kb
                0x00000000000009fe        0x4 .build/obj_3key_LohseBoi/quantum/led.o
                0x00000000000009fe                led_update_kb
 .text.led_init_ports
                0x0000000000000a02        0x2 .build/obj_3key_LohseBoi/quantum/led.o
                0x0000000000000a02                led_init_ports
 .text.led_set  0x0000000000000a04       0x10 .build/obj_3key_LohseBoi/quantum/led.o
                0x0000000000000a04                led_set
 .text.action_exec
                0x0000000000000a14       0x8a .build/obj_3key_LohseBoi/quantum/action.o
                0x0000000000000a14                action_exec
 .text.process_record_tap_hint
                0x0000000000000a9e        0xa .build/obj_3key_LohseBoi/quantum/action.o
                0x0000000000000a9e                process_record_tap_hint
 .text.register_code
                0x0000000000000aa8      0x122 .build/obj_3key_LohseBoi/quantum/action.o
                0x0000000000000aa8                register_code
 .text.unregister_code
                0x0000000000000bca       0xac .build/obj_3key_LohseBoi/quantum/action.o
                0x0000000000000bca                unregister_code
 .text.tap_code_delay
                0x0000000000000c76       0x2e .build/obj_3key_LohseBoi/quantum/action.o
                0x0000000000000c76                tap_code_delay
 .text.tap_code
                0x0000000000000ca4       0x10 .build/obj_3key_LohseBoi/quantum/action.o
                0x0000000000000ca4                tap_code
 .text.register_mods
                0x0000000000000cb4        0xe .build/obj_3key_LohseBoi/quantum/action.o
                0x0000000000000cb4                register_mods
 .text.unregister_mods
                0x0000000000000cc2        0xe .build/obj_3key_LohseBoi/quantum/action.o
                0x0000000000000cc2                unregister_mods
 .text.process_action
                0x0000000000000cd0      0x4ac .build/obj_3key_LohseBoi/quantum/action.o
                0x0000000000000cd0                process_action
 .text.process_record_handler
                0x000000000000117c       0x2e .build/obj_3key_LohseBoi/quantum/action.o
                0x000000000000117c                process_record_handler
 .text.process_record
                0x00000000000011aa       0x50 .build/obj_3key_LohseBoi/quantum/action.o
                0x00000000000011aa                process_record
 .text.clear_keyboard_but_mods_and_keys
                0x00000000000011fa       0x24 .build/obj_3key_LohseBoi/quantum/action.o
                0x00000000000011fa                clear_keyboard_but_mods_and_keys
 .text.clear_keyboard_but_mods
                0x000000000000121e        0x8 .build/obj_3key_LohseBoi/quantum/action.o
                0x000000000000121e                clear_keyboard_but_mods
 .text.clear_keyboard
                0x0000000000001226        0x8 .build/obj_3key_LohseBoi/quantum/action.o
                0x0000000000001226                clear_keyboard
 .text.is_tap_action
                0x000000000000122e       0x52 .build/obj_3key_LohseBoi/quantum/action.o
                0x000000000000122e                is_tap_action
 .text.is_tap_record
                0x0000000000001280        0xe .build/obj_3key_LohseBoi/quantum/action.o
                0x0000000000001280                is_tap_record
 .text.debug_event
                0x000000000000128e       0x1e .build/obj_3key_LohseBoi/quantum/action.o
                0x000000000000128e                debug_event
 .text.debug_record
                0x00000000000012ac       0x20 .build/obj_3key_LohseBoi/quantum/action.o
                0x00000000000012ac                debug_record
 .text.default_layer_state_set_user
                0x00000000000012cc        0x2 .build/obj_3key_LohseBoi/quantum/action_layer.o
                0x00000000000012cc                default_layer_state_set_user
 .text.default_layer_state_set_kb
                0x00000000000012ce        0x4 .build/obj_3key_LohseBoi/quantum/action_layer.o
                0x00000000000012ce                default_layer_state_set_kb
 .text.default_layer_state_set
                0x00000000000012d2       0x18 .build/obj_3key_LohseBoi/quantum/action_layer.o
 .text.default_layer_debug
                0x00000000000012ea        0x2 .build/obj_3key_LohseBoi/quantum/action_layer.o
                0x00000000000012ea                default_layer_debug
 .text.default_layer_set
                0x00000000000012ec        0x4 .build/obj_3key_LohseBoi/quantum/action_layer.o
                0x00000000000012ec                default_layer_set
 .text.default_layer_or
                0x00000000000012f0       0x50 .build/obj_3key_LohseBoi/quantum/action_layer.o
                0x00000000000012f0                default_layer_or
 .text.default_layer_and
                0x0000000000001340       0x50 .build/obj_3key_LohseBoi/quantum/action_layer.o
                0x0000000000001340                default_layer_and
 .text.default_layer_xor
                0x0000000000001390       0x50 .build/obj_3key_LohseBoi/quantum/action_layer.o
                0x0000000000001390                default_layer_xor
 .text.layer_state_set_user
                0x00000000000013e0        0x4 .build/obj_3key_LohseBoi/quantum/action_layer.o
                0x00000000000013e0                layer_state_set_user
 .text.layer_state_set_kb
                0x00000000000013e4        0x4 .build/obj_3key_LohseBoi/quantum/action_layer.o
                0x00000000000013e4                layer_state_set_kb
 .text.layer_state_set
                0x00000000000013e8       0x18 .build/obj_3key_LohseBoi/quantum/action_layer.o
                0x00000000000013e8                layer_state_set
 .text.layer_clear
                0x0000000000001400        0xa .build/obj_3key_LohseBoi/quantum/action_layer.o
                0x0000000000001400                layer_clear
 .text.layer_move
                0x000000000000140a       0x4a .build/obj_3key_LohseBoi/quantum/action_layer.o
                0x000000000000140a                layer_move
 .text.layer_on
                0x0000000000001454       0x62 .build/obj_3key_LohseBoi/quantum/action_layer.o
                0x0000000000001454                layer_on
 .text.layer_off
                0x00000000000014b6       0x6a .build/obj_3key_LohseBoi/quantum/action_layer.o
                0x00000000000014b6                layer_off
 .text.layer_invert
                0x0000000000001520       0x62 .build/obj_3key_LohseBoi/quantum/action_layer.o
                0x0000000000001520                layer_invert
 .text.layer_or
                0x0000000000001582       0x50 .build/obj_3key_LohseBoi/quantum/action_layer.o
                0x0000000000001582                layer_or
 .text.layer_and
                0x00000000000015d2       0x50 .build/obj_3key_LohseBoi/quantum/action_layer.o
                0x00000000000015d2                layer_and
 .text.layer_xor
                0x0000000000001622       0x50 .build/obj_3key_LohseBoi/quantum/action_layer.o
                0x0000000000001622                layer_xor
 .text.layer_debug
                0x0000000000001672        0x2 .build/obj_3key_LohseBoi/quantum/action_layer.o
                0x0000000000001672                layer_debug
 .text.update_source_layers_cache
                0x0000000000001674       0x5a .build/obj_3key_LohseBoi/quantum/action_layer.o
                0x0000000000001674                update_source_layers_cache
 .text.read_source_layers_cache
                0x00000000000016ce       0x50 .build/obj_3key_LohseBoi/quantum/action_layer.o
                0x00000000000016ce                read_source_layers_cache
 .text.layer_switch_get_layer
                0x000000000000171e       0x84 .build/obj_3key_LohseBoi/quantum/action_layer.o
                0x000000000000171e                layer_switch_get_layer
 .text.layer_switch_get_action
                0x00000000000017a2       0x18 .build/obj_3key_LohseBoi/quantum/action_layer.o
                0x00000000000017a2                layer_switch_get_action
 .text.store_or_get_action
                0x00000000000017ba       0x54 .build/obj_3key_LohseBoi/quantum/action_layer.o
                0x00000000000017ba                store_or_get_action
 .text.action_macro_play
                0x000000000000180e       0xfc .build/obj_3key_LohseBoi/quantum/action_macro.o
                0x000000000000180e                action_macro_play
 .text.debug_waiting_buffer
                0x000000000000190a       0x42 .build/obj_3key_LohseBoi/quantum/action_tapping.o
 .text.debug_tapping_key
                0x000000000000194c       0x1c .build/obj_3key_LohseBoi/quantum/action_tapping.o
 .text.waiting_buffer_scan_tap
                0x0000000000001968       0xac .build/obj_3key_LohseBoi/quantum/action_tapping.o
 .text.process_tapping
                0x0000000000001a14      0x31e .build/obj_3key_LohseBoi/quantum/action_tapping.o
 .text.action_tapping_process
                0x0000000000001d32      0x134 .build/obj_3key_LohseBoi/quantum/action_tapping.o
                0x0000000000001d32                action_tapping_process
 .text.add_key  0x0000000000001e66        0xe .build/obj_3key_LohseBoi/quantum/action_util.o
                0x0000000000001e66                add_key
 .text.del_key  0x0000000000001e74        0xe .build/obj_3key_LohseBoi/quantum/action_util.o
                0x0000000000001e74                del_key
 .text.clear_keys
                0x0000000000001e82        0xc .build/obj_3key_LohseBoi/quantum/action_util.o
                0x0000000000001e82                clear_keys
 .text.get_oneshot_layer
                0x0000000000001e8e        0xc .build/obj_3key_LohseBoi/quantum/action_util.o
                0x0000000000001e8e                get_oneshot_layer
 .text.get_oneshot_layer_state
                0x0000000000001e9a        0x8 .build/obj_3key_LohseBoi/quantum/action_util.o
                0x0000000000001e9a                get_oneshot_layer_state
 .text.is_oneshot_layer_active
                0x0000000000001ea2        0xe .build/obj_3key_LohseBoi/quantum/action_util.o
                0x0000000000001ea2                is_oneshot_layer_active
 .text.oneshot_set
                0x0000000000001eb0       0x24 .build/obj_3key_LohseBoi/quantum/action_util.o
                0x0000000000001eb0                oneshot_set
 .text.oneshot_toggle
                0x0000000000001ed4       0x12 .build/obj_3key_LohseBoi/quantum/action_util.o
                0x0000000000001ed4                oneshot_toggle
 .text.oneshot_enable
                0x0000000000001ee6        0x6 .build/obj_3key_LohseBoi/quantum/action_util.o
                0x0000000000001ee6                oneshot_enable
 .text.oneshot_disable
                0x0000000000001eec        0x6 .build/obj_3key_LohseBoi/quantum/action_util.o
                0x0000000000001eec                oneshot_disable
 .text.get_mods
                0x0000000000001ef2        0x6 .build/obj_3key_LohseBoi/quantum/action_util.o
                0x0000000000001ef2                get_mods
 .text.add_mods
                0x0000000000001ef8        0xc .build/obj_3key_LohseBoi/quantum/action_util.o
                0x0000000000001ef8                add_mods
 .text.del_mods
                0x0000000000001f04       0x10 .build/obj_3key_LohseBoi/quantum/action_util.o
                0x0000000000001f04                del_mods
 .text.clear_mods
                0x0000000000001f14        0x6 .build/obj_3key_LohseBoi/quantum/action_util.o
                0x0000000000001f14                clear_mods
 .text.add_weak_mods
                0x0000000000001f1a        0xc .build/obj_3key_LohseBoi/quantum/action_util.o
                0x0000000000001f1a                add_weak_mods
 .text.del_weak_mods
                0x0000000000001f26       0x10 .build/obj_3key_LohseBoi/quantum/action_util.o
                0x0000000000001f26                del_weak_mods
 .text.clear_weak_mods
                0x0000000000001f36        0x6 .build/obj_3key_LohseBoi/quantum/action_util.o
                0x0000000000001f36                clear_weak_mods
 .text.add_macro_mods
                0x0000000000001f3c        0xc .build/obj_3key_LohseBoi/quantum/action_util.o
                0x0000000000001f3c                add_macro_mods
 .text.del_macro_mods
                0x0000000000001f48       0x10 .build/obj_3key_LohseBoi/quantum/action_util.o
                0x0000000000001f48                del_macro_mods
 .text.clear_macro_mods
                0x0000000000001f58        0x6 .build/obj_3key_LohseBoi/quantum/action_util.o
                0x0000000000001f58                clear_macro_mods
 .text.get_oneshot_mods
                0x0000000000001f5e        0x6 .build/obj_3key_LohseBoi/quantum/action_util.o
                0x0000000000001f5e                get_oneshot_mods
 .text.oneshot_mods_changed_user
                0x0000000000001f64        0x2 .build/obj_3key_LohseBoi/quantum/action_util.o
                0x0000000000001f64                oneshot_mods_changed_user
 .text.oneshot_mods_changed_kb
                0x0000000000001f66        0x4 .build/obj_3key_LohseBoi/quantum/action_util.o
                0x0000000000001f66                oneshot_mods_changed_kb
 .text.set_oneshot_mods
                0x0000000000001f6a       0x1a .build/obj_3key_LohseBoi/quantum/action_util.o
                0x0000000000001f6a                set_oneshot_mods
 .text.clear_oneshot_mods
                0x0000000000001f84       0x14 .build/obj_3key_LohseBoi/quantum/action_util.o
                0x0000000000001f84                clear_oneshot_mods
 .text.send_keyboard_report
                0x0000000000001f98       0x66 .build/obj_3key_LohseBoi/quantum/action_util.o
                0x0000000000001f98                send_keyboard_report
 .text.oneshot_layer_changed_user
                0x0000000000001ffe        0x2 .build/obj_3key_LohseBoi/quantum/action_util.o
                0x0000000000001ffe                oneshot_layer_changed_user
 .text.oneshot_layer_changed_kb
                0x0000000000002000        0x4 .build/obj_3key_LohseBoi/quantum/action_util.o
                0x0000000000002000                oneshot_layer_changed_kb
 .text.set_oneshot_layer
                0x0000000000002004       0x2c .build/obj_3key_LohseBoi/quantum/action_util.o
                0x0000000000002004                set_oneshot_layer
 .text.reset_oneshot_layer
                0x0000000000002030        0xa .build/obj_3key_LohseBoi/quantum/action_util.o
                0x0000000000002030                reset_oneshot_layer
 .text.clear_oneshot_layer_state
                0x000000000000203a       0x38 .build/obj_3key_LohseBoi/quantum/action_util.o
                0x000000000000203a                clear_oneshot_layer_state
 .text.eeconfig_disable
                0x0000000000002072        0xc .build/obj_3key_LohseBoi/quantum/eeconfig.o
                0x0000000000002072                eeconfig_disable
 .text.eeconfig_is_enabled
                0x000000000000207e       0x16 .build/obj_3key_LohseBoi/quantum/eeconfig.o
                0x000000000000207e                eeconfig_is_enabled
 .text.eeconfig_read_debug
                0x0000000000002094        0x8 .build/obj_3key_LohseBoi/quantum/eeconfig.o
                0x0000000000002094                eeconfig_read_debug
 .text.eeconfig_read_default_layer
                0x000000000000209c        0x8 .build/obj_3key_LohseBoi/quantum/eeconfig.o
                0x000000000000209c                eeconfig_read_default_layer
 .text.eeconfig_read_keymap
                0x00000000000020a4       0x1c .build/obj_3key_LohseBoi/quantum/eeconfig.o
                0x00000000000020a4                eeconfig_read_keymap
 .text.eeconfig_update_keymap
                0x00000000000020c0       0x1a .build/obj_3key_LohseBoi/quantum/eeconfig.o
                0x00000000000020c0                eeconfig_update_keymap
 .text.eeconfig_update_kb
                0x00000000000020da        0xc .build/obj_3key_LohseBoi/quantum/eeconfig.o
                0x00000000000020da                eeconfig_update_kb
 .text.eeconfig_update_user
                0x00000000000020e6        0xc .build/obj_3key_LohseBoi/quantum/eeconfig.o
                0x00000000000020e6                eeconfig_update_user
 .text.eeconfig_init_user
                0x00000000000020f2        0xa .build/obj_3key_LohseBoi/quantum/eeconfig.o
                0x00000000000020f2                eeconfig_init_user
 .text.eeconfig_init_kb
                0x00000000000020fc        0xe .build/obj_3key_LohseBoi/quantum/eeconfig.o
                0x00000000000020fc                eeconfig_init_kb
 .text.eeconfig_init_quantum
                0x000000000000210a       0xbe .build/obj_3key_LohseBoi/quantum/eeconfig.o
                0x000000000000210a                eeconfig_init_quantum
 .text.eeconfig_init
                0x00000000000021c8        0x4 .build/obj_3key_LohseBoi/quantum/eeconfig.o
                0x00000000000021c8                eeconfig_init
 .text.eeconfig_update_handedness
                0x00000000000021cc        0xa .build/obj_3key_LohseBoi/quantum/eeconfig.o
                0x00000000000021cc                eeconfig_update_handedness
 .text.last_matrix_activity_trigger
                0x00000000000021d6       0x26 .build/obj_3key_LohseBoi/quantum/keyboard.o
                0x00000000000021d6                last_matrix_activity_trigger
 .text.disable_jtag
                0x00000000000021fc        0xe .build/obj_3key_LohseBoi/quantum/keyboard.o
                0x00000000000021fc                disable_jtag
 .text.keyboard_pre_init_user
                0x000000000000220a        0x2 .build/obj_3key_LohseBoi/quantum/keyboard.o
                0x000000000000220a                keyboard_pre_init_user
 .text.matrix_setup
                0x000000000000220c        0x2 .build/obj_3key_LohseBoi/quantum/keyboard.o
                0x000000000000220c                matrix_setup
 .text.keyboard_pre_init_kb
                0x000000000000220e        0x4 .build/obj_3key_LohseBoi/quantum/keyboard.o
                0x000000000000220e                keyboard_pre_init_kb
 .text.keyboard_post_init_user
                0x0000000000002212        0x2 .build/obj_3key_LohseBoi/quantum/keyboard.o
                0x0000000000002212                keyboard_post_init_user
 .text.keyboard_post_init_kb
                0x0000000000002214        0x4 .build/obj_3key_LohseBoi/quantum/keyboard.o
                0x0000000000002214                keyboard_post_init_kb
 .text.keyboard_setup
                0x0000000000002218       0x14 .build/obj_3key_LohseBoi/quantum/keyboard.o
                0x0000000000002218                keyboard_setup
 .text.is_keyboard_master
                0x000000000000222c        0x4 .build/obj_3key_LohseBoi/quantum/keyboard.o
                0x000000000000222c                is_keyboard_master
 .text.should_process_keypress
                0x0000000000002230        0x4 .build/obj_3key_LohseBoi/quantum/keyboard.o
                0x0000000000002230                should_process_keypress
 .text.housekeeping_task_kb
                0x0000000000002234        0x2 .build/obj_3key_LohseBoi/quantum/keyboard.o
                0x0000000000002234                housekeeping_task_kb
 .text.housekeeping_task_user
                0x0000000000002236        0x2 .build/obj_3key_LohseBoi/quantum/keyboard.o
                0x0000000000002236                housekeeping_task_user
 .text.housekeeping_task
                0x0000000000002238        0x8 .build/obj_3key_LohseBoi/quantum/keyboard.o
                0x0000000000002238                housekeeping_task
 .text.keyboard_init
                0x0000000000002240       0x14 .build/obj_3key_LohseBoi/quantum/keyboard.o
                0x0000000000002240                keyboard_init
 .text.keyboard_task
                0x0000000000002254      0x108 .build/obj_3key_LohseBoi/quantum/keyboard.o
                0x0000000000002254                keyboard_task
 .text.action_function
                0x000000000000235c        0x2 .build/obj_3key_LohseBoi/quantum/keymap_common.o
                0x000000000000235c                action_function
 .text.keymap_key_to_keycode
                0x000000000000235e       0x26 .build/obj_3key_LohseBoi/quantum/keymap_common.o
                0x000000000000235e                keymap_key_to_keycode
 .text.keymap_function_id_to_action
                0x0000000000002384       0x10 .build/obj_3key_LohseBoi/quantum/keymap_common.o
                0x0000000000002384                keymap_function_id_to_action
 .text.action_for_keycode
                0x0000000000002394      0x224 .build/obj_3key_LohseBoi/quantum/keymap_common.o
                0x0000000000002394                action_for_keycode
 .text.action_for_key
                0x00000000000025b8        0x8 .build/obj_3key_LohseBoi/quantum/keymap_common.o
                0x00000000000025b8                action_for_key
 .text.keycode_config
                0x00000000000025c0      0x130 .build/obj_3key_LohseBoi/quantum/keycode_config.o
                0x00000000000025c0                keycode_config
 .text.mod_config
                0x00000000000026f0       0x86 .build/obj_3key_LohseBoi/quantum/keycode_config.o
                0x00000000000026f0                mod_config
 .text.sendchar
                0x0000000000002776        0x4 .build/obj_3key_LohseBoi/quantum/logging/sendchar.o
                0x0000000000002776                sendchar
 .text.bootmagic_lite_reset_eeprom
                0x000000000000277a        0x4 .build/obj_3key_LohseBoi/quantum/bootmagic/bootmagic_lite.o
                0x000000000000277a                bootmagic_lite_reset_eeprom
 .text.bootmagic_lite
                0x000000000000277e       0x2e .build/obj_3key_LohseBoi/quantum/bootmagic/bootmagic_lite.o
                0x000000000000277e                bootmagic_lite
 .text.bootmagic
                0x00000000000027ac        0x4 .build/obj_3key_LohseBoi/quantum/bootmagic/bootmagic_lite.o
                0x00000000000027ac                bootmagic
 .text.magic    0x00000000000027b0       0x70 .build/obj_3key_LohseBoi/quantum/bootmagic/magic.o
                0x00000000000027b0                magic
 .text.matrix_init_kb
                0x0000000000002820        0x4 .build/obj_3key_LohseBoi/quantum/matrix_common.o
                0x0000000000002820                matrix_init_kb
 .text.matrix_scan_kb
                0x0000000000002824        0x4 .build/obj_3key_LohseBoi/quantum/matrix_common.o
                0x0000000000002824                matrix_scan_kb
 .text.matrix_get_row
                0x0000000000002828        0xc .build/obj_3key_LohseBoi/quantum/matrix_common.o
                0x0000000000002828                matrix_get_row
 .text.matrix_print
                0x0000000000002834        0x2 .build/obj_3key_LohseBoi/quantum/matrix_common.o
                0x0000000000002834                matrix_print
 .text.matrix_io_delay
                0x0000000000002836        0x8 .build/obj_3key_LohseBoi/quantum/matrix_common.o
                0x0000000000002836                matrix_io_delay
 .text.matrix_output_select_delay
                0x000000000000283e        0x4 .build/obj_3key_LohseBoi/quantum/matrix_common.o
                0x000000000000283e                matrix_output_select_delay
 .text.matrix_output_unselect_delay
                0x0000000000002842        0x4 .build/obj_3key_LohseBoi/quantum/matrix_common.o
                0x0000000000002842                matrix_output_unselect_delay
 .text.setPinInputHigh_atomic
                0x0000000000002846       0x32 .build/obj_3key_LohseBoi/quantum/matrix.o
 .text.matrix_init_pins
                0x0000000000002878       0x18 .build/obj_3key_LohseBoi/quantum/matrix.o
                0x0000000000002878                matrix_init_pins
 .text.matrix_read_rows_on_col
                0x0000000000002890       0xa6 .build/obj_3key_LohseBoi/quantum/matrix.o
                0x0000000000002890                matrix_read_rows_on_col
 .text.matrix_init
                0x0000000000002936       0x16 .build/obj_3key_LohseBoi/quantum/matrix.o
                0x0000000000002936                matrix_init
 .text.matrix_scan
                0x000000000000294c       0x60 .build/obj_3key_LohseBoi/quantum/matrix.o
                0x000000000000294c                matrix_scan
 .text.debounce_init
                0x00000000000029ac        0x2 .build/obj_3key_LohseBoi/quantum/debounce/sym_defer_g.o
                0x00000000000029ac                debounce_init
 .text.debounce
                0x00000000000029ae       0x6c .build/obj_3key_LohseBoi/quantum/debounce/sym_defer_g.o
                0x00000000000029ae                debounce
 .text.startup.main
                0x0000000000002a1a       0x16 .build/obj_3key_LohseBoi/quantum/main.o
                0x0000000000002a1a                main
 .text.move_unit
                0x0000000000002a30       0x94 .build/obj_3key_LohseBoi/quantum/mousekey.o
 .text.wheel_unit
                0x0000000000002ac4       0x72 .build/obj_3key_LohseBoi/quantum/mousekey.o
 .text.mousekey_on
                0x0000000000002b36       0x92 .build/obj_3key_LohseBoi/quantum/mousekey.o
                0x0000000000002b36                mousekey_on
 .text.mousekey_off
                0x0000000000002bc8       0xf2 .build/obj_3key_LohseBoi/quantum/mousekey.o
                0x0000000000002bc8                mousekey_off
 .text.mousekey_send
                0x0000000000002cba       0x34 .build/obj_3key_LohseBoi/quantum/mousekey.o
                0x0000000000002cba                mousekey_send
 .text.mousekey_task
                0x0000000000002cee      0x222 .build/obj_3key_LohseBoi/quantum/mousekey.o
                0x0000000000002cee                mousekey_task
 .text.mousekey_clear
                0x0000000000002f10       0x1c .build/obj_3key_LohseBoi/quantum/mousekey.o
                0x0000000000002f10                mousekey_clear
 .text.hsv_to_rgb_impl
                0x0000000000002f2c      0x146 .build/obj_3key_LohseBoi/quantum/color.o
                0x0000000000002f2c                hsv_to_rgb_impl
 .text.hsv_to_rgb
                0x0000000000003072        0x6 .build/obj_3key_LohseBoi/quantum/color.o
                0x0000000000003072                hsv_to_rgb
 .text.rgblight_effect_dummy
                0x0000000000003078        0x2 .build/obj_3key_LohseBoi/quantum/rgblight/rgblight.o
 .text.rgblight_hsv_to_rgb
                0x000000000000307a        0x4 .build/obj_3key_LohseBoi/quantum/rgblight/rgblight.o
                0x000000000000307a                rgblight_hsv_to_rgb
 .text.sethsv_raw
                0x000000000000307e       0x1e .build/obj_3key_LohseBoi/quantum/rgblight/rgblight.o
                0x000000000000307e                sethsv_raw
 .text.rgblight_check_config
                0x000000000000309c       0x1e .build/obj_3key_LohseBoi/quantum/rgblight/rgblight.o
                0x000000000000309c                rgblight_check_config
 .text.eeconfig_read_rgblight
                0x00000000000030ba        0x8 .build/obj_3key_LohseBoi/quantum/rgblight/rgblight.o
                0x00000000000030ba                eeconfig_read_rgblight
 .text.eeconfig_update_rgblight
                0x00000000000030c2       0x28 .build/obj_3key_LohseBoi/quantum/rgblight/rgblight.o
                0x00000000000030c2                eeconfig_update_rgblight
 .text.eeconfig_update_rgblight_default
                0x00000000000030ea       0x20 .build/obj_3key_LohseBoi/quantum/rgblight/rgblight.o
                0x00000000000030ea                eeconfig_update_rgblight_default
 .text.rgblight_get_mode
                0x000000000000310a       0x10 .build/obj_3key_LohseBoi/quantum/rgblight/rgblight.o
                0x000000000000310a                rgblight_get_mode
 .text.rgblight_increase_speed_helper
                0x000000000000311a       0x58 .build/obj_3key_LohseBoi/quantum/rgblight/rgblight.o
                0x000000000000311a                rgblight_increase_speed_helper
 .text.rgblight_increase_speed
                0x0000000000003172        0x6 .build/obj_3key_LohseBoi/quantum/rgblight/rgblight.o
                0x0000000000003172                rgblight_increase_speed
 .text.rgblight_decrease_speed_helper
                0x0000000000003178       0x58 .build/obj_3key_LohseBoi/quantum/rgblight/rgblight.o
                0x0000000000003178                rgblight_decrease_speed_helper
 .text.rgblight_decrease_speed
                0x00000000000031d0        0x6 .build/obj_3key_LohseBoi/quantum/rgblight/rgblight.o
                0x00000000000031d0                rgblight_decrease_speed
 .text.rgblight_get_layer_state
                0x00000000000031d6       0x1a .build/obj_3key_LohseBoi/quantum/rgblight/rgblight.o
                0x00000000000031d6                rgblight_get_layer_state
 .text.rgblight_call_driver
                0x00000000000031f0        0x6 .build/obj_3key_LohseBoi/quantum/rgblight/rgblight.o
                0x00000000000031f0                rgblight_call_driver
 .text.rgblight_set
                0x00000000000031f6      0x130 .build/obj_3key_LohseBoi/quantum/rgblight/rgblight.o
                0x00000000000031f6                rgblight_set
 .text.rgblight_setrgb
                0x0000000000003326       0x32 .build/obj_3key_LohseBoi/quantum/rgblight/rgblight.o
                0x0000000000003326                rgblight_setrgb
 .text.rgblight_sethsv_noeeprom_old
                0x0000000000003358       0x3e .build/obj_3key_LohseBoi/quantum/rgblight/rgblight.o
                0x0000000000003358                rgblight_sethsv_noeeprom_old
 .text.rgblight_effect_breathing
                0x0000000000003396       0x28 .build/obj_3key_LohseBoi/quantum/rgblight/rgblight.o
                0x0000000000003396                rgblight_effect_breathing
 .text.rgblight_effect_rainbow_mood
                0x00000000000033be       0x20 .build/obj_3key_LohseBoi/quantum/rgblight/rgblight.o
                0x00000000000033be                rgblight_effect_rainbow_mood
 .text.rgblight_effect_rgbtest
                0x00000000000033de       0x80 .build/obj_3key_LohseBoi/quantum/rgblight/rgblight.o
                0x00000000000033de                rgblight_effect_rgbtest
 .text.rgblight_sethsv_eeprom_helper
                0x000000000000345e      0x158 .build/obj_3key_LohseBoi/quantum/rgblight/rgblight.o
                0x000000000000345e                rgblight_sethsv_eeprom_helper
 .text.rgblight_increase_hue_helper
                0x00000000000035b6       0x12 .build/obj_3key_LohseBoi/quantum/rgblight/rgblight.o
                0x00000000000035b6                rgblight_increase_hue_helper
 .text.rgblight_increase_hue
                0x00000000000035c8        0x6 .build/obj_3key_LohseBoi/quantum/rgblight/rgblight.o
                0x00000000000035c8                rgblight_increase_hue
 .text.rgblight_decrease_hue_helper
                0x00000000000035ce       0x12 .build/obj_3key_LohseBoi/quantum/rgblight/rgblight.o
                0x00000000000035ce                rgblight_decrease_hue_helper
 .text.rgblight_decrease_hue
                0x00000000000035e0        0x6 .build/obj_3key_LohseBoi/quantum/rgblight/rgblight.o
                0x00000000000035e0                rgblight_decrease_hue
 .text.rgblight_increase_sat_helper
                0x00000000000035e6       0x18 .build/obj_3key_LohseBoi/quantum/rgblight/rgblight.o
                0x00000000000035e6                rgblight_increase_sat_helper
 .text.rgblight_increase_sat
                0x00000000000035fe        0x6 .build/obj_3key_LohseBoi/quantum/rgblight/rgblight.o
                0x00000000000035fe                rgblight_increase_sat
 .text.rgblight_decrease_sat_helper
                0x0000000000003604       0x18 .build/obj_3key_LohseBoi/quantum/rgblight/rgblight.o
                0x0000000000003604                rgblight_decrease_sat_helper
 .text.rgblight_decrease_sat
                0x000000000000361c        0x6 .build/obj_3key_LohseBoi/quantum/rgblight/rgblight.o
                0x000000000000361c                rgblight_decrease_sat
 .text.rgblight_increase_val_helper
                0x0000000000003622       0x18 .build/obj_3key_LohseBoi/quantum/rgblight/rgblight.o
                0x0000000000003622                rgblight_increase_val_helper
 .text.rgblight_increase_val
                0x000000000000363a        0x6 .build/obj_3key_LohseBoi/quantum/rgblight/rgblight.o
                0x000000000000363a                rgblight_increase_val
 .text.rgblight_decrease_val_helper
                0x0000000000003640       0x18 .build/obj_3key_LohseBoi/quantum/rgblight/rgblight.o
                0x0000000000003640                rgblight_decrease_val_helper
 .text.rgblight_decrease_val
                0x0000000000003658        0x6 .build/obj_3key_LohseBoi/quantum/rgblight/rgblight.o
                0x0000000000003658                rgblight_decrease_val
 .text.rgblight_sethsv
                0x000000000000365e        0x6 .build/obj_3key_LohseBoi/quantum/rgblight/rgblight.o
                0x000000000000365e                rgblight_sethsv
 .text.rgblight_sethsv_noeeprom
                0x0000000000003664        0x6 .build/obj_3key_LohseBoi/quantum/rgblight/rgblight.o
                0x0000000000003664                rgblight_sethsv_noeeprom
 .text.rgblight_effect_rainbow_swirl
                0x000000000000366a       0x76 .build/obj_3key_LohseBoi/quantum/rgblight/rgblight.o
                0x000000000000366a                rgblight_effect_rainbow_swirl
 .text.rgblight_effect_snake
                0x00000000000036e0       0xe6 .build/obj_3key_LohseBoi/quantum/rgblight/rgblight.o
                0x00000000000036e0                rgblight_effect_snake
 .text.rgblight_effect_knight
                0x00000000000037c6       0xde .build/obj_3key_LohseBoi/quantum/rgblight/rgblight.o
                0x00000000000037c6                rgblight_effect_knight
 .text.rgblight_effect_christmas
                0x00000000000038a4      0x14c .build/obj_3key_LohseBoi/quantum/rgblight/rgblight.o
                0x00000000000038a4                rgblight_effect_christmas
 .text.rgblight_effect_alternating
                0x00000000000039f0       0x7a .build/obj_3key_LohseBoi/quantum/rgblight/rgblight.o
                0x00000000000039f0                rgblight_effect_alternating
 .text.rgblight_disable
                0x0000000000003a6a       0x54 .build/obj_3key_LohseBoi/quantum/rgblight/rgblight.o
                0x0000000000003a6a                rgblight_disable
 .text.rgblight_timer_enable
                0x0000000000003abe       0x2c .build/obj_3key_LohseBoi/quantum/rgblight/rgblight.o
                0x0000000000003abe                rgblight_timer_enable
 .text.rgblight_mode_eeprom_helper
                0x0000000000003aea       0xaa .build/obj_3key_LohseBoi/quantum/rgblight/rgblight.o
                0x0000000000003aea                rgblight_mode_eeprom_helper
 .text.rgblight_step_helper
                0x0000000000003b94       0x14 .build/obj_3key_LohseBoi/quantum/rgblight/rgblight.o
                0x0000000000003b94                rgblight_step_helper
 .text.rgblight_step
                0x0000000000003ba8        0x6 .build/obj_3key_LohseBoi/quantum/rgblight/rgblight.o
                0x0000000000003ba8                rgblight_step
 .text.rgblight_step_reverse_helper
                0x0000000000003bae       0x16 .build/obj_3key_LohseBoi/quantum/rgblight/rgblight.o
                0x0000000000003bae                rgblight_step_reverse_helper
 .text.rgblight_step_reverse
                0x0000000000003bc4        0x6 .build/obj_3key_LohseBoi/quantum/rgblight/rgblight.o
                0x0000000000003bc4                rgblight_step_reverse
 .text.rgblight_mode
                0x0000000000003bca        0x6 .build/obj_3key_LohseBoi/quantum/rgblight/rgblight.o
                0x0000000000003bca                rgblight_mode
 .text.rgblight_enable
                0x0000000000003bd0       0x10 .build/obj_3key_LohseBoi/quantum/rgblight/rgblight.o
                0x0000000000003bd0                rgblight_enable
 .text.rgblight_toggle
                0x0000000000003be0        0xe .build/obj_3key_LohseBoi/quantum/rgblight/rgblight.o
                0x0000000000003be0                rgblight_toggle
 .text.rgblight_mode_noeeprom
                0x0000000000003bee        0x6 .build/obj_3key_LohseBoi/quantum/rgblight/rgblight.o
                0x0000000000003bee                rgblight_mode_noeeprom
 .text.rgblight_init
                0x0000000000003bf4       0x66 .build/obj_3key_LohseBoi/quantum/rgblight/rgblight.o
                0x0000000000003bf4                rgblight_init
 .text.rgblight_task
                0x0000000000003c5a      0x130 .build/obj_3key_LohseBoi/quantum/rgblight/rgblight.o
                0x0000000000003c5a                rgblight_task
 .text.handleKeycodeRGB
                0x0000000000003d8a        0xa .build/obj_3key_LohseBoi/quantum/process_keycode/process_rgb.o
 .text.handleKeycodeRGBMode
                0x0000000000003d94       0x2a .build/obj_3key_LohseBoi/quantum/process_keycode/process_rgb.o
 .text.process_rgb
                0x0000000000003dbe       0xfa .build/obj_3key_LohseBoi/quantum/process_keycode/process_rgb.o
                0x0000000000003dbe                process_rgb
 .text.eeconfig_read_backlight
                0x0000000000003eb8        0x8 .build/obj_3key_LohseBoi/quantum/backlight/backlight.o
                0x0000000000003eb8                eeconfig_read_backlight
 .text.eeconfig_update_backlight
                0x0000000000003ec0        0xa .build/obj_3key_LohseBoi/quantum/backlight/backlight.o
                0x0000000000003ec0                eeconfig_update_backlight
 .text.eeconfig_update_backlight_default
                0x0000000000003eca       0x10 .build/obj_3key_LohseBoi/quantum/backlight/backlight.o
                0x0000000000003eca                eeconfig_update_backlight_default
 .text.backlight_init
                0x0000000000003eda       0x3c .build/obj_3key_LohseBoi/quantum/backlight/backlight.o
                0x0000000000003eda                backlight_init
 .text.backlight_increase
                0x0000000000003f16       0x3c .build/obj_3key_LohseBoi/quantum/backlight/backlight.o
                0x0000000000003f16                backlight_increase
 .text.backlight_decrease
                0x0000000000003f52       0x36 .build/obj_3key_LohseBoi/quantum/backlight/backlight.o
                0x0000000000003f52                backlight_decrease
 .text.backlight_enable
                0x0000000000003f88       0x30 .build/obj_3key_LohseBoi/quantum/backlight/backlight.o
                0x0000000000003f88                backlight_enable
 .text.backlight_disable
                0x0000000000003fb8       0x1a .build/obj_3key_LohseBoi/quantum/backlight/backlight.o
                0x0000000000003fb8                backlight_disable
 .text.backlight_toggle
                0x0000000000003fd2        0xe .build/obj_3key_LohseBoi/quantum/backlight/backlight.o
                0x0000000000003fd2                backlight_toggle
 .text.backlight_step
                0x0000000000003fe0       0x4c .build/obj_3key_LohseBoi/quantum/backlight/backlight.o
                0x0000000000003fe0                backlight_step
 .text.backlight_level_noeeprom
                0x000000000000402c       0x32 .build/obj_3key_LohseBoi/quantum/backlight/backlight.o
                0x000000000000402c                backlight_level_noeeprom
 .text.backlight_level
                0x000000000000405e        0xc .build/obj_3key_LohseBoi/quantum/backlight/backlight.o
                0x000000000000405e                backlight_level
 .text.process_backlight
                0x000000000000406a       0x66 .build/obj_3key_LohseBoi/quantum/process_keycode/process_backlight.o
                0x000000000000406a                process_backlight
 .text.backlight_pins_init
                0x00000000000040d0        0x6 .build/obj_3key_LohseBoi/quantum/backlight/backlight_driver_common.o
                0x00000000000040d0                backlight_pins_init
 .text.backlight_pins_off
                0x00000000000040d6        0x4 .build/obj_3key_LohseBoi/quantum/backlight/backlight_driver_common.o
                0x00000000000040d6                backlight_pins_off
 .text.backlight_set
                0x00000000000040da       0xda .build/obj_3key_LohseBoi/quantum/backlight/backlight_avr.o
                0x00000000000040da                backlight_set
 .text.backlight_task
                0x00000000000041b4        0x2 .build/obj_3key_LohseBoi/quantum/backlight/backlight_avr.o
                0x00000000000041b4                backlight_task
 .text.backlight_init_ports
                0x00000000000041b6       0x20 .build/obj_3key_LohseBoi/quantum/backlight/backlight_avr.o
                0x00000000000041b6                backlight_init_ports
 .text.ws2812_setleds
                0x00000000000041d6       0x5c .build/obj_3key_LohseBoi/ws2812.o
                0x00000000000041d6                ws2812_setleds
 .text.perform_space_cadet
                0x0000000000004232       0xd8 .build/obj_3key_LohseBoi/quantum/process_keycode/process_space_cadet.o
                0x0000000000004232                perform_space_cadet
 .text.process_space_cadet
                0x000000000000430a       0xaa .build/obj_3key_LohseBoi/quantum/process_keycode/process_space_cadet.o
                0x000000000000430a                process_space_cadet
 .text.process_magic
                0x00000000000043b4      0x1d2 .build/obj_3key_LohseBoi/quantum/process_keycode/process_magic.o
                0x00000000000043b4                process_magic
 .text.process_grave_esc
                0x0000000000004586       0x54 .build/obj_3key_LohseBoi/quantum/process_keycode/process_grave_esc.o
                0x0000000000004586                process_grave_esc
 .text.host_set_driver
                0x00000000000045da        0xa .build/obj_3key_LohseBoi/common/host.o
                0x00000000000045da                host_set_driver
 .text.host_keyboard_leds
                0x00000000000045e4       0x18 .build/obj_3key_LohseBoi/common/host.o
                0x00000000000045e4                host_keyboard_leds
 .text.host_keyboard_send
                0x00000000000045fc       0x36 .build/obj_3key_LohseBoi/common/host.o
                0x00000000000045fc                host_keyboard_send
 .text.host_mouse_send
                0x0000000000004632       0x1e .build/obj_3key_LohseBoi/common/host.o
                0x0000000000004632                host_mouse_send
 .text.host_system_send
                0x0000000000004650       0x2c .build/obj_3key_LohseBoi/common/host.o
                0x0000000000004650                host_system_send
 .text.host_consumer_send
                0x000000000000467c       0x2c .build/obj_3key_LohseBoi/common/host.o
                0x000000000000467c                host_consumer_send
 .text.has_anykey
                0x00000000000046a8       0x28 .build/obj_3key_LohseBoi/common/report.o
                0x00000000000046a8                has_anykey
 .text.is_key_pressed
                0x00000000000046d0       0x64 .build/obj_3key_LohseBoi/common/report.o
                0x00000000000046d0                is_key_pressed
 .text.add_key_byte
                0x0000000000004734       0x34 .build/obj_3key_LohseBoi/common/report.o
                0x0000000000004734                add_key_byte
 .text.del_key_byte
                0x0000000000004768       0x1e .build/obj_3key_LohseBoi/common/report.o
                0x0000000000004768                del_key_byte
 .text.add_key_bit
                0x0000000000004786       0x28 .build/obj_3key_LohseBoi/common/report.o
                0x0000000000004786                add_key_bit
 .text.del_key_bit
                0x00000000000047ae       0x2a .build/obj_3key_LohseBoi/common/report.o
                0x00000000000047ae                del_key_bit
 .text.add_key_to_report
                0x00000000000047d8       0x16 .build/obj_3key_LohseBoi/common/report.o
                0x00000000000047d8                add_key_to_report
 .text.del_key_from_report
                0x00000000000047ee       0x16 .build/obj_3key_LohseBoi/common/report.o
                0x00000000000047ee                del_key_from_report
 .text.clear_keys_from_report
                0x0000000000004804       0x24 .build/obj_3key_LohseBoi/common/report.o
                0x0000000000004804                clear_keys_from_report
 .text.platform_setup
                0x0000000000004828        0x2 .build/obj_3key_LohseBoi/common/avr/platform.o
                0x0000000000004828                platform_setup
 .text.matrix_power_up
                0x000000000000482a        0x2 .build/obj_3key_LohseBoi/common/avr/suspend.o
                0x000000000000482a                matrix_power_up
 .text.suspend_power_down_user
                0x000000000000482c        0x2 .build/obj_3key_LohseBoi/common/avr/suspend.o
                0x000000000000482c                suspend_power_down_user
 .text.suspend_power_down_kb
                0x000000000000482e        0x4 .build/obj_3key_LohseBoi/common/avr/suspend.o
                0x000000000000482e                suspend_power_down_kb
 .text.suspend_power_down
                0x0000000000004832       0x62 .build/obj_3key_LohseBoi/common/avr/suspend.o
                0x0000000000004832                suspend_power_down
 .text.matrix_power_down
                0x0000000000004894        0x2 .build/obj_3key_LohseBoi/common/avr/suspend.o
                0x0000000000004894                matrix_power_down
 .text.suspend_wakeup_condition
                0x0000000000004896       0x1e .build/obj_3key_LohseBoi/common/avr/suspend.o
                0x0000000000004896                suspend_wakeup_condition
 .text.suspend_wakeup_init_user
                0x00000000000048b4        0x2 .build/obj_3key_LohseBoi/common/avr/suspend.o
                0x00000000000048b4                suspend_wakeup_init_user
 .text.suspend_wakeup_init_kb
                0x00000000000048b6        0x4 .build/obj_3key_LohseBoi/common/avr/suspend.o
                0x00000000000048b6                suspend_wakeup_init_kb
 .text.suspend_wakeup_init
                0x00000000000048ba       0x14 .build/obj_3key_LohseBoi/common/avr/suspend.o
                0x00000000000048ba                suspend_wakeup_init
 .text.__vector_12
                0x00000000000048ce       0x4e .build/obj_3key_LohseBoi/common/avr/suspend.o
                0x00000000000048ce                __vector_12
 .text.timer_init
                0x000000000000491c       0x12 .build/obj_3key_LohseBoi/common/avr/timer.o
                0x000000000000491c                timer_init
 .text.timer_read
                0x000000000000492e       0x18 .build/obj_3key_LohseBoi/common/avr/timer.o
                0x000000000000492e                timer_read
 .text.timer_read32
                0x0000000000004946       0x40 .build/obj_3key_LohseBoi/common/avr/timer.o
                0x0000000000004946                timer_read32
 .text.timer_elapsed
                0x0000000000004986       0x1e .build/obj_3key_LohseBoi/common/avr/timer.o
                0x0000000000004986                timer_elapsed
 .text.__vector_21
                0x00000000000049a4       0x48 .build/obj_3key_LohseBoi/common/avr/timer.o
                0x00000000000049a4                __vector_21
 .text.bootloader_jump
                0x00000000000049ec       0x48 .build/obj_3key_LohseBoi/common/avr/bootloader.o
                0x00000000000049ec                bootloader_jump
 .text.print_set_sendchar
                0x0000000000004a34        0xa .build/obj_3key_LohseBoi/common/avr/printf.o
                0x0000000000004a34                print_set_sendchar
 .text.keyboard_leds
                0x0000000000004a3e        0x6 .build/obj_3key_LohseBoi/lufa.o
 .text.send_extra
                0x0000000000004a44       0x56 .build/obj_3key_LohseBoi/lufa.o
 .text.send_consumer
                0x0000000000004a9a        0x8 .build/obj_3key_LohseBoi/lufa.o
 .text.send_system
                0x0000000000004aa2        0x8 .build/obj_3key_LohseBoi/lufa.o
 .text.send_mouse
                0x0000000000004aaa       0x3e .build/obj_3key_LohseBoi/lufa.o
 .text.send_keyboard
                0x0000000000004ae8       0x86 .build/obj_3key_LohseBoi/lufa.o
 .text.EVENT_USB_Device_Connect
                0x0000000000004b6e       0x1c .build/obj_3key_LohseBoi/lufa.o
                0x0000000000004b6e                EVENT_USB_Device_Connect
 .text.EVENT_USB_Device_Disconnect
                0x0000000000004b8a        0x6 .build/obj_3key_LohseBoi/lufa.o
                0x0000000000004b8a                EVENT_USB_Device_Disconnect
 .text.EVENT_USB_Device_Reset
                0x0000000000004b90        0x2 .build/obj_3key_LohseBoi/lufa.o
                0x0000000000004b90                EVENT_USB_Device_Reset
 .text.EVENT_USB_Device_Suspend
                0x0000000000004b92        0x2 .build/obj_3key_LohseBoi/lufa.o
                0x0000000000004b92                EVENT_USB_Device_Suspend
 .text.EVENT_USB_Device_WakeUp
                0x0000000000004b94        0x2 .build/obj_3key_LohseBoi/lufa.o
                0x0000000000004b94                EVENT_USB_Device_WakeUp
 .text.EVENT_USB_Device_ConfigurationChanged
                0x0000000000004b96       0x14 .build/obj_3key_LohseBoi/lufa.o
                0x0000000000004b96                EVENT_USB_Device_ConfigurationChanged
 .text.EVENT_USB_Device_ControlRequest
                0x0000000000004baa      0x16c .build/obj_3key_LohseBoi/lufa.o
                0x0000000000004baa                EVENT_USB_Device_ControlRequest
 .text.protocol_setup
                0x0000000000004d16       0x32 .build/obj_3key_LohseBoi/lufa.o
                0x0000000000004d16                protocol_setup
 .text.protocol_init
                0x0000000000004d48       0x24 .build/obj_3key_LohseBoi/lufa.o
                0x0000000000004d48                protocol_init
 .text.protocol_task
                0x0000000000004d6c       0x36 .build/obj_3key_LohseBoi/lufa.o
                0x0000000000004d6c                protocol_task
 .text.CALLBACK_USB_GetDescriptor
                0x0000000000004da2        0x4 .build/obj_3key_LohseBoi/lufa.o
                0x0000000000004da2                CALLBACK_USB_GetDescriptor
 .text.get_usb_descriptor
                0x0000000000004da6       0xb4 .build/obj_3key_LohseBoi/usb_descriptor.o
                0x0000000000004da6                get_usb_descriptor
 .text.USB_Device_SendRemoteWakeup
                0x0000000000004e5a       0x2c .build/obj_3key_LohseBoi/lib/lufa/LUFA/Drivers/USB/Core/AVR8/Device_AVR8.o
                0x0000000000004e5a                USB_Device_SendRemoteWakeup
 .text.Endpoint_Write_Stream_LE
                0x0000000000004e86       0x9e .build/obj_3key_LohseBoi/lib/lufa/LUFA/Drivers/USB/Core/AVR8/EndpointStream_AVR8.o
                0x0000000000004e86                Endpoint_Write_Stream_LE
 .text.Endpoint_Write_Control_Stream_LE
                0x0000000000004f24       0xb4 .build/obj_3key_LohseBoi/lib/lufa/LUFA/Drivers/USB/Core/AVR8/EndpointStream_AVR8.o
                0x0000000000004f24                Endpoint_Write_Control_Stream_LE
 .text.Endpoint_Write_Control_PStream_LE
                0x0000000000004fd8       0xb6 .build/obj_3key_LohseBoi/lib/lufa/LUFA/Drivers/USB/Core/AVR8/EndpointStream_AVR8.o
                0x0000000000004fd8                Endpoint_Write_Control_PStream_LE
 .text.Endpoint_ConfigureEndpoint_Prv
                0x000000000000508e       0x68 .build/obj_3key_LohseBoi/lib/lufa/LUFA/Drivers/USB/Core/AVR8/Endpoint_AVR8.o
                0x000000000000508e                Endpoint_ConfigureEndpoint_Prv
 .text.Endpoint_ClearStatusStage
                0x00000000000050f6       0x3e .build/obj_3key_LohseBoi/lib/lufa/LUFA/Drivers/USB/Core/AVR8/Endpoint_AVR8.o
                0x00000000000050f6                Endpoint_ClearStatusStage
 .text.Endpoint_WaitUntilReady
                0x0000000000005134       0x62 .build/obj_3key_LohseBoi/lib/lufa/LUFA/Drivers/USB/Core/AVR8/Endpoint_AVR8.o
                0x0000000000005134                Endpoint_WaitUntilReady
 .text.USB_Disable
                0x0000000000005196       0x34 .build/obj_3key_LohseBoi/lib/lufa/LUFA/Drivers/USB/Core/AVR8/USBController_AVR8.o
                0x0000000000005196                USB_Disable
 .text.USB_ResetInterface
                0x00000000000051ca       0x86 .build/obj_3key_LohseBoi/lib/lufa/LUFA/Drivers/USB/Core/AVR8/USBController_AVR8.o
                0x00000000000051ca                USB_ResetInterface
 .text.USB_Init
                0x0000000000005250       0x22 .build/obj_3key_LohseBoi/lib/lufa/LUFA/Drivers/USB/Core/AVR8/USBController_AVR8.o
                0x0000000000005250                USB_Init
 .text.USB_INT_DisableAllInterrupts
                0x0000000000005272       0x10 .build/obj_3key_LohseBoi/lib/lufa/LUFA/Drivers/USB/Core/AVR8/USBInterrupt_AVR8.o
                0x0000000000005272                USB_INT_DisableAllInterrupts
 .text.USB_INT_ClearAllInterrupts
                0x0000000000005282        0xa .build/obj_3key_LohseBoi/lib/lufa/LUFA/Drivers/USB/Core/AVR8/USBInterrupt_AVR8.o
                0x0000000000005282                USB_INT_ClearAllInterrupts
 .text.__vector_10
                0x000000000000528c      0x1a6 .build/obj_3key_LohseBoi/lib/lufa/LUFA/Drivers/USB/Core/AVR8/USBInterrupt_AVR8.o
                0x000000000000528c                __vector_10
 .text.__vector_11
                0x0000000000005432       0x92 .build/obj_3key_LohseBoi/lib/lufa/LUFA/Drivers/USB/Core/AVR8/USBInterrupt_AVR8.o
                0x0000000000005432                __vector_11
 .text.USB_Device_ProcessControlRequest
                0x00000000000054c4      0x2a2 .build/obj_3key_LohseBoi/lib/lufa/LUFA/Drivers/USB/Core/DeviceStandardReq.o
                0x00000000000054c4                USB_Device_ProcessControlRequest
 .text.USB_Event_Stub
                0x0000000000005766        0x2 .build/obj_3key_LohseBoi/lib/lufa/LUFA/Drivers/USB/Core/Events.o
                0x0000000000005766                USB_Event_Stub
                0x0000000000005766                EVENT_USB_Device_StartOfFrame
 .text.USB_USBTask
                0x0000000000005768       0x34 .build/obj_3key_LohseBoi/lib/lufa/LUFA/Drivers/USB/Core/USBTask.o
                0x0000000000005768                USB_USBTask
 .text.libgcc.mul
                0x000000000000579c       0x20 /usr/lib/gcc/avr/11.2.0/avr5/libgcc.a(_mulsi3.o)
                0x000000000000579c                __mulsi3
 .text.libgcc.div
                0x00000000000057bc       0x28 /usr/lib/gcc/avr/11.2.0/avr5/libgcc.a(_udivmodhi4.o)
                0x00000000000057bc                __udivmodhi4
 .text.libgcc.div
                0x00000000000057e4       0x28 /usr/lib/gcc/avr/11.2.0/avr5/libgcc.a(_divmodhi4.o)
                0x00000000000057e4                __divmodhi4
                0x00000000000057e4                _div
 .text.libgcc.div
                0x000000000000580c       0x44 /usr/lib/gcc/avr/11.2.0/avr5/libgcc.a(_udivmodsi4.o)
                0x000000000000580c                __udivmodsi4
 .text.libgcc   0x0000000000005850        0xc /usr/lib/gcc/avr/11.2.0/avr5/libgcc.a(_tablejump2.o)
                0x0000000000005850                __tablejump2__
 .text.libgcc.mul
                0x000000000000585c       0x10 /usr/lib/gcc/avr/11.2.0/avr5/libgcc.a(_mulhisi3.o)
                0x000000000000585c                __mulhisi3
 .text.libgcc.mul
                0x000000000000586c       0x1e /usr/lib/gcc/avr/11.2.0/avr5/libgcc.a(_umulhisi3.o)
                0x000000000000586c                __umulhisi3
 .text.libgcc.mul
                0x000000000000588a        0xe /usr/lib/gcc/avr/11.2.0/avr5/libgcc.a(_usmulhisi3.o)
                0x000000000000588a                __usmulhisi3
                0x000000000000588e                __usmulhisi3_tail
 .text.libgcc.mul
                0x0000000000005898       0x16 /usr/lib/gcc/avr/11.2.0/avr5/libgcc.a(_muluhisi3.o)
                0x0000000000005898                __muluhisi3
 .text.libgcc.mul
                0x00000000000058ae       0x10 /usr/lib/gcc/avr/11.2.0/avr5/libgcc.a(_mulshisi3.o)
                0x00000000000058ae                __mulshisi3
                0x00000000000058b4                __mulohisi3
 .text.avr-libc
                0x00000000000058be       0x12 /usr/lib/gcc/avr/11.2.0/../../../../avr/lib/avr5/libc.a(memcpy_P.o)
                0x00000000000058be                memcpy_P
 .text.avr-libc
                0x00000000000058d0       0x1a /usr/lib/gcc/avr/11.2.0/../../../../avr/lib/avr5/libc.a(memchr.o)
                0x00000000000058d0                memchr
 .text.avr-libc
                0x00000000000058ea       0x46 /usr/lib/gcc/avr/11.2.0/../../../../avr/lib/avr5/libc.a(sprintf.o)
                0x00000000000058ea                sprintf
 .text.avr-libc
                0x0000000000005930      0x3a6 /usr/lib/gcc/avr/11.2.0/../../../../avr/lib/avr5/libc.a(vfprintf_std.o)
                0x0000000000005930                vfprintf
 .text.avr-libc
                0x0000000000005cd6       0x16 /usr/lib/gcc/avr/11.2.0/../../../../avr/lib/avr5/libc.a(strnlen_P.o)
                0x0000000000005cd6                strnlen_P
 .text.avr-libc
                0x0000000000005cec       0x16 /usr/lib/gcc/avr/11.2.0/../../../../avr/lib/avr5/libc.a(strnlen.o)
                0x0000000000005cec                strnlen
 .text.avr-libc
                0x0000000000005d02       0x60 /usr/lib/gcc/avr/11.2.0/../../../../avr/lib/avr5/libc.a(fputc.o)
                0x0000000000005d02                fputc
 .text.avr-libc
                0x0000000000005d62       0xbc /usr/lib/gcc/avr/11.2.0/../../../../avr/lib/avr5/libc.a(ultoa_invert.o)
                0x0000000000005d62                __ultoa_invert
 .text.avr-libc
                0x0000000000005e1e       0x10 /usr/lib/gcc/avr/11.2.0/../../../../avr/lib/avr5/libatmega32u4.a(eerd_byte.o)
                0x0000000000005e1e                eeprom_read_byte
 .text.avr-libc
                0x0000000000005e2e        0xc /usr/lib/gcc/avr/11.2.0/../../../../avr/lib/avr5/libatmega32u4.a(eerd_dword.o)
                0x0000000000005e2e                eeprom_read_dword
                0x0000000000005e2e                eeprom_read_float
 .text.avr-libc
                0x0000000000005e3a        0xc /usr/lib/gcc/avr/11.2.0/../../../../avr/lib/avr5/libatmega32u4.a(eerd_word.o)
                0x0000000000005e3a                eeprom_read_word
 .text.avr-libc
                0x0000000000005e46       0x24 /usr/lib/gcc/avr/11.2.0/../../../../avr/lib/avr5/libatmega32u4.a(eeupd_byte.o)
                0x0000000000005e46                eeprom_update_byte
                0x0000000000005e48                eeprom_update_r18
 .text.avr-libc
                0x0000000000005e6a       0x18 /usr/lib/gcc/avr/11.2.0/../../../../avr/lib/avr5/libatmega32u4.a(eeupd_dword.o)
                0x0000000000005e6a                eeprom_update_dword
                0x0000000000005e6a                eeprom_update_float
 .text.avr-libc
                0x0000000000005e82        0xc /usr/lib/gcc/avr/11.2.0/../../../../avr/lib/avr5/libatmega32u4.a(eeupd_word.o)
                0x0000000000005e82                eeprom_update_word
 .text.avr-libc
                0x0000000000005e8e       0x20 /usr/lib/gcc/avr/11.2.0/../../../../avr/lib/avr5/libatmega32u4.a(eerd_block.o)
                0x0000000000005e8e                eeprom_read_block
                0x0000000000005e92                eeprom_read_blraw
 .text.libgcc.prologue
                0x0000000000005eae       0x38 /usr/lib/gcc/avr/11.2.0/avr5/libgcc.a(_prologue.o)
                0x0000000000005eae                __prologue_saves__
 .text.libgcc.prologue
                0x0000000000005ee6       0x36 /usr/lib/gcc/avr/11.2.0/avr5/libgcc.a(_epilogue.o)
                0x0000000000005ee6                __epilogue_restores__
                0x0000000000005f1c                . = ALIGN (0x2)
 *(.fini9)
 .fini9         0x0000000000005f1c        0x0 /usr/lib/gcc/avr/11.2.0/avr5/libgcc.a(_exit.o)
                0x0000000000005f1c                exit
                0x0000000000005f1c                _exit
 *(.fini9)
 *(.fini8)
 *(.fini8)
 *(.fini7)
 *(.fini7)
 *(.fini6)
 *(.fini6)
 *(.fini5)
 *(.fini5)
 *(.fini4)
 *(.fini4)
 *(.fini3)
 *(.fini3)
 *(.fini2)
 *(.fini2)
 *(.fini1)
 *(.fini1)
 *(.fini0)
 .fini0         0x0000000000005f1c        0x4 /usr/lib/gcc/avr/11.2.0/avr5/libgcc.a(_exit.o)
 *(.fini0)
 *(.hightext)
 *(.hightext*)
 *(.progmemx.*)
                0x0000000000005f20                . = ALIGN (0x2)
 *(.jumptables)
 *(.jumptables*)
 .jumptables.gcc.process_action
                0x0000000000005f20       0x20 .build/obj_3key_LohseBoi/quantum/action.o
 .jumptables.gcc.mousekey_on
                0x0000000000005f40       0x26 .build/obj_3key_LohseBoi/quantum/mousekey.o
 .jumptables.gcc.process_rgb
                0x0000000000005f66       0x26 .build/obj_3key_LohseBoi/quantum/process_keycode/process_rgb.o
 .jumptables.gcc.process_magic
                0x0000000000005f8c       0x36 .build/obj_3key_LohseBoi/quantum/process_keycode/process_magic.o
 .jumptables.gcc.USB_Device_ProcessControlRequest
                0x0000000000005fc2       0x14 .build/obj_3key_LohseBoi/lib/lufa/LUFA/Drivers/USB/Core/DeviceStandardReq.o
                0x0000000000005fd6                _etext = .

.data           0x0000000000800100       0xb0 load address 0x0000000000005fd6
                0x0000000000800100                PROVIDE (__data_start = .)
 *(.data)
 *(.data*)
 .data.keyboard_report
                0x0000000000800100        0x2 .build/obj_3key_LohseBoi/quantum/action_util.o
                0x0000000000800100                keyboard_report
 .data.mk_wheel_time_to_max
                0x0000000000800102        0x1 .build/obj_3key_LohseBoi/quantum/mousekey.o
                0x0000000000800102                mk_wheel_time_to_max
 .data.mk_wheel_max_speed
                0x0000000000800103        0x1 .build/obj_3key_LohseBoi/quantum/mousekey.o
                0x0000000000800103                mk_wheel_max_speed
 .data.mk_wheel_interval
                0x0000000000800104        0x1 .build/obj_3key_LohseBoi/quantum/mousekey.o
                0x0000000000800104                mk_wheel_interval
 .data.mk_wheel_delay
                0x0000000000800105        0x1 .build/obj_3key_LohseBoi/quantum/mousekey.o
                0x0000000000800105                mk_wheel_delay
 .data.mk_time_to_max
                0x0000000000800106        0x1 .build/obj_3key_LohseBoi/quantum/mousekey.o
                0x0000000000800106                mk_time_to_max
 .data.mk_max_speed
                0x0000000000800107        0x1 .build/obj_3key_LohseBoi/quantum/mousekey.o
                0x0000000000800107                mk_max_speed
 .data.mk_interval
                0x0000000000800108        0x1 .build/obj_3key_LohseBoi/quantum/mousekey.o
                0x0000000000800108                mk_interval
 .data.mk_delay
                0x0000000000800109        0x1 .build/obj_3key_LohseBoi/quantum/mousekey.o
                0x0000000000800109                mk_delay
 .data.increment.1
                0x000000000080010a        0x1 .build/obj_3key_LohseBoi/quantum/rgblight/rgblight.o
 .data.increment.2
                0x000000000080010b        0x1 .build/obj_3key_LohseBoi/quantum/rgblight/rgblight.o
 .data.high_bound.3
                0x000000000080010c        0x1 .build/obj_3key_LohseBoi/quantum/rgblight/rgblight.o
 .data.rgblight_ranges
                0x000000000080010d        0x5 .build/obj_3key_LohseBoi/quantum/rgblight/rgblight.o
                0x000000000080010d                rgblight_ranges
 .data.static_effect_table
                0x0000000000800112        0xb .build/obj_3key_LohseBoi/quantum/rgblight/rgblight.o
 .data.lufa_driver
                0x000000000080011d        0xa .build/obj_3key_LohseBoi/lufa.o
                0x000000000080011d                lufa_driver
 .data.keyboard_protocol
                0x0000000000800127        0x1 .build/obj_3key_LohseBoi/lufa.o
                0x0000000000800127                keyboard_protocol
 *(.gnu.linkonce.d*)
 *(.rodata)
 *(.rodata*)
 .rodata.process_record_user.str1.1
                0x0000000000800128        0x3 .build/obj_3key_LohseBoi/keyboards/3key/keymaps/LohseBoi/keymap.o
 .rodata.CSWTCH.14
                0x000000000080012b       0x2e .build/obj_3key_LohseBoi/quantum/action.o
 .rodata.CSWTCH.2
                0x0000000000800159       0x2e .build/obj_3key_LohseBoi/quantum/keymap_common.o
 .rodata.col_pins
                0x0000000000800187        0x3 .build/obj_3key_LohseBoi/quantum/matrix.o
 .rodata.mode_base_table
                0x000000000080018a       0x25 .build/obj_3key_LohseBoi/quantum/rgblight/rgblight.o
 *(.gnu.linkonce.r*)
                0x00000000008001b0                . = ALIGN (0x2)
 *fill*         0x00000000008001af        0x1 
                0x00000000008001b0                _edata = .
                0x00000000008001b0                PROVIDE (__data_end = .)

.bss            0x00000000008001b0       0xea
                0x00000000008001b0                PROVIDE (__bss_start = .)
 *(.bss)
 .bss           0x00000000008001b0        0x2 .build/obj_3key_LohseBoi/common/avr/xprintf.o
                0x00000000008001b0                xfunc_out
 *(.bss*)
 .bss.asciiCounter
                0x00000000008001b2        0x1 .build/obj_3key_LohseBoi/keyboards/3key/keymaps/LohseBoi/keymap.o
                0x00000000008001b2                asciiCounter
 .bss.asciiChar
                0x00000000008001b3        0x1 .build/obj_3key_LohseBoi/keyboards/3key/keymaps/LohseBoi/keymap.o
                0x00000000008001b3                asciiChar
 .bss.disable_action_cache
                0x00000000008001b4        0x1 .build/obj_3key_LohseBoi/quantum/action.o
                0x00000000008001b4                disable_action_cache
 .bss.source_layers_cache
                0x00000000008001b5        0x5 .build/obj_3key_LohseBoi/quantum/action_layer.o
                0x00000000008001b5                source_layers_cache
 .bss.layer_state
                0x00000000008001ba        0x4 .build/obj_3key_LohseBoi/quantum/action_layer.o
                0x00000000008001ba                layer_state
 .bss.default_layer_state
                0x00000000008001be        0x4 .build/obj_3key_LohseBoi/quantum/action_layer.o
                0x00000000008001be                default_layer_state
 .bss.waiting_buffer_tail
                0x00000000008001c2        0x1 .build/obj_3key_LohseBoi/quantum/action_tapping.o
 .bss.waiting_buffer_head
                0x00000000008001c3        0x1 .build/obj_3key_LohseBoi/quantum/action_tapping.o
 .bss.waiting_buffer
                0x00000000008001c4       0x30 .build/obj_3key_LohseBoi/quantum/action_tapping.o
 .bss.tapping_key
                0x00000000008001f4        0x6 .build/obj_3key_LohseBoi/quantum/action_tapping.o
 .bss.oneshot_layer_data
                0x00000000008001fa        0x1 .build/obj_3key_LohseBoi/quantum/action_util.o
 .bss.oneshot_mods
                0x00000000008001fb        0x1 .build/obj_3key_LohseBoi/quantum/action_util.o
 .bss.__compound_literal.0
                0x00000000008001fc       0x20 .build/obj_3key_LohseBoi/quantum/action_util.o
 .bss.macro_mods
                0x000000000080021c        0x1 .build/obj_3key_LohseBoi/quantum/action_util.o
 .bss.weak_mods
                0x000000000080021d        0x1 .build/obj_3key_LohseBoi/quantum/action_util.o
 .bss.real_mods
                0x000000000080021e        0x1 .build/obj_3key_LohseBoi/quantum/action_util.o
 .bss.led_status.0
                0x000000000080021f        0x1 .build/obj_3key_LohseBoi/quantum/keyboard.o
 .bss.matrix_prev.1
                0x0000000000800220        0x1 .build/obj_3key_LohseBoi/quantum/keyboard.o
 .bss.last_matrix_modification_time
                0x0000000000800221        0x4 .build/obj_3key_LohseBoi/quantum/keyboard.o
 .bss.last_input_modification_time
                0x0000000000800225        0x4 .build/obj_3key_LohseBoi/quantum/keyboard.o
 .bss.debug_config
                0x0000000000800229        0x1 .build/obj_3key_LohseBoi/quantum/logging/debug.o
                0x0000000000800229                debug_config
 .bss.debouncing_time
                0x000000000080022a        0x2 .build/obj_3key_LohseBoi/quantum/debounce/sym_defer_g.o
 .bss.debouncing
                0x000000000080022c        0x1 .build/obj_3key_LohseBoi/quantum/debounce/sym_defer_g.o
 .bss.last_timer_w
                0x000000000080022d        0x2 .build/obj_3key_LohseBoi/quantum/mousekey.o
 .bss.last_timer_c
                0x000000000080022f        0x2 .build/obj_3key_LohseBoi/quantum/mousekey.o
 .bss.mousekey_wheel_repeat
                0x0000000000800231        0x1 .build/obj_3key_LohseBoi/quantum/mousekey.o
 .bss.mousekey_repeat
                0x0000000000800232        0x1 .build/obj_3key_LohseBoi/quantum/mousekey.o
 .bss.mousekey_accel
                0x0000000000800233        0x1 .build/obj_3key_LohseBoi/quantum/mousekey.o
 .bss.mouse_report
                0x0000000000800234        0x6 .build/obj_3key_LohseBoi/quantum/mousekey.o
 .bss.maxval.0  0x000000000080023a        0x1 .build/obj_3key_LohseBoi/quantum/rgblight/rgblight.o
 .bss.low_bound.4
                0x000000000080023b        0x1 .build/obj_3key_LohseBoi/quantum/rgblight/rgblight.o
 .bss.pos.5     0x000000000080023c        0x1 .build/obj_3key_LohseBoi/quantum/rgblight/rgblight.o
 .bss.rgblight_layers
                0x000000000080023d        0x2 .build/obj_3key_LohseBoi/quantum/rgblight/rgblight.o
                0x000000000080023d                rgblight_layers
 .bss.animation_status
                0x000000000080023f        0x6 .build/obj_3key_LohseBoi/quantum/rgblight/rgblight.o
                0x000000000080023f                animation_status
 .bss.is_rgblight_initialized
                0x0000000000800245        0x1 .build/obj_3key_LohseBoi/quantum/rgblight/rgblight.o
                0x0000000000800245                is_rgblight_initialized
 .bss.rgblight_status
                0x0000000000800246        0x3 .build/obj_3key_LohseBoi/quantum/rgblight/rgblight.o
                0x0000000000800246                rgblight_status
 .bss.sc_timer  0x0000000000800249        0x2 .build/obj_3key_LohseBoi/quantum/process_keycode/process_space_cadet.o
 .bss.sc_last   0x000000000080024b        0x1 .build/obj_3key_LohseBoi/quantum/process_keycode/process_space_cadet.o
 .bss.grave_esc_was_shifted
                0x000000000080024c        0x1 .build/obj_3key_LohseBoi/quantum/process_keycode/process_grave_esc.o
 .bss.last_consumer_report
                0x000000000080024d        0x2 .build/obj_3key_LohseBoi/common/host.o
 .bss.last_system_report
                0x000000000080024f        0x2 .build/obj_3key_LohseBoi/common/host.o
 .bss.driver    0x0000000000800251        0x2 .build/obj_3key_LohseBoi/common/host.o
 .bss.wdt_timeout
                0x0000000000800253        0x1 .build/obj_3key_LohseBoi/common/avr/suspend.o
 .bss.r.0       0x0000000000800254        0x3 .build/obj_3key_LohseBoi/lufa.o
 .bss.keyboard_report_sent
                0x0000000000800257       0x20 .build/obj_3key_LohseBoi/lufa.o
 .bss.keyboard_led_state
                0x0000000000800277        0x1 .build/obj_3key_LohseBoi/lufa.o
 .bss.keyboard_idle
                0x0000000000800278        0x1 .build/obj_3key_LohseBoi/lufa.o
                0x0000000000800278                keyboard_idle
 *(COMMON)
 COMMON         0x0000000000800279        0x2 .build/obj_3key_LohseBoi/quantum/bootmagic/magic.o
                0x0000000000800279                keymap_config
 COMMON         0x000000000080027b        0x2 .build/obj_3key_LohseBoi/quantum/matrix_common.o
                0x000000000080027b                raw_matrix
                0x000000000080027c                matrix
 COMMON         0x000000000080027d        0xb .build/obj_3key_LohseBoi/quantum/rgblight/rgblight.o
                0x000000000080027d                rgblight_config
                0x0000000000800282                led
 COMMON         0x0000000000800288        0x1 .build/obj_3key_LohseBoi/quantum/backlight/backlight.o
                0x0000000000800288                backlight_config
 COMMON         0x0000000000800289        0x4 .build/obj_3key_LohseBoi/common/avr/timer.o
                0x0000000000800289                timer_count
 COMMON         0x000000000080028d        0x3 .build/obj_3key_LohseBoi/lib/lufa/LUFA/Drivers/USB/Core/DeviceStandardReq.o
                0x000000000080028d                USB_Device_ConfigurationNumber
                0x000000000080028e                USB_Device_CurrentlySelfPowered
                0x000000000080028f                USB_Device_RemoteWakeupEnabled
 COMMON         0x0000000000800290        0xa .build/obj_3key_LohseBoi/lib/lufa/LUFA/Drivers/USB/Core/USBTask.o
                0x0000000000800290                USB_IsInitialized
                0x0000000000800291                USB_DeviceState
                0x0000000000800292                USB_ControlRequest
                0x000000000080029a                PROVIDE (__bss_end = .)
                0x0000000000005fd6                __data_load_start = LOADADDR (.data)
                0x0000000000006086                __data_load_end = (__data_load_start + SIZEOF (.data))

.noinit         0x000000000080029a        0x4
                [!provide]                        PROVIDE (__noinit_start = .)
 *(.noinit .noinit.* .gnu.linkonce.n.*)
 .noinit        0x000000000080029a        0x4 .build/obj_3key_LohseBoi/common/avr/bootloader.o
                0x000000000080029a                reset_key
                [!provide]                        PROVIDE (__noinit_end = .)
                0x000000000080029e                _end = .
                [!provide]                        PROVIDE (__heap_start = .)

.eeprom         0x0000000000810000        0x0
 *(.eeprom*)
                0x0000000000810000                __eeprom_end = .

.fuse
 *(.fuse)
 *(.lfuse)
 *(.hfuse)
 *(.efuse)

.lock
 *(.lock*)

.signature
 *(.signature*)

.stab           0x0000000000000000       0x24
 *(.stab)