Archive member included to satisfy reference by file (symbol)

/usr/lib/gcc/avr/11.2.0/../../../../avr/lib/avr5/libm.a(fixunssfsi.o)
                              .build/obj_3key_LohseBoi/common/host.o (__fixunssfsi)
/usr/lib/gcc/avr/11.2.0/../../../../avr/lib/avr5/libm.a(fp_split3.o)
                              /usr/lib/gcc/avr/11.2.0/../../../../avr/lib/avr5/libm.a(fixunssfsi.o) (__fp_splitA)
/usr/lib/gcc/avr/11.2.0/../../../../avr/lib/avr5/libm.a(fp_zero.o)
                              /usr/lib/gcc/avr/11.2.0/../../../../avr/lib/avr5/libm.a(fixunssfsi.o) (__fp_zero)
/usr/lib/gcc/avr/11.2.0/../../../../avr/lib/avr5/libm.a(mulsf3.o)
                              .build/obj_3key_LohseBoi/common/host.o (__mulsf3)
/usr/lib/gcc/avr/11.2.0/../../../../avr/lib/avr5/libm.a(mulsf3x.o)
                              /usr/lib/gcc/avr/11.2.0/../../../../avr/lib/avr5/libm.a(mulsf3.o) (__mulsf3x)
/usr/lib/gcc/avr/11.2.0/../../../../avr/lib/avr5/libm.a(fp_inf.o)
                              /usr/lib/gcc/avr/11.2.0/../../../../avr/lib/avr5/libm.a(mulsf3x.o) (__fp_inf)
/usr/lib/gcc/avr/11.2.0/../../../../avr/lib/avr5/libm.a(fp_nan.o)
                              /usr/lib/gcc/avr/11.2.0/../../../../avr/lib/avr5/libm.a(mulsf3x.o) (__fp_nan)
/usr/lib/gcc/avr/11.2.0/../../../../avr/lib/avr5/libm.a(fp_pscA.o)
                              /usr/lib/gcc/avr/11.2.0/../../../../avr/lib/avr5/libm.a(mulsf3x.o) (__fp_pscA)
/usr/lib/gcc/avr/11.2.0/../../../../avr/lib/avr5/libm.a(fp_pscB.o)
                              /usr/lib/gcc/avr/11.2.0/../../../../avr/lib/avr5/libm.a(mulsf3x.o) (__fp_pscB)
/usr/lib/gcc/avr/11.2.0/../../../../avr/lib/avr5/libm.a(fp_round.o)
                              /usr/lib/gcc/avr/11.2.0/../../../../avr/lib/avr5/libm.a(mulsf3.o) (__fp_round)
/usr/lib/gcc/avr/11.2.0/avr5/libgcc.a(_mulsi3.o)
                              .build/obj_3key_LohseBoi/quantum/backlight/backlight_avr.o (__mulsi3)
/usr/lib/gcc/avr/11.2.0/avr5/libgcc.a(_udivmodhi4.o)
                              .build/obj_3key_LohseBoi/quantum/color.o (__udivmodhi4)
/usr/lib/gcc/avr/11.2.0/avr5/libgcc.a(_divmodhi4.o)
                              .build/obj_3key_LohseBoi/quantum/mousekey.o (__divmodhi4)
/usr/lib/gcc/avr/11.2.0/avr5/libgcc.a(_udivmodsi4.o)
                              .build/obj_3key_LohseBoi/quantum/rgblight/rgblight.o (__udivmodsi4)
/usr/lib/gcc/avr/11.2.0/avr5/libgcc.a(_exit.o)
                              /usr/lib/gcc/avr/11.2.0/../../../../avr/lib/avr5/crtatmega32u4.o (exit)
/usr/lib/gcc/avr/11.2.0/avr5/libgcc.a(_tablejump2.o)
                              .build/obj_3key_LohseBoi/quantum/action.o (__tablejump2__)
/usr/lib/gcc/avr/11.2.0/avr5/libgcc.a(_copy_data.o)
                              .build/obj_3key_LohseBoi/keyboards/3key/keymaps/LohseBoi/keymap.o (__do_copy_data)
/usr/lib/gcc/avr/11.2.0/avr5/libgcc.a(_clear_bss.o)
                              .build/obj_3key_LohseBoi/keyboards/3key/keymaps/LohseBoi/keymap.o (__do_clear_bss)
/usr/lib/gcc/avr/11.2.0/avr5/libgcc.a(_popcounthi2.o)
                              .build/obj_3key_LohseBoi/quantum/bitwise.o (__popcounthi2)
/usr/lib/gcc/avr/11.2.0/avr5/libgcc.a(_popcountsi2.o)
                              .build/obj_3key_LohseBoi/quantum/bitwise.o (__popcountsi2)
/usr/lib/gcc/avr/11.2.0/avr5/libgcc.a(_popcountqi2.o)
                              /usr/lib/gcc/avr/11.2.0/avr5/libgcc.a(_popcounthi2.o) (__popcountqi2)
/usr/lib/gcc/avr/11.2.0/avr5/libgcc.a(_mulhisi3.o)
                              .build/obj_3key_LohseBoi/quantum/rgblight/rgblight.o (__mulhisi3)
/usr/lib/gcc/avr/11.2.0/avr5/libgcc.a(_umulhisi3.o)
                              .build/obj_3key_LohseBoi/quantum/rgblight/rgblight.o (__umulhisi3)
/usr/lib/gcc/avr/11.2.0/avr5/libgcc.a(_usmulhisi3.o)
                              /usr/lib/gcc/avr/11.2.0/avr5/libgcc.a(_mulhisi3.o) (__usmulhisi3_tail)
/usr/lib/gcc/avr/11.2.0/avr5/libgcc.a(_muluhisi3.o)
                              .build/obj_3key_LohseBoi/quantum/rgblight/rgblight.o (__muluhisi3)
/usr/lib/gcc/avr/11.2.0/avr5/libgcc.a(_mulshisi3.o)
                              .build/obj_3key_LohseBoi/quantum/rgblight/rgblight.o (__mulshisi3)
/usr/lib/gcc/avr/11.2.0/../../../../avr/lib/avr5/libc.a(memcpy_P.o)
                              .build/obj_3key_LohseBoi/quantum/rgblight/rgblight.o (memcpy_P)
/usr/lib/gcc/avr/11.2.0/../../../../avr/lib/avr5/libc.a(memchr.o)
                              .build/obj_3key_LohseBoi/quantum/rgblight/rgblight.o (memchr)
/usr/lib/gcc/avr/11.2.0/../../../../avr/lib/avr5/libc.a(memmove.o)
                              .build/obj_3key_LohseBoi/lib/lufa/LUFA/Drivers/USB/Class/Common/HIDParser.o (memmove)
/usr/lib/gcc/avr/11.2.0/../../../../avr/lib/avr5/libc.a(sprintf.o)
                              .build/obj_3key_LohseBoi/keyboards/3key/keymaps/LohseBoi/keymap.o (sprintf)
/usr/lib/gcc/avr/11.2.0/../../../../avr/lib/avr5/libc.a(vfprintf_std.o)
[...]
Memory Configuration

Name             Origin             Length             Attributes
text             0x0000000000000000 0x0000000000020000 xr
data             0x0000000000800060 0x000000000000ffa0 rw !x
eeprom           0x0000000000810000 0x0000000000010000 rw !x
fuse             0x0000000000820000 0x0000000000000400 rw !x
lock             0x0000000000830000 0x0000000000000400 rw !x
signature        0x0000000000840000 0x0000000000000400 rw !x
user_signatures  0x0000000000850000 0x0000000000000400 rw !x
*default*        0x0000000000000000 0xffffffffffffffff

Linker script and memory map

Address of section .data set to 0x800100
LOAD /usr/lib/gcc/avr/11.2.0/../../../../avr/lib/avr5/crtatmega32u4.o
LOAD .build/obj_3key_LohseBoi/keyboards/3key/3key.o
LOAD .build/obj_3key_LohseBoi/keyboards/3key/keymaps/LohseBoi/keymap.o
LOAD .build/obj_3key_LohseBoi/quantum/quantum.o
LOAD .build/obj_3key_LohseBoi/quantum/send_string.o
LOAD .build/obj_3key_LohseBoi/quantum/bitwise.o
LOAD .build/obj_3key_LohseBoi/quantum/led.o
LOAD .build/obj_3key_LohseBoi/quantum/action.o
LOAD .build/obj_3key_LohseBoi/quantum/action_layer.o
LOAD .build/obj_3key_LohseBoi/quantum/action_macro.o
LOAD .build/obj_3key_LohseBoi/quantum/action_tapping.o
LOAD .build/obj_3key_LohseBoi/quantum/action_util.o
LOAD .build/obj_3key_LohseBoi/quantum/eeconfig.o
LOAD .build/obj_3key_LohseBoi/quantum/keyboard.o
LOAD .build/obj_3key_LohseBoi/quantum/keymap_common.o
LOAD .build/obj_3key_LohseBoi/quantum/keycode_config.o
LOAD .build/obj_3key_LohseBoi/quantum/logging/debug.o
LOAD .build/obj_3key_LohseBoi/quantum/logging/sendchar.o
LOAD .build/obj_3key_LohseBoi/quantum/bootmagic/bootmagic_lite.o
LOAD .build/obj_3key_LohseBoi/quantum/bootmagic/magic.o
LOAD .build/obj_3key_LohseBoi/quantum/matrix_common.o
LOAD .build/obj_3key_LohseBoi/quantum/matrix.o
LOAD .build/obj_3key_LohseBoi/quantum/debounce/sym_defer_g.o
LOAD .build/obj_3key_LohseBoi/quantum/main.o
LOAD .build/obj_3key_LohseBoi/quantum/mousekey.o
LOAD .build/obj_3key_LohseBoi/quantum/color.o
LOAD .build/obj_3key_LohseBoi/quantum/rgblight/rgblight.o
LOAD .build/obj_3key_LohseBoi/quantum/process_keycode/process_rgb.o
LOAD .build/obj_3key_LohseBoi/quantum/backlight/backlight.o
LOAD .build/obj_3key_LohseBoi/quantum/process_keycode/process_backlight.o
LOAD .build/obj_3key_LohseBoi/quantum/backlight/backlight_driver_common.o
LOAD .build/obj_3key_LohseBoi/quantum/backlight/backlight_avr.o
LOAD .build/obj_3key_LohseBoi/ws2812.o
LOAD .build/obj_3key_LohseBoi/quantum/led_tables.o
LOAD .build/obj_3key_LohseBoi/quantum/process_keycode/process_space_cadet.o
LOAD .build/obj_3key_LohseBoi/quantum/process_keycode/process_magic.o
LOAD .build/obj_3key_LohseBoi/quantum/process_keycode/process_grave_esc.o
LOAD .build/obj_3key_LohseBoi/common/host.o
LOAD .build/obj_3key_LohseBoi/common/report.o
LOAD .build/obj_3key_LohseBoi/common/sync_timer.o
LOAD .build/obj_3key_LohseBoi/common/usb_util.o
LOAD .build/obj_3key_LohseBoi/common/avr/platform.o
LOAD .build/obj_3key_LohseBoi/common/avr/suspend.o
LOAD .build/obj_3key_LohseBoi/common/avr/timer.o
LOAD .build/obj_3key_LohseBoi/common/avr/bootloader.o
LOAD .build/obj_3key_LohseBoi/common/avr/xprintf.o
LOAD .build/obj_3key_LohseBoi/common/avr/printf.o
LOAD .build/obj_3key_LohseBoi/lufa.o
LOAD .build/obj_3key_LohseBoi/usb_descriptor.o
LOAD .build/obj_3key_LohseBoi/lib/lufa/LUFA/Drivers/USB/Class/Common/HIDParser.o
LOAD .build/obj_3key_LohseBoi/lib/lufa/LUFA/Drivers/USB/Core/AVR8/Device_AVR8.o
LOAD .build/obj_3key_LohseBoi/lib/lufa/LUFA/Drivers/USB/Core/AVR8/EndpointStream_AVR8.o
LOAD .build/obj_3key_LohseBoi/lib/lufa/LUFA/Drivers/USB/Core/AVR8/Endpoint_AVR8.o
LOAD .build/obj_3key_LohseBoi/lib/lufa/LUFA/Drivers/USB/Core/AVR8/Host_AVR8.o
LOAD .build/obj_3key_LohseBoi/lib/lufa/LUFA/Drivers/USB/Core/AVR8/PipeStream_AVR8.o
LOAD .build/obj_3key_LohseBoi/lib/lufa/LUFA/Drivers/USB/Core/AVR8/Pipe_AVR8.o
LOAD .build/obj_3key_LohseBoi/lib/lufa/LUFA/Drivers/USB/Core/AVR8/USBController_AVR8.o
LOAD .build/obj_3key_LohseBoi/lib/lufa/LUFA/Drivers/USB/Core/AVR8/USBInterrupt_AVR8.o
LOAD .build/obj_3key_LohseBoi/lib/lufa/LUFA/Drivers/USB/Core/ConfigDescriptors.o
LOAD .build/obj_3key_LohseBoi/lib/lufa/LUFA/Drivers/USB/Core/DeviceStandardReq.o
LOAD .build/obj_3key_LohseBoi/lib/lufa/LUFA/Drivers/USB/Core/Events.o
LOAD .build/obj_3key_LohseBoi/lib/lufa/LUFA/Drivers/USB/Core/HostStandardReq.o
LOAD .build/obj_3key_LohseBoi/lib/lufa/LUFA/Drivers/USB/Core/USBTask.o
LOAD .build/obj_3key_LohseBoi/protocol/lufa/usb_util.o
LOAD /usr/lib/gcc/avr/11.2.0/../../../../avr/lib/avr5/libm.a
START GROUP
LOAD /usr/lib/gcc/avr/11.2.0/avr5/libgcc.a
LOAD /usr/lib/gcc/avr/11.2.0/../../../../avr/lib/avr5/libm.a
LOAD /usr/lib/gcc/avr/11.2.0/../../../../avr/lib/avr5/libc.a
LOAD /usr/lib/gcc/avr/11.2.0/../../../../avr/lib/avr5/libatmega32u4.a
END GROUP
                0x0000000000020000                __TEXT_REGION_LENGTH__ = DEFINED (__TEXT_REGION_LENGTH__)?__TEXT_REGION_LENGTH__:0x20000
                0x000000000000ffa0                __DATA_REGION_LENGTH__ = DEFINED (__DATA_REGION_LENGTH__)?__DATA_REGION_LENGTH__:0xffa0
                0x0000000000010000                __EEPROM_REGION_LENGTH__ = DEFINED (__EEPROM_REGION_LENGTH__)?__EEPROM_REGION_LENGTH__:0x10000
                0x0000000000000400                __FUSE_REGION_LENGTH__ = DEFINED (__FUSE_REGION_LENGTH__)?__FUSE_REGION_LENGTH__:0x400
                0x0000000000000400                __LOCK_REGION_LENGTH__ = DEFINED (__LOCK_REGION_LENGTH__)?__LOCK_REGION_LENGTH__:0x400
                0x0000000000000400                __SIGNATURE_REGION_LENGTH__ = DEFINED (__SIGNATURE_REGION_LENGTH__)?__SIGNATURE_REGION_LENGTH__:0x400
                0x0000000000000400                __USER_SIGNATURE_REGION_LENGTH__ = DEFINED (__USER_SIGNATURE_REGION_LENGTH__)?__USER_SIGNATURE_REGION_LENGTH__:0x400

.hash
 *(.hash)

.dynsym
 *(.dynsym)

.dynstr
 *(.dynstr)

.gnu.version
 *(.gnu.version)

.gnu.version_d
 *(.gnu.version_d)

.gnu.version_r
 *(.gnu.version_r)

.rel.init
 *(.rel.init)

.rela.init
 *(.rela.init)

.rel.text
 *(.rel.text)
 *(.rel.text.*)
 *(.rel.gnu.linkonce.t*)

.rela.text
 *(.rela.text)
 *(.rela.text.*)
 *(.rela.gnu.linkonce.t*)

.rel.fini
 *(.rel.fini)

.rela.fini
 *(.rela.fini)

.rel.rodata
 *(.rel.rodata)
 *(.rel.rodata.*)
 *(.rel.gnu.linkonce.r*)

.rela.rodata
 *(.rela.rodata)
 *(.rela.rodata.*)
 *(.rela.gnu.linkonce.r*)

.rel.data
 *(.rel.data)
 *(.rel.data.*)
 *(.rel.gnu.linkonce.d*)

.rela.data
 *(.rela.data)
 *(.rela.data.*)
 *(.rela.gnu.linkonce.d*)

.rel.ctors
 *(.rel.ctors)

.rela.ctors
 *(.rela.ctors)

.rel.dtors
 *(.rel.dtors)

.rela.dtors
 *(.rela.dtors)

.rel.got
 *(.rel.got)

.rela.got
 *(.rela.got)

.rel.bss
 *(.rel.bss)

.rela.bss
 *(.rela.bss)

.rel.plt
 *(.rel.plt)

.rela.plt
 *(.rela.plt)

.text           0x0000000000000000     0x6088
 *(.vectors)
 .vectors       0x0000000000000000       0xac /usr/lib/gcc/avr/11.2.0/../../../../avr/lib/avr5/crtatmega32u4.o
                0x0000000000000000                __vectors
                0x0000000000000000                __vector_default
 *(.vectors)
 *(.progmem.gcc*)
                0x00000000000000ac                . = ALIGN (0x2)
                0x00000000000000ac                __trampolines_start = .
 *(.trampolines)
 .trampolines   0x00000000000000ac        0x0 linker stubs
 *(.trampolines*)
                0x00000000000000ac                __trampolines_end = .
 *libprintf_flt.a:*(.progmem.data)
 *libc.a:*(.progmem.data)
 *(.progmem.*)
 .progmem.data.keymaps
                0x00000000000000ac        0x6 .build/obj_3key_LohseBoi/keyboards/3key/keymaps/LohseBoi/keymap.o
                0x00000000000000ac                keymaps
 .progmem.data.ascii_to_keycode_lut
                0x00000000000000b2       0x80 .build/obj_3key_LohseBoi/quantum/send_string.o
                0x00000000000000b2                ascii_to_keycode_lut
 .progmem.data.ascii_to_dead_lut
                0x0000000000000132       0x10 .build/obj_3key_LohseBoi/quantum/send_string.o
                0x0000000000000132                ascii_to_dead_lut
 .progmem.data.ascii_to_altgr_lut
                0x0000000000000142       0x10 .build/obj_3key_LohseBoi/quantum/send_string.o
                0x0000000000000142                ascii_to_altgr_lut
 .progmem.data.ascii_to_shift_lut
                0x0000000000000152       0x10 .build/obj_3key_LohseBoi/quantum/send_string.o
                0x0000000000000152                ascii_to_shift_lut
 .progmem.data.fn_actions
                0x0000000000000162        0x0 .build/obj_3key_LohseBoi/quantum/keymap_common.o
                0x0000000000000162                fn_actions
 .progmem.data.RGBLED_RGBTEST_INTERVALS
                0x0000000000000162        0x2 .build/obj_3key_LohseBoi/quantum/rgblight/rgblight.o
                0x0000000000000162                RGBLED_RGBTEST_INTERVALS
 .progmem.data.RGBLED_KNIGHT_INTERVALS
                0x0000000000000164        0x3 .build/obj_3key_LohseBoi/quantum/rgblight/rgblight.o
                0x0000000000000164                RGBLED_KNIGHT_INTERVALS
 .progmem.data.RGBLED_SNAKE_INTERVALS
                0x0000000000000167        0x3 .build/obj_3key_LohseBoi/quantum/rgblight/rgblight.o
                0x0000000000000167                RGBLED_SNAKE_INTERVALS
 .progmem.data.RGBLED_RAINBOW_SWIRL_INTERVALS
                0x000000000000016a        0x3 .build/obj_3key_LohseBoi/quantum/rgblight/rgblight.o
                0x000000000000016a                RGBLED_RAINBOW_SWIRL_INTERVALS
 .progmem.data.RGBLED_RAINBOW_MOOD_INTERVALS
                0x000000000000016d        0x3 .build/obj_3key_LohseBoi/quantum/rgblight/rgblight.o
                0x000000000000016d                RGBLED_RAINBOW_MOOD_INTERVALS
 .progmem.data.RGBLED_BREATHING_INTERVALS
                0x0000000000000170        0x4 .build/obj_3key_LohseBoi/quantum/rgblight/rgblight.o
                0x0000000000000170                RGBLED_BREATHING_INTERVALS
 .progmem.data.rgblight_effect_breathe_table
                0x0000000000000174      0x100 .build/obj_3key_LohseBoi/quantum/rgblight/rgblight.o
                0x0000000000000174                rgblight_effect_breathe_table
 .progmem.data.RGBLED_GRADIENT_RANGES
                0x0000000000000274        0x5 .build/obj_3key_LohseBoi/quantum/rgblight/rgblight.o
                0x0000000000000274                RGBLED_GRADIENT_RANGES
 .progmem.data.CIE1931_CURVE
                0x0000000000000279      0x100 .build/obj_3key_LohseBoi/quantum/led_tables.o
                0x0000000000000279                CIE1931_CURVE
 .progmem.data.ProductString
                0x0000000000000379       0x14 .build/obj_3key_LohseBoi/usb_descriptor.o
                0x0000000000000379                ProductString
 .progmem.data.ManufacturerString
                0x000000000000038d       0x18 .build/obj_3key_LohseBoi/usb_descriptor.o
                0x000000000000038d                ManufacturerString
 .progmem.data.LanguageString
                0x00000000000003a5        0x4 .build/obj_3key_LohseBoi/usb_descriptor.o
                0x00000000000003a5                LanguageString
 .progmem.data.ConfigurationDescriptor
                0x00000000000003a9       0x3b .build/obj_3key_LohseBoi/usb_descriptor.o
                0x00000000000003a9                ConfigurationDescriptor
 .progmem.data.DeviceDescriptor
                0x00000000000003e4       0x12 .build/obj_3key_LohseBoi/usb_descriptor.o
                0x00000000000003e4                DeviceDescriptor
 .progmem.data.SharedReport
                0x00000000000003f6       0xb6 .build/obj_3key_LohseBoi/usb_descriptor.o
                0x00000000000003f6                SharedReport
 .progmem.data.KeyboardReport
                0x00000000000004ac       0x40 .build/obj_3key_LohseBoi/usb_descriptor.o
                0x00000000000004ac                KeyboardReport
                0x00000000000004ec                . = ALIGN (0x2)
 *(.lowtext)
 *(.lowtext*)
                0x00000000000004ec                __ctors_start = .
 *(.ctors)
                0x00000000000004ec                __ctors_end = .
                0x00000000000004ec                __dtors_start = .
 *(.dtors)
                0x00000000000004ec                __dtors_end = .
 SORT_BY_NAME(*)(.ctors)
 SORT_BY_NAME(*)(.dtors)
 *(.init0)
 .init0         0x00000000000004ec        0x0 /usr/lib/gcc/avr/11.2.0/../../../../avr/lib/avr5/crtatmega32u4.o
                0x00000000000004ec                __init
 *(.init0)
 *(.init1)
 *(.init1)
 *(.init2)
 .init2         0x00000000000004ec        0xc /usr/lib/gcc/avr/11.2.0/../../../../avr/lib/avr5/crtatmega32u4.o
 *(.init2)
 *(.init3)
 .init3         0x00000000000004f8       0x54 .build/obj_3key_LohseBoi/common/avr/bootloader.o
                0x00000000000004f8                bootloader_jump_after_watchdog_reset
 *(.init3)
 *(.init4)
 .init4         0x000000000000054c       0x16 /usr/lib/gcc/avr/11.2.0/avr5/libgcc.a(_copy_data.o)
                0x000000000000054c                __do_copy_data
 .init4         0x0000000000000562       0x10 /usr/lib/gcc/avr/11.2.0/avr5/libgcc.a(_clear_bss.o)
                0x0000000000000562                __do_clear_bss
 *(.init4)
 *(.init5)
 *(.init5)
 *(.init6)
 *(.init6)
 *(.init7)
 *(.init7)
 *(.init8)
 *(.init8)
 *(.init9)
 .init9         0x0000000000000572        0x8 /usr/lib/gcc/avr/11.2.0/../../../../avr/lib/avr5/crtatmega32u4.o
 *(.init9)
 *(.text)
 .text          0x000000000000057a        0x4 /usr/lib/gcc/avr/11.2.0/../../../../avr/lib/avr5/crtatmega32u4.o
                0x000000000000057a                __vector_38
                0x000000000000057a                __vector_22
                0x000000000000057a                __vector_28
                0x000000000000057a                __vector_1
                0x000000000000057a                __vector_32
                0x000000000000057a                __vector_34
                0x000000000000057a                __vector_24
                0x000000000000057a                __bad_interrupt
                0x000000000000057a                __vector_6
                0x000000000000057a                __vector_31
                0x000000000000057a                __vector_35
                0x000000000000057a                __vector_39
                0x000000000000057a                __vector_3
                0x000000000000057a                __vector_23
                0x000000000000057a                __vector_30
                0x000000000000057a                __vector_25
                0x000000000000057a                __vector_13
                0x000000000000057a                __vector_17
                0x000000000000057a                __vector_19
                0x000000000000057a                __vector_7
                0x000000000000057a                __vector_41
                0x000000000000057a                __vector_27
                0x000000000000057a                __vector_5
                0x000000000000057a                __vector_33
                0x000000000000057a                __vector_37
                0x000000000000057a                __vector_4
                0x000000000000057a                __vector_9
                0x000000000000057a                __vector_2
                0x000000000000057a                __vector_15
                0x000000000000057a                __vector_36
                0x000000000000057a                __vector_29
                0x000000000000057a                __vector_40
                0x000000000000057a                __vector_8
                0x000000000000057a                __vector_26
                0x000000000000057a                __vector_14
                0x000000000000057a                __vector_16
                0x000000000000057a                __vector_18
                0x000000000000057a                __vector_20
                0x000000000000057a                __vector_42
                0x000000000000057e                . = ALIGN (0x2)
 *(.text.*)
 .text.action_get_macro
                0x000000000000057e        0x6 .build/obj_3key_LohseBoi/keyboards/3key/keymaps/LohseBoi/keymap.o
                0x000000000000057e                action_get_macro
 .text.matrix_init_user
                0x0000000000000584        0x2 .build/obj_3key_LohseBoi/keyboards/3key/keymaps/LohseBoi/keymap.o
                0x0000000000000584                matrix_init_user
 .text.matrix_scan_user
                0x0000000000000586       0xce .build/obj_3key_LohseBoi/keyboards/3key/keymaps/LohseBoi/keymap.o
                0x0000000000000586                matrix_scan_user
 .text.process_record_user
                0x0000000000000654      0x116 .build/obj_3key_LohseBoi/keyboards/3key/keymaps/LohseBoi/keymap.o
                0x0000000000000654                process_record_user
 .text.process_action_kb
                0x000000000000076a        0x4 .build/obj_3key_LohseBoi/quantum/quantum.o
                0x000000000000076a                process_action_kb
 .text.process_record_kb
                0x000000000000076e        0x4 .build/obj_3key_LohseBoi/quantum/quantum.o
                0x000000000000076e                process_record_kb
 .text.post_process_record_user
                0x0000000000000772        0x2 .build/obj_3key_LohseBoi/quantum/quantum.o
                0x0000000000000772                post_process_record_user
 .text.post_process_record_kb
                0x0000000000000774        0x4 .build/obj_3key_LohseBoi/quantum/quantum.o
                0x0000000000000774                post_process_record_kb
 .text.get_event_keycode
                0x0000000000000778       0x66 .build/obj_3key_LohseBoi/quantum/quantum.o
                0x0000000000000778                get_event_keycode
 .text.get_record_keycode
                0x00000000000007de       0x12 .build/obj_3key_LohseBoi/quantum/quantum.o
                0x00000000000007de                get_record_keycode
 .text.pre_process_record_quantum
                0x00000000000007f0        0x4 .build/obj_3key_LohseBoi/quantum/quantum.o
                0x00000000000007f0                pre_process_record_quantum
 .text.post_process_record_quantum
                0x00000000000007f4       0x1a .build/obj_3key_LohseBoi/quantum/quantum.o
                0x00000000000007f4                post_process_record_quantum
 .text.matrix_init_quantum
                0x000000000000080e       0x10 .build/obj_3key_LohseBoi/quantum/quantum.o
                0x000000000000080e                matrix_init_quantum
 .text.matrix_scan_quantum
                0x000000000000081e        0x4 .build/obj_3key_LohseBoi/quantum/quantum.o
                0x000000000000081e                matrix_scan_quantum
 .text.shutdown_user
                0x0000000000000822        0x2 .build/obj_3key_LohseBoi/quantum/quantum.o
                0x0000000000000822                shutdown_user
 .text.reset_keyboard
                0x0000000000000824       0x1e .build/obj_3key_LohseBoi/quantum/quantum.o
                0x0000000000000824                reset_keyboard
 .text.process_record_quantum
                0x0000000000000842       0xbe .build/obj_3key_LohseBoi/quantum/quantum.o
                0x0000000000000842                process_record_quantum
 .text.send_char
                0x0000000000000900       0xcc .build/obj_3key_LohseBoi/quantum/send_string.o
                0x0000000000000900                send_char
 .text.send_string_with_delay
                0x00000000000009cc       0xd4 .build/obj_3key_LohseBoi/quantum/send_string.o
                0x00000000000009cc                send_string_with_delay
 .text.send_string
                0x0000000000000aa0        0x6 .build/obj_3key_LohseBoi/quantum/send_string.o
                0x0000000000000aa0                send_string
 .text.led_set_user
                0x0000000000000aa6        0x2 .build/obj_3key_LohseBoi/quantum/led.o
                0x0000000000000aa6                led_set_user
 .text.led_set_kb
                0x0000000000000aa8        0x4 .build/obj_3key_LohseBoi/quantum/led.o
                0x0000000000000aa8                led_set_kb
 .text.led_update_user
                0x0000000000000aac        0x4 .build/obj_3key_LohseBoi/quantum/led.o
                0x0000000000000aac                led_update_user
 .text.led_update_kb
                0x0000000000000ab0        0x4 .build/obj_3key_LohseBoi/quantum/led.o
                0x0000000000000ab0                led_update_kb
 .text.led_init_ports
                0x0000000000000ab4        0x2 .build/obj_3key_LohseBoi/quantum/led.o
                0x0000000000000ab4                led_init_ports
 .text.led_set  0x0000000000000ab6       0x10 .build/obj_3key_LohseBoi/quantum/led.o
                0x0000000000000ab6                led_set
 .text.action_exec
                0x0000000000000ac6       0x8a .build/obj_3key_LohseBoi/quantum/action.o
                0x0000000000000ac6                action_exec
 .text.process_record_tap_hint
                0x0000000000000b50        0xa .build/obj_3key_LohseBoi/quantum/action.o
                0x0000000000000b50                process_record_tap_hint
 .text.register_code
                0x0000000000000b5a      0x122 .build/obj_3key_LohseBoi/quantum/action.o
                0x0000000000000b5a                register_code
 .text.unregister_code
                0x0000000000000c7c       0xac .build/obj_3key_LohseBoi/quantum/action.o
                0x0000000000000c7c                unregister_code
 .text.tap_code_delay
                0x0000000000000d28       0x2e .build/obj_3key_LohseBoi/quantum/action.o
                0x0000000000000d28                tap_code_delay
 .text.tap_code
                0x0000000000000d56       0x10 .build/obj_3key_LohseBoi/quantum/action.o
                0x0000000000000d56                tap_code
 .text.register_mods
                0x0000000000000d66        0xe .build/obj_3key_LohseBoi/quantum/action.o
                0x0000000000000d66                register_mods
 .text.unregister_mods
                0x0000000000000d74        0xe .build/obj_3key_LohseBoi/quantum/action.o
                0x0000000000000d74                unregister_mods
 .text.process_action
                0x0000000000000d82      0x4ac .build/obj_3key_LohseBoi/quantum/action.o
                0x0000000000000d82                process_action
 .text.process_record_handler
                0x000000000000122e       0x2e .build/obj_3key_LohseBoi/quantum/action.o
                0x000000000000122e                process_record_handler
 .text.process_record
                0x000000000000125c       0x50 .build/obj_3key_LohseBoi/quantum/action.o
                0x000000000000125c                process_record
 .text.clear_keyboard_but_mods_and_keys
                0x00000000000012ac       0x24 .build/obj_3key_LohseBoi/quantum/action.o
                0x00000000000012ac                clear_keyboard_but_mods_and_keys
 .text.clear_keyboard_but_mods
                0x00000000000012d0        0x8 .build/obj_3key_LohseBoi/quantum/action.o
                0x00000000000012d0                clear_keyboard_but_mods
 .text.clear_keyboard
                0x00000000000012d8        0x8 .build/obj_3key_LohseBoi/quantum/action.o
                0x00000000000012d8                clear_keyboard
 .text.is_tap_action
                0x00000000000012e0       0x52 .build/obj_3key_LohseBoi/quantum/action.o
                0x00000000000012e0                is_tap_action
 .text.is_tap_record
                0x0000000000001332        0xe .build/obj_3key_LohseBoi/quantum/action.o
                0x0000000000001332                is_tap_record
 .text.debug_event
                0x0000000000001340       0x1e .build/obj_3key_LohseBoi/quantum/action.o
                0x0000000000001340                debug_event
 .text.debug_record
                0x000000000000135e       0x20 .build/obj_3key_LohseBoi/quantum/action.o
                0x000000000000135e                debug_record
 .text.default_layer_state_set_user
                0x000000000000137e        0x2 .build/obj_3key_LohseBoi/quantum/action_layer.o
                0x000000000000137e                default_layer_state_set_user
 .text.default_layer_state_set_kb
                0x0000000000001380        0x4 .build/obj_3key_LohseBoi/quantum/action_layer.o
                0x0000000000001380                default_layer_state_set_kb
 .text.default_layer_state_set
                0x0000000000001384       0x18 .build/obj_3key_LohseBoi/quantum/action_layer.o
 .text.default_layer_debug
                0x000000000000139c        0x2 .build/obj_3key_LohseBoi/quantum/action_layer.o
                0x000000000000139c                default_layer_debug
 .text.default_layer_set
                0x000000000000139e        0x4 .build/obj_3key_LohseBoi/quantum/action_layer.o
                0x000000000000139e                default_layer_set
 .text.default_layer_or
                0x00000000000013a2       0x50 .build/obj_3key_LohseBoi/quantum/action_layer.o
                0x00000000000013a2                default_layer_or
 .text.default_layer_and
                0x00000000000013f2       0x50 .build/obj_3key_LohseBoi/quantum/action_layer.o
                0x00000000000013f2                default_layer_and
 .text.default_layer_xor
                0x0000000000001442       0x50 .build/obj_3key_LohseBoi/quantum/action_layer.o
                0x0000000000001442                default_layer_xor
 .text.layer_state_set_user
                0x0000000000001492        0x4 .build/obj_3key_LohseBoi/quantum/action_layer.o
                0x0000000000001492                layer_state_set_user
 .text.layer_state_set_kb
                0x0000000000001496        0x4 .build/obj_3key_LohseBoi/quantum/action_layer.o
                0x0000000000001496                layer_state_set_kb
 .text.layer_state_set
                0x000000000000149a       0x18 .build/obj_3key_LohseBoi/quantum/action_layer.o
                0x000000000000149a                layer_state_set
 .text.layer_clear
                0x00000000000014b2        0xa .build/obj_3key_LohseBoi/quantum/action_layer.o
                0x00000000000014b2                layer_clear
 .text.layer_move
                0x00000000000014bc       0x4a .build/obj_3key_LohseBoi/quantum/action_layer.o
                0x00000000000014bc                layer_move
 .text.layer_on
                0x0000000000001506       0x62 .build/obj_3key_LohseBoi/quantum/action_layer.o
                0x0000000000001506                layer_on
 .text.layer_off
                0x0000000000001568       0x6a .build/obj_3key_LohseBoi/quantum/action_layer.o
                0x0000000000001568                layer_off
 .text.layer_invert
                0x00000000000015d2       0x62 .build/obj_3key_LohseBoi/quantum/action_layer.o
                0x00000000000015d2                layer_invert
 .text.layer_or
                0x0000000000001634       0x50 .build/obj_3key_LohseBoi/quantum/action_layer.o
                0x0000000000001634                layer_or
 .text.layer_and
                0x0000000000001684       0x50 .build/obj_3key_LohseBoi/quantum/action_layer.o
                0x0000000000001684                layer_and
 .text.layer_xor
                0x00000000000016d4       0x50 .build/obj_3key_LohseBoi/quantum/action_layer.o
                0x00000000000016d4                layer_xor
 .text.layer_debug
                0x0000000000001724        0x2 .build/obj_3key_LohseBoi/quantum/action_layer.o
                0x0000000000001724                layer_debug
 .text.update_source_layers_cache
                0x0000000000001726       0x5a .build/obj_3key_LohseBoi/quantum/action_layer.o
                0x0000000000001726                update_source_layers_cache
 .text.read_source_layers_cache
                0x0000000000001780       0x50 .build/obj_3key_LohseBoi/quantum/action_layer.o
                0x0000000000001780                read_source_layers_cache
 .text.layer_switch_get_layer
                0x00000000000017d0       0x84 .build/obj_3key_LohseBoi/quantum/action_layer.o
                0x00000000000017d0                layer_switch_get_layer
 .text.layer_switch_get_action
                0x0000000000001854       0x18 .build/obj_3key_LohseBoi/quantum/action_layer.o
                0x0000000000001854                layer_switch_get_action
 .text.store_or_get_action
                0x000000000000186c       0x54 .build/obj_3key_LohseBoi/quantum/action_layer.o
                0x000000000000186c                store_or_get_action
 .text.action_macro_play
                0x00000000000018c0       0xfc .build/obj_3key_LohseBoi/quantum/action_macro.o
                0x00000000000018c0                action_macro_play
 .text.debug_waiting_buffer
                0x00000000000019bc       0x42 .build/obj_3key_LohseBoi/quantum/action_tapping.o
 .text.debug_tapping_key
                0x00000000000019fe       0x1c .build/obj_3key_LohseBoi/quantum/action_tapping.o
 .text.waiting_buffer_scan_tap
                0x0000000000001a1a       0xac .build/obj_3key_LohseBoi/quantum/action_tapping.o
 .text.process_tapping
                0x0000000000001ac6      0x31e .build/obj_3key_LohseBoi/quantum/action_tapping.o
 .text.action_tapping_process
                0x0000000000001de4      0x134 .build/obj_3key_LohseBoi/quantum/action_tapping.o
                0x0000000000001de4                action_tapping_process
 .text.add_key  0x0000000000001f18        0xe .build/obj_3key_LohseBoi/quantum/action_util.o
                0x0000000000001f18                add_key
 .text.del_key  0x0000000000001f26        0xe .build/obj_3key_LohseBoi/quantum/action_util.o
                0x0000000000001f26                del_key
 .text.clear_keys
                0x0000000000001f34        0xc .build/obj_3key_LohseBoi/quantum/action_util.o
                0x0000000000001f34                clear_keys
 .text.get_oneshot_layer
                0x0000000000001f40        0xc .build/obj_3key_LohseBoi/quantum/action_util.o
                0x0000000000001f40                get_oneshot_layer
 .text.get_oneshot_layer_state
                0x0000000000001f4c        0x8 .build/obj_3key_LohseBoi/quantum/action_util.o
                0x0000000000001f4c                get_oneshot_layer_state
 .text.is_oneshot_layer_active
                0x0000000000001f54        0xe .build/obj_3key_LohseBoi/quantum/action_util.o
                0x0000000000001f54                is_oneshot_layer_active
 .text.oneshot_set
                0x0000000000001f62       0x24 .build/obj_3key_LohseBoi/quantum/action_util.o
                0x0000000000001f62                oneshot_set
 .text.oneshot_toggle
                0x0000000000001f86       0x12 .build/obj_3key_LohseBoi/quantum/action_util.o
                0x0000000000001f86                oneshot_toggle
 .text.oneshot_enable
                0x0000000000001f98        0x6 .build/obj_3key_LohseBoi/quantum/action_util.o
                0x0000000000001f98                oneshot_enable
 .text.oneshot_disable
                0x0000000000001f9e        0x6 .build/obj_3key_LohseBoi/quantum/action_util.o
                0x0000000000001f9e                oneshot_disable
 .text.get_mods
                0x0000000000001fa4        0x6 .build/obj_3key_LohseBoi/quantum/action_util.o
                0x0000000000001fa4                get_mods
 .text.add_mods
                0x0000000000001faa        0xc .build/obj_3key_LohseBoi/quantum/action_util.o
                0x0000000000001faa                add_mods
 .text.del_mods
                0x0000000000001fb6       0x10 .build/obj_3key_LohseBoi/quantum/action_util.o
                0x0000000000001fb6                del_mods
 .text.clear_mods
                0x0000000000001fc6        0x6 .build/obj_3key_LohseBoi/quantum/action_util.o
                0x0000000000001fc6                clear_mods
 .text.add_weak_mods
                0x0000000000001fcc        0xc .build/obj_3key_LohseBoi/quantum/action_util.o
                0x0000000000001fcc                add_weak_mods
 .text.del_weak_mods
                0x0000000000001fd8       0x10 .build/obj_3key_LohseBoi/quantum/action_util.o
                0x0000000000001fd8                del_weak_mods
 .text.clear_weak_mods
                0x0000000000001fe8        0x6 .build/obj_3key_LohseBoi/quantum/action_util.o
                0x0000000000001fe8                clear_weak_mods
 .text.add_macro_mods
                0x0000000000001fee        0xc .build/obj_3key_LohseBoi/quantum/action_util.o
                0x0000000000001fee                add_macro_mods
 .text.del_macro_mods
                0x0000000000001ffa       0x10 .build/obj_3key_LohseBoi/quantum/action_util.o
                0x0000000000001ffa                del_macro_mods
 .text.clear_macro_mods
                0x000000000000200a        0x6 .build/obj_3key_LohseBoi/quantum/action_util.o
                0x000000000000200a                clear_macro_mods
 .text.get_oneshot_mods
                0x0000000000002010        0x6 .build/obj_3key_LohseBoi/quantum/action_util.o
                0x0000000000002010                get_oneshot_mods
 .text.oneshot_mods_changed_user
                0x0000000000002016        0x2 .build/obj_3key_LohseBoi/quantum/action_util.o
                0x0000000000002016                oneshot_mods_changed_user
 .text.oneshot_mods_changed_kb
                0x0000000000002018        0x4 .build/obj_3key_LohseBoi/quantum/action_util.o
                0x0000000000002018                oneshot_mods_changed_kb
 .text.set_oneshot_mods
                0x000000000000201c       0x1a .build/obj_3key_LohseBoi/quantum/action_util.o
                0x000000000000201c                set_oneshot_mods
 .text.clear_oneshot_mods
                0x0000000000002036       0x14 .build/obj_3key_LohseBoi/quantum/action_util.o
                0x0000000000002036                clear_oneshot_mods
 .text.send_keyboard_report
                0x000000000000204a       0x66 .build/obj_3key_LohseBoi/quantum/action_util.o
                0x000000000000204a                send_keyboard_report
 .text.oneshot_layer_changed_user
                0x00000000000020b0        0x2 .build/obj_3key_LohseBoi/quantum/action_util.o
                0x00000000000020b0                oneshot_layer_changed_user
 .text.oneshot_layer_changed_kb
                0x00000000000020b2        0x4 .build/obj_3key_LohseBoi/quantum/action_util.o
                0x00000000000020b2                oneshot_layer_changed_kb
 .text.set_oneshot_layer
                0x00000000000020b6       0x2c .build/obj_3key_LohseBoi/quantum/action_util.o
                0x00000000000020b6                set_oneshot_layer
 .text.reset_oneshot_layer
                0x00000000000020e2        0xa .build/obj_3key_LohseBoi/quantum/action_util.o
                0x00000000000020e2                reset_oneshot_layer
 .text.clear_oneshot_layer_state
                0x00000000000020ec       0x38 .build/obj_3key_LohseBoi/quantum/action_util.o
                0x00000000000020ec                clear_oneshot_layer_state
 .text.eeconfig_disable
                0x0000000000002124        0xc .build/obj_3key_LohseBoi/quantum/eeconfig.o
                0x0000000000002124                eeconfig_disable
 .text.eeconfig_is_enabled
                0x0000000000002130       0x16 .build/obj_3key_LohseBoi/quantum/eeconfig.o
                0x0000000000002130                eeconfig_is_enabled
 .text.eeconfig_read_debug
                0x0000000000002146        0x8 .build/obj_3key_LohseBoi/quantum/eeconfig.o
                0x0000000000002146                eeconfig_read_debug
 .text.eeconfig_read_default_layer
                0x000000000000214e        0x8 .build/obj_3key_LohseBoi/quantum/eeconfig.o
                0x000000000000214e                eeconfig_read_default_layer
 .text.eeconfig_read_keymap
                0x0000000000002156       0x1c .build/obj_3key_LohseBoi/quantum/eeconfig.o
                0x0000000000002156                eeconfig_read_keymap
 .text.eeconfig_update_keymap
                0x0000000000002172       0x1a .build/obj_3key_LohseBoi/quantum/eeconfig.o
                0x0000000000002172                eeconfig_update_keymap
 .text.eeconfig_update_kb
                0x000000000000218c        0xc .build/obj_3key_LohseBoi/quantum/eeconfig.o
                0x000000000000218c                eeconfig_update_kb
 .text.eeconfig_update_user
                0x0000000000002198        0xc .build/obj_3key_LohseBoi/quantum/eeconfig.o
                0x0000000000002198                eeconfig_update_user
 .text.eeconfig_init_user
                0x00000000000021a4        0xa .build/obj_3key_LohseBoi/quantum/eeconfig.o
                0x00000000000021a4                eeconfig_init_user
 .text.eeconfig_init_kb
                0x00000000000021ae        0xe .build/obj_3key_LohseBoi/quantum/eeconfig.o
                0x00000000000021ae                eeconfig_init_kb
 .text.eeconfig_init_quantum
                0x00000000000021bc       0xbe .build/obj_3key_LohseBoi/quantum/eeconfig.o
                0x00000000000021bc                eeconfig_init_quantum
 .text.eeconfig_init
                0x000000000000227a        0x4 .build/obj_3key_LohseBoi/quantum/eeconfig.o
                0x000000000000227a                eeconfig_init
 .text.eeconfig_update_handedness
                0x000000000000227e        0xa .build/obj_3key_LohseBoi/quantum/eeconfig.o
                0x000000000000227e                eeconfig_update_handedness
 .text.last_matrix_activity_trigger
                0x0000000000002288       0x26 .build/obj_3key_LohseBoi/quantum/keyboard.o
                0x0000000000002288                last_matrix_activity_trigger
 .text.disable_jtag
                0x00000000000022ae        0xe .build/obj_3key_LohseBoi/quantum/keyboard.o
                0x00000000000022ae                disable_jtag
 .text.keyboard_pre_init_user
                0x00000000000022bc        0x2 .build/obj_3key_LohseBoi/quantum/keyboard.o
                0x00000000000022bc                keyboard_pre_init_user
 .text.matrix_setup
                0x00000000000022be        0x2 .build/obj_3key_LohseBoi/quantum/keyboard.o
                0x00000000000022be                matrix_setup
 .text.keyboard_pre_init_kb
                0x00000000000022c0        0x4 .build/obj_3key_LohseBoi/quantum/keyboard.o
                0x00000000000022c0                keyboard_pre_init_kb
 .text.keyboard_post_init_user
                0x00000000000022c4        0x2 .build/obj_3key_LohseBoi/quantum/keyboard.o
                0x00000000000022c4                keyboard_post_init_user
 .text.keyboard_post_init_kb
                0x00000000000022c6        0x4 .build/obj_3key_LohseBoi/quantum/keyboard.o
                0x00000000000022c6                keyboard_post_init_kb
 .text.keyboard_setup
                0x00000000000022ca       0x14 .build/obj_3key_LohseBoi/quantum/keyboard.o
                0x00000000000022ca                keyboard_setup
 .text.is_keyboard_master
                0x00000000000022de        0x4 .build/obj_3key_LohseBoi/quantum/keyboard.o
                0x00000000000022de                is_keyboard_master
 .text.should_process_keypress
                0x00000000000022e2        0x4 .build/obj_3key_LohseBoi/quantum/keyboard.o
                0x00000000000022e2                should_process_keypress
 .text.housekeeping_task_kb
                0x00000000000022e6        0x2 .build/obj_3key_LohseBoi/quantum/keyboard.o
                0x00000000000022e6                housekeeping_task_kb
 .text.housekeeping_task_user
                0x00000000000022e8        0x2 .build/obj_3key_LohseBoi/quantum/keyboard.o
                0x00000000000022e8                housekeeping_task_user
 .text.housekeeping_task
                0x00000000000022ea        0x8 .build/obj_3key_LohseBoi/quantum/keyboard.o
                0x00000000000022ea                housekeeping_task
 .text.keyboard_init
                0x00000000000022f2       0x14 .build/obj_3key_LohseBoi/quantum/keyboard.o
                0x00000000000022f2                keyboard_init
 .text.keyboard_task
                0x0000000000002306      0x108 .build/obj_3key_LohseBoi/quantum/keyboard.o
                0x0000000000002306                keyboard_task
 .text.action_function
                0x000000000000240e        0x2 .build/obj_3key_LohseBoi/quantum/keymap_common.o
                0x000000000000240e                action_function
 .text.keymap_key_to_keycode
                0x0000000000002410       0x26 .build/obj_3key_LohseBoi/quantum/keymap_common.o
                0x0000000000002410                keymap_key_to_keycode
 .text.keymap_function_id_to_action
                0x0000000000002436       0x10 .build/obj_3key_LohseBoi/quantum/keymap_common.o
                0x0000000000002436                keymap_function_id_to_action
 .text.action_for_keycode
                0x0000000000002446      0x224 .build/obj_3key_LohseBoi/quantum/keymap_common.o
                0x0000000000002446                action_for_keycode
 .text.action_for_key
                0x000000000000266a        0x8 .build/obj_3key_LohseBoi/quantum/keymap_common.o
                0x000000000000266a                action_for_key
 .text.keycode_config
                0x0000000000002672      0x130 .build/obj_3key_LohseBoi/quantum/keycode_config.o
                0x0000000000002672                keycode_config
 .text.mod_config
                0x00000000000027a2       0x86 .build/obj_3key_LohseBoi/quantum/keycode_config.o
                0x00000000000027a2                mod_config
 .text.sendchar
                0x0000000000002828        0x4 .build/obj_3key_LohseBoi/quantum/logging/sendchar.o
                0x0000000000002828                sendchar
 .text.bootmagic_lite_reset_eeprom
                0x000000000000282c        0x4 .build/obj_3key_LohseBoi/quantum/bootmagic/bootmagic_lite.o
                0x000000000000282c                bootmagic_lite_reset_eeprom
 .text.bootmagic_lite
                0x0000000000002830       0x2e .build/obj_3key_LohseBoi/quantum/bootmagic/bootmagic_lite.o
                0x0000000000002830                bootmagic_lite
 .text.bootmagic
                0x000000000000285e        0x4 .build/obj_3key_LohseBoi/quantum/bootmagic/bootmagic_lite.o
                0x000000000000285e                bootmagic
 .text.magic    0x0000000000002862       0x70 .build/obj_3key_LohseBoi/quantum/bootmagic/magic.o
                0x0000000000002862                magic
 .text.matrix_init_kb
                0x00000000000028d2        0x4 .build/obj_3key_LohseBoi/quantum/matrix_common.o
                0x00000000000028d2                matrix_init_kb
 .text.matrix_scan_kb
                0x00000000000028d6        0x4 .build/obj_3key_LohseBoi/quantum/matrix_common.o
                0x00000000000028d6                matrix_scan_kb
 .text.matrix_get_row
                0x00000000000028da        0xc .build/obj_3key_LohseBoi/quantum/matrix_common.o
                0x00000000000028da                matrix_get_row
 .text.matrix_print
                0x00000000000028e6        0x2 .build/obj_3key_LohseBoi/quantum/matrix_common.o
                0x00000000000028e6                matrix_print
 .text.matrix_io_delay
                0x00000000000028e8        0x8 .build/obj_3key_LohseBoi/quantum/matrix_common.o
                0x00000000000028e8                matrix_io_delay
 .text.matrix_output_select_delay
                0x00000000000028f0        0x4 .build/obj_3key_LohseBoi/quantum/matrix_common.o
                0x00000000000028f0                matrix_output_select_delay
 .text.matrix_output_unselect_delay
                0x00000000000028f4        0x4 .build/obj_3key_LohseBoi/quantum/matrix_common.o
                0x00000000000028f4                matrix_output_unselect_delay
 .text.setPinInputHigh_atomic
                0x00000000000028f8       0x32 .build/obj_3key_LohseBoi/quantum/matrix.o
 .text.matrix_init_pins
                0x000000000000292a       0x18 .build/obj_3key_LohseBoi/quantum/matrix.o
                0x000000000000292a                matrix_init_pins
 .text.matrix_read_rows_on_col
                0x0000000000002942       0xa6 .build/obj_3key_LohseBoi/quantum/matrix.o
                0x0000000000002942                matrix_read_rows_on_col
 .text.matrix_init
                0x00000000000029e8       0x16 .build/obj_3key_LohseBoi/quantum/matrix.o
                0x00000000000029e8                matrix_init
 .text.matrix_scan
                0x00000000000029fe       0x60 .build/obj_3key_LohseBoi/quantum/matrix.o
                0x00000000000029fe                matrix_scan
 .text.debounce_init
                0x0000000000002a5e        0x2 .build/obj_3key_LohseBoi/quantum/debounce/sym_defer_g.o
                0x0000000000002a5e                debounce_init
 .text.debounce
                0x0000000000002a60       0x6c .build/obj_3key_LohseBoi/quantum/debounce/sym_defer_g.o
                0x0000000000002a60                debounce
 .text.startup.main
                0x0000000000002acc       0x16 .build/obj_3key_LohseBoi/quantum/main.o
                0x0000000000002acc                main
 .text.move_unit
                0x0000000000002ae2       0x94 .build/obj_3key_LohseBoi/quantum/mousekey.o
 .text.wheel_unit
                0x0000000000002b76       0x72 .build/obj_3key_LohseBoi/quantum/mousekey.o
 .text.mousekey_on
                0x0000000000002be8       0x92 .build/obj_3key_LohseBoi/quantum/mousekey.o
                0x0000000000002be8                mousekey_on
 .text.mousekey_off
                0x0000000000002c7a       0xf2 .build/obj_3key_LohseBoi/quantum/mousekey.o
                0x0000000000002c7a                mousekey_off
 .text.mousekey_send
                0x0000000000002d6c       0x34 .build/obj_3key_LohseBoi/quantum/mousekey.o
                0x0000000000002d6c                mousekey_send
 .text.mousekey_task
                0x0000000000002da0      0x222 .build/obj_3key_LohseBoi/quantum/mousekey.o
                0x0000000000002da0                mousekey_task
 .text.mousekey_clear
                0x0000000000002fc2       0x1c .build/obj_3key_LohseBoi/quantum/mousekey.o
                0x0000000000002fc2                mousekey_clear
 .text.hsv_to_rgb_impl
                0x0000000000002fde      0x146 .build/obj_3key_LohseBoi/quantum/color.o
                0x0000000000002fde                hsv_to_rgb_impl
 .text.hsv_to_rgb
                0x0000000000003124        0x6 .build/obj_3key_LohseBoi/quantum/color.o
                0x0000000000003124                hsv_to_rgb
 .text.rgblight_effect_dummy
                0x000000000000312a        0x2 .build/obj_3key_LohseBoi/quantum/rgblight/rgblight.o
 .text.rgblight_hsv_to_rgb
                0x000000000000312c        0x4 .build/obj_3key_LohseBoi/quantum/rgblight/rgblight.o
                0x000000000000312c                rgblight_hsv_to_rgb
 .text.sethsv_raw
                0x0000000000003130       0x1e .build/obj_3key_LohseBoi/quantum/rgblight/rgblight.o
                0x0000000000003130                sethsv_raw
 .text.rgblight_check_config
                0x000000000000314e       0x1e .build/obj_3key_LohseBoi/quantum/rgblight/rgblight.o
                0x000000000000314e                rgblight_check_config
 .text.eeconfig_read_rgblight
                0x000000000000316c        0x8 .build/obj_3key_LohseBoi/quantum/rgblight/rgblight.o
                0x000000000000316c                eeconfig_read_rgblight
 .text.eeconfig_update_rgblight
                0x0000000000003174       0x28 .build/obj_3key_LohseBoi/quantum/rgblight/rgblight.o
                0x0000000000003174                eeconfig_update_rgblight
 .text.eeconfig_update_rgblight_default
                0x000000000000319c       0x20 .build/obj_3key_LohseBoi/quantum/rgblight/rgblight.o
                0x000000000000319c                eeconfig_update_rgblight_default
 .text.rgblight_get_mode
                0x00000000000031bc       0x10 .build/obj_3key_LohseBoi/quantum/rgblight/rgblight.o
                0x00000000000031bc                rgblight_get_mode
 .text.rgblight_increase_speed_helper
                0x00000000000031cc       0x58 .build/obj_3key_LohseBoi/quantum/rgblight/rgblight.o
                0x00000000000031cc                rgblight_increase_speed_helper
 .text.rgblight_increase_speed
                0x0000000000003224        0x6 .build/obj_3key_LohseBoi/quantum/rgblight/rgblight.o
                0x0000000000003224                rgblight_increase_speed
 .text.rgblight_decrease_speed_helper
                0x000000000000322a       0x58 .build/obj_3key_LohseBoi/quantum/rgblight/rgblight.o
                0x000000000000322a                rgblight_decrease_speed_helper
 .text.rgblight_decrease_speed
                0x0000000000003282        0x6 .build/obj_3key_LohseBoi/quantum/rgblight/rgblight.o
                0x0000000000003282                rgblight_decrease_speed
 .text.rgblight_get_layer_state
                0x0000000000003288       0x1a .build/obj_3key_LohseBoi/quantum/rgblight/rgblight.o
                0x0000000000003288                rgblight_get_layer_state
 .text.rgblight_call_driver
                0x00000000000032a2        0x6 .build/obj_3key_LohseBoi/quantum/rgblight/rgblight.o
                0x00000000000032a2                rgblight_call_driver
 .text.rgblight_set
                0x00000000000032a8      0x130 .build/obj_3key_LohseBoi/quantum/rgblight/rgblight.o
                0x00000000000032a8                rgblight_set
 .text.rgblight_setrgb
                0x00000000000033d8       0x32 .build/obj_3key_LohseBoi/quantum/rgblight/rgblight.o
                0x00000000000033d8                rgblight_setrgb
 .text.rgblight_sethsv_noeeprom_old
                0x000000000000340a       0x3e .build/obj_3key_LohseBoi/quantum/rgblight/rgblight.o
                0x000000000000340a                rgblight_sethsv_noeeprom_old
 .text.rgblight_effect_breathing
                0x0000000000003448       0x28 .build/obj_3key_LohseBoi/quantum/rgblight/rgblight.o
                0x0000000000003448                rgblight_effect_breathing
 .text.rgblight_effect_rainbow_mood
                0x0000000000003470       0x20 .build/obj_3key_LohseBoi/quantum/rgblight/rgblight.o
                0x0000000000003470                rgblight_effect_rainbow_mood
 .text.rgblight_effect_rgbtest
                0x0000000000003490       0x80 .build/obj_3key_LohseBoi/quantum/rgblight/rgblight.o
                0x0000000000003490                rgblight_effect_rgbtest
 .text.rgblight_sethsv_eeprom_helper
                0x0000000000003510      0x158 .build/obj_3key_LohseBoi/quantum/rgblight/rgblight.o
                0x0000000000003510                rgblight_sethsv_eeprom_helper
 .text.rgblight_increase_hue_helper
                0x0000000000003668       0x12 .build/obj_3key_LohseBoi/quantum/rgblight/rgblight.o
                0x0000000000003668                rgblight_increase_hue_helper
 .text.rgblight_increase_hue
                0x000000000000367a        0x6 .build/obj_3key_LohseBoi/quantum/rgblight/rgblight.o
                0x000000000000367a                rgblight_increase_hue
 .text.rgblight_decrease_hue_helper
                0x0000000000003680       0x12 .build/obj_3key_LohseBoi/quantum/rgblight/rgblight.o
                0x0000000000003680                rgblight_decrease_hue_helper
 .text.rgblight_decrease_hue
                0x0000000000003692        0x6 .build/obj_3key_LohseBoi/quantum/rgblight/rgblight.o
                0x0000000000003692                rgblight_decrease_hue
 .text.rgblight_increase_sat_helper
                0x0000000000003698       0x18 .build/obj_3key_LohseBoi/quantum/rgblight/rgblight.o
                0x0000000000003698                rgblight_increase_sat_helper
 .text.rgblight_increase_sat
                0x00000000000036b0        0x6 .build/obj_3key_LohseBoi/quantum/rgblight/rgblight.o
                0x00000000000036b0                rgblight_increase_sat
 .text.rgblight_decrease_sat_helper
                0x00000000000036b6       0x18 .build/obj_3key_LohseBoi/quantum/rgblight/rgblight.o
                0x00000000000036b6                rgblight_decrease_sat_helper
 .text.rgblight_decrease_sat
                0x00000000000036ce        0x6 .build/obj_3key_LohseBoi/quantum/rgblight/rgblight.o
                0x00000000000036ce                rgblight_decrease_sat
 .text.rgblight_increase_val_helper
                0x00000000000036d4       0x18 .build/obj_3key_LohseBoi/quantum/rgblight/rgblight.o
                0x00000000000036d4                rgblight_increase_val_helper
 .text.rgblight_increase_val
                0x00000000000036ec        0x6 .build/obj_3key_LohseBoi/quantum/rgblight/rgblight.o
                0x00000000000036ec                rgblight_increase_val
 .text.rgblight_decrease_val_helper
                0x00000000000036f2       0x18 .build/obj_3key_LohseBoi/quantum/rgblight/rgblight.o
                0x00000000000036f2                rgblight_decrease_val_helper
 .text.rgblight_decrease_val
                0x000000000000370a        0x6 .build/obj_3key_LohseBoi/quantum/rgblight/rgblight.o
                0x000000000000370a                rgblight_decrease_val
 .text.rgblight_sethsv
                0x0000000000003710        0x6 .build/obj_3key_LohseBoi/quantum/rgblight/rgblight.o
                0x0000000000003710                rgblight_sethsv
 .text.rgblight_sethsv_noeeprom
                0x0000000000003716        0x6 .build/obj_3key_LohseBoi/quantum/rgblight/rgblight.o
                0x0000000000003716                rgblight_sethsv_noeeprom
 .text.rgblight_effect_rainbow_swirl
                0x000000000000371c       0x76 .build/obj_3key_LohseBoi/quantum/rgblight/rgblight.o
                0x000000000000371c                rgblight_effect_rainbow_swirl
 .text.rgblight_effect_snake
                0x0000000000003792       0xe6 .build/obj_3key_LohseBoi/quantum/rgblight/rgblight.o
                0x0000000000003792                rgblight_effect_snake
 .text.rgblight_effect_knight
                0x0000000000003878       0xde .build/obj_3key_LohseBoi/quantum/rgblight/rgblight.o
                0x0000000000003878                rgblight_effect_knight
 .text.rgblight_effect_christmas
                0x0000000000003956      0x14c .build/obj_3key_LohseBoi/quantum/rgblight/rgblight.o
                0x0000000000003956                rgblight_effect_christmas
 .text.rgblight_effect_alternating
                0x0000000000003aa2       0x7a .build/obj_3key_LohseBoi/quantum/rgblight/rgblight.o
                0x0000000000003aa2                rgblight_effect_alternating
 .text.rgblight_disable
                0x0000000000003b1c       0x54 .build/obj_3key_LohseBoi/quantum/rgblight/rgblight.o
                0x0000000000003b1c                rgblight_disable
 .text.rgblight_timer_enable
                0x0000000000003b70       0x2c .build/obj_3key_LohseBoi/quantum/rgblight/rgblight.o
                0x0000000000003b70                rgblight_timer_enable
 .text.rgblight_mode_eeprom_helper
                0x0000000000003b9c       0xaa .build/obj_3key_LohseBoi/quantum/rgblight/rgblight.o
                0x0000000000003b9c                rgblight_mode_eeprom_helper
 .text.rgblight_step_helper
                0x0000000000003c46       0x14 .build/obj_3key_LohseBoi/quantum/rgblight/rgblight.o
                0x0000000000003c46                rgblight_step_helper
 .text.rgblight_step
                0x0000000000003c5a        0x6 .build/obj_3key_LohseBoi/quantum/rgblight/rgblight.o
                0x0000000000003c5a                rgblight_step
 .text.rgblight_step_reverse_helper
                0x0000000000003c60       0x16 .build/obj_3key_LohseBoi/quantum/rgblight/rgblight.o
                0x0000000000003c60                rgblight_step_reverse_helper
 .text.rgblight_step_reverse
                0x0000000000003c76        0x6 .build/obj_3key_LohseBoi/quantum/rgblight/rgblight.o
                0x0000000000003c76                rgblight_step_reverse
 .text.rgblight_mode
                0x0000000000003c7c        0x6 .build/obj_3key_LohseBoi/quantum/rgblight/rgblight.o
                0x0000000000003c7c                rgblight_mode
 .text.rgblight_enable
                0x0000000000003c82       0x10 .build/obj_3key_LohseBoi/quantum/rgblight/rgblight.o
                0x0000000000003c82                rgblight_enable
 .text.rgblight_toggle
                0x0000000000003c92        0xe .build/obj_3key_LohseBoi/quantum/rgblight/rgblight.o
                0x0000000000003c92                rgblight_toggle
 .text.rgblight_mode_noeeprom
                0x0000000000003ca0        0x6 .build/obj_3key_LohseBoi/quantum/rgblight/rgblight.o
                0x0000000000003ca0                rgblight_mode_noeeprom
 .text.rgblight_init
                0x0000000000003ca6       0x66 .build/obj_3key_LohseBoi/quantum/rgblight/rgblight.o
                0x0000000000003ca6                rgblight_init
 .text.rgblight_task
                0x0000000000003d0c      0x130 .build/obj_3key_LohseBoi/quantum/rgblight/rgblight.o
                0x0000000000003d0c                rgblight_task
 .text.handleKeycodeRGB
                0x0000000000003e3c        0xa .build/obj_3key_LohseBoi/quantum/process_keycode/process_rgb.o
 .text.handleKeycodeRGBMode
                0x0000000000003e46       0x2a .build/obj_3key_LohseBoi/quantum/process_keycode/process_rgb.o
 .text.process_rgb
                0x0000000000003e70       0xfa .build/obj_3key_LohseBoi/quantum/process_keycode/process_rgb.o
                0x0000000000003e70                process_rgb
 .text.eeconfig_read_backlight
                0x0000000000003f6a        0x8 .build/obj_3key_LohseBoi/quantum/backlight/backlight.o
                0x0000000000003f6a                eeconfig_read_backlight
 .text.eeconfig_update_backlight
                0x0000000000003f72        0xa .build/obj_3key_LohseBoi/quantum/backlight/backlight.o
                0x0000000000003f72                eeconfig_update_backlight
 .text.eeconfig_update_backlight_default
                0x0000000000003f7c       0x10 .build/obj_3key_LohseBoi/quantum/backlight/backlight.o
                0x0000000000003f7c                eeconfig_update_backlight_default
 .text.backlight_init
                0x0000000000003f8c       0x3c .build/obj_3key_LohseBoi/quantum/backlight/backlight.o
                0x0000000000003f8c                backlight_init
 .text.backlight_increase
                0x0000000000003fc8       0x3c .build/obj_3key_LohseBoi/quantum/backlight/backlight.o
                0x0000000000003fc8                backlight_increase
 .text.backlight_decrease
                0x0000000000004004       0x36 .build/obj_3key_LohseBoi/quantum/backlight/backlight.o
                0x0000000000004004                backlight_decrease
 .text.backlight_enable
                0x000000000000403a       0x30 .build/obj_3key_LohseBoi/quantum/backlight/backlight.o
                0x000000000000403a                backlight_enable
 .text.backlight_disable
                0x000000000000406a       0x1a .build/obj_3key_LohseBoi/quantum/backlight/backlight.o
                0x000000000000406a                backlight_disable
 .text.backlight_toggle
                0x0000000000004084        0xe .build/obj_3key_LohseBoi/quantum/backlight/backlight.o
                0x0000000000004084                backlight_toggle
 .text.backlight_step
                0x0000000000004092       0x4c .build/obj_3key_LohseBoi/quantum/backlight/backlight.o
                0x0000000000004092                backlight_step
 .text.backlight_level_noeeprom
                0x00000000000040de       0x32 .build/obj_3key_LohseBoi/quantum/backlight/backlight.o
                0x00000000000040de                backlight_level_noeeprom
 .text.backlight_level
                0x0000000000004110        0xc .build/obj_3key_LohseBoi/quantum/backlight/backlight.o
                0x0000000000004110                backlight_level
 .text.process_backlight
                0x000000000000411c       0x66 .build/obj_3key_LohseBoi/quantum/process_keycode/process_backlight.o
                0x000000000000411c                process_backlight
 .text.backlight_pins_init
                0x0000000000004182        0x6 .build/obj_3key_LohseBoi/quantum/backlight/backlight_driver_common.o
                0x0000000000004182                backlight_pins_init
 .text.backlight_pins_off
                0x0000000000004188        0x4 .build/obj_3key_LohseBoi/quantum/backlight/backlight_driver_common.o
                0x0000000000004188                backlight_pins_off
 .text.backlight_set
                0x000000000000418c       0xda .build/obj_3key_LohseBoi/quantum/backlight/backlight_avr.o
                0x000000000000418c                backlight_set
 .text.backlight_task
                0x0000000000004266        0x2 .build/obj_3key_LohseBoi/quantum/backlight/backlight_avr.o
                0x0000000000004266                backlight_task
 .text.backlight_init_ports
                0x0000000000004268       0x20 .build/obj_3key_LohseBoi/quantum/backlight/backlight_avr.o
                0x0000000000004268                backlight_init_ports
 .text.ws2812_setleds
                0x0000000000004288       0x5c .build/obj_3key_LohseBoi/ws2812.o
                0x0000000000004288                ws2812_setleds
 .text.perform_space_cadet
                0x00000000000042e4       0xd8 .build/obj_3key_LohseBoi/quantum/process_keycode/process_space_cadet.o
                0x00000000000042e4                perform_space_cadet
 .text.process_space_cadet
                0x00000000000043bc       0xaa .build/obj_3key_LohseBoi/quantum/process_keycode/process_space_cadet.o
                0x00000000000043bc                process_space_cadet
 .text.process_magic
                0x0000000000004466      0x1d2 .build/obj_3key_LohseBoi/quantum/process_keycode/process_magic.o
                0x0000000000004466                process_magic
 .text.process_grave_esc
                0x0000000000004638       0x54 .build/obj_3key_LohseBoi/quantum/process_keycode/process_grave_esc.o
                0x0000000000004638                process_grave_esc
 .text.host_set_driver
                0x000000000000468c        0xa .build/obj_3key_LohseBoi/common/host.o
                0x000000000000468c                host_set_driver
 .text.host_keyboard_leds
                0x0000000000004696       0x18 .build/obj_3key_LohseBoi/common/host.o
                0x0000000000004696                host_keyboard_leds
 .text.host_keyboard_send
                0x00000000000046ae       0x36 .build/obj_3key_LohseBoi/common/host.o
                0x00000000000046ae                host_keyboard_send
 .text.host_mouse_send
                0x00000000000046e4       0x1e .build/obj_3key_LohseBoi/common/host.o
                0x00000000000046e4                host_mouse_send
 .text.host_system_send
                0x0000000000004702       0x2c .build/obj_3key_LohseBoi/common/host.o
                0x0000000000004702                host_system_send
 .text.host_consumer_send
                0x000000000000472e       0x2c .build/obj_3key_LohseBoi/common/host.o
                0x000000000000472e                host_consumer_send
 .text.has_anykey
                0x000000000000475a       0x28 .build/obj_3key_LohseBoi/common/report.o
                0x000000000000475a                has_anykey
 .text.is_key_pressed
                0x0000000000004782       0x64 .build/obj_3key_LohseBoi/common/report.o
                0x0000000000004782                is_key_pressed
 .text.add_key_byte
                0x00000000000047e6       0x34 .build/obj_3key_LohseBoi/common/report.o
                0x00000000000047e6                add_key_byte
 .text.del_key_byte
                0x000000000000481a       0x1e .build/obj_3key_LohseBoi/common/report.o
                0x000000000000481a                del_key_byte
 .text.add_key_bit
                0x0000000000004838       0x28 .build/obj_3key_LohseBoi/common/report.o
                0x0000000000004838                add_key_bit
 .text.del_key_bit
                0x0000000000004860       0x2a .build/obj_3key_LohseBoi/common/report.o
                0x0000000000004860                del_key_bit
 .text.add_key_to_report
                0x000000000000488a       0x16 .build/obj_3key_LohseBoi/common/report.o
                0x000000000000488a                add_key_to_report
 .text.del_key_from_report
                0x00000000000048a0       0x16 .build/obj_3key_LohseBoi/common/report.o
                0x00000000000048a0                del_key_from_report
 .text.clear_keys_from_report
                0x00000000000048b6       0x24 .build/obj_3key_LohseBoi/common/report.o
                0x00000000000048b6                clear_keys_from_report
 .text.platform_setup
                0x00000000000048da        0x2 .build/obj_3key_LohseBoi/common/avr/platform.o
                0x00000000000048da                platform_setup
 .text.matrix_power_up
                0x00000000000048dc        0x2 .build/obj_3key_LohseBoi/common/avr/suspend.o
                0x00000000000048dc                matrix_power_up
 .text.suspend_power_down_user
                0x00000000000048de        0x2 .build/obj_3key_LohseBoi/common/avr/suspend.o
                0x00000000000048de                suspend_power_down_user
 .text.suspend_power_down_kb
                0x00000000000048e0        0x4 .build/obj_3key_LohseBoi/common/avr/suspend.o
                0x00000000000048e0                suspend_power_down_kb
 .text.suspend_power_down
                0x00000000000048e4       0x62 .build/obj_3key_LohseBoi/common/avr/suspend.o
                0x00000000000048e4                suspend_power_down
 .text.matrix_power_down
                0x0000000000004946        0x2 .build/obj_3key_LohseBoi/common/avr/suspend.o
                0x0000000000004946                matrix_power_down
 .text.suspend_wakeup_condition
                0x0000000000004948       0x1e .build/obj_3key_LohseBoi/common/avr/suspend.o
                0x0000000000004948                suspend_wakeup_condition
 .text.suspend_wakeup_init_user
                0x0000000000004966        0x2 .build/obj_3key_LohseBoi/common/avr/suspend.o
                0x0000000000004966                suspend_wakeup_init_user
 .text.suspend_wakeup_init_kb
                0x0000000000004968        0x4 .build/obj_3key_LohseBoi/common/avr/suspend.o
                0x0000000000004968                suspend_wakeup_init_kb
 .text.suspend_wakeup_init
                0x000000000000496c       0x14 .build/obj_3key_LohseBoi/common/avr/suspend.o
                0x000000000000496c                suspend_wakeup_init
 .text.__vector_12
                0x0000000000004980       0x4e .build/obj_3key_LohseBoi/common/avr/suspend.o
                0x0000000000004980                __vector_12
 .text.timer_init
                0x00000000000049ce       0x12 .build/obj_3key_LohseBoi/common/avr/timer.o
                0x00000000000049ce                timer_init
 .text.timer_read
                0x00000000000049e0       0x18 .build/obj_3key_LohseBoi/common/avr/timer.o
                0x00000000000049e0                timer_read
 .text.timer_read32
                0x00000000000049f8       0x40 .build/obj_3key_LohseBoi/common/avr/timer.o
                0x00000000000049f8                timer_read32
 .text.timer_elapsed
                0x0000000000004a38       0x1e .build/obj_3key_LohseBoi/common/avr/timer.o
                0x0000000000004a38                timer_elapsed
 .text.__vector_21
                0x0000000000004a56       0x48 .build/obj_3key_LohseBoi/common/avr/timer.o
                0x0000000000004a56                __vector_21
 .text.bootloader_jump
                0x0000000000004a9e       0x48 .build/obj_3key_LohseBoi/common/avr/bootloader.o
                0x0000000000004a9e                bootloader_jump
 .text.print_set_sendchar
                0x0000000000004ae6        0xa .build/obj_3key_LohseBoi/common/avr/printf.o
                0x0000000000004ae6                print_set_sendchar
 .text.keyboard_leds
                0x0000000000004af0        0x6 .build/obj_3key_LohseBoi/lufa.o
 .text.send_extra
                0x0000000000004af6       0x56 .build/obj_3key_LohseBoi/lufa.o
 .text.send_consumer
                0x0000000000004b4c        0x8 .build/obj_3key_LohseBoi/lufa.o
 .text.send_system
                0x0000000000004b54        0x8 .build/obj_3key_LohseBoi/lufa.o
 .text.send_mouse
                0x0000000000004b5c       0x3e .build/obj_3key_LohseBoi/lufa.o
 .text.send_keyboard
                0x0000000000004b9a       0x86 .build/obj_3key_LohseBoi/lufa.o
 .text.EVENT_USB_Device_Connect
                0x0000000000004c20       0x1c .build/obj_3key_LohseBoi/lufa.o
                0x0000000000004c20                EVENT_USB_Device_Connect
 .text.EVENT_USB_Device_Disconnect
                0x0000000000004c3c        0x6 .build/obj_3key_LohseBoi/lufa.o
                0x0000000000004c3c                EVENT_USB_Device_Disconnect
 .text.EVENT_USB_Device_Reset
                0x0000000000004c42        0x2 .build/obj_3key_LohseBoi/lufa.o
                0x0000000000004c42                EVENT_USB_Device_Reset
 .text.EVENT_USB_Device_Suspend
                0x0000000000004c44        0x2 .build/obj_3key_LohseBoi/lufa.o
                0x0000000000004c44                EVENT_USB_Device_Suspend
 .text.EVENT_USB_Device_WakeUp
                0x0000000000004c46        0x2 .build/obj_3key_LohseBoi/lufa.o
                0x0000000000004c46                EVENT_USB_Device_WakeUp
 .text.EVENT_USB_Device_ConfigurationChanged
                0x0000000000004c48       0x14 .build/obj_3key_LohseBoi/lufa.o
                0x0000000000004c48                EVENT_USB_Device_ConfigurationChanged
 .text.EVENT_USB_Device_ControlRequest
                0x0000000000004c5c      0x16c .build/obj_3key_LohseBoi/lufa.o
                0x0000000000004c5c                EVENT_USB_Device_ControlRequest
 .text.protocol_setup
                0x0000000000004dc8       0x32 .build/obj_3key_LohseBoi/lufa.o
                0x0000000000004dc8                protocol_setup
 .text.protocol_init
                0x0000000000004dfa       0x24 .build/obj_3key_LohseBoi/lufa.o
                0x0000000000004dfa                protocol_init
 .text.protocol_task
                0x0000000000004e1e       0x36 .build/obj_3key_LohseBoi/lufa.o
                0x0000000000004e1e                protocol_task
 .text.CALLBACK_USB_GetDescriptor
                0x0000000000004e54        0x4 .build/obj_3key_LohseBoi/lufa.o
                0x0000000000004e54                CALLBACK_USB_GetDescriptor
 .text.get_usb_descriptor
                0x0000000000004e58       0xb4 .build/obj_3key_LohseBoi/usb_descriptor.o
                0x0000000000004e58                get_usb_descriptor
 .text.USB_Device_SendRemoteWakeup
                0x0000000000004f0c       0x2c .build/obj_3key_LohseBoi/lib/lufa/LUFA/Drivers/USB/Core/AVR8/Device_AVR8.o
                0x0000000000004f0c                USB_Device_SendRemoteWakeup
 .text.Endpoint_Write_Stream_LE
                0x0000000000004f38       0x9e .build/obj_3key_LohseBoi/lib/lufa/LUFA/Drivers/USB/Core/AVR8/EndpointStream_AVR8.o
                0x0000000000004f38                Endpoint_Write_Stream_LE
 .text.Endpoint_Write_Control_Stream_LE
                0x0000000000004fd6       0xb4 .build/obj_3key_LohseBoi/lib/lufa/LUFA/Drivers/USB/Core/AVR8/EndpointStream_AVR8.o
                0x0000000000004fd6                Endpoint_Write_Control_Stream_LE
 .text.Endpoint_Write_Control_PStream_LE
                0x000000000000508a       0xb6 .build/obj_3key_LohseBoi/lib/lufa/LUFA/Drivers/USB/Core/AVR8/EndpointStream_AVR8.o
                0x000000000000508a                Endpoint_Write_Control_PStream_LE
 .text.Endpoint_ConfigureEndpoint_Prv
                0x0000000000005140       0x68 .build/obj_3key_LohseBoi/lib/lufa/LUFA/Drivers/USB/Core/AVR8/Endpoint_AVR8.o
                0x0000000000005140                Endpoint_ConfigureEndpoint_Prv
 .text.Endpoint_ClearStatusStage
                0x00000000000051a8       0x3e .build/obj_3key_LohseBoi/lib/lufa/LUFA/Drivers/USB/Core/AVR8/Endpoint_AVR8.o
                0x00000000000051a8                Endpoint_ClearStatusStage
 .text.Endpoint_WaitUntilReady
                0x00000000000051e6       0x62 .build/obj_3key_LohseBoi/lib/lufa/LUFA/Drivers/USB/Core/AVR8/Endpoint_AVR8.o
                0x00000000000051e6                Endpoint_WaitUntilReady
 .text.USB_Disable
                0x0000000000005248       0x34 .build/obj_3key_LohseBoi/lib/lufa/LUFA/Drivers/USB/Core/AVR8/USBController_AVR8.o
                0x0000000000005248                USB_Disable
 .text.USB_ResetInterface
                0x000000000000527c       0x86 .build/obj_3key_LohseBoi/lib/lufa/LUFA/Drivers/USB/Core/AVR8/USBController_AVR8.o
                0x000000000000527c                USB_ResetInterface
 .text.USB_Init
                0x0000000000005302       0x22 .build/obj_3key_LohseBoi/lib/lufa/LUFA/Drivers/USB/Core/AVR8/USBController_AVR8.o
                0x0000000000005302                USB_Init
 .text.USB_INT_DisableAllInterrupts
                0x0000000000005324       0x10 .build/obj_3key_LohseBoi/lib/lufa/LUFA/Drivers/USB/Core/AVR8/USBInterrupt_AVR8.o
                0x0000000000005324                USB_INT_DisableAllInterrupts
 .text.USB_INT_ClearAllInterrupts
                0x0000000000005334        0xa .build/obj_3key_LohseBoi/lib/lufa/LUFA/Drivers/USB/Core/AVR8/USBInterrupt_AVR8.o
                0x0000000000005334                USB_INT_ClearAllInterrupts
 .text.__vector_10
                0x000000000000533e      0x1a6 .build/obj_3key_LohseBoi/lib/lufa/LUFA/Drivers/USB/Core/AVR8/USBInterrupt_AVR8.o
                0x000000000000533e                __vector_10
 .text.__vector_11
                0x00000000000054e4       0x92 .build/obj_3key_LohseBoi/lib/lufa/LUFA/Drivers/USB/Core/AVR8/USBInterrupt_AVR8.o
                0x00000000000054e4                __vector_11
 .text.USB_Device_ProcessControlRequest
                0x0000000000005576      0x2a2 .build/obj_3key_LohseBoi/lib/lufa/LUFA/Drivers/USB/Core/DeviceStandardReq.o
                0x0000000000005576                USB_Device_ProcessControlRequest
 .text.USB_Event_Stub
                0x0000000000005818        0x2 .build/obj_3key_LohseBoi/lib/lufa/LUFA/Drivers/USB/Core/Events.o
                0x0000000000005818                USB_Event_Stub
                0x0000000000005818                EVENT_USB_Device_StartOfFrame
 .text.USB_USBTask
                0x000000000000581a       0x34 .build/obj_3key_LohseBoi/lib/lufa/LUFA/Drivers/USB/Core/USBTask.o
                0x000000000000581a                USB_USBTask
 .text.libgcc.mul
                0x000000000000584e       0x20 /usr/lib/gcc/avr/11.2.0/avr5/libgcc.a(_mulsi3.o)
                0x000000000000584e                __mulsi3
 .text.libgcc.div
                0x000000000000586e       0x28 /usr/lib/gcc/avr/11.2.0/avr5/libgcc.a(_udivmodhi4.o)
                0x000000000000586e                __udivmodhi4
 .text.libgcc.div
                0x0000000000005896       0x28 /usr/lib/gcc/avr/11.2.0/avr5/libgcc.a(_divmodhi4.o)
                0x0000000000005896                __divmodhi4
                0x0000000000005896                _div
 .text.libgcc.div
                0x00000000000058be       0x44 /usr/lib/gcc/avr/11.2.0/avr5/libgcc.a(_udivmodsi4.o)
                0x00000000000058be                __udivmodsi4
 .text.libgcc   0x0000000000005902        0xc /usr/lib/gcc/avr/11.2.0/avr5/libgcc.a(_tablejump2.o)
                0x0000000000005902                __tablejump2__
 .text.libgcc.mul
                0x000000000000590e       0x10 /usr/lib/gcc/avr/11.2.0/avr5/libgcc.a(_mulhisi3.o)
                0x000000000000590e                __mulhisi3
 .text.libgcc.mul
                0x000000000000591e       0x1e /usr/lib/gcc/avr/11.2.0/avr5/libgcc.a(_umulhisi3.o)
                0x000000000000591e                __umulhisi3
 .text.libgcc.mul
                0x000000000000593c        0xe /usr/lib/gcc/avr/11.2.0/avr5/libgcc.a(_usmulhisi3.o)
                0x000000000000593c                __usmulhisi3
                0x0000000000005940                __usmulhisi3_tail
 .text.libgcc.mul
                0x000000000000594a       0x16 /usr/lib/gcc/avr/11.2.0/avr5/libgcc.a(_muluhisi3.o)
                0x000000000000594a                __muluhisi3
 .text.libgcc.mul
                0x0000000000005960       0x10 /usr/lib/gcc/avr/11.2.0/avr5/libgcc.a(_mulshisi3.o)
                0x0000000000005960                __mulshisi3
                0x0000000000005966                __mulohisi3
 .text.avr-libc
                0x0000000000005970       0x12 /usr/lib/gcc/avr/11.2.0/../../../../avr/lib/avr5/libc.a(memcpy_P.o)
                0x0000000000005970                memcpy_P
 .text.avr-libc
                0x0000000000005982       0x1a /usr/lib/gcc/avr/11.2.0/../../../../avr/lib/avr5/libc.a(memchr.o)
                0x0000000000005982                memchr
 .text.avr-libc
                0x000000000000599c       0x46 /usr/lib/gcc/avr/11.2.0/../../../../avr/lib/avr5/libc.a(sprintf.o)
                0x000000000000599c                sprintf
 .text.avr-libc
                0x00000000000059e2      0x3a6 /usr/lib/gcc/avr/11.2.0/../../../../avr/lib/avr5/libc.a(vfprintf_std.o)
                0x00000000000059e2                vfprintf
 .text.avr-libc
                0x0000000000005d88       0x16 /usr/lib/gcc/avr/11.2.0/../../../../avr/lib/avr5/libc.a(strnlen_P.o)
                0x0000000000005d88                strnlen_P
 .text.avr-libc
                0x0000000000005d9e       0x16 /usr/lib/gcc/avr/11.2.0/../../../../avr/lib/avr5/libc.a(strnlen.o)
                0x0000000000005d9e                strnlen
 .text.avr-libc
                0x0000000000005db4       0x60 /usr/lib/gcc/avr/11.2.0/../../../../avr/lib/avr5/libc.a(fputc.o)
                0x0000000000005db4                fputc
 .text.avr-libc
                0x0000000000005e14       0xbc /usr/lib/gcc/avr/11.2.0/../../../../avr/lib/avr5/libc.a(ultoa_invert.o)
                0x0000000000005e14                __ultoa_invert
 .text.avr-libc
                0x0000000000005ed0       0x10 /usr/lib/gcc/avr/11.2.0/../../../../avr/lib/avr5/libatmega32u4.a(eerd_byte.o)
                0x0000000000005ed0                eeprom_read_byte
 .text.avr-libc
                0x0000000000005ee0        0xc /usr/lib/gcc/avr/11.2.0/../../../../avr/lib/avr5/libatmega32u4.a(eerd_dword.o)
                0x0000000000005ee0                eeprom_read_dword
                0x0000000000005ee0                eeprom_read_float
 .text.avr-libc
                0x0000000000005eec        0xc /usr/lib/gcc/avr/11.2.0/../../../../avr/lib/avr5/libatmega32u4.a(eerd_word.o)
                0x0000000000005eec                eeprom_read_word
 .text.avr-libc
                0x0000000000005ef8       0x24 /usr/lib/gcc/avr/11.2.0/../../../../avr/lib/avr5/libatmega32u4.a(eeupd_byte.o)
                0x0000000000005ef8                eeprom_update_byte
                0x0000000000005efa                eeprom_update_r18
 .text.avr-libc
                0x0000000000005f1c       0x18 /usr/lib/gcc/avr/11.2.0/../../../../avr/lib/avr5/libatmega32u4.a(eeupd_dword.o)
                0x0000000000005f1c                eeprom_update_dword
                0x0000000000005f1c                eeprom_update_float
 .text.avr-libc
                0x0000000000005f34        0xc /usr/lib/gcc/avr/11.2.0/../../../../avr/lib/avr5/libatmega32u4.a(eeupd_word.o)
                0x0000000000005f34                eeprom_update_word
 .text.avr-libc
                0x0000000000005f40       0x20 /usr/lib/gcc/avr/11.2.0/../../../../avr/lib/avr5/libatmega32u4.a(eerd_block.o)
                0x0000000000005f40                eeprom_read_block
                0x0000000000005f44                eeprom_read_blraw
 .text.libgcc.prologue
                0x0000000000005f60       0x38 /usr/lib/gcc/avr/11.2.0/avr5/libgcc.a(_prologue.o)
                0x0000000000005f60                __prologue_saves__
 .text.libgcc.prologue
                0x0000000000005f98       0x36 /usr/lib/gcc/avr/11.2.0/avr5/libgcc.a(_epilogue.o)
                0x0000000000005f98                __epilogue_restores__
                0x0000000000005fce                . = ALIGN (0x2)
 *(.fini9)
 .fini9         0x0000000000005fce        0x0 /usr/lib/gcc/avr/11.2.0/avr5/libgcc.a(_exit.o)
                0x0000000000005fce                exit
                0x0000000000005fce                _exit
 *(.fini9)
 *(.fini8)
 *(.fini8)
 *(.fini7)
 *(.fini7)
 *(.fini6)
 *(.fini6)
 *(.fini5)
 *(.fini5)
 *(.fini4)
 *(.fini4)
 *(.fini3)
 *(.fini3)
 *(.fini2)
 *(.fini2)
 *(.fini1)
 *(.fini1)
 *(.fini0)
 .fini0         0x0000000000005fce        0x4 /usr/lib/gcc/avr/11.2.0/avr5/libgcc.a(_exit.o)
 *(.fini0)
 *(.hightext)
 *(.hightext*)
 *(.progmemx.*)
                0x0000000000005fd2                . = ALIGN (0x2)
 *(.jumptables)
 *(.jumptables*)
 .jumptables.gcc.process_action
                0x0000000000005fd2       0x20 .build/obj_3key_LohseBoi/quantum/action.o
 .jumptables.gcc.mousekey_on
                0x0000000000005ff2       0x26 .build/obj_3key_LohseBoi/quantum/mousekey.o
 .jumptables.gcc.process_rgb
                0x0000000000006018       0x26 .build/obj_3key_LohseBoi/quantum/process_keycode/process_rgb.o
 .jumptables.gcc.process_magic
                0x000000000000603e       0x36 .build/obj_3key_LohseBoi/quantum/process_keycode/process_magic.o
 .jumptables.gcc.USB_Device_ProcessControlRequest
                0x0000000000006074       0x14 .build/obj_3key_LohseBoi/lib/lufa/LUFA/Drivers/USB/Core/DeviceStandardReq.o
                0x0000000000006088                _etext = .

.data           0x0000000000800100       0xb2 load address 0x0000000000006088
                0x0000000000800100                PROVIDE (__data_start = .)
 *(.data)
 *(.data*)
 .data.asciiLimit
                0x0000000000800100        0x2 .build/obj_3key_LohseBoi/keyboards/3key/keymaps/LohseBoi/keymap.o
                0x0000000000800100                asciiLimit
 .data.keyboard_report
                0x0000000000800102        0x2 .build/obj_3key_LohseBoi/quantum/action_util.o
                0x0000000000800102                keyboard_report
 .data.mk_wheel_time_to_max
                0x0000000000800104        0x1 .build/obj_3key_LohseBoi/quantum/mousekey.o
                0x0000000000800104                mk_wheel_time_to_max
 .data.mk_wheel_max_speed
                0x0000000000800105        0x1 .build/obj_3key_LohseBoi/quantum/mousekey.o
                0x0000000000800105                mk_wheel_max_speed
 .data.mk_wheel_interval
                0x0000000000800106        0x1 .build/obj_3key_LohseBoi/quantum/mousekey.o
                0x0000000000800106                mk_wheel_interval
 .data.mk_wheel_delay
                0x0000000000800107        0x1 .build/obj_3key_LohseBoi/quantum/mousekey.o
                0x0000000000800107                mk_wheel_delay
 .data.mk_time_to_max
                0x0000000000800108        0x1 .build/obj_3key_LohseBoi/quantum/mousekey.o
                0x0000000000800108                mk_time_to_max
 .data.mk_max_speed
                0x0000000000800109        0x1 .build/obj_3key_LohseBoi/quantum/mousekey.o
                0x0000000000800109                mk_max_speed
 .data.mk_interval
                0x000000000080010a        0x1 .build/obj_3key_LohseBoi/quantum/mousekey.o
                0x000000000080010a                mk_interval
 .data.mk_delay
                0x000000000080010b        0x1 .build/obj_3key_LohseBoi/quantum/mousekey.o
                0x000000000080010b                mk_delay
 .data.increment.1
                0x000000000080010c        0x1 .build/obj_3key_LohseBoi/quantum/rgblight/rgblight.o
 .data.increment.2
                0x000000000080010d        0x1 .build/obj_3key_LohseBoi/quantum/rgblight/rgblight.o
 .data.high_bound.3
                0x000000000080010e        0x1 .build/obj_3key_LohseBoi/quantum/rgblight/rgblight.o
 .data.rgblight_ranges
                0x000000000080010f        0x5 .build/obj_3key_LohseBoi/quantum/rgblight/rgblight.o
                0x000000000080010f                rgblight_ranges
 .data.static_effect_table
                0x0000000000800114        0xb .build/obj_3key_LohseBoi/quantum/rgblight/rgblight.o
 .data.lufa_driver
                0x000000000080011f        0xa .build/obj_3key_LohseBoi/lufa.o
                0x000000000080011f                lufa_driver
 .data.keyboard_protocol
                0x0000000000800129        0x1 .build/obj_3key_LohseBoi/lufa.o
                0x0000000000800129                keyboard_protocol
 *(.gnu.linkonce.d*)
 *(.rodata)
 *(.rodata*)
 .rodata.matrix_scan_user.str1.1
                0x000000000080012a        0x3 .build/obj_3key_LohseBoi/keyboards/3key/keymaps/LohseBoi/keymap.o
 .rodata.CSWTCH.14
                0x000000000080012d       0x2e .build/obj_3key_LohseBoi/quantum/action.o
 .rodata.CSWTCH.2
                0x000000000080015b       0x2e .build/obj_3key_LohseBoi/quantum/keymap_common.o
 .rodata.col_pins
                0x0000000000800189        0x3 .build/obj_3key_LohseBoi/quantum/matrix.o
 .rodata.mode_base_table
                0x000000000080018c       0x25 .build/obj_3key_LohseBoi/quantum/rgblight/rgblight.o
 *(.gnu.linkonce.r*)
                0x00000000008001b2                . = ALIGN (0x2)
 *fill*         0x00000000008001b1        0x1 
                0x00000000008001b2                _edata = .
                0x00000000008001b2                PROVIDE (__data_end = .)

.bss            0x00000000008001b2       0xee
                0x00000000008001b2                PROVIDE (__bss_start = .)
 *(.bss)
 .bss           0x00000000008001b2        0x2 .build/obj_3key_LohseBoi/common/avr/xprintf.o
                0x00000000008001b2                xfunc_out
 *(.bss*)
 .bss.asciiHolding
                0x00000000008001b4        0x1 .build/obj_3key_LohseBoi/keyboards/3key/keymaps/LohseBoi/keymap.o
                0x00000000008001b4                asciiHolding
 .bss.asciiClick
                0x00000000008001b5        0x1 .build/obj_3key_LohseBoi/keyboards/3key/keymaps/LohseBoi/keymap.o
                0x00000000008001b5                asciiClick
 .bss.asciiTimer
                0x00000000008001b6        0x2 .build/obj_3key_LohseBoi/keyboards/3key/keymaps/LohseBoi/keymap.o
                0x00000000008001b6                asciiTimer
 .bss.asciiCounter
                0x00000000008001b8        0x1 .build/obj_3key_LohseBoi/keyboards/3key/keymaps/LohseBoi/keymap.o
                0x00000000008001b8                asciiCounter
 .bss.asciiChar
                0x00000000008001b9        0x1 .build/obj_3key_LohseBoi/keyboards/3key/keymaps/LohseBoi/keymap.o
                0x00000000008001b9                asciiChar
 .bss.disable_action_cache
                0x00000000008001ba        0x1 .build/obj_3key_LohseBoi/quantum/action.o
                0x00000000008001ba                disable_action_cache
 .bss.source_layers_cache
                0x00000000008001bb        0x5 .build/obj_3key_LohseBoi/quantum/action_layer.o
                0x00000000008001bb                source_layers_cache
 .bss.layer_state
                0x00000000008001c0        0x4 .build/obj_3key_LohseBoi/quantum/action_layer.o
                0x00000000008001c0                layer_state
 .bss.default_layer_state
                0x00000000008001c4        0x4 .build/obj_3key_LohseBoi/quantum/action_layer.o
                0x00000000008001c4                default_layer_state
 .bss.waiting_buffer_tail
                0x00000000008001c8        0x1 .build/obj_3key_LohseBoi/quantum/action_tapping.o
 .bss.waiting_buffer_head
                0x00000000008001c9        0x1 .build/obj_3key_LohseBoi/quantum/action_tapping.o
 .bss.waiting_buffer
                0x00000000008001ca       0x30 .build/obj_3key_LohseBoi/quantum/action_tapping.o
 .bss.tapping_key
                0x00000000008001fa        0x6 .build/obj_3key_LohseBoi/quantum/action_tapping.o
 .bss.oneshot_layer_data
                0x0000000000800200        0x1 .build/obj_3key_LohseBoi/quantum/action_util.o
 .bss.oneshot_mods
                0x0000000000800201        0x1 .build/obj_3key_LohseBoi/quantum/action_util.o
 .bss.__compound_literal.0
                0x0000000000800202       0x20 .build/obj_3key_LohseBoi/quantum/action_util.o
 .bss.macro_mods
                0x0000000000800222        0x1 .build/obj_3key_LohseBoi/quantum/action_util.o
 .bss.weak_mods
                0x0000000000800223        0x1 .build/obj_3key_LohseBoi/quantum/action_util.o
 .bss.real_mods
                0x0000000000800224        0x1 .build/obj_3key_LohseBoi/quantum/action_util.o
 .bss.led_status.0
                0x0000000000800225        0x1 .build/obj_3key_LohseBoi/quantum/keyboard.o
 .bss.matrix_prev.1
                0x0000000000800226        0x1 .build/obj_3key_LohseBoi/quantum/keyboard.o
 .bss.last_matrix_modification_time
                0x0000000000800227        0x4 .build/obj_3key_LohseBoi/quantum/keyboard.o
 .bss.last_input_modification_time
                0x000000000080022b        0x4 .build/obj_3key_LohseBoi/quantum/keyboard.o
 .bss.debug_config
                0x000000000080022f        0x1 .build/obj_3key_LohseBoi/quantum/logging/debug.o
                0x000000000080022f                debug_config
 .bss.debouncing_time
                0x0000000000800230        0x2 .build/obj_3key_LohseBoi/quantum/debounce/sym_defer_g.o
 .bss.debouncing
                0x0000000000800232        0x1 .build/obj_3key_LohseBoi/quantum/debounce/sym_defer_g.o
 .bss.last_timer_w
                0x0000000000800233        0x2 .build/obj_3key_LohseBoi/quantum/mousekey.o
 .bss.last_timer_c
                0x0000000000800235        0x2 .build/obj_3key_LohseBoi/quantum/mousekey.o
 .bss.mousekey_wheel_repeat
                0x0000000000800237        0x1 .build/obj_3key_LohseBoi/quantum/mousekey.o
 .bss.mousekey_repeat
                0x0000000000800238        0x1 .build/obj_3key_LohseBoi/quantum/mousekey.o
 .bss.mousekey_accel
                0x0000000000800239        0x1 .build/obj_3key_LohseBoi/quantum/mousekey.o
 .bss.mouse_report
                0x000000000080023a        0x6 .build/obj_3key_LohseBoi/quantum/mousekey.o
 .bss.maxval.0  0x0000000000800240        0x1 .build/obj_3key_LohseBoi/quantum/rgblight/rgblight.o
 .bss.low_bound.4
                0x0000000000800241        0x1 .build/obj_3key_LohseBoi/quantum/rgblight/rgblight.o
 .bss.pos.5     0x0000000000800242        0x1 .build/obj_3key_LohseBoi/quantum/rgblight/rgblight.o
 .bss.rgblight_layers
                0x0000000000800243        0x2 .build/obj_3key_LohseBoi/quantum/rgblight/rgblight.o
                0x0000000000800243                rgblight_layers
 .bss.animation_status
                0x0000000000800245        0x6 .build/obj_3key_LohseBoi/quantum/rgblight/rgblight.o
                0x0000000000800245                animation_status
 .bss.is_rgblight_initialized
                0x000000000080024b        0x1 .build/obj_3key_LohseBoi/quantum/rgblight/rgblight.o
                0x000000000080024b                is_rgblight_initialized
 .bss.rgblight_status
                0x000000000080024c        0x3 .build/obj_3key_LohseBoi/quantum/rgblight/rgblight.o
                0x000000000080024c                rgblight_status
 .bss.sc_timer  0x000000000080024f        0x2 .build/obj_3key_LohseBoi/quantum/process_keycode/process_space_cadet.o
 .bss.sc_last   0x0000000000800251        0x1 .build/obj_3key_LohseBoi/quantum/process_keycode/process_space_cadet.o
 .bss.grave_esc_was_shifted
                0x0000000000800252        0x1 .build/obj_3key_LohseBoi/quantum/process_keycode/process_grave_esc.o
 .bss.last_consumer_report
                0x0000000000800253        0x2 .build/obj_3key_LohseBoi/common/host.o
 .bss.last_system_report
                0x0000000000800255        0x2 .build/obj_3key_LohseBoi/common/host.o
 .bss.driver    0x0000000000800257        0x2 .build/obj_3key_LohseBoi/common/host.o
 .bss.wdt_timeout
                0x0000000000800259        0x1 .build/obj_3key_LohseBoi/common/avr/suspend.o
 .bss.r.0       0x000000000080025a        0x3 .build/obj_3key_LohseBoi/lufa.o
 .bss.keyboard_report_sent
                0x000000000080025d       0x20 .build/obj_3key_LohseBoi/lufa.o
 .bss.keyboard_led_state
                0x000000000080027d        0x1 .build/obj_3key_LohseBoi/lufa.o
 .bss.keyboard_idle
                0x000000000080027e        0x1 .build/obj_3key_LohseBoi/lufa.o
                0x000000000080027e                keyboard_idle
 *(COMMON)
 COMMON         0x000000000080027f        0x2 .build/obj_3key_LohseBoi/quantum/bootmagic/magic.o
                0x000000000080027f                keymap_config
 COMMON         0x0000000000800281        0x2 .build/obj_3key_LohseBoi/quantum/matrix_common.o
                0x0000000000800281                raw_matrix
                0x0000000000800282                matrix
 COMMON         0x0000000000800283        0xb .build/obj_3key_LohseBoi/quantum/rgblight/rgblight.o
                0x0000000000800283                rgblight_config
                0x0000000000800288                led
 COMMON         0x000000000080028e        0x1 .build/obj_3key_LohseBoi/quantum/backlight/backlight.o
                0x000000000080028e                backlight_config
 COMMON         0x000000000080028f        0x4 .build/obj_3key_LohseBoi/common/avr/timer.o
                0x000000000080028f                timer_count
 COMMON         0x0000000000800293        0x3 .build/obj_3key_LohseBoi/lib/lufa/LUFA/Drivers/USB/Core/DeviceStandardReq.o
                0x0000000000800293                USB_Device_ConfigurationNumber
                0x0000000000800294                USB_Device_CurrentlySelfPowered
                0x0000000000800295                USB_Device_RemoteWakeupEnabled
 COMMON         0x0000000000800296        0xa .build/obj_3key_LohseBoi/lib/lufa/LUFA/Drivers/USB/Core/USBTask.o
                0x0000000000800296                USB_IsInitialized
                0x0000000000800297                USB_DeviceState
                0x0000000000800298                USB_ControlRequest
                0x00000000008002a0                PROVIDE (__bss_end = .)
                0x0000000000006088                __data_load_start = LOADADDR (.data)
                0x000000000000613a                __data_load_end = (__data_load_start + SIZEOF (.data))

.noinit         0x00000000008002a0        0x4