Archive member included to satisfy reference by file (symbol)

/usr/lib/gcc/avr/11.2.0/../../../../avr/lib/avr5/libm.a(fixunssfsi.o)
                              .build/obj_3key_default/common/host.o (__fixunssfsi)
/usr/lib/gcc/avr/11.2.0/../../../../avr/lib/avr5/libm.a(fp_split3.o)
                              /usr/lib/gcc/avr/11.2.0/../../../../avr/lib/avr5/libm.a(fixunssfsi.o) (__fp_splitA)
/usr/lib/gcc/avr/11.2.0/../../../../avr/lib/avr5/libm.a(fp_zero.o)
                              /usr/lib/gcc/avr/11.2.0/../../../../avr/lib/avr5/libm.a(fixunssfsi.o) (__fp_zero)
/usr/lib/gcc/avr/11.2.0/../../../../avr/lib/avr5/libm.a(mulsf3.o)
                              .build/obj_3key_default/common/host.o (__mulsf3)
/usr/lib/gcc/avr/11.2.0/../../../../avr/lib/avr5/libm.a(mulsf3x.o)
                              /usr/lib/gcc/avr/11.2.0/../../../../avr/lib/avr5/libm.a(mulsf3.o) (__mulsf3x)
/usr/lib/gcc/avr/11.2.0/../../../../avr/lib/avr5/libm.a(fp_inf.o)
                              /usr/lib/gcc/avr/11.2.0/../../../../avr/lib/avr5/libm.a(mulsf3x.o) (__fp_inf)
/usr/lib/gcc/avr/11.2.0/../../../../avr/lib/avr5/libm.a(fp_nan.o)
                              /usr/lib/gcc/avr/11.2.0/../../../../avr/lib/avr5/libm.a(mulsf3x.o) (__fp_nan)
/usr/lib/gcc/avr/11.2.0/../../../../avr/lib/avr5/libm.a(fp_pscA.o)
                              /usr/lib/gcc/avr/11.2.0/../../../../avr/lib/avr5/libm.a(mulsf3x.o) (__fp_pscA)
/usr/lib/gcc/avr/11.2.0/../../../../avr/lib/avr5/libm.a(fp_pscB.o)
                              /usr/lib/gcc/avr/11.2.0/../../../../avr/lib/avr5/libm.a(mulsf3x.o) (__fp_pscB)
/usr/lib/gcc/avr/11.2.0/../../../../avr/lib/avr5/libm.a(fp_round.o)
                              /usr/lib/gcc/avr/11.2.0/../../../../avr/lib/avr5/libm.a(mulsf3.o) (__fp_round)
/usr/lib/gcc/avr/11.2.0/avr5/libgcc.a(_mulsi3.o)
                              .build/obj_3key_default/quantum/backlight/backlight_avr.o (__mulsi3)
/usr/lib/gcc/avr/11.2.0/avr5/libgcc.a(_udivmodhi4.o)
                              .build/obj_3key_default/quantum/color.o (__udivmodhi4)
/usr/lib/gcc/avr/11.2.0/avr5/libgcc.a(_divmodhi4.o)
                              .build/obj_3key_default/quantum/mousekey.o (__divmodhi4)
/usr/lib/gcc/avr/11.2.0/avr5/libgcc.a(_udivmodsi4.o)
                              .build/obj_3key_default/quantum/rgblight/rgblight.o (__udivmodsi4)
/usr/lib/gcc/avr/11.2.0/avr5/libgcc.a(_exit.o)
                              /usr/lib/gcc/avr/11.2.0/../../../../avr/lib/avr5/crtatmega32u4.o (exit)
/usr/lib/gcc/avr/11.2.0/avr5/libgcc.a(_tablejump2.o)
                              .build/obj_3key_default/quantum/action.o (__tablejump2__)
/usr/lib/gcc/avr/11.2.0/avr5/libgcc.a(_copy_data.o)
                              .build/obj_3key_default/quantum/action.o (__do_copy_data)
/usr/lib/gcc/avr/11.2.0/avr5/libgcc.a(_clear_bss.o)
                              .build/obj_3key_default/quantum/action.o (__do_clear_bss)
/usr/lib/gcc/avr/11.2.0/avr5/libgcc.a(_popcounthi2.o)
                              .build/obj_3key_default/quantum/bitwise.o (__popcounthi2)
/usr/lib/gcc/avr/11.2.0/avr5/libgcc.a(_popcountsi2.o)
                              .build/obj_3key_default/quantum/bitwise.o (__popcountsi2)
/usr/lib/gcc/avr/11.2.0/avr5/libgcc.a(_popcountqi2.o)
                              /usr/lib/gcc/avr/11.2.0/avr5/libgcc.a(_popcounthi2.o) (__popcountqi2)
/usr/lib/gcc/avr/11.2.0/avr5/libgcc.a(_mulhisi3.o)
                              .build/obj_3key_default/quantum/rgblight/rgblight.o (__mulhisi3)
/usr/lib/gcc/avr/11.2.0/avr5/libgcc.a(_umulhisi3.o)
                              .build/obj_3key_default/quantum/rgblight/rgblight.o (__umulhisi3)
/usr/lib/gcc/avr/11.2.0/avr5/libgcc.a(_usmulhisi3.o)
                              /usr/lib/gcc/avr/11.2.0/avr5/libgcc.a(_mulhisi3.o) (__usmulhisi3_tail)
/usr/lib/gcc/avr/11.2.0/avr5/libgcc.a(_muluhisi3.o)
                              .build/obj_3key_default/quantum/rgblight/rgblight.o (__muluhisi3)
/usr/lib/gcc/avr/11.2.0/avr5/libgcc.a(_mulshisi3.o)
                              .build/obj_3key_default/quantum/rgblight/rgblight.o (__mulshisi3)
/usr/lib/gcc/avr/11.2.0/../../../../avr/lib/avr5/libc.a(memcpy_P.o)
                              .build/obj_3key_default/quantum/rgblight/rgblight.o (memcpy_P)
/usr/lib/gcc/avr/11.2.0/../../../../avr/lib/avr5/libc.a(memchr.o)
                              .build/obj_3key_default/quantum/rgblight/rgblight.o (memchr)
/usr/lib/gcc/avr/11.2.0/../../../../avr/lib/avr5/libc.a(memmove.o)
                              .build/obj_3key_default/lib/lufa/LUFA/Drivers/USB/Class/Common/HIDParser.o (memmove)
/usr/lib/gcc/avr/11.2.0/../../../../avr/lib/avr5/libc.a(memcpy.o)
                              /usr/lib/gcc/avr/11.2.0/../../../../avr/lib/avr5/libc.a(memmove.o) (memcpy)
/usr/lib/gcc/avr/11.2.0/../../../../avr/lib/avr5/libatmega32u4.a(eerd_byte.o)
                              .build/obj_3key_default/quantum/eeconfig.o (eeprom_read_byte)
[...]
Memory Configuration

Name             Origin             Length             Attributes
text             0x0000000000000000 0x0000000000020000 xr
data             0x0000000000800060 0x000000000000ffa0 rw !x
eeprom           0x0000000000810000 0x0000000000010000 rw !x
fuse             0x0000000000820000 0x0000000000000400 rw !x
lock             0x0000000000830000 0x0000000000000400 rw !x
signature        0x0000000000840000 0x0000000000000400 rw !x
user_signatures  0x0000000000850000 0x0000000000000400 rw !x
*default*        0x0000000000000000 0xffffffffffffffff

Linker script and memory map

Address of section .data set to 0x800100
LOAD /usr/lib/gcc/avr/11.2.0/../../../../avr/lib/avr5/crtatmega32u4.o
LOAD .build/obj_3key_default/keyboards/3key/3key.o
LOAD .build/obj_3key_default/keyboards/3key/keymaps/default/keymap.o
LOAD .build/obj_3key_default/quantum/quantum.o
LOAD .build/obj_3key_default/quantum/send_string.o
LOAD .build/obj_3key_default/quantum/bitwise.o
LOAD .build/obj_3key_default/quantum/led.o
LOAD .build/obj_3key_default/quantum/action.o
LOAD .build/obj_3key_default/quantum/action_layer.o
LOAD .build/obj_3key_default/quantum/action_macro.o
LOAD .build/obj_3key_default/quantum/action_tapping.o
LOAD .build/obj_3key_default/quantum/action_util.o
LOAD .build/obj_3key_default/quantum/eeconfig.o
LOAD .build/obj_3key_default/quantum/keyboard.o
LOAD .build/obj_3key_default/quantum/keymap_common.o
LOAD .build/obj_3key_default/quantum/keycode_config.o
LOAD .build/obj_3key_default/quantum/logging/debug.o
LOAD .build/obj_3key_default/quantum/logging/sendchar.o
LOAD .build/obj_3key_default/quantum/bootmagic/bootmagic_lite.o
LOAD .build/obj_3key_default/quantum/bootmagic/magic.o
LOAD .build/obj_3key_default/quantum/matrix_common.o
LOAD .build/obj_3key_default/quantum/matrix.o
LOAD .build/obj_3key_default/quantum/debounce/sym_defer_g.o
LOAD .build/obj_3key_default/quantum/main.o
LOAD .build/obj_3key_default/quantum/mousekey.o
LOAD .build/obj_3key_default/quantum/color.o
LOAD .build/obj_3key_default/quantum/rgblight/rgblight.o
LOAD .build/obj_3key_default/quantum/process_keycode/process_rgb.o
LOAD .build/obj_3key_default/quantum/backlight/backlight.o
LOAD .build/obj_3key_default/quantum/process_keycode/process_backlight.o
LOAD .build/obj_3key_default/quantum/backlight/backlight_driver_common.o
LOAD .build/obj_3key_default/quantum/backlight/backlight_avr.o
LOAD .build/obj_3key_default/ws2812.o
LOAD .build/obj_3key_default/quantum/led_tables.o
LOAD .build/obj_3key_default/quantum/process_keycode/process_space_cadet.o
LOAD .build/obj_3key_default/quantum/process_keycode/process_magic.o
LOAD .build/obj_3key_default/quantum/process_keycode/process_grave_esc.o
LOAD .build/obj_3key_default/common/host.o
LOAD .build/obj_3key_default/common/report.o
LOAD .build/obj_3key_default/common/sync_timer.o
LOAD .build/obj_3key_default/common/usb_util.o
LOAD .build/obj_3key_default/common/avr/platform.o
LOAD .build/obj_3key_default/common/avr/suspend.o
LOAD .build/obj_3key_default/common/avr/timer.o
LOAD .build/obj_3key_default/common/avr/bootloader.o
LOAD .build/obj_3key_default/common/avr/xprintf.o
LOAD .build/obj_3key_default/common/avr/printf.o
LOAD .build/obj_3key_default/lufa.o
LOAD .build/obj_3key_default/usb_descriptor.o
LOAD .build/obj_3key_default/lib/lufa/LUFA/Drivers/USB/Class/Common/HIDParser.o
LOAD .build/obj_3key_default/lib/lufa/LUFA/Drivers/USB/Core/AVR8/Device_AVR8.o
LOAD .build/obj_3key_default/lib/lufa/LUFA/Drivers/USB/Core/AVR8/EndpointStream_AVR8.o
LOAD .build/obj_3key_default/lib/lufa/LUFA/Drivers/USB/Core/AVR8/Endpoint_AVR8.o
LOAD .build/obj_3key_default/lib/lufa/LUFA/Drivers/USB/Core/AVR8/Host_AVR8.o
LOAD .build/obj_3key_default/lib/lufa/LUFA/Drivers/USB/Core/AVR8/PipeStream_AVR8.o
LOAD .build/obj_3key_default/lib/lufa/LUFA/Drivers/USB/Core/AVR8/Pipe_AVR8.o
LOAD .build/obj_3key_default/lib/lufa/LUFA/Drivers/USB/Core/AVR8/USBController_AVR8.o
LOAD .build/obj_3key_default/lib/lufa/LUFA/Drivers/USB/Core/AVR8/USBInterrupt_AVR8.o
LOAD .build/obj_3key_default/lib/lufa/LUFA/Drivers/USB/Core/ConfigDescriptors.o
LOAD .build/obj_3key_default/lib/lufa/LUFA/Drivers/USB/Core/DeviceStandardReq.o
LOAD .build/obj_3key_default/lib/lufa/LUFA/Drivers/USB/Core/Events.o
LOAD .build/obj_3key_default/lib/lufa/LUFA/Drivers/USB/Core/HostStandardReq.o
LOAD .build/obj_3key_default/lib/lufa/LUFA/Drivers/USB/Core/USBTask.o
LOAD .build/obj_3key_default/protocol/lufa/usb_util.o
LOAD /usr/lib/gcc/avr/11.2.0/../../../../avr/lib/avr5/libm.a
START GROUP
LOAD /usr/lib/gcc/avr/11.2.0/avr5/libgcc.a
LOAD /usr/lib/gcc/avr/11.2.0/../../../../avr/lib/avr5/libm.a
LOAD /usr/lib/gcc/avr/11.2.0/../../../../avr/lib/avr5/libc.a
LOAD /usr/lib/gcc/avr/11.2.0/../../../../avr/lib/avr5/libatmega32u4.a
END GROUP
                0x0000000000020000                __TEXT_REGION_LENGTH__ = DEFINED (__TEXT_REGION_LENGTH__)?__TEXT_REGION_LENGTH__:0x20000
                0x000000000000ffa0                __DATA_REGION_LENGTH__ = DEFINED (__DATA_REGION_LENGTH__)?__DATA_REGION_LENGTH__:0xffa0
                0x0000000000010000                __EEPROM_REGION_LENGTH__ = DEFINED (__EEPROM_REGION_LENGTH__)?__EEPROM_REGION_LENGTH__:0x10000
                0x0000000000000400                __FUSE_REGION_LENGTH__ = DEFINED (__FUSE_REGION_LENGTH__)?__FUSE_REGION_LENGTH__:0x400
                0x0000000000000400                __LOCK_REGION_LENGTH__ = DEFINED (__LOCK_REGION_LENGTH__)?__LOCK_REGION_LENGTH__:0x400
                0x0000000000000400                __SIGNATURE_REGION_LENGTH__ = DEFINED (__SIGNATURE_REGION_LENGTH__)?__SIGNATURE_REGION_LENGTH__:0x400
                0x0000000000000400                __USER_SIGNATURE_REGION_LENGTH__ = DEFINED (__USER_SIGNATURE_REGION_LENGTH__)?__USER_SIGNATURE_REGION_LENGTH__:0x400

.hash
 *(.hash)

.dynsym
 *(.dynsym)

.dynstr
 *(.dynstr)

.gnu.version
 *(.gnu.version)

.gnu.version_d
 *(.gnu.version_d)

.gnu.version_r
 *(.gnu.version_r)

.rel.init
 *(.rel.init)

.rela.init
 *(.rela.init)

.rel.text
 *(.rel.text)
 *(.rel.text.*)
 *(.rel.gnu.linkonce.t*)

.rela.text
 *(.rela.text)
 *(.rela.text.*)
 *(.rela.gnu.linkonce.t*)

.rel.fini
 *(.rel.fini)

.rela.fini
 *(.rela.fini)

.rel.rodata
 *(.rel.rodata)
 *(.rel.rodata.*)
 *(.rel.gnu.linkonce.r*)

.rela.rodata
 *(.rela.rodata)
 *(.rela.rodata.*)
 *(.rela.gnu.linkonce.r*)

.rel.data
 *(.rel.data)
 *(.rel.data.*)
 *(.rel.gnu.linkonce.d*)

.rela.data
 *(.rela.data)
 *(.rela.data.*)
 *(.rela.gnu.linkonce.d*)

.rel.ctors
 *(.rel.ctors)

.rela.ctors
 *(.rela.ctors)

.rel.dtors
 *(.rel.dtors)

.rela.dtors
 *(.rela.dtors)

.rel.got
 *(.rel.got)

.rela.got
 *(.rela.got)

.rel.bss
 *(.rel.bss)

.rela.bss
 *(.rela.bss)

.rel.plt
 *(.rel.plt)

.rela.plt
 *(.rela.plt)

.text           0x0000000000000000     0x56ac
 *(.vectors)
 .vectors       0x0000000000000000       0xac /usr/lib/gcc/avr/11.2.0/../../../../avr/lib/avr5/crtatmega32u4.o
                0x0000000000000000                __vectors
                0x0000000000000000                __vector_default
 *(.vectors)
 *(.progmem.gcc*)
                0x00000000000000ac                . = ALIGN (0x2)
                0x00000000000000ac                __trampolines_start = .
 *(.trampolines)
 .trampolines   0x00000000000000ac        0x0 linker stubs
 *(.trampolines*)
                0x00000000000000ac                __trampolines_end = .
 *libprintf_flt.a:*(.progmem.data)
 *libc.a:*(.progmem.data)
 *(.progmem.*)
 .progmem.data.keymaps
                0x00000000000000ac        0x6 .build/obj_3key_default/keyboards/3key/keymaps/default/keymap.o
                0x00000000000000ac                keymaps
 .progmem.data.fn_actions
                0x00000000000000b2        0x0 .build/obj_3key_default/quantum/keymap_common.o
                0x00000000000000b2                fn_actions
 .progmem.data.RGBLED_RGBTEST_INTERVALS
                0x00000000000000b2        0x2 .build/obj_3key_default/quantum/rgblight/rgblight.o
                0x00000000000000b2                RGBLED_RGBTEST_INTERVALS
 .progmem.data.RGBLED_KNIGHT_INTERVALS
                0x00000000000000b4        0x3 .build/obj_3key_default/quantum/rgblight/rgblight.o
                0x00000000000000b4                RGBLED_KNIGHT_INTERVALS
 .progmem.data.RGBLED_SNAKE_INTERVALS
                0x00000000000000b7        0x3 .build/obj_3key_default/quantum/rgblight/rgblight.o
                0x00000000000000b7                RGBLED_SNAKE_INTERVALS
 .progmem.data.RGBLED_RAINBOW_SWIRL_INTERVALS
                0x00000000000000ba        0x3 .build/obj_3key_default/quantum/rgblight/rgblight.o
                0x00000000000000ba                RGBLED_RAINBOW_SWIRL_INTERVALS
 .progmem.data.RGBLED_RAINBOW_MOOD_INTERVALS
                0x00000000000000bd        0x3 .build/obj_3key_default/quantum/rgblight/rgblight.o
                0x00000000000000bd                RGBLED_RAINBOW_MOOD_INTERVALS
 .progmem.data.RGBLED_BREATHING_INTERVALS
                0x00000000000000c0        0x4 .build/obj_3key_default/quantum/rgblight/rgblight.o
                0x00000000000000c0                RGBLED_BREATHING_INTERVALS
 .progmem.data.rgblight_effect_breathe_table
                0x00000000000000c4      0x100 .build/obj_3key_default/quantum/rgblight/rgblight.o
                0x00000000000000c4                rgblight_effect_breathe_table
 .progmem.data.RGBLED_GRADIENT_RANGES
                0x00000000000001c4        0x5 .build/obj_3key_default/quantum/rgblight/rgblight.o
                0x00000000000001c4                RGBLED_GRADIENT_RANGES
 .progmem.data.CIE1931_CURVE
                0x00000000000001c9      0x100 .build/obj_3key_default/quantum/led_tables.o
                0x00000000000001c9                CIE1931_CURVE
 .progmem.data.ProductString
                0x00000000000002c9       0x14 .build/obj_3key_default/usb_descriptor.o
                0x00000000000002c9                ProductString
 .progmem.data.ManufacturerString
                0x00000000000002dd       0x18 .build/obj_3key_default/usb_descriptor.o
                0x00000000000002dd                ManufacturerString
 .progmem.data.LanguageString
                0x00000000000002f5        0x4 .build/obj_3key_default/usb_descriptor.o
                0x00000000000002f5                LanguageString
 .progmem.data.ConfigurationDescriptor
                0x00000000000002f9       0x3b .build/obj_3key_default/usb_descriptor.o
                0x00000000000002f9                ConfigurationDescriptor
 .progmem.data.DeviceDescriptor
                0x0000000000000334       0x12 .build/obj_3key_default/usb_descriptor.o
                0x0000000000000334                DeviceDescriptor
 .progmem.data.SharedReport
                0x0000000000000346       0xb6 .build/obj_3key_default/usb_descriptor.o
                0x0000000000000346                SharedReport
 .progmem.data.KeyboardReport
                0x00000000000003fc       0x40 .build/obj_3key_default/usb_descriptor.o
                0x00000000000003fc                KeyboardReport
                0x000000000000043c                . = ALIGN (0x2)
 *(.lowtext)
 *(.lowtext*)
                0x000000000000043c                __ctors_start = .
 *(.ctors)
                0x000000000000043c                __ctors_end = .
                0x000000000000043c                __dtors_start = .
 *(.dtors)
                0x000000000000043c                __dtors_end = .
 SORT_BY_NAME(*)(.ctors)
 SORT_BY_NAME(*)(.dtors)
 *(.init0)
 .init0         0x000000000000043c        0x0 /usr/lib/gcc/avr/11.2.0/../../../../avr/lib/avr5/crtatmega32u4.o
                0x000000000000043c                __init
 *(.init0)
 *(.init1)
 *(.init1)
 *(.init2)
 .init2         0x000000000000043c        0xc /usr/lib/gcc/avr/11.2.0/../../../../avr/lib/avr5/crtatmega32u4.o
 *(.init2)
 *(.init3)
 .init3         0x0000000000000448       0x54 .build/obj_3key_default/common/avr/bootloader.o
                0x0000000000000448                bootloader_jump_after_watchdog_reset
 *(.init3)
 *(.init4)
 .init4         0x000000000000049c       0x16 /usr/lib/gcc/avr/11.2.0/avr5/libgcc.a(_copy_data.o)
                0x000000000000049c                __do_copy_data
 .init4         0x00000000000004b2       0x10 /usr/lib/gcc/avr/11.2.0/avr5/libgcc.a(_clear_bss.o)
                0x00000000000004b2                __do_clear_bss
 *(.init4)
 *(.init5)
 *(.init5)
 *(.init6)
 *(.init6)
 *(.init7)
 *(.init7)
 *(.init8)
 *(.init8)
 *(.init9)
 .init9         0x00000000000004c2        0x8 /usr/lib/gcc/avr/11.2.0/../../../../avr/lib/avr5/crtatmega32u4.o
 *(.init9)
 *(.text)
 .text          0x00000000000004ca        0x4 /usr/lib/gcc/avr/11.2.0/../../../../avr/lib/avr5/crtatmega32u4.o
                0x00000000000004ca                __vector_38
                0x00000000000004ca                __vector_22
                0x00000000000004ca                __vector_28
                0x00000000000004ca                __vector_1
                0x00000000000004ca                __vector_32
                0x00000000000004ca                __vector_34
                0x00000000000004ca                __vector_24
                0x00000000000004ca                __bad_interrupt
                0x00000000000004ca                __vector_6
                0x00000000000004ca                __vector_31
                0x00000000000004ca                __vector_35
                0x00000000000004ca                __vector_39
                0x00000000000004ca                __vector_3
                0x00000000000004ca                __vector_23
                0x00000000000004ca                __vector_30
                0x00000000000004ca                __vector_25
                0x00000000000004ca                __vector_13
                0x00000000000004ca                __vector_17
                0x00000000000004ca                __vector_19
                0x00000000000004ca                __vector_7
                0x00000000000004ca                __vector_41
                0x00000000000004ca                __vector_27
                0x00000000000004ca                __vector_5
                0x00000000000004ca                __vector_33
                0x00000000000004ca                __vector_37
                0x00000000000004ca                __vector_4
                0x00000000000004ca                __vector_9
                0x00000000000004ca                __vector_2
                0x00000000000004ca                __vector_15
                0x00000000000004ca                __vector_36
                0x00000000000004ca                __vector_29
                0x00000000000004ca                __vector_40
                0x00000000000004ca                __vector_8
                0x00000000000004ca                __vector_26
                0x00000000000004ca                __vector_14
                0x00000000000004ca                __vector_16
                0x00000000000004ca                __vector_18
                0x00000000000004ca                __vector_20
                0x00000000000004ca                __vector_42
                0x00000000000004ce                . = ALIGN (0x2)
 *(.text.*)
 .text.action_get_macro
                0x00000000000004ce        0x6 .build/obj_3key_default/keyboards/3key/keymaps/default/keymap.o
                0x00000000000004ce                action_get_macro
 .text.matrix_init_user
                0x00000000000004d4        0x2 .build/obj_3key_default/keyboards/3key/keymaps/default/keymap.o
                0x00000000000004d4                matrix_init_user
 .text.matrix_scan_user
                0x00000000000004d6        0x2 .build/obj_3key_default/keyboards/3key/keymaps/default/keymap.o
                0x00000000000004d6                matrix_scan_user
 .text.process_record_user
                0x00000000000004d8        0x4 .build/obj_3key_default/keyboards/3key/keymaps/default/keymap.o
                0x00000000000004d8                process_record_user
 .text.process_action_kb
                0x00000000000004dc        0x4 .build/obj_3key_default/quantum/quantum.o
                0x00000000000004dc                process_action_kb
 .text.process_record_kb
                0x00000000000004e0        0x4 .build/obj_3key_default/quantum/quantum.o
                0x00000000000004e0                process_record_kb
 .text.post_process_record_user
                0x00000000000004e4        0x2 .build/obj_3key_default/quantum/quantum.o
                0x00000000000004e4                post_process_record_user
 .text.post_process_record_kb
                0x00000000000004e6        0x4 .build/obj_3key_default/quantum/quantum.o
                0x00000000000004e6                post_process_record_kb
 .text.get_event_keycode
                0x00000000000004ea       0x66 .build/obj_3key_default/quantum/quantum.o
                0x00000000000004ea                get_event_keycode
 .text.get_record_keycode
                0x0000000000000550       0x12 .build/obj_3key_default/quantum/quantum.o
                0x0000000000000550                get_record_keycode
 .text.pre_process_record_quantum
                0x0000000000000562        0x4 .build/obj_3key_default/quantum/quantum.o
                0x0000000000000562                pre_process_record_quantum
 .text.post_process_record_quantum
                0x0000000000000566       0x1a .build/obj_3key_default/quantum/quantum.o
                0x0000000000000566                post_process_record_quantum
 .text.matrix_init_quantum
                0x0000000000000580       0x10 .build/obj_3key_default/quantum/quantum.o
                0x0000000000000580                matrix_init_quantum
 .text.matrix_scan_quantum
                0x0000000000000590        0x4 .build/obj_3key_default/quantum/quantum.o
                0x0000000000000590                matrix_scan_quantum
 .text.shutdown_user
                0x0000000000000594        0x2 .build/obj_3key_default/quantum/quantum.o
                0x0000000000000594                shutdown_user
 .text.reset_keyboard
                0x0000000000000596       0x1e .build/obj_3key_default/quantum/quantum.o
                0x0000000000000596                reset_keyboard
 .text.process_record_quantum
                0x00000000000005b4       0xbe .build/obj_3key_default/quantum/quantum.o
                0x00000000000005b4                process_record_quantum
 .text.led_set_user
                0x0000000000000672        0x2 .build/obj_3key_default/quantum/led.o
                0x0000000000000672                led_set_user
 .text.led_set_kb
                0x0000000000000674        0x4 .build/obj_3key_default/quantum/led.o
                0x0000000000000674                led_set_kb
 .text.led_update_user
                0x0000000000000678        0x4 .build/obj_3key_default/quantum/led.o
                0x0000000000000678                led_update_user
 .text.led_update_kb
                0x000000000000067c        0x4 .build/obj_3key_default/quantum/led.o
                0x000000000000067c                led_update_kb
 .text.led_init_ports
                0x0000000000000680        0x2 .build/obj_3key_default/quantum/led.o
                0x0000000000000680                led_init_ports
 .text.led_set  0x0000000000000682       0x10 .build/obj_3key_default/quantum/led.o
                0x0000000000000682                led_set
 .text.action_exec
                0x0000000000000692       0x8a .build/obj_3key_default/quantum/action.o
                0x0000000000000692                action_exec
 .text.process_record_tap_hint
                0x000000000000071c        0xa .build/obj_3key_default/quantum/action.o
                0x000000000000071c                process_record_tap_hint
 .text.register_code
                0x0000000000000726      0x122 .build/obj_3key_default/quantum/action.o
                0x0000000000000726                register_code
 .text.unregister_code
                0x0000000000000848       0xac .build/obj_3key_default/quantum/action.o
                0x0000000000000848                unregister_code
 .text.tap_code_delay
                0x00000000000008f4       0x2e .build/obj_3key_default/quantum/action.o
                0x00000000000008f4                tap_code_delay
 .text.tap_code
                0x0000000000000922       0x10 .build/obj_3key_default/quantum/action.o
                0x0000000000000922                tap_code
 .text.register_mods
                0x0000000000000932        0xe .build/obj_3key_default/quantum/action.o
                0x0000000000000932                register_mods
 .text.unregister_mods
                0x0000000000000940        0xe .build/obj_3key_default/quantum/action.o
                0x0000000000000940                unregister_mods
 .text.process_action
                0x000000000000094e      0x4ac .build/obj_3key_default/quantum/action.o
                0x000000000000094e                process_action
 .text.process_record_handler
                0x0000000000000dfa       0x2e .build/obj_3key_default/quantum/action.o
                0x0000000000000dfa                process_record_handler
 .text.process_record
                0x0000000000000e28       0x50 .build/obj_3key_default/quantum/action.o
                0x0000000000000e28                process_record
 .text.clear_keyboard_but_mods_and_keys
                0x0000000000000e78       0x24 .build/obj_3key_default/quantum/action.o
                0x0000000000000e78                clear_keyboard_but_mods_and_keys
 .text.clear_keyboard_but_mods
                0x0000000000000e9c        0x8 .build/obj_3key_default/quantum/action.o
                0x0000000000000e9c                clear_keyboard_but_mods
 .text.clear_keyboard
                0x0000000000000ea4        0x8 .build/obj_3key_default/quantum/action.o
                0x0000000000000ea4                clear_keyboard
 .text.is_tap_action
                0x0000000000000eac       0x52 .build/obj_3key_default/quantum/action.o
                0x0000000000000eac                is_tap_action
 .text.is_tap_record
                0x0000000000000efe        0xe .build/obj_3key_default/quantum/action.o
                0x0000000000000efe                is_tap_record
 .text.debug_event
                0x0000000000000f0c       0x1e .build/obj_3key_default/quantum/action.o
                0x0000000000000f0c                debug_event
 .text.debug_record
                0x0000000000000f2a       0x20 .build/obj_3key_default/quantum/action.o
                0x0000000000000f2a                debug_record
 .text.default_layer_state_set_user
                0x0000000000000f4a        0x2 .build/obj_3key_default/quantum/action_layer.o
                0x0000000000000f4a                default_layer_state_set_user
 .text.default_layer_state_set_kb
                0x0000000000000f4c        0x4 .build/obj_3key_default/quantum/action_layer.o
                0x0000000000000f4c                default_layer_state_set_kb
 .text.default_layer_state_set
                0x0000000000000f50       0x18 .build/obj_3key_default/quantum/action_layer.o
 .text.default_layer_debug
                0x0000000000000f68        0x2 .build/obj_3key_default/quantum/action_layer.o
                0x0000000000000f68                default_layer_debug
 .text.default_layer_set
                0x0000000000000f6a        0x4 .build/obj_3key_default/quantum/action_layer.o
                0x0000000000000f6a                default_layer_set
 .text.default_layer_or
                0x0000000000000f6e       0x50 .build/obj_3key_default/quantum/action_layer.o
                0x0000000000000f6e                default_layer_or
 .text.default_layer_and
                0x0000000000000fbe       0x50 .build/obj_3key_default/quantum/action_layer.o
                0x0000000000000fbe                default_layer_and
 .text.default_layer_xor
                0x000000000000100e       0x50 .build/obj_3key_default/quantum/action_layer.o
                0x000000000000100e                default_layer_xor
 .text.layer_state_set_user
                0x000000000000105e        0x4 .build/obj_3key_default/quantum/action_layer.o
                0x000000000000105e                layer_state_set_user
 .text.layer_state_set_kb
                0x0000000000001062        0x4 .build/obj_3key_default/quantum/action_layer.o
                0x0000000000001062                layer_state_set_kb
 .text.layer_state_set
                0x0000000000001066       0x18 .build/obj_3key_default/quantum/action_layer.o
                0x0000000000001066                layer_state_set
 .text.layer_clear
                0x000000000000107e        0xa .build/obj_3key_default/quantum/action_layer.o
                0x000000000000107e                layer_clear
 .text.layer_move
                0x0000000000001088       0x4a .build/obj_3key_default/quantum/action_layer.o
                0x0000000000001088                layer_move
 .text.layer_on
                0x00000000000010d2       0x62 .build/obj_3key_default/quantum/action_layer.o
                0x00000000000010d2                layer_on
 .text.layer_off
                0x0000000000001134       0x6a .build/obj_3key_default/quantum/action_layer.o
                0x0000000000001134                layer_off
 .text.layer_invert
                0x000000000000119e       0x62 .build/obj_3key_default/quantum/action_layer.o
                0x000000000000119e                layer_invert
 .text.layer_or
                0x0000000000001200       0x50 .build/obj_3key_default/quantum/action_layer.o
                0x0000000000001200                layer_or
 .text.layer_and
                0x0000000000001250       0x50 .build/obj_3key_default/quantum/action_layer.o
                0x0000000000001250                layer_and
 .text.layer_xor
                0x00000000000012a0       0x50 .build/obj_3key_default/quantum/action_layer.o
                0x00000000000012a0                layer_xor
 .text.layer_debug
                0x00000000000012f0        0x2 .build/obj_3key_default/quantum/action_layer.o
                0x00000000000012f0                layer_debug
 .text.update_source_layers_cache
                0x00000000000012f2       0x5a .build/obj_3key_default/quantum/action_layer.o
                0x00000000000012f2                update_source_layers_cache
 .text.read_source_layers_cache
                0x000000000000134c       0x50 .build/obj_3key_default/quantum/action_layer.o
                0x000000000000134c                read_source_layers_cache
 .text.layer_switch_get_layer
                0x000000000000139c       0x84 .build/obj_3key_default/quantum/action_layer.o
                0x000000000000139c                layer_switch_get_layer
 .text.layer_switch_get_action
                0x0000000000001420       0x18 .build/obj_3key_default/quantum/action_layer.o
                0x0000000000001420                layer_switch_get_action
 .text.store_or_get_action
                0x0000000000001438       0x54 .build/obj_3key_default/quantum/action_layer.o
                0x0000000000001438                store_or_get_action
 .text.action_macro_play
                0x000000000000148c       0xfc .build/obj_3key_default/quantum/action_macro.o
                0x000000000000148c                action_macro_play
 .text.debug_waiting_buffer
                0x0000000000001588       0x42 .build/obj_3key_default/quantum/action_tapping.o
 .text.debug_tapping_key
                0x00000000000015ca       0x1c .build/obj_3key_default/quantum/action_tapping.o
 .text.waiting_buffer_scan_tap
                0x00000000000015e6       0xac .build/obj_3key_default/quantum/action_tapping.o
 .text.process_tapping
                0x0000000000001692      0x31e .build/obj_3key_default/quantum/action_tapping.o
 .text.action_tapping_process
                0x00000000000019b0      0x134 .build/obj_3key_default/quantum/action_tapping.o
                0x00000000000019b0                action_tapping_process
 .text.add_key  0x0000000000001ae4        0xe .build/obj_3key_default/quantum/action_util.o
                0x0000000000001ae4                add_key
 .text.del_key  0x0000000000001af2        0xe .build/obj_3key_default/quantum/action_util.o
                0x0000000000001af2                del_key
 .text.clear_keys
                0x0000000000001b00        0xc .build/obj_3key_default/quantum/action_util.o
                0x0000000000001b00                clear_keys
 .text.get_oneshot_layer
                0x0000000000001b0c        0xc .build/obj_3key_default/quantum/action_util.o
                0x0000000000001b0c                get_oneshot_layer
 .text.get_oneshot_layer_state
                0x0000000000001b18        0x8 .build/obj_3key_default/quantum/action_util.o
                0x0000000000001b18                get_oneshot_layer_state
 .text.is_oneshot_layer_active
                0x0000000000001b20        0xe .build/obj_3key_default/quantum/action_util.o
                0x0000000000001b20                is_oneshot_layer_active
 .text.oneshot_set
                0x0000000000001b2e       0x24 .build/obj_3key_default/quantum/action_util.o
                0x0000000000001b2e                oneshot_set
 .text.oneshot_toggle
                0x0000000000001b52       0x12 .build/obj_3key_default/quantum/action_util.o
                0x0000000000001b52                oneshot_toggle
 .text.oneshot_enable
                0x0000000000001b64        0x6 .build/obj_3key_default/quantum/action_util.o
                0x0000000000001b64                oneshot_enable
 .text.oneshot_disable
                0x0000000000001b6a        0x6 .build/obj_3key_default/quantum/action_util.o
                0x0000000000001b6a                oneshot_disable
 .text.get_mods
                0x0000000000001b70        0x6 .build/obj_3key_default/quantum/action_util.o
                0x0000000000001b70                get_mods
 .text.add_mods
                0x0000000000001b76        0xc .build/obj_3key_default/quantum/action_util.o
                0x0000000000001b76                add_mods
 .text.del_mods
                0x0000000000001b82       0x10 .build/obj_3key_default/quantum/action_util.o
                0x0000000000001b82                del_mods
 .text.clear_mods
                0x0000000000001b92        0x6 .build/obj_3key_default/quantum/action_util.o
                0x0000000000001b92                clear_mods
 .text.add_weak_mods
                0x0000000000001b98        0xc .build/obj_3key_default/quantum/action_util.o
                0x0000000000001b98                add_weak_mods
 .text.del_weak_mods
                0x0000000000001ba4       0x10 .build/obj_3key_default/quantum/action_util.o
                0x0000000000001ba4                del_weak_mods
 .text.clear_weak_mods
                0x0000000000001bb4        0x6 .build/obj_3key_default/quantum/action_util.o
                0x0000000000001bb4                clear_weak_mods
 .text.add_macro_mods
                0x0000000000001bba        0xc .build/obj_3key_default/quantum/action_util.o
                0x0000000000001bba                add_macro_mods
 .text.del_macro_mods
                0x0000000000001bc6       0x10 .build/obj_3key_default/quantum/action_util.o
                0x0000000000001bc6                del_macro_mods
 .text.clear_macro_mods
                0x0000000000001bd6        0x6 .build/obj_3key_default/quantum/action_util.o
                0x0000000000001bd6                clear_macro_mods
 .text.get_oneshot_mods
                0x0000000000001bdc        0x6 .build/obj_3key_default/quantum/action_util.o
                0x0000000000001bdc                get_oneshot_mods
 .text.oneshot_mods_changed_user
                0x0000000000001be2        0x2 .build/obj_3key_default/quantum/action_util.o
                0x0000000000001be2                oneshot_mods_changed_user
 .text.oneshot_mods_changed_kb
                0x0000000000001be4        0x4 .build/obj_3key_default/quantum/action_util.o
                0x0000000000001be4                oneshot_mods_changed_kb
 .text.set_oneshot_mods
                0x0000000000001be8       0x1a .build/obj_3key_default/quantum/action_util.o
                0x0000000000001be8                set_oneshot_mods
 .text.clear_oneshot_mods
                0x0000000000001c02       0x14 .build/obj_3key_default/quantum/action_util.o
                0x0000000000001c02                clear_oneshot_mods
 .text.send_keyboard_report
                0x0000000000001c16       0x66 .build/obj_3key_default/quantum/action_util.o
                0x0000000000001c16                send_keyboard_report
 .text.oneshot_layer_changed_user
                0x0000000000001c7c        0x2 .build/obj_3key_default/quantum/action_util.o
                0x0000000000001c7c                oneshot_layer_changed_user
 .text.oneshot_layer_changed_kb
                0x0000000000001c7e        0x4 .build/obj_3key_default/quantum/action_util.o
                0x0000000000001c7e                oneshot_layer_changed_kb
 .text.set_oneshot_layer
                0x0000000000001c82       0x2c .build/obj_3key_default/quantum/action_util.o
                0x0000000000001c82                set_oneshot_layer
 .text.reset_oneshot_layer
                0x0000000000001cae        0xa .build/obj_3key_default/quantum/action_util.o
                0x0000000000001cae                reset_oneshot_layer
 .text.clear_oneshot_layer_state
                0x0000000000001cb8       0x38 .build/obj_3key_default/quantum/action_util.o
                0x0000000000001cb8                clear_oneshot_layer_state
 .text.eeconfig_disable
                0x0000000000001cf0        0xc .build/obj_3key_default/quantum/eeconfig.o
                0x0000000000001cf0                eeconfig_disable
 .text.eeconfig_is_enabled
                0x0000000000001cfc       0x16 .build/obj_3key_default/quantum/eeconfig.o
                0x0000000000001cfc                eeconfig_is_enabled
 .text.eeconfig_read_debug
                0x0000000000001d12        0x8 .build/obj_3key_default/quantum/eeconfig.o
                0x0000000000001d12                eeconfig_read_debug
 .text.eeconfig_read_default_layer
                0x0000000000001d1a        0x8 .build/obj_3key_default/quantum/eeconfig.o
                0x0000000000001d1a                eeconfig_read_default_layer
 .text.eeconfig_read_keymap
                0x0000000000001d22       0x1c .build/obj_3key_default/quantum/eeconfig.o
                0x0000000000001d22                eeconfig_read_keymap
 .text.eeconfig_update_keymap
                0x0000000000001d3e       0x1a .build/obj_3key_default/quantum/eeconfig.o
                0x0000000000001d3e                eeconfig_update_keymap
 .text.eeconfig_update_kb
                0x0000000000001d58        0xc .build/obj_3key_default/quantum/eeconfig.o
                0x0000000000001d58                eeconfig_update_kb
 .text.eeconfig_update_user
                0x0000000000001d64        0xc .build/obj_3key_default/quantum/eeconfig.o
                0x0000000000001d64                eeconfig_update_user
 .text.eeconfig_init_user
                0x0000000000001d70        0xa .build/obj_3key_default/quantum/eeconfig.o
                0x0000000000001d70                eeconfig_init_user
 .text.eeconfig_init_kb
                0x0000000000001d7a        0xe .build/obj_3key_default/quantum/eeconfig.o
                0x0000000000001d7a                eeconfig_init_kb
 .text.eeconfig_init_quantum
                0x0000000000001d88       0xbe .build/obj_3key_default/quantum/eeconfig.o
                0x0000000000001d88                eeconfig_init_quantum
 .text.eeconfig_init
                0x0000000000001e46        0x4 .build/obj_3key_default/quantum/eeconfig.o
                0x0000000000001e46                eeconfig_init
 .text.eeconfig_update_handedness
                0x0000000000001e4a        0xa .build/obj_3key_default/quantum/eeconfig.o
                0x0000000000001e4a                eeconfig_update_handedness
 .text.last_matrix_activity_trigger
                0x0000000000001e54       0x26 .build/obj_3key_default/quantum/keyboard.o
                0x0000000000001e54                last_matrix_activity_trigger
 .text.disable_jtag
                0x0000000000001e7a        0xe .build/obj_3key_default/quantum/keyboard.o
                0x0000000000001e7a                disable_jtag
 .text.keyboard_pre_init_user
                0x0000000000001e88        0x2 .build/obj_3key_default/quantum/keyboard.o
                0x0000000000001e88                keyboard_pre_init_user
 .text.matrix_setup
                0x0000000000001e8a        0x2 .build/obj_3key_default/quantum/keyboard.o
                0x0000000000001e8a                matrix_setup
 .text.keyboard_pre_init_kb
                0x0000000000001e8c        0x4 .build/obj_3key_default/quantum/keyboard.o
                0x0000000000001e8c                keyboard_pre_init_kb
 .text.keyboard_post_init_user
                0x0000000000001e90        0x2 .build/obj_3key_default/quantum/keyboard.o
                0x0000000000001e90                keyboard_post_init_user
 .text.keyboard_post_init_kb
                0x0000000000001e92        0x4 .build/obj_3key_default/quantum/keyboard.o
                0x0000000000001e92                keyboard_post_init_kb
 .text.keyboard_setup
                0x0000000000001e96       0x14 .build/obj_3key_default/quantum/keyboard.o
                0x0000000000001e96                keyboard_setup
 .text.is_keyboard_master
                0x0000000000001eaa        0x4 .build/obj_3key_default/quantum/keyboard.o
                0x0000000000001eaa                is_keyboard_master
 .text.should_process_keypress
                0x0000000000001eae        0x4 .build/obj_3key_default/quantum/keyboard.o
                0x0000000000001eae                should_process_keypress
 .text.housekeeping_task_kb
                0x0000000000001eb2        0x2 .build/obj_3key_default/quantum/keyboard.o
                0x0000000000001eb2                housekeeping_task_kb
 .text.housekeeping_task_user
                0x0000000000001eb4        0x2 .build/obj_3key_default/quantum/keyboard.o
                0x0000000000001eb4                housekeeping_task_user
 .text.housekeeping_task
                0x0000000000001eb6        0x8 .build/obj_3key_default/quantum/keyboard.o
                0x0000000000001eb6                housekeeping_task
 .text.keyboard_init
                0x0000000000001ebe       0x14 .build/obj_3key_default/quantum/keyboard.o
                0x0000000000001ebe                keyboard_init
 .text.keyboard_task
                0x0000000000001ed2      0x108 .build/obj_3key_default/quantum/keyboard.o
                0x0000000000001ed2                keyboard_task
 .text.action_function
                0x0000000000001fda        0x2 .build/obj_3key_default/quantum/keymap_common.o
                0x0000000000001fda                action_function
 .text.keymap_key_to_keycode
                0x0000000000001fdc       0x26 .build/obj_3key_default/quantum/keymap_common.o
                0x0000000000001fdc                keymap_key_to_keycode
 .text.keymap_function_id_to_action
                0x0000000000002002       0x10 .build/obj_3key_default/quantum/keymap_common.o
                0x0000000000002002                keymap_function_id_to_action
 .text.action_for_keycode
                0x0000000000002012      0x224 .build/obj_3key_default/quantum/keymap_common.o
                0x0000000000002012                action_for_keycode
 .text.action_for_key
                0x0000000000002236        0x8 .build/obj_3key_default/quantum/keymap_common.o
                0x0000000000002236                action_for_key
 .text.keycode_config
                0x000000000000223e      0x130 .build/obj_3key_default/quantum/keycode_config.o
                0x000000000000223e                keycode_config
 .text.mod_config
                0x000000000000236e       0x86 .build/obj_3key_default/quantum/keycode_config.o
                0x000000000000236e                mod_config
 .text.sendchar
                0x00000000000023f4        0x4 .build/obj_3key_default/quantum/logging/sendchar.o
                0x00000000000023f4                sendchar
 .text.bootmagic_lite_reset_eeprom
                0x00000000000023f8        0x4 .build/obj_3key_default/quantum/bootmagic/bootmagic_lite.o
                0x00000000000023f8                bootmagic_lite_reset_eeprom
 .text.bootmagic_lite
                0x00000000000023fc       0x2e .build/obj_3key_default/quantum/bootmagic/bootmagic_lite.o
                0x00000000000023fc                bootmagic_lite
 .text.bootmagic
                0x000000000000242a        0x4 .build/obj_3key_default/quantum/bootmagic/bootmagic_lite.o
                0x000000000000242a                bootmagic
 .text.magic    0x000000000000242e       0x70 .build/obj_3key_default/quantum/bootmagic/magic.o
                0x000000000000242e                magic
 .text.matrix_init_kb
                0x000000000000249e        0x4 .build/obj_3key_default/quantum/matrix_common.o
                0x000000000000249e                matrix_init_kb
 .text.matrix_scan_kb
                0x00000000000024a2        0x4 .build/obj_3key_default/quantum/matrix_common.o
                0x00000000000024a2                matrix_scan_kb
 .text.matrix_get_row
                0x00000000000024a6        0xc .build/obj_3key_default/quantum/matrix_common.o
                0x00000000000024a6                matrix_get_row
 .text.matrix_print
                0x00000000000024b2        0x2 .build/obj_3key_default/quantum/matrix_common.o
                0x00000000000024b2                matrix_print
 .text.matrix_io_delay
                0x00000000000024b4        0x8 .build/obj_3key_default/quantum/matrix_common.o
                0x00000000000024b4                matrix_io_delay
 .text.matrix_output_select_delay
                0x00000000000024bc        0x4 .build/obj_3key_default/quantum/matrix_common.o
                0x00000000000024bc                matrix_output_select_delay
 .text.matrix_output_unselect_delay
                0x00000000000024c0        0x4 .build/obj_3key_default/quantum/matrix_common.o
                0x00000000000024c0                matrix_output_unselect_delay
 .text.setPinInputHigh_atomic
                0x00000000000024c4       0x32 .build/obj_3key_default/quantum/matrix.o
 .text.matrix_init_pins
                0x00000000000024f6       0x18 .build/obj_3key_default/quantum/matrix.o
                0x00000000000024f6                matrix_init_pins
 .text.matrix_read_rows_on_col
                0x000000000000250e       0xa6 .build/obj_3key_default/quantum/matrix.o
                0x000000000000250e                matrix_read_rows_on_col
 .text.matrix_init
                0x00000000000025b4       0x16 .build/obj_3key_default/quantum/matrix.o
                0x00000000000025b4                matrix_init
 .text.matrix_scan
                0x00000000000025ca       0x60 .build/obj_3key_default/quantum/matrix.o
                0x00000000000025ca                matrix_scan
 .text.debounce_init
                0x000000000000262a        0x2 .build/obj_3key_default/quantum/debounce/sym_defer_g.o
                0x000000000000262a                debounce_init
 .text.debounce
                0x000000000000262c       0x6c .build/obj_3key_default/quantum/debounce/sym_defer_g.o
                0x000000000000262c                debounce
 .text.startup.main
                0x0000000000002698       0x16 .build/obj_3key_default/quantum/main.o
                0x0000000000002698                main
 .text.move_unit
                0x00000000000026ae       0x94 .build/obj_3key_default/quantum/mousekey.o
 .text.wheel_unit
                0x0000000000002742       0x72 .build/obj_3key_default/quantum/mousekey.o
 .text.mousekey_on
                0x00000000000027b4       0x92 .build/obj_3key_default/quantum/mousekey.o
                0x00000000000027b4                mousekey_on
 .text.mousekey_off
                0x0000000000002846       0xf2 .build/obj_3key_default/quantum/mousekey.o
                0x0000000000002846                mousekey_off
 .text.mousekey_send
                0x0000000000002938       0x34 .build/obj_3key_default/quantum/mousekey.o
                0x0000000000002938                mousekey_send
 .text.mousekey_task
                0x000000000000296c      0x222 .build/obj_3key_default/quantum/mousekey.o
                0x000000000000296c                mousekey_task
 .text.mousekey_clear
                0x0000000000002b8e       0x1c .build/obj_3key_default/quantum/mousekey.o
                0x0000000000002b8e                mousekey_clear
 .text.hsv_to_rgb_impl
                0x0000000000002baa      0x146 .build/obj_3key_default/quantum/color.o
                0x0000000000002baa                hsv_to_rgb_impl
 .text.hsv_to_rgb
                0x0000000000002cf0        0x6 .build/obj_3key_default/quantum/color.o
                0x0000000000002cf0                hsv_to_rgb
 .text.rgblight_effect_dummy
                0x0000000000002cf6        0x2 .build/obj_3key_default/quantum/rgblight/rgblight.o
 .text.rgblight_hsv_to_rgb
                0x0000000000002cf8        0x4 .build/obj_3key_default/quantum/rgblight/rgblight.o
                0x0000000000002cf8                rgblight_hsv_to_rgb
 .text.sethsv_raw
                0x0000000000002cfc       0x1e .build/obj_3key_default/quantum/rgblight/rgblight.o
                0x0000000000002cfc                sethsv_raw
 .text.rgblight_check_config
                0x0000000000002d1a       0x1e .build/obj_3key_default/quantum/rgblight/rgblight.o
                0x0000000000002d1a                rgblight_check_config
 .text.eeconfig_read_rgblight
                0x0000000000002d38        0x8 .build/obj_3key_default/quantum/rgblight/rgblight.o
                0x0000000000002d38                eeconfig_read_rgblight
 .text.eeconfig_update_rgblight
                0x0000000000002d40       0x28 .build/obj_3key_default/quantum/rgblight/rgblight.o
                0x0000000000002d40                eeconfig_update_rgblight
 .text.eeconfig_update_rgblight_default
                0x0000000000002d68       0x20 .build/obj_3key_default/quantum/rgblight/rgblight.o
                0x0000000000002d68                eeconfig_update_rgblight_default
 .text.rgblight_get_mode
                0x0000000000002d88       0x10 .build/obj_3key_default/quantum/rgblight/rgblight.o
                0x0000000000002d88                rgblight_get_mode
 .text.rgblight_increase_speed_helper
                0x0000000000002d98       0x58 .build/obj_3key_default/quantum/rgblight/rgblight.o
                0x0000000000002d98                rgblight_increase_speed_helper
 .text.rgblight_increase_speed
                0x0000000000002df0        0x6 .build/obj_3key_default/quantum/rgblight/rgblight.o
                0x0000000000002df0                rgblight_increase_speed
 .text.rgblight_decrease_speed_helper
                0x0000000000002df6       0x58 .build/obj_3key_default/quantum/rgblight/rgblight.o
                0x0000000000002df6                rgblight_decrease_speed_helper
 .text.rgblight_decrease_speed
                0x0000000000002e4e        0x6 .build/obj_3key_default/quantum/rgblight/rgblight.o
                0x0000000000002e4e                rgblight_decrease_speed
 .text.rgblight_get_layer_state
                0x0000000000002e54       0x1a .build/obj_3key_default/quantum/rgblight/rgblight.o
                0x0000000000002e54                rgblight_get_layer_state
 .text.rgblight_call_driver
                0x0000000000002e6e        0x6 .build/obj_3key_default/quantum/rgblight/rgblight.o
                0x0000000000002e6e                rgblight_call_driver
 .text.rgblight_set
                0x0000000000002e74      0x130 .build/obj_3key_default/quantum/rgblight/rgblight.o
                0x0000000000002e74                rgblight_set
 .text.rgblight_setrgb
                0x0000000000002fa4       0x32 .build/obj_3key_default/quantum/rgblight/rgblight.o
                0x0000000000002fa4                rgblight_setrgb
 .text.rgblight_sethsv_noeeprom_old
                0x0000000000002fd6       0x3e .build/obj_3key_default/quantum/rgblight/rgblight.o
                0x0000000000002fd6                rgblight_sethsv_noeeprom_old
 .text.rgblight_effect_breathing
                0x0000000000003014       0x28 .build/obj_3key_default/quantum/rgblight/rgblight.o
                0x0000000000003014                rgblight_effect_breathing
 .text.rgblight_effect_rainbow_mood
                0x000000000000303c       0x20 .build/obj_3key_default/quantum/rgblight/rgblight.o
                0x000000000000303c                rgblight_effect_rainbow_mood
 .text.rgblight_effect_rgbtest
                0x000000000000305c       0x80 .build/obj_3key_default/quantum/rgblight/rgblight.o
                0x000000000000305c                rgblight_effect_rgbtest
 .text.rgblight_sethsv_eeprom_helper
                0x00000000000030dc      0x158 .build/obj_3key_default/quantum/rgblight/rgblight.o
                0x00000000000030dc                rgblight_sethsv_eeprom_helper
 .text.rgblight_increase_hue_helper
                0x0000000000003234       0x12 .build/obj_3key_default/quantum/rgblight/rgblight.o
                0x0000000000003234                rgblight_increase_hue_helper
 .text.rgblight_increase_hue
                0x0000000000003246        0x6 .build/obj_3key_default/quantum/rgblight/rgblight.o
                0x0000000000003246                rgblight_increase_hue
 .text.rgblight_decrease_hue_helper
                0x000000000000324c       0x12 .build/obj_3key_default/quantum/rgblight/rgblight.o
                0x000000000000324c                rgblight_decrease_hue_helper
 .text.rgblight_decrease_hue
                0x000000000000325e        0x6 .build/obj_3key_default/quantum/rgblight/rgblight.o
                0x000000000000325e                rgblight_decrease_hue
 .text.rgblight_increase_sat_helper
                0x0000000000003264       0x18 .build/obj_3key_default/quantum/rgblight/rgblight.o
                0x0000000000003264                rgblight_increase_sat_helper
 .text.rgblight_increase_sat
                0x000000000000327c        0x6 .build/obj_3key_default/quantum/rgblight/rgblight.o
                0x000000000000327c                rgblight_increase_sat
 .text.rgblight_decrease_sat_helper
                0x0000000000003282       0x18 .build/obj_3key_default/quantum/rgblight/rgblight.o
                0x0000000000003282                rgblight_decrease_sat_helper
 .text.rgblight_decrease_sat
                0x000000000000329a        0x6 .build/obj_3key_default/quantum/rgblight/rgblight.o
                0x000000000000329a                rgblight_decrease_sat
 .text.rgblight_increase_val_helper
                0x00000000000032a0       0x18 .build/obj_3key_default/quantum/rgblight/rgblight.o
                0x00000000000032a0                rgblight_increase_val_helper
 .text.rgblight_increase_val
                0x00000000000032b8        0x6 .build/obj_3key_default/quantum/rgblight/rgblight.o
                0x00000000000032b8                rgblight_increase_val
 .text.rgblight_decrease_val_helper
                0x00000000000032be       0x18 .build/obj_3key_default/quantum/rgblight/rgblight.o
                0x00000000000032be                rgblight_decrease_val_helper
 .text.rgblight_decrease_val
                0x00000000000032d6        0x6 .build/obj_3key_default/quantum/rgblight/rgblight.o
                0x00000000000032d6                rgblight_decrease_val
 .text.rgblight_sethsv_noeeprom
                0x00000000000032dc        0x6 .build/obj_3key_default/quantum/rgblight/rgblight.o
                0x00000000000032dc                rgblight_sethsv_noeeprom
 .text.rgblight_effect_rainbow_swirl
                0x00000000000032e2       0x76 .build/obj_3key_default/quantum/rgblight/rgblight.o
                0x00000000000032e2                rgblight_effect_rainbow_swirl
 .text.rgblight_effect_snake
                0x0000000000003358       0xe6 .build/obj_3key_default/quantum/rgblight/rgblight.o
                0x0000000000003358                rgblight_effect_snake
 .text.rgblight_effect_knight
                0x000000000000343e       0xde .build/obj_3key_default/quantum/rgblight/rgblight.o
                0x000000000000343e                rgblight_effect_knight
 .text.rgblight_effect_christmas
                0x000000000000351c      0x14c .build/obj_3key_default/quantum/rgblight/rgblight.o
                0x000000000000351c                rgblight_effect_christmas
 .text.rgblight_effect_alternating
                0x0000000000003668       0x7a .build/obj_3key_default/quantum/rgblight/rgblight.o
                0x0000000000003668                rgblight_effect_alternating
 .text.rgblight_disable
                0x00000000000036e2       0x54 .build/obj_3key_default/quantum/rgblight/rgblight.o
                0x00000000000036e2                rgblight_disable
 .text.rgblight_timer_enable
                0x0000000000003736       0x2c .build/obj_3key_default/quantum/rgblight/rgblight.o
                0x0000000000003736                rgblight_timer_enable
 .text.rgblight_mode_eeprom_helper
                0x0000000000003762       0xaa .build/obj_3key_default/quantum/rgblight/rgblight.o
                0x0000000000003762                rgblight_mode_eeprom_helper
 .text.rgblight_step_helper
                0x000000000000380c       0x14 .build/obj_3key_default/quantum/rgblight/rgblight.o
                0x000000000000380c                rgblight_step_helper
 .text.rgblight_step
                0x0000000000003820        0x6 .build/obj_3key_default/quantum/rgblight/rgblight.o
                0x0000000000003820                rgblight_step
 .text.rgblight_step_reverse_helper
                0x0000000000003826       0x16 .build/obj_3key_default/quantum/rgblight/rgblight.o
                0x0000000000003826                rgblight_step_reverse_helper
 .text.rgblight_step_reverse
                0x000000000000383c        0x6 .build/obj_3key_default/quantum/rgblight/rgblight.o
                0x000000000000383c                rgblight_step_reverse
 .text.rgblight_mode
                0x0000000000003842        0x6 .build/obj_3key_default/quantum/rgblight/rgblight.o
                0x0000000000003842                rgblight_mode
 .text.rgblight_enable
                0x0000000000003848       0x10 .build/obj_3key_default/quantum/rgblight/rgblight.o
                0x0000000000003848                rgblight_enable
 .text.rgblight_toggle
                0x0000000000003858        0xe .build/obj_3key_default/quantum/rgblight/rgblight.o
                0x0000000000003858                rgblight_toggle
 .text.rgblight_mode_noeeprom
                0x0000000000003866        0x6 .build/obj_3key_default/quantum/rgblight/rgblight.o
                0x0000000000003866                rgblight_mode_noeeprom
 .text.rgblight_init
                0x000000000000386c       0x66 .build/obj_3key_default/quantum/rgblight/rgblight.o
                0x000000000000386c                rgblight_init
 .text.rgblight_task
                0x00000000000038d2      0x130 .build/obj_3key_default/quantum/rgblight/rgblight.o
                0x00000000000038d2                rgblight_task
 .text.handleKeycodeRGB
                0x0000000000003a02        0xa .build/obj_3key_default/quantum/process_keycode/process_rgb.o
 .text.handleKeycodeRGBMode
                0x0000000000003a0c       0x2a .build/obj_3key_default/quantum/process_keycode/process_rgb.o
 .text.process_rgb
                0x0000000000003a36       0xfa .build/obj_3key_default/quantum/process_keycode/process_rgb.o
                0x0000000000003a36                process_rgb
 .text.eeconfig_read_backlight
                0x0000000000003b30        0x8 .build/obj_3key_default/quantum/backlight/backlight.o
                0x0000000000003b30                eeconfig_read_backlight
 .text.eeconfig_update_backlight
                0x0000000000003b38        0xa .build/obj_3key_default/quantum/backlight/backlight.o
                0x0000000000003b38                eeconfig_update_backlight
 .text.eeconfig_update_backlight_default
                0x0000000000003b42       0x10 .build/obj_3key_default/quantum/backlight/backlight.o
                0x0000000000003b42                eeconfig_update_backlight_default
 .text.backlight_init
                0x0000000000003b52       0x3c .build/obj_3key_default/quantum/backlight/backlight.o
                0x0000000000003b52                backlight_init
 .text.backlight_increase
                0x0000000000003b8e       0x3c .build/obj_3key_default/quantum/backlight/backlight.o
                0x0000000000003b8e                backlight_increase
 .text.backlight_decrease
                0x0000000000003bca       0x36 .build/obj_3key_default/quantum/backlight/backlight.o
                0x0000000000003bca                backlight_decrease
 .text.backlight_enable
                0x0000000000003c00       0x30 .build/obj_3key_default/quantum/backlight/backlight.o
                0x0000000000003c00                backlight_enable
 .text.backlight_disable
                0x0000000000003c30       0x1a .build/obj_3key_default/quantum/backlight/backlight.o
                0x0000000000003c30                backlight_disable
 .text.backlight_toggle
                0x0000000000003c4a        0xe .build/obj_3key_default/quantum/backlight/backlight.o
                0x0000000000003c4a                backlight_toggle
 .text.backlight_step
                0x0000000000003c58       0x4c .build/obj_3key_default/quantum/backlight/backlight.o
                0x0000000000003c58                backlight_step
 .text.backlight_level_noeeprom
                0x0000000000003ca4       0x32 .build/obj_3key_default/quantum/backlight/backlight.o
                0x0000000000003ca4                backlight_level_noeeprom
 .text.backlight_level
                0x0000000000003cd6        0xc .build/obj_3key_default/quantum/backlight/backlight.o
                0x0000000000003cd6                backlight_level
 .text.process_backlight
                0x0000000000003ce2       0x66 .build/obj_3key_default/quantum/process_keycode/process_backlight.o
                0x0000000000003ce2                process_backlight
 .text.backlight_pins_init
                0x0000000000003d48        0x6 .build/obj_3key_default/quantum/backlight/backlight_driver_common.o
                0x0000000000003d48                backlight_pins_init
 .text.backlight_pins_off
                0x0000000000003d4e        0x4 .build/obj_3key_default/quantum/backlight/backlight_driver_common.o
                0x0000000000003d4e                backlight_pins_off
 .text.backlight_set
                0x0000000000003d52       0xda .build/obj_3key_default/quantum/backlight/backlight_avr.o
                0x0000000000003d52                backlight_set
 .text.backlight_task
                0x0000000000003e2c        0x2 .build/obj_3key_default/quantum/backlight/backlight_avr.o
                0x0000000000003e2c                backlight_task
 .text.backlight_init_ports
                0x0000000000003e2e       0x20 .build/obj_3key_default/quantum/backlight/backlight_avr.o
                0x0000000000003e2e                backlight_init_ports
 .text.ws2812_setleds
                0x0000000000003e4e       0x5c .build/obj_3key_default/ws2812.o
                0x0000000000003e4e                ws2812_setleds
 .text.perform_space_cadet
                0x0000000000003eaa       0xd8 .build/obj_3key_default/quantum/process_keycode/process_space_cadet.o
                0x0000000000003eaa                perform_space_cadet
 .text.process_space_cadet
                0x0000000000003f82       0xaa .build/obj_3key_default/quantum/process_keycode/process_space_cadet.o
                0x0000000000003f82                process_space_cadet
 .text.process_magic
                0x000000000000402c      0x1d2 .build/obj_3key_default/quantum/process_keycode/process_magic.o
                0x000000000000402c                process_magic
 .text.process_grave_esc
                0x00000000000041fe       0x54 .build/obj_3key_default/quantum/process_keycode/process_grave_esc.o
                0x00000000000041fe                process_grave_esc
 .text.host_set_driver
                0x0000000000004252        0xa .build/obj_3key_default/common/host.o
                0x0000000000004252                host_set_driver
 .text.host_keyboard_leds
                0x000000000000425c       0x18 .build/obj_3key_default/common/host.o
                0x000000000000425c                host_keyboard_leds
 .text.host_keyboard_send
                0x0000000000004274       0x36 .build/obj_3key_default/common/host.o
                0x0000000000004274                host_keyboard_send
 .text.host_mouse_send
                0x00000000000042aa       0x1e .build/obj_3key_default/common/host.o
                0x00000000000042aa                host_mouse_send
 .text.host_system_send
                0x00000000000042c8       0x2c .build/obj_3key_default/common/host.o
                0x00000000000042c8                host_system_send
 .text.host_consumer_send
                0x00000000000042f4       0x2c .build/obj_3key_default/common/host.o
                0x00000000000042f4                host_consumer_send
 .text.has_anykey
                0x0000000000004320       0x28 .build/obj_3key_default/common/report.o
                0x0000000000004320                has_anykey
 .text.is_key_pressed
                0x0000000000004348       0x64 .build/obj_3key_default/common/report.o
                0x0000000000004348                is_key_pressed
 .text.add_key_byte
                0x00000000000043ac       0x34 .build/obj_3key_default/common/report.o
                0x00000000000043ac                add_key_byte
 .text.del_key_byte
                0x00000000000043e0       0x1e .build/obj_3key_default/common/report.o
                0x00000000000043e0                del_key_byte
 .text.add_key_bit
                0x00000000000043fe       0x28 .build/obj_3key_default/common/report.o
                0x00000000000043fe                add_key_bit
 .text.del_key_bit
                0x0000000000004426       0x2a .build/obj_3key_default/common/report.o
                0x0000000000004426                del_key_bit
 .text.add_key_to_report
                0x0000000000004450       0x16 .build/obj_3key_default/common/report.o
                0x0000000000004450                add_key_to_report
 .text.del_key_from_report
                0x0000000000004466       0x16 .build/obj_3key_default/common/report.o
                0x0000000000004466                del_key_from_report
 .text.clear_keys_from_report
                0x000000000000447c       0x24 .build/obj_3key_default/common/report.o
                0x000000000000447c                clear_keys_from_report
 .text.platform_setup
                0x00000000000044a0        0x2 .build/obj_3key_default/common/avr/platform.o
                0x00000000000044a0                platform_setup
 .text.matrix_power_up
                0x00000000000044a2        0x2 .build/obj_3key_default/common/avr/suspend.o
                0x00000000000044a2                matrix_power_up
 .text.suspend_power_down_user
                0x00000000000044a4        0x2 .build/obj_3key_default/common/avr/suspend.o
                0x00000000000044a4                suspend_power_down_user
 .text.suspend_power_down_kb
                0x00000000000044a6        0x4 .build/obj_3key_default/common/avr/suspend.o
                0x00000000000044a6                suspend_power_down_kb
 .text.suspend_power_down
                0x00000000000044aa       0x62 .build/obj_3key_default/common/avr/suspend.o
                0x00000000000044aa                suspend_power_down
 .text.matrix_power_down
                0x000000000000450c        0x2 .build/obj_3key_default/common/avr/suspend.o
                0x000000000000450c                matrix_power_down
 .text.suspend_wakeup_condition
                0x000000000000450e       0x1e .build/obj_3key_default/common/avr/suspend.o
                0x000000000000450e                suspend_wakeup_condition
 .text.suspend_wakeup_init_user
                0x000000000000452c        0x2 .build/obj_3key_default/common/avr/suspend.o
                0x000000000000452c                suspend_wakeup_init_user
 .text.suspend_wakeup_init_kb
                0x000000000000452e        0x4 .build/obj_3key_default/common/avr/suspend.o
                0x000000000000452e                suspend_wakeup_init_kb
 .text.suspend_wakeup_init
                0x0000000000004532       0x14 .build/obj_3key_default/common/avr/suspend.o
                0x0000000000004532                suspend_wakeup_init
 .text.__vector_12
                0x0000000000004546       0x4e .build/obj_3key_default/common/avr/suspend.o
                0x0000000000004546                __vector_12
 .text.timer_init
                0x0000000000004594       0x12 .build/obj_3key_default/common/avr/timer.o
                0x0000000000004594                timer_init
 .text.timer_read
                0x00000000000045a6       0x18 .build/obj_3key_default/common/avr/timer.o
                0x00000000000045a6                timer_read
 .text.timer_read32
                0x00000000000045be       0x40 .build/obj_3key_default/common/avr/timer.o
                0x00000000000045be                timer_read32
 .text.timer_elapsed
                0x00000000000045fe       0x1e .build/obj_3key_default/common/avr/timer.o
                0x00000000000045fe                timer_elapsed
 .text.__vector_21
                0x000000000000461c       0x48 .build/obj_3key_default/common/avr/timer.o
                0x000000000000461c                __vector_21
 .text.bootloader_jump
                0x0000000000004664       0x48 .build/obj_3key_default/common/avr/bootloader.o
                0x0000000000004664                bootloader_jump
 .text.print_set_sendchar
                0x00000000000046ac        0xa .build/obj_3key_default/common/avr/printf.o
                0x00000000000046ac                print_set_sendchar
 .text.keyboard_leds
                0x00000000000046b6        0x6 .build/obj_3key_default/lufa.o
 .text.send_extra
                0x00000000000046bc       0x56 .build/obj_3key_default/lufa.o
 .text.send_consumer
                0x0000000000004712        0x8 .build/obj_3key_default/lufa.o
 .text.send_system
                0x000000000000471a        0x8 .build/obj_3key_default/lufa.o
 .text.send_mouse
                0x0000000000004722       0x3e .build/obj_3key_default/lufa.o
 .text.send_keyboard
                0x0000000000004760       0x86 .build/obj_3key_default/lufa.o
 .text.EVENT_USB_Device_Connect
                0x00000000000047e6       0x1c .build/obj_3key_default/lufa.o
                0x00000000000047e6                EVENT_USB_Device_Connect
 .text.EVENT_USB_Device_Disconnect
                0x0000000000004802        0x6 .build/obj_3key_default/lufa.o
                0x0000000000004802                EVENT_USB_Device_Disconnect
 .text.EVENT_USB_Device_Reset
                0x0000000000004808        0x2 .build/obj_3key_default/lufa.o
                0x0000000000004808                EVENT_USB_Device_Reset
 .text.EVENT_USB_Device_Suspend
                0x000000000000480a        0x2 .build/obj_3key_default/lufa.o
                0x000000000000480a                EVENT_USB_Device_Suspend
 .text.EVENT_USB_Device_WakeUp
                0x000000000000480c        0x2 .build/obj_3key_default/lufa.o
                0x000000000000480c                EVENT_USB_Device_WakeUp
 .text.EVENT_USB_Device_ConfigurationChanged
                0x000000000000480e       0x14 .build/obj_3key_default/lufa.o
                0x000000000000480e                EVENT_USB_Device_ConfigurationChanged
 .text.EVENT_USB_Device_ControlRequest
                0x0000000000004822      0x16c .build/obj_3key_default/lufa.o
                0x0000000000004822                EVENT_USB_Device_ControlRequest
 .text.protocol_setup
                0x000000000000498e       0x32 .build/obj_3key_default/lufa.o
                0x000000000000498e                protocol_setup
 .text.protocol_init
                0x00000000000049c0       0x24 .build/obj_3key_default/lufa.o
                0x00000000000049c0                protocol_init
 .text.protocol_task
                0x00000000000049e4       0x36 .build/obj_3key_default/lufa.o
                0x00000000000049e4                protocol_task
 .text.CALLBACK_USB_GetDescriptor
                0x0000000000004a1a        0x4 .build/obj_3key_default/lufa.o
                0x0000000000004a1a                CALLBACK_USB_GetDescriptor
 .text.get_usb_descriptor
                0x0000000000004a1e       0xb4 .build/obj_3key_default/usb_descriptor.o
                0x0000000000004a1e                get_usb_descriptor
 .text.USB_Device_SendRemoteWakeup
                0x0000000000004ad2       0x2c .build/obj_3key_default/lib/lufa/LUFA/Drivers/USB/Core/AVR8/Device_AVR8.o
                0x0000000000004ad2                USB_Device_SendRemoteWakeup
 .text.Endpoint_Write_Stream_LE
                0x0000000000004afe       0x9e .build/obj_3key_default/lib/lufa/LUFA/Drivers/USB/Core/AVR8/EndpointStream_AVR8.o
                0x0000000000004afe                Endpoint_Write_Stream_LE
 .text.Endpoint_Write_Control_Stream_LE
                0x0000000000004b9c       0xb4 .build/obj_3key_default/lib/lufa/LUFA/Drivers/USB/Core/AVR8/EndpointStream_AVR8.o
                0x0000000000004b9c                Endpoint_Write_Control_Stream_LE
 .text.Endpoint_Write_Control_PStream_LE
                0x0000000000004c50       0xb6 .build/obj_3key_default/lib/lufa/LUFA/Drivers/USB/Core/AVR8/EndpointStream_AVR8.o
                0x0000000000004c50                Endpoint_Write_Control_PStream_LE
 .text.Endpoint_ConfigureEndpoint_Prv
                0x0000000000004d06       0x68 .build/obj_3key_default/lib/lufa/LUFA/Drivers/USB/Core/AVR8/Endpoint_AVR8.o
                0x0000000000004d06                Endpoint_ConfigureEndpoint_Prv
 .text.Endpoint_ClearStatusStage
                0x0000000000004d6e       0x3e .build/obj_3key_default/lib/lufa/LUFA/Drivers/USB/Core/AVR8/Endpoint_AVR8.o
                0x0000000000004d6e                Endpoint_ClearStatusStage
 .text.Endpoint_WaitUntilReady
                0x0000000000004dac       0x62 .build/obj_3key_default/lib/lufa/LUFA/Drivers/USB/Core/AVR8/Endpoint_AVR8.o
                0x0000000000004dac                Endpoint_WaitUntilReady
 .text.USB_Disable
                0x0000000000004e0e       0x34 .build/obj_3key_default/lib/lufa/LUFA/Drivers/USB/Core/AVR8/USBController_AVR8.o
                0x0000000000004e0e                USB_Disable
 .text.USB_ResetInterface
                0x0000000000004e42       0x86 .build/obj_3key_default/lib/lufa/LUFA/Drivers/USB/Core/AVR8/USBController_AVR8.o
                0x0000000000004e42                USB_ResetInterface
 .text.USB_Init
                0x0000000000004ec8       0x22 .build/obj_3key_default/lib/lufa/LUFA/Drivers/USB/Core/AVR8/USBController_AVR8.o
                0x0000000000004ec8                USB_Init
 .text.USB_INT_DisableAllInterrupts
                0x0000000000004eea       0x10 .build/obj_3key_default/lib/lufa/LUFA/Drivers/USB/Core/AVR8/USBInterrupt_AVR8.o
                0x0000000000004eea                USB_INT_DisableAllInterrupts
 .text.USB_INT_ClearAllInterrupts
                0x0000000000004efa        0xa .build/obj_3key_default/lib/lufa/LUFA/Drivers/USB/Core/AVR8/USBInterrupt_AVR8.o
                0x0000000000004efa                USB_INT_ClearAllInterrupts
 .text.__vector_10
                0x0000000000004f04      0x1a6 .build/obj_3key_default/lib/lufa/LUFA/Drivers/USB/Core/AVR8/USBInterrupt_AVR8.o
                0x0000000000004f04                __vector_10
 .text.__vector_11
                0x00000000000050aa       0x92 .build/obj_3key_default/lib/lufa/LUFA/Drivers/USB/Core/AVR8/USBInterrupt_AVR8.o
                0x00000000000050aa                __vector_11
 .text.USB_Device_ProcessControlRequest
                0x000000000000513c      0x2a2 .build/obj_3key_default/lib/lufa/LUFA/Drivers/USB/Core/DeviceStandardReq.o
                0x000000000000513c                USB_Device_ProcessControlRequest
 .text.USB_Event_Stub
                0x00000000000053de        0x2 .build/obj_3key_default/lib/lufa/LUFA/Drivers/USB/Core/Events.o
                0x00000000000053de                USB_Event_Stub
                0x00000000000053de                EVENT_USB_Device_StartOfFrame
 .text.USB_USBTask
                0x00000000000053e0       0x34 .build/obj_3key_default/lib/lufa/LUFA/Drivers/USB/Core/USBTask.o
                0x00000000000053e0                USB_USBTask
 .text.libgcc.mul
                0x0000000000005414       0x20 /usr/lib/gcc/avr/11.2.0/avr5/libgcc.a(_mulsi3.o)
                0x0000000000005414                __mulsi3
 .text.libgcc.div
                0x0000000000005434       0x28 /usr/lib/gcc/avr/11.2.0/avr5/libgcc.a(_udivmodhi4.o)
                0x0000000000005434                __udivmodhi4
 .text.libgcc.div
                0x000000000000545c       0x28 /usr/lib/gcc/avr/11.2.0/avr5/libgcc.a(_divmodhi4.o)
                0x000000000000545c                __divmodhi4
                0x000000000000545c                _div
 .text.libgcc.div
                0x0000000000005484       0x44 /usr/lib/gcc/avr/11.2.0/avr5/libgcc.a(_udivmodsi4.o)
                0x0000000000005484                __udivmodsi4
 .text.libgcc   0x00000000000054c8        0xc /usr/lib/gcc/avr/11.2.0/avr5/libgcc.a(_tablejump2.o)
                0x00000000000054c8                __tablejump2__
 .text.libgcc.mul
                0x00000000000054d4       0x10 /usr/lib/gcc/avr/11.2.0/avr5/libgcc.a(_mulhisi3.o)
                0x00000000000054d4                __mulhisi3
 .text.libgcc.mul
                0x00000000000054e4       0x1e /usr/lib/gcc/avr/11.2.0/avr5/libgcc.a(_umulhisi3.o)
                0x00000000000054e4                __umulhisi3
 .text.libgcc.mul
                0x0000000000005502        0xe /usr/lib/gcc/avr/11.2.0/avr5/libgcc.a(_usmulhisi3.o)
                0x0000000000005502                __usmulhisi3
                0x0000000000005506                __usmulhisi3_tail
 .text.libgcc.mul
                0x0000000000005510       0x16 /usr/lib/gcc/avr/11.2.0/avr5/libgcc.a(_muluhisi3.o)
                0x0000000000005510                __muluhisi3
 .text.libgcc.mul
                0x0000000000005526       0x10 /usr/lib/gcc/avr/11.2.0/avr5/libgcc.a(_mulshisi3.o)
                0x0000000000005526                __mulshisi3
                0x000000000000552c                __mulohisi3
 .text.avr-libc
                0x0000000000005536       0x12 /usr/lib/gcc/avr/11.2.0/../../../../avr/lib/avr5/libc.a(memcpy_P.o)
                0x0000000000005536                memcpy_P
 .text.avr-libc
                0x0000000000005548       0x1a /usr/lib/gcc/avr/11.2.0/../../../../avr/lib/avr5/libc.a(memchr.o)
                0x0000000000005548                memchr
 .text.avr-libc
                0x0000000000005562       0x10 /usr/lib/gcc/avr/11.2.0/../../../../avr/lib/avr5/libatmega32u4.a(eerd_byte.o)
                0x0000000000005562                eeprom_read_byte
 .text.avr-libc
                0x0000000000005572        0xc /usr/lib/gcc/avr/11.2.0/../../../../avr/lib/avr5/libatmega32u4.a(eerd_dword.o)
                0x0000000000005572                eeprom_read_dword
                0x0000000000005572                eeprom_read_float
 .text.avr-libc
                0x000000000000557e        0xc /usr/lib/gcc/avr/11.2.0/../../../../avr/lib/avr5/libatmega32u4.a(eerd_word.o)
                0x000000000000557e                eeprom_read_word
 .text.avr-libc
                0x000000000000558a       0x24 /usr/lib/gcc/avr/11.2.0/../../../../avr/lib/avr5/libatmega32u4.a(eeupd_byte.o)
                0x000000000000558a                eeprom_update_byte
                0x000000000000558c                eeprom_update_r18
 .text.avr-libc
                0x00000000000055ae       0x18 /usr/lib/gcc/avr/11.2.0/../../../../avr/lib/avr5/libatmega32u4.a(eeupd_dword.o)
                0x00000000000055ae                eeprom_update_dword
                0x00000000000055ae                eeprom_update_float
 .text.avr-libc
                0x00000000000055c6        0xc /usr/lib/gcc/avr/11.2.0/../../../../avr/lib/avr5/libatmega32u4.a(eeupd_word.o)
                0x00000000000055c6                eeprom_update_word
 .text.avr-libc
                0x00000000000055d2       0x20 /usr/lib/gcc/avr/11.2.0/../../../../avr/lib/avr5/libatmega32u4.a(eerd_block.o)
                0x00000000000055d2                eeprom_read_block
                0x00000000000055d6                eeprom_read_blraw
                0x00000000000055f2                . = ALIGN (0x2)
 *(.fini9)
 .fini9         0x00000000000055f2        0x0 /usr/lib/gcc/avr/11.2.0/avr5/libgcc.a(_exit.o)
                0x00000000000055f2                exit
                0x00000000000055f2                _exit
 *(.fini9)
 *(.fini8)
 *(.fini8)
 *(.fini7)
 *(.fini7)
 *(.fini6)
 *(.fini6)
 *(.fini5)
 *(.fini5)
 *(.fini4)
 *(.fini4)
 *(.fini3)
 *(.fini3)
 *(.fini2)
 *(.fini2)
 *(.fini1)
 *(.fini1)
 *(.fini0)
 .fini0         0x00000000000055f2        0x4 /usr/lib/gcc/avr/11.2.0/avr5/libgcc.a(_exit.o)
 *(.fini0)
 *(.hightext)
 *(.hightext*)
 *(.progmemx.*)
                0x00000000000055f6                . = ALIGN (0x2)
 *(.jumptables)
 *(.jumptables*)
 .jumptables.gcc.process_action
                0x00000000000055f6       0x20 .build/obj_3key_default/quantum/action.o
 .jumptables.gcc.mousekey_on
                0x0000000000005616       0x26 .build/obj_3key_default/quantum/mousekey.o
 .jumptables.gcc.process_rgb
                0x000000000000563c       0x26 .build/obj_3key_default/quantum/process_keycode/process_rgb.o
 .jumptables.gcc.process_magic
                0x0000000000005662       0x36 .build/obj_3key_default/quantum/process_keycode/process_magic.o
 .jumptables.gcc.USB_Device_ProcessControlRequest
                0x0000000000005698       0x14 .build/obj_3key_default/lib/lufa/LUFA/Drivers/USB/Core/DeviceStandardReq.o
                0x00000000000056ac                _etext = .

.data           0x0000000000800100       0xac load address 0x00000000000056ac
                0x0000000000800100                PROVIDE (__data_start = .)
 *(.data)
 *(.data*)
 .data.keyboard_report
                0x0000000000800100        0x2 .build/obj_3key_default/quantum/action_util.o
                0x0000000000800100                keyboard_report
 .data.mk_wheel_time_to_max
                0x0000000000800102        0x1 .build/obj_3key_default/quantum/mousekey.o
                0x0000000000800102                mk_wheel_time_to_max
 .data.mk_wheel_max_speed
                0x0000000000800103        0x1 .build/obj_3key_default/quantum/mousekey.o
                0x0000000000800103                mk_wheel_max_speed
 .data.mk_wheel_interval
                0x0000000000800104        0x1 .build/obj_3key_default/quantum/mousekey.o
                0x0000000000800104                mk_wheel_interval
 .data.mk_wheel_delay
                0x0000000000800105        0x1 .build/obj_3key_default/quantum/mousekey.o
                0x0000000000800105                mk_wheel_delay
 .data.mk_time_to_max
                0x0000000000800106        0x1 .build/obj_3key_default/quantum/mousekey.o
                0x0000000000800106                mk_time_to_max
 .data.mk_max_speed
                0x0000000000800107        0x1 .build/obj_3key_default/quantum/mousekey.o
                0x0000000000800107                mk_max_speed
 .data.mk_interval
                0x0000000000800108        0x1 .build/obj_3key_default/quantum/mousekey.o
                0x0000000000800108                mk_interval
 .data.mk_delay
                0x0000000000800109        0x1 .build/obj_3key_default/quantum/mousekey.o
                0x0000000000800109                mk_delay
 .data.increment.1
                0x000000000080010a        0x1 .build/obj_3key_default/quantum/rgblight/rgblight.o
 .data.increment.2
                0x000000000080010b        0x1 .build/obj_3key_default/quantum/rgblight/rgblight.o
 .data.high_bound.3
                0x000000000080010c        0x1 .build/obj_3key_default/quantum/rgblight/rgblight.o
 .data.rgblight_ranges
                0x000000000080010d        0x5 .build/obj_3key_default/quantum/rgblight/rgblight.o
                0x000000000080010d                rgblight_ranges
 .data.static_effect_table
                0x0000000000800112        0xb .build/obj_3key_default/quantum/rgblight/rgblight.o
 .data.lufa_driver
                0x000000000080011d        0xa .build/obj_3key_default/lufa.o
                0x000000000080011d                lufa_driver
 .data.keyboard_protocol
                0x0000000000800127        0x1 .build/obj_3key_default/lufa.o
                0x0000000000800127                keyboard_protocol
 *(.gnu.linkonce.d*)
 *(.rodata)
 *(.rodata*)
 .rodata.CSWTCH.14
                0x0000000000800128       0x2e .build/obj_3key_default/quantum/action.o
 .rodata.CSWTCH.2
                0x0000000000800156       0x2e .build/obj_3key_default/quantum/keymap_common.o
 .rodata.col_pins
                0x0000000000800184        0x3 .build/obj_3key_default/quantum/matrix.o
 .rodata.mode_base_table
                0x0000000000800187       0x25 .build/obj_3key_default/quantum/rgblight/rgblight.o
 *(.gnu.linkonce.r*)
                0x00000000008001ac                . = ALIGN (0x2)
                0x00000000008001ac                _edata = .
                0x00000000008001ac                PROVIDE (__data_end = .)

.bss            0x00000000008001ac       0xe8
                0x00000000008001ac                PROVIDE (__bss_start = .)
 *(.bss)
 .bss           0x00000000008001ac        0x2 .build/obj_3key_default/common/avr/xprintf.o
                0x00000000008001ac                xfunc_out
 *(.bss*)
 .bss.disable_action_cache
                0x00000000008001ae        0x1 .build/obj_3key_default/quantum/action.o
                0x00000000008001ae                disable_action_cache
 .bss.source_layers_cache
                0x00000000008001af        0x5 .build/obj_3key_default/quantum/action_layer.o
                0x00000000008001af                source_layers_cache
 .bss.layer_state
                0x00000000008001b4        0x4 .build/obj_3key_default/quantum/action_layer.o
                0x00000000008001b4                layer_state
 .bss.default_layer_state
                0x00000000008001b8        0x4 .build/obj_3key_default/quantum/action_layer.o
                0x00000000008001b8                default_layer_state
 .bss.waiting_buffer_tail
                0x00000000008001bc        0x1 .build/obj_3key_default/quantum/action_tapping.o
 .bss.waiting_buffer_head
                0x00000000008001bd        0x1 .build/obj_3key_default/quantum/action_tapping.o
 .bss.waiting_buffer
                0x00000000008001be       0x30 .build/obj_3key_default/quantum/action_tapping.o
 .bss.tapping_key
                0x00000000008001ee        0x6 .build/obj_3key_default/quantum/action_tapping.o
 .bss.oneshot_layer_data
                0x00000000008001f4        0x1 .build/obj_3key_default/quantum/action_util.o
 .bss.oneshot_mods
                0x00000000008001f5        0x1 .build/obj_3key_default/quantum/action_util.o
 .bss.__compound_literal.0
                0x00000000008001f6       0x20 .build/obj_3key_default/quantum/action_util.o
 .bss.macro_mods
                0x0000000000800216        0x1 .build/obj_3key_default/quantum/action_util.o
 .bss.weak_mods
                0x0000000000800217        0x1 .build/obj_3key_default/quantum/action_util.o
 .bss.real_mods
                0x0000000000800218        0x1 .build/obj_3key_default/quantum/action_util.o
 .bss.led_status.0
                0x0000000000800219        0x1 .build/obj_3key_default/quantum/keyboard.o
 .bss.matrix_prev.1
                0x000000000080021a        0x1 .build/obj_3key_default/quantum/keyboard.o
 .bss.last_matrix_modification_time
                0x000000000080021b        0x4 .build/obj_3key_default/quantum/keyboard.o
 .bss.last_input_modification_time
                0x000000000080021f        0x4 .build/obj_3key_default/quantum/keyboard.o
 .bss.debug_config
                0x0000000000800223        0x1 .build/obj_3key_default/quantum/logging/debug.o
                0x0000000000800223                debug_config
 .bss.debouncing_time
                0x0000000000800224        0x2 .build/obj_3key_default/quantum/debounce/sym_defer_g.o
 .bss.debouncing
                0x0000000000800226        0x1 .build/obj_3key_default/quantum/debounce/sym_defer_g.o
 .bss.last_timer_w
                0x0000000000800227        0x2 .build/obj_3key_default/quantum/mousekey.o
 .bss.last_timer_c
                0x0000000000800229        0x2 .build/obj_3key_default/quantum/mousekey.o
 .bss.mousekey_wheel_repeat
                0x000000000080022b        0x1 .build/obj_3key_default/quantum/mousekey.o
 .bss.mousekey_repeat
                0x000000000080022c        0x1 .build/obj_3key_default/quantum/mousekey.o
 .bss.mousekey_accel
                0x000000000080022d        0x1 .build/obj_3key_default/quantum/mousekey.o
 .bss.mouse_report
                0x000000000080022e        0x6 .build/obj_3key_default/quantum/mousekey.o
 .bss.maxval.0  0x0000000000800234        0x1 .build/obj_3key_default/quantum/rgblight/rgblight.o
 .bss.low_bound.4
                0x0000000000800235        0x1 .build/obj_3key_default/quantum/rgblight/rgblight.o
 .bss.pos.5     0x0000000000800236        0x1 .build/obj_3key_default/quantum/rgblight/rgblight.o
 .bss.rgblight_layers
                0x0000000000800237        0x2 .build/obj_3key_default/quantum/rgblight/rgblight.o
                0x0000000000800237                rgblight_layers
 .bss.animation_status
                0x0000000000800239        0x6 .build/obj_3key_default/quantum/rgblight/rgblight.o
                0x0000000000800239                animation_status
 .bss.is_rgblight_initialized
                0x000000000080023f        0x1 .build/obj_3key_default/quantum/rgblight/rgblight.o
                0x000000000080023f                is_rgblight_initialized
 .bss.rgblight_status
                0x0000000000800240        0x3 .build/obj_3key_default/quantum/rgblight/rgblight.o
                0x0000000000800240                rgblight_status
 .bss.sc_timer  0x0000000000800243        0x2 .build/obj_3key_default/quantum/process_keycode/process_space_cadet.o
 .bss.sc_last   0x0000000000800245        0x1 .build/obj_3key_default/quantum/process_keycode/process_space_cadet.o
 .bss.grave_esc_was_shifted
                0x0000000000800246        0x1 .build/obj_3key_default/quantum/process_keycode/process_grave_esc.o
 .bss.last_consumer_report
                0x0000000000800247        0x2 .build/obj_3key_default/common/host.o
 .bss.last_system_report
                0x0000000000800249        0x2 .build/obj_3key_default/common/host.o
 .bss.driver    0x000000000080024b        0x2 .build/obj_3key_default/common/host.o
 .bss.wdt_timeout
                0x000000000080024d        0x1 .build/obj_3key_default/common/avr/suspend.o
 .bss.r.0       0x000000000080024e        0x3 .build/obj_3key_default/lufa.o
 .bss.keyboard_report_sent
                0x0000000000800251       0x20 .build/obj_3key_default/lufa.o
 .bss.keyboard_led_state
                0x0000000000800271        0x1 .build/obj_3key_default/lufa.o
 .bss.keyboard_idle
                0x0000000000800272        0x1 .build/obj_3key_default/lufa.o
                0x0000000000800272                keyboard_idle
 *(COMMON)
 COMMON         0x0000000000800273        0x2 .build/obj_3key_default/quantum/bootmagic/magic.o
                0x0000000000800273                keymap_config
 COMMON         0x0000000000800275        0x2 .build/obj_3key_default/quantum/matrix_common.o
                0x0000000000800275                raw_matrix
                0x0000000000800276                matrix
 COMMON         0x0000000000800277        0xb .build/obj_3key_default/quantum/rgblight/rgblight.o
                0x0000000000800277                rgblight_config
                0x000000000080027c                led
 COMMON         0x0000000000800282        0x1 .build/obj_3key_default/quantum/backlight/backlight.o
                0x0000000000800282                backlight_config
 COMMON         0x0000000000800283        0x4 .build/obj_3key_default/common/avr/timer.o
                0x0000000000800283                timer_count
 COMMON         0x0000000000800287        0x3 .build/obj_3key_default/lib/lufa/LUFA/Drivers/USB/Core/DeviceStandardReq.o
                0x0000000000800287                USB_Device_ConfigurationNumber
                0x0000000000800288                USB_Device_CurrentlySelfPowered
                0x0000000000800289                USB_Device_RemoteWakeupEnabled
 COMMON         0x000000000080028a        0xa .build/obj_3key_default/lib/lufa/LUFA/Drivers/USB/Core/USBTask.o
                0x000000000080028a                USB_IsInitialized
                0x000000000080028b                USB_DeviceState
                0x000000000080028c                USB_ControlRequest
                0x0000000000800294                PROVIDE (__bss_end = .)
                0x00000000000056ac                __data_load_start = LOADADDR (.data)
                0x0000000000005758                __data_load_end = (__data_load_start + SIZEOF (.data))

.noinit         0x0000000000800294        0x4
                [!provide]                        PROVIDE (__noinit_start = .)
 *(.noinit .noinit.* .gnu.linkonce.n.*)
 .noinit        0x0000000000800294        0x4 .build/obj_3key_default/common/avr/bootloader.o
                0x0000000000800294                reset_key
                [!provide]                        PROVIDE (__noinit_end = .)
                0x0000000000800298                _end = .
                [!provide]                        PROVIDE (__heap_start = .)

.eeprom         0x0000000000810000        0x0
 *(.eeprom*)
                0x0000000000810000                __eeprom_end = .

.fuse
 *(.fuse)
 *(.lfuse)
 *(.hfuse)
 *(.efuse)

.lock
 *(.lock*)

.signature
 *(.signature*)

.stab           0x0000000000000000       0x24
 *(.stab)
 .stab          0x0000000000000000       0x24 .build/obj_3key_default/common/avr/xprintf.o
                                        0x8b8 (size before relaxing)

.stabstr        0x0000000000000000       0x6d
 *(.stabstr)
 .stabstr       0x0000000000000000       0x6d .build/obj_3key_default/common/avr/xprintf.o

.stab.excl
 *(.stab.excl)

.stab.exclstr
 *(.stab.exclstr)

.stab.index
 *(.stab.index)

.stab.indexstr
 *(.stab.indexstr)

.comment        0x0000000000000000       0x12
 *(.comment)
 .comment       0x0000000000000000       0x12 .build/obj_3key_default/keyboards/3key/keymaps/default/keymap.o
                                         0x13 (size before relaxing)
 .comment       0x0000000000000012       0x13 .build/obj_3key_default/quantum/quantum.o
 .comment       0x0000000000000012       0x13 .build/obj_3key_default/quantum/led.o
 .comment       0x0000000000000012       0x13 .build/obj_3key_default/quantum/action.o
 .comment       0x0000000000000012       0x13 .build/obj_3key_default/quantum/action_layer.o
 .comment       0x0000000000000012       0x13 .build/obj_3key_default/quantum/action_macro.o
 .comment       0x0000000000000012       0x13 .build/obj_3key_default/quantum/action_tapping.o
 .comment       0x0000000000000012       0x13 .build/obj_3key_default/quantum/action_util.o
 .comment       0x0000000000000012       0x13 .build/obj_3key_default/quantum/eeconfig.o
 .comment       0x0000000000000012       0x13 .build/obj_3key_default/quantum/keyboard.o
 .comment       0x0000000000000012       0x13 .build/obj_3key_default/quantum/keymap_common.o
 .comment       0x0000000000000012       0x13 .build/obj_3key_default/quantum/keycode_config.o
 .comment       0x0000000000000012       0x13 .build/obj_3key_default/quantum/logging/debug.o
 .comment       0x0000000000000012       0x13 .build/obj_3key_default/quantum/logging/sendchar.o
 .comment       0x0000000000000012       0x13 .build/obj_3key_default/quantum/bootmagic/bootmagic_lite.o
 .comment       0x0000000000000012       0x13 .build/obj_3key_default/quantum/bootmagic/magic.o
 .comment       0x0000000000000012       0x13 .build/obj_3key_default/quantum/matrix_common.o
 .comment       0x0000000000000012       0x13 .build/obj_3key_default/quantum/matrix.o
 .comment       0x0000000000000012       0x13 .build/obj_3key_default/quantum/debounce/sym_defer_g.o
 .comment       0x0000000000000012       0x13 .build/obj_3key_default/quantum/main.o
 .comment       0x0000000000000012       0x13 .build/obj_3key_default/quantum/mousekey.o
 .comment       0x0000000000000012       0x13 .build/obj_3key_default/quantum/color.o
 .comment       0x0000000000000012       0x13 .build/obj_3key_default/quantum/rgblight/rgblight.o
 .comment       0x0000000000000012       0x13 .build/obj_3key_default/quantum/process_keycode/process_rgb.o
 .comment       0x0000000000000012       0x13 .build/obj_3key_default/quantum/backlight/backlight.o
 .comment       0x0000000000000012       0x13 .build/obj_3key_default/quantum/process_keycode/process_backlight.o
 .comment       0x0000000000000012       0x13 .build/obj_3key_default/quantum/backlight/backlight_driver_common.o
 .comment       0x0000000000000012       0x13 .build/obj_3key_default/quantum/backlight/backlight_avr.o
 .comment       0x0000000000000012       0x13 .build/obj_3key_default/ws2812.o
 .comment       0x0000000000000012       0x13 .build/obj_3key_default/quantum/led_tables.o
 .comment       0x0000000000000012       0x13 .build/obj_3key_default/quantum/process_keycode/process_space_cadet.o
 .comment       0x0000000000000012       0x13 .build/obj_3key_default/quantum/process_keycode/process_magic.o
 .comment       0x0000000000000012       0x13 .build/obj_3key_default/quantum/process_keycode/process_grave_esc.o
 .comment       0x0000000000000012       0x13 .build/obj_3key_default/common/host.o
 .comment       0x0000000000000012       0x13 .build/obj_3key_default/common/report.o
 .comment       0x0000000000000012       0x13 .build/obj_3key_default/common/avr/platform.o
 .comment       0x0000000000000012       0x13 .build/obj_3key_default/common/avr/suspend.o