Archive member included to satisfy reference by file (symbol)

/usr/lib/gcc/arm-none-eabi/11.2.0/../../../../arm-none-eabi/lib/thumb/v7e-m+fp/hard/libm.a(lib_a-w_pow.o)
                              .build/obj_planck_rev6_LohseBoi/quantum/process_keycode/process_audio.o (pow)
/usr/lib/gcc/arm-none-eabi/11.2.0/../../../../arm-none-eabi/lib/thumb/v7e-m+fp/hard/libm.a(lib_a-e_pow.o)
                              /usr/lib/gcc/arm-none-eabi/11.2.0/../../../../arm-none-eabi/lib/thumb/v7e-m+fp/hard/libm.a(lib_a-w_pow.o) (__ieee754_pow)
/usr/lib/gcc/arm-none-eabi/11.2.0/../../../../arm-none-eabi/lib/thumb/v7e-m+fp/hard/libm.a(lib_a-e_sqrt.o)
                              /usr/lib/gcc/arm-none-eabi/11.2.0/../../../../arm-none-eabi/lib/thumb/v7e-m+fp/hard/libm.a(lib_a-e_pow.o) (__ieee754_sqrt)
/usr/lib/gcc/arm-none-eabi/11.2.0/../../../../arm-none-eabi/lib/thumb/v7e-m+fp/hard/libm.a(lib_a-math_err.o)
                              /usr/lib/gcc/arm-none-eabi/11.2.0/../../../../arm-none-eabi/lib/thumb/v7e-m+fp/hard/libm.a(lib_a-e_pow.o) (__math_uflow)
/usr/lib/gcc/arm-none-eabi/11.2.0/../../../../arm-none-eabi/lib/thumb/v7e-m+fp/hard/libm.a(lib_a-s_fabs.o)
                              /usr/lib/gcc/arm-none-eabi/11.2.0/../../../../arm-none-eabi/lib/thumb/v7e-m+fp/hard/libm.a(lib_a-e_pow.o) (fabs)
/usr/lib/gcc/arm-none-eabi/11.2.0/../../../../arm-none-eabi/lib/thumb/v7e-m+fp/hard/libm.a(lib_a-s_finite.o)
                              /usr/lib/gcc/arm-none-eabi/11.2.0/../../../../arm-none-eabi/lib/thumb/v7e-m+fp/hard/libm.a(lib_a-w_pow.o) (finite)
/usr/lib/gcc/arm-none-eabi/11.2.0/../../../../arm-none-eabi/lib/thumb/v7e-m+fp/hard/libm.a(lib_a-s_scalbn.o)
                              /usr/lib/gcc/arm-none-eabi/11.2.0/../../../../arm-none-eabi/lib/thumb/v7e-m+fp/hard/libm.a(lib_a-e_pow.o) (scalbn)
/usr/lib/gcc/arm-none-eabi/11.2.0/thumb/v7e-m+fp/hard/libgcc.a(_arm_muldf3.o)
                              .build/obj_planck_rev6_LohseBoi/quantum/process_keycode/process_audio.o (__aeabi_dmul)
/usr/lib/gcc/arm-none-eabi/11.2.0/thumb/v7e-m+fp/hard/libgcc.a(_arm_addsubdf3.o)
                              /usr/lib/gcc/arm-none-eabi/11.2.0/../../../../arm-none-eabi/lib/thumb/v7e-m+fp/hard/libm.a(lib_a-e_pow.o) (__aeabi_dsub)
/usr/lib/gcc/arm-none-eabi/11.2.0/thumb/v7e-m+fp/hard/libgcc.a(_arm_muldivdf3.o)
                              /usr/lib/gcc/arm-none-eabi/11.2.0/../../../../arm-none-eabi/lib/thumb/v7e-m+fp/hard/libm.a(lib_a-e_pow.o) (__aeabi_ddiv)
/usr/lib/gcc/arm-none-eabi/11.2.0/thumb/v7e-m+fp/hard/libgcc.a(_arm_cmpdf2.o)
                              /usr/lib/gcc/arm-none-eabi/11.2.0/../../../../arm-none-eabi/lib/thumb/v7e-m+fp/hard/libm.a(lib_a-w_pow.o) (__aeabi_dcmpeq)
/usr/lib/gcc/arm-none-eabi/11.2.0/thumb/v7e-m+fp/hard/libgcc.a(_arm_unorddf2.o)
                              /usr/lib/gcc/arm-none-eabi/11.2.0/../../../../arm-none-eabi/lib/thumb/v7e-m+fp/hard/libm.a(lib_a-w_pow.o) (__aeabi_dcmpun)
/usr/lib/gcc/arm-none-eabi/11.2.0/thumb/v7e-m+fp/hard/libgcc.a(_arm_truncdfsf2.o)
                              .build/obj_planck_rev6_LohseBoi/quantum/process_keycode/process_audio.o (__aeabi_d2f)
/usr/lib/gcc/arm-none-eabi/11.2.0/thumb/v7e-m+fp/hard/libgcc.a(_aeabi_ldivmod.o)
                              .build/obj_planck_rev6_LohseBoi/common/chibios/suspend.o (__aeabi_ldivmod)
/usr/lib/gcc/arm-none-eabi/11.2.0/thumb/v7e-m+fp/hard/libgcc.a(_aeabi_uldivmod.o)
                              .build/obj_planck_rev6_LohseBoi/common/chibios/suspend.o (__aeabi_uldivmod)
/usr/lib/gcc/arm-none-eabi/11.2.0/thumb/v7e-m+fp/hard/libgcc.a(_udivmoddi4.o)
                              /usr/lib/gcc/arm-none-eabi/11.2.0/thumb/v7e-m+fp/hard/libgcc.a(_aeabi_ldivmod.o) (__udivmoddi4)
/usr/lib/gcc/arm-none-eabi/11.2.0/thumb/v7e-m+fp/hard/libgcc.a(_dvmd_tls.o)
                              /usr/lib/gcc/arm-none-eabi/11.2.0/thumb/v7e-m+fp/hard/libgcc.a(_aeabi_ldivmod.o) (__aeabi_ldiv0)
/usr/lib/gcc/arm-none-eabi/11.2.0/../../../../arm-none-eabi/lib/thumb/v7e-m+fp/hard/libg_nano.a(lib_a-abort.o)
                              .build/obj_planck_rev6/lib/chibios/os/various/syscalls.o (abort)
/usr/lib/gcc/arm-none-eabi/11.2.0/../../../../arm-none-eabi/lib/thumb/v7e-m+fp/hard/libg_nano.a(lib_a-atexit.o)
                              /usr/lib/gcc/arm-none-eabi/11.2.0/../../../../arm-none-eabi/lib/thumb/v7e-m+fp/hard/crt0.o (atexit)
/usr/lib/gcc/arm-none-eabi/11.2.0/../../../../arm-none-eabi/lib/thumb/v7e-m+fp/hard/libg_nano.a(lib_a-ctype_.o)
                              .build/obj_planck_rev6_LohseBoi/quantum/send_string.o (_ctype_)
/usr/lib/gcc/arm-none-eabi/11.2.0/../../../../arm-none-eabi/lib/thumb/v7e-m+fp/hard/libg_nano.a(lib_a-errno.o)
                              .build/obj_planck_rev6/common/chibios/syscall-fallbacks.o (__errno)
/usr/lib/gcc/arm-none-eabi/11.2.0/../../../../arm-none-eabi/lib/thumb/v7e-m+fp/hard/libg_nano.a(lib_a-exit.o)
[...]
Memory Configuration

Name             Origin             Length             Attributes
flash0           0x0000000008000000 0x0000000000040000 xr
flash1           0x0000000000000000 0x0000000000000000 xr
flash2           0x0000000000000000 0x0000000000000000 xr
flash3           0x0000000000000000 0x0000000000000000 xr
flash4           0x0000000000000000 0x0000000000000000 xr
flash5           0x0000000000000000 0x0000000000000000 xr
flash6           0x0000000000000000 0x0000000000000000 xr
flash7           0x0000000000000000 0x0000000000000000 xr
ram0             0x0000000020000000 0x000000000000a000 xw
ram1             0x0000000000000000 0x0000000000000000 xw
ram2             0x0000000000000000 0x0000000000000000 xw
ram3             0x0000000000000000 0x0000000000000000 xw
ram4             0x0000000010000000 0x0000000000002000 xw
ram5             0x0000000000000000 0x0000000000000000 xw
ram6             0x0000000000000000 0x0000000000000000 xw
ram7             0x0000000000000000 0x0000000000000000 xw
*default*        0x0000000000000000 0xffffffffffffffff

Linker script and memory map

LOAD /usr/lib/gcc/arm-none-eabi/11.2.0/thumb/v7e-m+fp/hard/crti.o
LOAD /usr/lib/gcc/arm-none-eabi/11.2.0/thumb/v7e-m+fp/hard/crtbegin.o
LOAD /usr/lib/gcc/arm-none-eabi/11.2.0/../../../../arm-none-eabi/lib/thumb/v7e-m+fp/hard/crt0.o
LOAD .build/obj_planck_rev6_LohseBoi/muse.o
LOAD .build/obj_planck_rev6_LohseBoi/keyboards/planck/planck.o
LOAD .build/obj_planck_rev6_LohseBoi/keyboards/planck/rev6/rev6.o
LOAD .build/obj_planck_rev6_LohseBoi/keyboards/planck/keymaps/LohseBoi/keymap.o
LOAD .build/obj_planck_rev6_LohseBoi/quantum/quantum.o
LOAD .build/obj_planck_rev6_LohseBoi/quantum/send_string.o
LOAD .build/obj_planck_rev6_LohseBoi/quantum/bitwise.o
LOAD .build/obj_planck_rev6_LohseBoi/quantum/led.o
LOAD .build/obj_planck_rev6_LohseBoi/quantum/action.o
LOAD .build/obj_planck_rev6_LohseBoi/quantum/action_layer.o
LOAD .build/obj_planck_rev6_LohseBoi/quantum/action_macro.o
LOAD .build/obj_planck_rev6_LohseBoi/quantum/action_tapping.o
LOAD .build/obj_planck_rev6_LohseBoi/quantum/action_util.o
LOAD .build/obj_planck_rev6_LohseBoi/quantum/eeconfig.o
LOAD .build/obj_planck_rev6_LohseBoi/quantum/keyboard.o
LOAD .build/obj_planck_rev6_LohseBoi/quantum/keymap_common.o
LOAD .build/obj_planck_rev6_LohseBoi/quantum/keycode_config.o
LOAD .build/obj_planck_rev6_LohseBoi/quantum/logging/debug.o
LOAD .build/obj_planck_rev6_LohseBoi/quantum/logging/sendchar.o
LOAD .build/obj_planck_rev6_LohseBoi/quantum/logging/print.o
LOAD .build/obj_planck_rev6_LohseBoi/quantum/bootmagic/bootmagic_lite.o
LOAD .build/obj_planck_rev6_LohseBoi/quantum/bootmagic/magic.o
LOAD .build/obj_planck_rev6_LohseBoi/quantum/matrix_common.o
LOAD .build/obj_planck_rev6_LohseBoi/quantum/matrix.o
LOAD .build/obj_planck_rev6_LohseBoi/quantum/debounce/sym_defer_g.o
LOAD .build/obj_planck_rev6_LohseBoi/quantum/main.o
LOAD .build/obj_planck_rev6_LohseBoi/lib/printf/printf.o
LOAD .build/obj_planck_rev6_LohseBoi/quantum/command.o
LOAD .build/obj_planck_rev6_LohseBoi/quantum/process_keycode/process_audio.o
LOAD .build/obj_planck_rev6_LohseBoi/quantum/process_keycode/process_clicky.o
LOAD .build/obj_planck_rev6_LohseBoi/quantum/audio/audio.o
LOAD .build/obj_planck_rev6_LohseBoi/quantum/audio/driver_chibios_dac_basic.o
LOAD .build/obj_planck_rev6_LohseBoi/quantum/audio/voices.o
LOAD .build/obj_planck_rev6_LohseBoi/quantum/audio/luts.o
LOAD .build/obj_planck_rev6_LohseBoi/quantum/process_keycode/process_music.o
LOAD .build/obj_planck_rev6_LohseBoi/quantum/mousekey.o
LOAD .build/obj_planck_rev6_LohseBoi/common/chibios/eeprom_stm32.o
LOAD .build/obj_planck_rev6_LohseBoi/common/chibios/flash_stm32.o
LOAD .build/obj_planck_rev6_LohseBoi/quantum/encoder.o
LOAD .build/obj_planck_rev6_LohseBoi/quantum/dip_switch.o
LOAD .build/obj_planck_rev6_LohseBoi/quantum/process_keycode/process_space_cadet.o
LOAD .build/obj_planck_rev6_LohseBoi/quantum/process_keycode/process_magic.o
LOAD .build/obj_planck_rev6_LohseBoi/quantum/process_keycode/process_grave_esc.o
LOAD .build/obj_planck_rev6_LohseBoi/./lib/chibios/os/common/startup/ARMCMx/compilers/GCC/crt0_v7m.o
LOAD .build/obj_planck_rev6_LohseBoi/./lib/chibios/os/common/startup/ARMCMx/compilers/GCC/vectors.o
LOAD .build/obj_planck_rev6_LohseBoi/./lib/chibios/os/common/ports/ARMCMx/compilers/GCC/chcoreasm_v7m.o
LOAD .build/obj_planck_rev6_LohseBoi/common/host.o
LOAD .build/obj_planck_rev6_LohseBoi/common/report.o
LOAD .build/obj_planck_rev6_LohseBoi/common/sync_timer.o
LOAD .build/obj_planck_rev6_LohseBoi/common/usb_util.o
LOAD .build/obj_planck_rev6_LohseBoi/common/chibios/platform.o
LOAD .build/obj_planck_rev6_LohseBoi/common/chibios/suspend.o
LOAD .build/obj_planck_rev6_LohseBoi/common/chibios/timer.o
LOAD .build/obj_planck_rev6_LohseBoi/common/chibios/bootloader.o
LOAD .build/obj_planck_rev6_LohseBoi/protocol/chibios/usb_main.o
LOAD .build/obj_planck_rev6_LohseBoi/protocol/chibios/chibios.o
LOAD .build/obj_planck_rev6_LohseBoi/usb_descriptor.o
LOAD .build/obj_planck_rev6_LohseBoi/protocol/chibios/usb_driver.o
LOAD .build/obj_planck_rev6_LohseBoi/protocol/chibios/usb_util.o
LOAD .build/obj_planck_rev6_LohseBoi/./lib/chibios/os/oslib/src/chmboxes.o
LOAD .build/obj_planck_rev6_LohseBoi/./lib/chibios/os/oslib/src/chmemcore.o
LOAD .build/obj_planck_rev6_LohseBoi/./lib/chibios/os/oslib/src/chmemheaps.o
LOAD .build/obj_planck_rev6_LohseBoi/./lib/chibios/os/oslib/src/chmempools.o
LOAD .build/obj_planck_rev6_LohseBoi/./lib/chibios/os/oslib/src/chpipes.o
LOAD .build/obj_planck_rev6_LohseBoi/./lib/chibios/os/oslib/src/chobjcaches.o
LOAD .build/obj_planck_rev6_LohseBoi/./lib/chibios/os/oslib/src/chdelegates.o
LOAD .build/obj_planck_rev6_LohseBoi/./lib/chibios/os/oslib/src/chfactory.o
LOAD .build/obj_planck_rev6/lib/chibios/os/common/startup/ARMCMx/compilers/GCC/crt1.o
LOAD .build/obj_planck_rev6/lib/chibios/os/rt/src/chsys.o
LOAD .build/obj_planck_rev6/lib/chibios/os/rt/src/chdebug.o
LOAD .build/obj_planck_rev6/lib/chibios/os/rt/src/chtrace.o
LOAD .build/obj_planck_rev6/lib/chibios/os/rt/src/chvt.o
LOAD .build/obj_planck_rev6/lib/chibios/os/rt/src/chschd.o
LOAD .build/obj_planck_rev6/lib/chibios/os/rt/src/chthreads.o
LOAD .build/obj_planck_rev6/lib/chibios/os/rt/src/chtm.o
LOAD .build/obj_planck_rev6/lib/chibios/os/rt/src/chstats.o
LOAD .build/obj_planck_rev6/lib/chibios/os/rt/src/chregistry.o
LOAD .build/obj_planck_rev6/lib/chibios/os/rt/src/chsem.o
LOAD .build/obj_planck_rev6/lib/chibios/os/rt/src/chmtx.o
LOAD .build/obj_planck_rev6/lib/chibios/os/rt/src/chcond.o
LOAD .build/obj_planck_rev6/lib/chibios/os/rt/src/chevents.o
LOAD .build/obj_planck_rev6/lib/chibios/os/rt/src/chmsg.o
LOAD .build/obj_planck_rev6/lib/chibios/os/rt/src/chdynamic.o
LOAD .build/obj_planck_rev6/lib/chibios/os/common/ports/ARMCMx/chcore.o
LOAD .build/obj_planck_rev6/lib/chibios/os/common/ports/ARMCMx/chcore_v7m.o
LOAD .build/obj_planck_rev6/lib/chibios/os/hal/osal/rt-nil/osal.o
LOAD .build/obj_planck_rev6/lib/chibios/os/hal/src/hal.o
LOAD .build/obj_planck_rev6/lib/chibios/os/hal/src/hal_st.o
LOAD .build/obj_planck_rev6/lib/chibios/os/hal/src/hal_buffers.o
LOAD .build/obj_planck_rev6/lib/chibios/os/hal/src/hal_queues.o
LOAD .build/obj_planck_rev6/lib/chibios/os/hal/src/hal_flash.o
LOAD .build/obj_planck_rev6/lib/chibios/os/hal/src/hal_mmcsd.o
LOAD .build/obj_planck_rev6/lib/chibios/os/hal/src/hal_adc.o
LOAD .build/obj_planck_rev6/lib/chibios/os/hal/src/hal_can.o
LOAD .build/obj_planck_rev6/lib/chibios/os/hal/src/hal_crypto.o
LOAD .build/obj_planck_rev6/lib/chibios/os/hal/src/hal_dac.o
LOAD .build/obj_planck_rev6/lib/chibios/os/hal/src/hal_efl.o
LOAD .build/obj_planck_rev6/lib/chibios/os/hal/src/hal_gpt.o
LOAD .build/obj_planck_rev6/lib/chibios/os/hal/src/hal_i2c.o
LOAD .build/obj_planck_rev6/lib/chibios/os/hal/src/hal_i2s.o
LOAD .build/obj_planck_rev6/lib/chibios/os/hal/src/hal_icu.o
LOAD .build/obj_planck_rev6/lib/chibios/os/hal/src/hal_mac.o
LOAD .build/obj_planck_rev6/lib/chibios/os/hal/src/hal_mmc_spi.o
LOAD .build/obj_planck_rev6/lib/chibios/os/hal/src/hal_pal.o
LOAD .build/obj_planck_rev6/lib/chibios/os/hal/src/hal_pwm.o
LOAD .build/obj_planck_rev6/lib/chibios/os/hal/src/hal_rtc.o
LOAD .build/obj_planck_rev6/lib/chibios/os/hal/src/hal_sdc.o
LOAD .build/obj_planck_rev6/lib/chibios/os/hal/src/hal_serial.o
LOAD .build/obj_planck_rev6/lib/chibios/os/hal/src/hal_serial_usb.o
LOAD .build/obj_planck_rev6/lib/chibios/os/hal/src/hal_sio.o
LOAD .build/obj_planck_rev6/lib/chibios/os/hal/src/hal_spi.o
LOAD .build/obj_planck_rev6/lib/chibios/os/hal/src/hal_trng.o
LOAD .build/obj_planck_rev6/lib/chibios/os/hal/src/hal_uart.o
LOAD .build/obj_planck_rev6/lib/chibios/os/hal/src/hal_usb.o
LOAD .build/obj_planck_rev6/lib/chibios/os/hal/src/hal_wdg.o
LOAD .build/obj_planck_rev6/lib/chibios/os/hal/src/hal_wspi.o
LOAD .build/obj_planck_rev6/lib/chibios/os/hal/ports/common/ARMCMx/nvic.o
LOAD .build/obj_planck_rev6/lib/chibios/os/hal/ports/STM32/STM32F3xx/stm32_isr.o
LOAD .build/obj_planck_rev6/lib/chibios/os/hal/ports/STM32/STM32F3xx/hal_lld.o
LOAD .build/obj_planck_rev6/lib/chibios/os/hal/ports/STM32/LLD/ADCv3/hal_adc_lld.o
LOAD .build/obj_planck_rev6/lib/chibios/os/hal/ports/STM32/LLD/CANv1/hal_can_lld.o
LOAD .build/obj_planck_rev6/lib/chibios/os/hal/ports/STM32/LLD/DACv1/hal_dac_lld.o
LOAD .build/obj_planck_rev6/lib/chibios/os/hal/ports/STM32/LLD/DMAv1/stm32_dma.o
LOAD .build/obj_planck_rev6/lib/chibios/os/hal/ports/STM32/LLD/EXTIv1/stm32_exti.o
LOAD .build/obj_planck_rev6/lib/chibios/os/hal/ports/STM32/LLD/GPIOv2/hal_pal_lld.o
LOAD .build/obj_planck_rev6/lib/chibios/os/hal/ports/STM32/LLD/I2Cv2/hal_i2c_lld.o
LOAD .build/obj_planck_rev6/lib/chibios/os/hal/ports/STM32/LLD/RTCv2/hal_rtc_lld.o
LOAD .build/obj_planck_rev6/lib/chibios/os/hal/ports/STM32/LLD/SPIv2/hal_i2s_lld.o
LOAD .build/obj_planck_rev6/lib/chibios/os/hal/ports/STM32/LLD/SPIv2/hal_spi_lld.o
LOAD .build/obj_planck_rev6/lib/chibios/os/hal/ports/STM32/LLD/TIMv1/hal_st_lld.o
LOAD .build/obj_planck_rev6/lib/chibios/os/hal/ports/STM32/LLD/TIMv1/hal_gpt_lld.o
LOAD .build/obj_planck_rev6/lib/chibios/os/hal/ports/STM32/LLD/TIMv1/hal_icu_lld.o
LOAD .build/obj_planck_rev6/lib/chibios/os/hal/ports/STM32/LLD/TIMv1/hal_pwm_lld.o
LOAD .build/obj_planck_rev6/lib/chibios/os/hal/ports/STM32/LLD/USARTv2/hal_serial_lld.o
LOAD .build/obj_planck_rev6/lib/chibios/os/hal/ports/STM32/LLD/USARTv2/hal_uart_lld.o
LOAD .build/obj_planck_rev6/lib/chibios/os/hal/ports/STM32/LLD/USBv1/hal_usb_lld.o
LOAD .build/obj_planck_rev6/lib/chibios/os/hal/ports/STM32/LLD/xWDGv1/hal_wdg_lld.o
LOAD .build/obj_planck_rev6/lib/chibios/os/hal/boards/ST_STM32F3_DISCOVERY/board.o
LOAD .build/obj_planck_rev6/lib/chibios/os/hal/lib/streams/chprintf.o
LOAD .build/obj_planck_rev6/lib/chibios/os/hal/lib/streams/memstreams.o
LOAD .build/obj_planck_rev6/lib/chibios/os/hal/lib/streams/nullstreams.o
LOAD .build/obj_planck_rev6/lib/chibios/os/various/syscalls.o
LOAD .build/obj_planck_rev6/common/chibios/syscall-fallbacks.o
LOAD .build/obj_planck_rev6/common/chibios/wait.o

.mstack         0x0000000020000000      0x400
                0x0000000020000000                . = ALIGN (0x8)
                0x0000000020000000                __main_stack_base__ = .
                0x0000000020000400                . = (. + __main_stack_size__)
 *fill*         0x0000000020000000      0x400 
                0x0000000020000400                . = ALIGN (0x8)
                0x0000000020000400                __main_stack_end__ = .

.pstack         0x0000000020000400      0x800
                0x0000000020000400                . = ALIGN (0x8)
                0x0000000020000400                __process_stack_base__ = .
                0x0000000020000400                __main_thread_stack_base__ = .
                0x0000000020000c00                . = (. + __process_stack_size__)
 *fill*         0x0000000020000400      0x800 
                0x0000000020000c00                . = ALIGN (0x8)
                0x0000000020000c00                __process_stack_end__ = .
                0x0000000020000c00                __main_thread_stack_end__ = .

.vectors        0x0000000008000000      0x1a0
 *(.vectors)
 .vectors       0x0000000008000000      0x1a0 .build/obj_planck_rev6_LohseBoi/./lib/chibios/os/common/startup/ARMCMx/compilers/GCC/vectors.o
                0x0000000008000000                _vectors

.xtors          0x00000000080001a0        0x8
                0x00000000080001a0                __init_array_base__ = .
 *(SORT_BY_NAME(.init_array.*))
 *(.init_array)
 .init_array    0x00000000080001a0        0x4 /usr/lib/gcc/arm-none-eabi/11.2.0/thumb/v7e-m+fp/hard/crtbegin.o
                0x00000000080001a4                __init_array_end__ = .
                0x00000000080001a4                __fini_array_base__ = .
 *(.fini_array)
 .fini_array    0x00000000080001a4        0x4 /usr/lib/gcc/arm-none-eabi/11.2.0/thumb/v7e-m+fp/hard/crtbegin.o
 *(SORT_BY_NAME(.fini_array.*))
                0x00000000080001a8                __fini_array_end__ = .

.text           0x00000000080001a8     0xa1e4
                0x00000000080001a8                __text_base__ = .
 *(.text)
 .text          0x00000000080001a8      0x120 .build/obj_planck_rev6_LohseBoi/./lib/chibios/os/common/startup/ARMCMx/compilers/GCC/crt0_v7m.o
                0x00000000080001a8                _crt0_entry
 .text          0x00000000080002c8        0x8 .build/obj_planck_rev6_LohseBoi/./lib/chibios/os/common/startup/ARMCMx/compilers/GCC/vectors.o
                0x00000000080002c8                Reset_Handler
                0x00000000080002ca                VectorE8
                0x00000000080002ca                DebugMon_Handler
                0x00000000080002ca                HardFault_Handler
                0x00000000080002ca                Vector19C
                0x00000000080002ca                Vector8C
                0x00000000080002ca                SysTick_Handler
                0x00000000080002ca                VectorDC
                0x00000000080002ca                PendSV_Handler
                0x00000000080002ca                Vector168
                0x00000000080002ca                NMI_Handler
                0x00000000080002ca                Vector110
                0x00000000080002ca                VectorC8
                0x00000000080002ca                Vector94
                0x00000000080002ca                Vector160
                0x00000000080002ca                UsageFault_Handler
                0x00000000080002ca                VectorEC
                0x00000000080002ca                Vector40
                0x00000000080002ca                VectorF8
                0x00000000080002ca                Vector108
                0x00000000080002ca                Vector190
                0x00000000080002ca                Vector150
                0x00000000080002ca                Vector148
                0x00000000080002ca                Vector188
                0x00000000080002ca                Vector198
                0x00000000080002ca                VectorCC
                0x00000000080002ca                Vector54
                0x00000000080002ca                Vector98
                0x00000000080002ca                VectorD8
                0x00000000080002ca                Vector138
                0x00000000080002ca                Vector24
                0x00000000080002ca                Vector178
                0x00000000080002ca                VectorD0
                0x00000000080002ca                Vector140
                0x00000000080002ca                VectorE4
                0x00000000080002ca                Vector158
                0x00000000080002ca                Vector134
                0x00000000080002ca                Vector13C
                0x00000000080002ca                Vector100
                0x00000000080002ca                VectorF4
                0x00000000080002ca                MemManage_Handler
                0x00000000080002ca                VectorC4
                0x00000000080002ca                Vector180
                0x00000000080002ca                Vector90
                0x00000000080002ca                Vector114
                0x00000000080002ca                Vector164
                0x00000000080002ca                Vector1C
                0x00000000080002ca                Vector17C
                0x00000000080002ca                Vector48
                0x00000000080002ca                VectorD4
                0x00000000080002ca                Vector4C
                0x00000000080002ca                Vector144
                0x00000000080002ca                Vector15C
                0x00000000080002ca                Vector170
                0x00000000080002ca                Vector88
                0x00000000080002ca                Vector104
                0x00000000080002ca                Vector184
                0x00000000080002ca                Vector10C
                0x00000000080002ca                Vector14C
                0x00000000080002ca                BusFault_Handler
                0x00000000080002ca                Vector50
                0x00000000080002ca                Vector194
                0x00000000080002ca                Vector154
                0x00000000080002ca                Vector44
                0x00000000080002ca                Vector28
                0x00000000080002ca                VectorFC
                0x00000000080002ca                Vector34
                0x00000000080002ca                Vector20
                0x00000000080002ca                Vector18C
                0x00000000080002ca                Vector174
                0x00000000080002ce                _unhandled_exception
 .text          0x00000000080002d0       0x32 .build/obj_planck_rev6_LohseBoi/./lib/chibios/os/common/ports/ARMCMx/compilers/GCC/chcoreasm_v7m.o
                0x00000000080002d0                _port_switch
                0x00000000080002e8                _port_thread_start
                0x00000000080002fa                _port_switch_from_isr
                0x00000000080002fe                _port_exit_from_isr
 *fill*         0x0000000008000302        0x2 
 .text          0x0000000008000304      0x378 /usr/lib/gcc/arm-none-eabi/11.2.0/thumb/v7e-m+fp/hard/libgcc.a(_arm_addsubdf3.o)
                0x0000000008000304                __aeabi_drsub
                0x000000000800030c                __aeabi_dsub
                0x000000000800030c                __subdf3
                0x0000000008000310                __adddf3
                0x0000000008000310                __aeabi_dadd
                0x0000000008000588                __aeabi_ui2d
                0x0000000008000588                __floatunsidf
                0x00000000080005a8                __floatsidf
                0x00000000080005a8                __aeabi_i2d
                0x00000000080005cc                __extendsfdf2
                0x00000000080005cc                __aeabi_f2d
                0x0000000008000610                __aeabi_ul2d
                0x0000000008000610                __floatundidf
                0x0000000008000620                __floatdidf
                0x0000000008000620                __aeabi_l2d
 .text          0x000000000800067c      0x424 /usr/lib/gcc/arm-none-eabi/11.2.0/thumb/v7e-m+fp/hard/libgcc.a(_arm_muldivdf3.o)
                0x000000000800067c                __aeabi_dmul
                0x000000000800067c                __muldf3
                0x00000000080008d0                __aeabi_ddiv
                0x00000000080008d0                __divdf3
 .text          0x0000000008000aa0      0x110 /usr/lib/gcc/arm-none-eabi/11.2.0/thumb/v7e-m+fp/hard/libgcc.a(_arm_cmpdf2.o)
                0x0000000008000aa0                __gtdf2
                0x0000000008000aa0                __gedf2
                0x0000000008000aa8                __ltdf2
                0x0000000008000aa8                __ledf2
                0x0000000008000ab0                __cmpdf2
                0x0000000008000ab0                __eqdf2
                0x0000000008000ab0                __nedf2
                0x0000000008000b2c                __aeabi_cdrcmple
                0x0000000008000b3c                __aeabi_cdcmple
                0x0000000008000b3c                __aeabi_cdcmpeq
                0x0000000008000b4c                __aeabi_dcmpeq
                0x0000000008000b60                __aeabi_dcmplt
                0x0000000008000b74                __aeabi_dcmple
                0x0000000008000b88                __aeabi_dcmpge
                0x0000000008000b9c                __aeabi_dcmpgt
 .text          0x0000000008000bb0       0x2c /usr/lib/gcc/arm-none-eabi/11.2.0/thumb/v7e-m+fp/hard/libgcc.a(_arm_unorddf2.o)
                0x0000000008000bb0                __aeabi_dcmpun
                0x0000000008000bb0                __unorddf2
 .text          0x0000000008000bdc       0xa0 /usr/lib/gcc/arm-none-eabi/11.2.0/thumb/v7e-m+fp/hard/libgcc.a(_arm_truncdfsf2.o)
                0x0000000008000bdc                __aeabi_d2f
                0x0000000008000bdc                __truncdfsf2
 .text          0x0000000008000c7c       0x30 /usr/lib/gcc/arm-none-eabi/11.2.0/thumb/v7e-m+fp/hard/libgcc.a(_aeabi_uldivmod.o)
                0x0000000008000c7c                __aeabi_uldivmod
 .text          0x0000000008000cac        0x4 /usr/lib/gcc/arm-none-eabi/11.2.0/thumb/v7e-m+fp/hard/libgcc.a(_dvmd_tls.o)
                0x0000000008000cac                __aeabi_ldiv0
                0x0000000008000cac                __aeabi_idiv0
 *(.text.*)
 .text.__do_global_dtors_aux
                0x0000000008000cb0       0x24 /usr/lib/gcc/arm-none-eabi/11.2.0/thumb/v7e-m+fp/hard/crtbegin.o
 .text.frame_dummy
                0x0000000008000cd4       0x1c /usr/lib/gcc/arm-none-eabi/11.2.0/thumb/v7e-m+fp/hard/crtbegin.o
 .text.bit_for_value
                0x0000000008000cf0       0x74 .build/obj_planck_rev6_LohseBoi/muse.o
                0x0000000008000cf0                bit_for_value
 .text.muse_clock_pulse
                0x0000000008000d64       0xd0 .build/obj_planck_rev6_LohseBoi/muse.o
                0x0000000008000d64                muse_clock_pulse
 .text.matrix_init_kb
                0x0000000008000e34        0x4 .build/obj_planck_rev6_LohseBoi/keyboards/planck/planck.o
                0x0000000008000e34                matrix_init_kb
 .text.layer_state_set_user
                0x0000000008000e38        0xa .build/obj_planck_rev6_LohseBoi/keyboards/planck/keymaps/LohseBoi/keymap.o
                0x0000000008000e38                layer_state_set_user
 *fill*         0x0000000008000e42        0x2 
 .text.process_record_user
                0x0000000008000e44      0x11c .build/obj_planck_rev6_LohseBoi/keyboards/planck/keymaps/LohseBoi/keymap.o
                0x0000000008000e44                process_record_user
 .text.encoder_update_user
                0x0000000008000f60       0x50 .build/obj_planck_rev6_LohseBoi/keyboards/planck/keymaps/LohseBoi/keymap.o
                0x0000000008000f60                encoder_update_user
 .text.dip_switch_update_user
                0x0000000008000fb0       0x5c .build/obj_planck_rev6_LohseBoi/keyboards/planck/keymaps/LohseBoi/keymap.o
                0x0000000008000fb0                dip_switch_update_user
 .text.matrix_scan_user
                0x000000000800100c       0xf0 .build/obj_planck_rev6_LohseBoi/keyboards/planck/keymaps/LohseBoi/keymap.o
                0x000000000800100c                matrix_scan_user
 .text.music_mask_user
                0x00000000080010fc       0x10 .build/obj_planck_rev6_LohseBoi/keyboards/planck/keymaps/LohseBoi/keymap.o
                0x00000000080010fc                music_mask_user
 .text.process_action_kb
                0x000000000800110c        0x4 .build/obj_planck_rev6_LohseBoi/quantum/quantum.o
                0x000000000800110c                process_action_kb
 .text.process_record_kb
                0x0000000008001110        0x8 .build/obj_planck_rev6_LohseBoi/quantum/quantum.o
                0x0000000008001110                process_record_kb
 .text.post_process_record_user
                0x0000000008001118        0x2 .build/obj_planck_rev6_LohseBoi/quantum/quantum.o
                0x0000000008001118                post_process_record_user
 .text.post_process_record_kb
                0x000000000800111a        0x8 .build/obj_planck_rev6_LohseBoi/quantum/quantum.o
                0x000000000800111a                post_process_record_kb
 *fill*         0x0000000008001122        0x2 
 .text.get_event_keycode
                0x0000000008001124       0x4c .build/obj_planck_rev6_LohseBoi/quantum/quantum.o
                0x0000000008001124                get_event_keycode
 .text.get_record_keycode
                0x0000000008001170        0xc .build/obj_planck_rev6_LohseBoi/quantum/quantum.o
                0x0000000008001170                get_record_keycode
 .text.pre_process_record_quantum
                0x000000000800117c        0x4 .build/obj_planck_rev6_LohseBoi/quantum/quantum.o
                0x000000000800117c                pre_process_record_quantum
 .text.post_process_record_quantum
                0x0000000008001180       0x12 .build/obj_planck_rev6_LohseBoi/quantum/quantum.o
                0x0000000008001180                post_process_record_quantum
 *fill*         0x0000000008001192        0x2 
 .text.set_single_persistent_default_layer
                0x0000000008001194       0x2c .build/obj_planck_rev6_LohseBoi/quantum/quantum.o
                0x0000000008001194                set_single_persistent_default_layer
 .text.update_tri_layer_state
                0x00000000080011c0       0x1c .build/obj_planck_rev6_LohseBoi/quantum/quantum.o
                0x00000000080011c0                update_tri_layer_state
 .text.update_tri_layer
                0x00000000080011dc       0x1c .build/obj_planck_rev6_LohseBoi/quantum/quantum.o
                0x00000000080011dc                update_tri_layer
 .text.matrix_init_quantum
                0x00000000080011f8       0x16 .build/obj_planck_rev6_LohseBoi/quantum/quantum.o
                0x00000000080011f8                matrix_init_quantum
 .text.matrix_scan_quantum
                0x000000000800120e       0x14 .build/obj_planck_rev6_LohseBoi/quantum/quantum.o
                0x000000000800120e                matrix_scan_quantum
 .text.shutdown_user
                0x0000000008001222        0x2 .build/obj_planck_rev6_LohseBoi/quantum/quantum.o
                0x0000000008001222                shutdown_user
 .text.reset_keyboard
                0x0000000008001224       0x40 .build/obj_planck_rev6_LohseBoi/quantum/quantum.o
                0x0000000008001224                reset_keyboard
 .text.process_record_quantum
                0x0000000008001264       0xe0 .build/obj_planck_rev6_LohseBoi/quantum/quantum.o
                0x0000000008001264                process_record_quantum
 .text.send_char
                0x0000000008001344       0x70 .build/obj_planck_rev6_LohseBoi/quantum/send_string.o
                0x0000000008001344                send_char
 .text.send_string_with_delay
                0x00000000080013b4       0x98 .build/obj_planck_rev6_LohseBoi/quantum/send_string.o
                0x00000000080013b4                send_string_with_delay
 .text.send_string
                0x000000000800144c        0x6 .build/obj_planck_rev6_LohseBoi/quantum/send_string.o
                0x000000000800144c                send_string
 .text.send_string_P
                0x0000000008001452        0x4 .build/obj_planck_rev6_LohseBoi/quantum/send_string.o
                0x0000000008001452                send_string_P
 .text.bitrev   0x0000000008001456       0x26 .build/obj_planck_rev6_LohseBoi/quantum/bitwise.o
                0x0000000008001456                bitrev
 .text.led_set_user
                0x000000000800147c        0x2 .build/obj_planck_rev6_LohseBoi/quantum/led.o
                0x000000000800147c                led_set_user
 .text.led_set_kb
                0x000000000800147e        0x8 .build/obj_planck_rev6_LohseBoi/quantum/led.o
                0x000000000800147e                led_set_kb
 .text.led_update_user
                0x0000000008001486        0x4 .build/obj_planck_rev6_LohseBoi/quantum/led.o
                0x0000000008001486                led_update_user
 .text.led_update_kb
                0x000000000800148a        0x8 .build/obj_planck_rev6_LohseBoi/quantum/led.o
                0x000000000800148a                led_update_kb
 .text.led_init_ports
                0x0000000008001492        0x2 .build/obj_planck_rev6_LohseBoi/quantum/led.o
                0x0000000008001492                led_init_ports
 .text.led_set  0x0000000008001494       0x10 .build/obj_planck_rev6_LohseBoi/quantum/led.o
                0x0000000008001494                led_set
 .text.action_exec
                0x00000000080014a4       0x52 .build/obj_planck_rev6_LohseBoi/quantum/action.o
                0x00000000080014a4                action_exec
 .text.process_record_tap_hint
                0x00000000080014f6        0x6 .build/obj_planck_rev6_LohseBoi/quantum/action.o
                0x00000000080014f6                process_record_tap_hint
 .text.register_code
                0x00000000080014fc      0x108 .build/obj_planck_rev6_LohseBoi/quantum/action.o
                0x00000000080014fc                register_code
 .text.unregister_code
                0x0000000008001604       0xba .build/obj_planck_rev6_LohseBoi/quantum/action.o
                0x0000000008001604                unregister_code
 .text.tap_code_delay
                0x00000000080016be       0x22 .build/obj_planck_rev6_LohseBoi/quantum/action.o
                0x00000000080016be                tap_code_delay
 .text.tap_code
                0x00000000080016e0        0xc .build/obj_planck_rev6_LohseBoi/quantum/action.o
                0x00000000080016e0                tap_code
 .text.register_mods
                0x00000000080016ec       0x12 .build/obj_planck_rev6_LohseBoi/quantum/action.o
                0x00000000080016ec                register_mods
 .text.unregister_mods
                0x00000000080016fe       0x12 .build/obj_planck_rev6_LohseBoi/quantum/action.o
                0x00000000080016fe                unregister_mods
 .text.process_action
                0x0000000008001710      0x396 .build/obj_planck_rev6_LohseBoi/quantum/action.o
                0x0000000008001710                process_action
 .text.process_record_handler
                0x0000000008001aa6       0x26 .build/obj_planck_rev6_LohseBoi/quantum/action.o
                0x0000000008001aa6                process_record_handler
 .text.process_record
                0x0000000008001acc       0x46 .build/obj_planck_rev6_LohseBoi/quantum/action.o
                0x0000000008001acc                process_record
 .text.clear_keyboard_but_mods_and_keys
                0x0000000008001b12       0x26 .build/obj_planck_rev6_LohseBoi/quantum/action.o
                0x0000000008001b12                clear_keyboard_but_mods_and_keys
 .text.clear_keyboard_but_mods
                0x0000000008001b38        0xe .build/obj_planck_rev6_LohseBoi/quantum/action.o
                0x0000000008001b38                clear_keyboard_but_mods
 .text.clear_keyboard
                0x0000000008001b46        0xe .build/obj_planck_rev6_LohseBoi/quantum/action.o
                0x0000000008001b46                clear_keyboard
 .text.is_tap_action
                0x0000000008001b54       0x4e .build/obj_planck_rev6_LohseBoi/quantum/action.o
                0x0000000008001b54                is_tap_action
 .text.is_tap_record
                0x0000000008001ba2       0x10 .build/obj_planck_rev6_LohseBoi/quantum/action.o
                0x0000000008001ba2                is_tap_record
 .text.debug_event
                0x0000000008001bb2        0xc .build/obj_planck_rev6_LohseBoi/quantum/action.o
                0x0000000008001bb2                debug_event
 .text.debug_record
                0x0000000008001bbe        0xc .build/obj_planck_rev6_LohseBoi/quantum/action.o
                0x0000000008001bbe                debug_record
 .text.default_layer_state_set_user
                0x0000000008001bca        0x2 .build/obj_planck_rev6_LohseBoi/quantum/action_layer.o
                0x0000000008001bca                default_layer_state_set_user
 .text.default_layer_state_set_kb
                0x0000000008001bcc        0x8 .build/obj_planck_rev6_LohseBoi/quantum/action_layer.o
                0x0000000008001bcc                default_layer_state_set_kb
 .text.default_layer_state_set
                0x0000000008001bd4       0x18 .build/obj_planck_rev6_LohseBoi/quantum/action_layer.o
 .text.default_layer_debug
                0x0000000008001bec        0x2 .build/obj_planck_rev6_LohseBoi/quantum/action_layer.o
                0x0000000008001bec                default_layer_debug
 .text.default_layer_set
                0x0000000008001bee        0x4 .build/obj_planck_rev6_LohseBoi/quantum/action_layer.o
                0x0000000008001bee                default_layer_set
 *fill*         0x0000000008001bf2        0x2 
 .text.default_layer_or
                0x0000000008001bf4       0x10 .build/obj_planck_rev6_LohseBoi/quantum/action_layer.o
                0x0000000008001bf4                default_layer_or
 .text.default_layer_and
                0x0000000008001c04       0x10 .build/obj_planck_rev6_LohseBoi/quantum/action_layer.o
                0x0000000008001c04                default_layer_and
 .text.default_layer_xor
                0x0000000008001c14       0x10 .build/obj_planck_rev6_LohseBoi/quantum/action_layer.o
                0x0000000008001c14                default_layer_xor
 .text.layer_state_set_kb
                0x0000000008001c24        0x8 .build/obj_planck_rev6_LohseBoi/quantum/action_layer.o
                0x0000000008001c24                layer_state_set_kb
 .text.layer_state_set
                0x0000000008001c2c       0x18 .build/obj_planck_rev6_LohseBoi/quantum/action_layer.o
                0x0000000008001c2c                layer_state_set
 .text.layer_clear
                0x0000000008001c44        0x6 .build/obj_planck_rev6_LohseBoi/quantum/action_layer.o
                0x0000000008001c44                layer_clear
 *fill*         0x0000000008001c4a        0x2 
 .text.layer_state_is
                0x0000000008001c4c       0x1c .build/obj_planck_rev6_LohseBoi/quantum/action_layer.o
                0x0000000008001c4c                layer_state_is
 .text.layer_move
                0x0000000008001c68        0xa .build/obj_planck_rev6_LohseBoi/quantum/action_layer.o
                0x0000000008001c68                layer_move
 *fill*         0x0000000008001c72        0x2 
 .text.layer_on
                0x0000000008001c74       0x14 .build/obj_planck_rev6_LohseBoi/quantum/action_layer.o
                0x0000000008001c74                layer_on
 .text.layer_off
                0x0000000008001c88       0x18 .build/obj_planck_rev6_LohseBoi/quantum/action_layer.o
                0x0000000008001c88                layer_off
 .text.layer_invert
                0x0000000008001ca0       0x14 .build/obj_planck_rev6_LohseBoi/quantum/action_layer.o
                0x0000000008001ca0                layer_invert
 .text.layer_or
                0x0000000008001cb4       0x10 .build/obj_planck_rev6_LohseBoi/quantum/action_layer.o
                0x0000000008001cb4                layer_or
 .text.layer_and
                0x0000000008001cc4       0x10 .build/obj_planck_rev6_LohseBoi/quantum/action_layer.o
                0x0000000008001cc4                layer_and
 .text.layer_xor
                0x0000000008001cd4       0x10 .build/obj_planck_rev6_LohseBoi/quantum/action_layer.o
                0x0000000008001cd4                layer_xor
 .text.layer_debug
                0x0000000008001ce4        0x2 .build/obj_planck_rev6_LohseBoi/quantum/action_layer.o
                0x0000000008001ce4                layer_debug
 *fill*         0x0000000008001ce6        0x2 
 .text.update_source_layers_cache
                0x0000000008001ce8       0x48 .build/obj_planck_rev6_LohseBoi/quantum/action_layer.o
                0x0000000008001ce8                update_source_layers_cache
 .text.read_source_layers_cache
                0x0000000008001d30       0x40 .build/obj_planck_rev6_LohseBoi/quantum/action_layer.o
                0x0000000008001d30                read_source_layers_cache
 .text.layer_switch_get_layer
                0x0000000008001d70       0x40 .build/obj_planck_rev6_LohseBoi/quantum/action_layer.o
                0x0000000008001d70                layer_switch_get_layer
 .text.layer_switch_get_action
                0x0000000008001db0       0x18 .build/obj_planck_rev6_LohseBoi/quantum/action_layer.o
                0x0000000008001db0                layer_switch_get_action
 .text.store_or_get_action
                0x0000000008001dc8       0x48 .build/obj_planck_rev6_LohseBoi/quantum/action_layer.o
                0x0000000008001dc8                store_or_get_action
 .text.action_macro_play
                0x0000000008001e10       0xb4 .build/obj_planck_rev6_LohseBoi/quantum/action_macro.o
                0x0000000008001e10                action_macro_play
 .text.debug_waiting_buffer
                0x0000000008001ec4       0x34 .build/obj_planck_rev6_LohseBoi/quantum/action_tapping.o
 .text.debug_tapping_key
                0x0000000008001ef8       0x10 .build/obj_planck_rev6_LohseBoi/quantum/action_tapping.o
 .text.waiting_buffer_scan_tap
                0x0000000008001f08       0x98 .build/obj_planck_rev6_LohseBoi/quantum/action_tapping.o
 .text.process_tapping
                0x0000000008001fa0      0x290 .build/obj_planck_rev6_LohseBoi/quantum/action_tapping.o
 .text.action_tapping_process
                0x0000000008002230       0xd0 .build/obj_planck_rev6_LohseBoi/quantum/action_tapping.o
                0x0000000008002230                action_tapping_process
 .text.add_key  0x0000000008002300       0x10 .build/obj_planck_rev6_LohseBoi/quantum/action_util.o
                0x0000000008002300                add_key
 .text.del_key  0x0000000008002310       0x10 .build/obj_planck_rev6_LohseBoi/quantum/action_util.o
                0x0000000008002310                del_key
 .text.clear_keys
                0x0000000008002320        0xc .build/obj_planck_rev6_LohseBoi/quantum/action_util.o
                0x0000000008002320                clear_keys
 .text.get_oneshot_layer
                0x000000000800232c       0x10 .build/obj_planck_rev6_LohseBoi/quantum/action_util.o
                0x000000000800232c                get_oneshot_layer
 .text.get_oneshot_layer_state
                0x000000000800233c       0x10 .build/obj_planck_rev6_LohseBoi/quantum/action_util.o
                0x000000000800233c                get_oneshot_layer_state
 .text.is_oneshot_layer_active
                0x000000000800234c       0x14 .build/obj_planck_rev6_LohseBoi/quantum/action_util.o
                0x000000000800234c                is_oneshot_layer_active
 .text.oneshot_set
                0x0000000008002360       0x40 .build/obj_planck_rev6_LohseBoi/quantum/action_util.o
                0x0000000008002360                oneshot_set
 .text.oneshot_toggle
                0x00000000080023a0       0x18 .build/obj_planck_rev6_LohseBoi/quantum/action_util.o
                0x00000000080023a0                oneshot_toggle
 .text.oneshot_enable
                0x00000000080023b8        0x6 .build/obj_planck_rev6_LohseBoi/quantum/action_util.o
                0x00000000080023b8                oneshot_enable
 .text.oneshot_disable
                0x00000000080023be        0x6 .build/obj_planck_rev6_LohseBoi/quantum/action_util.o
                0x00000000080023be                oneshot_disable
 .text.get_mods
                0x00000000080023c4        0xc .build/obj_planck_rev6_LohseBoi/quantum/action_util.o
                0x00000000080023c4                get_mods
 .text.add_mods
                0x00000000080023d0       0x10 .build/obj_planck_rev6_LohseBoi/quantum/action_util.o
                0x00000000080023d0                add_mods
 .text.del_mods
                0x00000000080023e0       0x10 .build/obj_planck_rev6_LohseBoi/quantum/action_util.o
                0x00000000080023e0                del_mods
 .text.clear_mods
                0x00000000080023f0        0xc .build/obj_planck_rev6_LohseBoi/quantum/action_util.o
                0x00000000080023f0                clear_mods
 .text.add_weak_mods
                0x00000000080023fc       0x10 .build/obj_planck_rev6_LohseBoi/quantum/action_util.o
                0x00000000080023fc                add_weak_mods
 .text.del_weak_mods
                0x000000000800240c       0x10 .build/obj_planck_rev6_LohseBoi/quantum/action_util.o
                0x000000000800240c                del_weak_mods
 .text.clear_weak_mods
                0x000000000800241c        0xc .build/obj_planck_rev6_LohseBoi/quantum/action_util.o
                0x000000000800241c                clear_weak_mods
 .text.add_macro_mods
                0x0000000008002428       0x10 .build/obj_planck_rev6_LohseBoi/quantum/action_util.o
                0x0000000008002428                add_macro_mods
 .text.del_macro_mods
                0x0000000008002438       0x10 .build/obj_planck_rev6_LohseBoi/quantum/action_util.o
                0x0000000008002438                del_macro_mods
 .text.clear_macro_mods
                0x0000000008002448        0xc .build/obj_planck_rev6_LohseBoi/quantum/action_util.o
                0x0000000008002448                clear_macro_mods
 .text.get_oneshot_mods
                0x0000000008002454        0xc .build/obj_planck_rev6_LohseBoi/quantum/action_util.o
                0x0000000008002454                get_oneshot_mods
 .text.oneshot_mods_changed_user
                0x0000000008002460        0x2 .build/obj_planck_rev6_LohseBoi/quantum/action_util.o
                0x0000000008002460                oneshot_mods_changed_user
 .text.oneshot_mods_changed_kb
                0x0000000008002462        0x8 .build/obj_planck_rev6_LohseBoi/quantum/action_util.o
                0x0000000008002462                oneshot_mods_changed_kb
 *fill*         0x000000000800246a        0x2 
 .text.set_oneshot_mods
                0x000000000800246c       0x24 .build/obj_planck_rev6_LohseBoi/quantum/action_util.o
                0x000000000800246c                set_oneshot_mods
 .text.clear_oneshot_mods
                0x0000000008002490       0x18 .build/obj_planck_rev6_LohseBoi/quantum/action_util.o
                0x0000000008002490                clear_oneshot_mods
 .text.send_keyboard_report
                0x00000000080024a8       0x4c .build/obj_planck_rev6_LohseBoi/quantum/action_util.o
                0x00000000080024a8                send_keyboard_report
 .text.oneshot_layer_changed_user
                0x00000000080024f4        0x2 .build/obj_planck_rev6_LohseBoi/quantum/action_util.o
                0x00000000080024f4                oneshot_layer_changed_user
 .text.oneshot_layer_changed_kb
                0x00000000080024f6        0x8 .build/obj_planck_rev6_LohseBoi/quantum/action_util.o
                0x00000000080024f6                oneshot_layer_changed_kb
 *fill*         0x00000000080024fe        0x2 
 .text.set_oneshot_layer
                0x0000000008002500       0x34 .build/obj_planck_rev6_LohseBoi/quantum/action_util.o
                0x0000000008002500                set_oneshot_layer
 .text.reset_oneshot_layer
                0x0000000008002534       0x14 .build/obj_planck_rev6_LohseBoi/quantum/action_util.o
                0x0000000008002534                reset_oneshot_layer
 .text.clear_oneshot_layer_state
                0x0000000008002548       0x3c .build/obj_planck_rev6_LohseBoi/quantum/action_util.o
                0x0000000008002548                clear_oneshot_layer_state
 .text.eeconfig_disable
                0x0000000008002584       0x14 .build/obj_planck_rev6_LohseBoi/quantum/eeconfig.o
                0x0000000008002584                eeconfig_disable
 .text.eeconfig_is_enabled
                0x0000000008002598       0x14 .build/obj_planck_rev6_LohseBoi/quantum/eeconfig.o
                0x0000000008002598                eeconfig_is_enabled
 .text.eeconfig_read_debug
                0x00000000080025ac        0x6 .build/obj_planck_rev6_LohseBoi/quantum/eeconfig.o
                0x00000000080025ac                eeconfig_read_debug
 .text.eeconfig_read_default_layer
                0x00000000080025b2        0x6 .build/obj_planck_rev6_LohseBoi/quantum/eeconfig.o
                0x00000000080025b2                eeconfig_read_default_layer
 .text.eeconfig_update_default_layer
                0x00000000080025b8        0x8 .build/obj_planck_rev6_LohseBoi/quantum/eeconfig.o
                0x00000000080025b8                eeconfig_update_default_layer
 .text.eeconfig_read_keymap
                0x00000000080025c0       0x18 .build/obj_planck_rev6_LohseBoi/quantum/eeconfig.o
                0x00000000080025c0                eeconfig_read_keymap
 .text.eeconfig_update_keymap
                0x00000000080025d8       0x18 .build/obj_planck_rev6_LohseBoi/quantum/eeconfig.o
                0x00000000080025d8                eeconfig_update_keymap
 .text.eeconfig_read_audio
                0x00000000080025f0        0x6 .build/obj_planck_rev6_LohseBoi/quantum/eeconfig.o
                0x00000000080025f0                eeconfig_read_audio
 .text.eeconfig_update_audio
                0x00000000080025f6        0x8 .build/obj_planck_rev6_LohseBoi/quantum/eeconfig.o
                0x00000000080025f6                eeconfig_update_audio
 .text.eeconfig_update_kb
                0x00000000080025fe        0x8 .build/obj_planck_rev6_LohseBoi/quantum/eeconfig.o
                0x00000000080025fe                eeconfig_update_kb
 .text.eeconfig_update_user
                0x0000000008002606        0x8 .build/obj_planck_rev6_LohseBoi/quantum/eeconfig.o
                0x0000000008002606                eeconfig_update_user
 .text.eeconfig_init_user
                0x000000000800260e        0x6 .build/obj_planck_rev6_LohseBoi/quantum/eeconfig.o
                0x000000000800260e                eeconfig_init_user
 .text.eeconfig_init_kb
                0x0000000008002614        0xe .build/obj_planck_rev6_LohseBoi/quantum/eeconfig.o
                0x0000000008002614                eeconfig_init_kb
 *fill*         0x0000000008002622        0x2 
 .text.eeconfig_init_quantum
                0x0000000008002624       0x90 .build/obj_planck_rev6_LohseBoi/quantum/eeconfig.o
                0x0000000008002624                eeconfig_init_quantum
 .text.eeconfig_init
                0x00000000080026b4        0x4 .build/obj_planck_rev6_LohseBoi/quantum/eeconfig.o
                0x00000000080026b4                eeconfig_init
 .text.eeconfig_update_handedness
                0x00000000080026b8        0x8 .build/obj_planck_rev6_LohseBoi/quantum/eeconfig.o
                0x00000000080026b8                eeconfig_update_handedness
 .text.last_matrix_activity_trigger
                0x00000000080026c0       0x18 .build/obj_planck_rev6_LohseBoi/quantum/keyboard.o
                0x00000000080026c0                last_matrix_activity_trigger
 .text.last_encoder_activity_trigger
                0x00000000080026d8       0x18 .build/obj_planck_rev6_LohseBoi/quantum/keyboard.o
                0x00000000080026d8                last_encoder_activity_trigger
 .text.matrix_setup
                0x00000000080026f0        0x2 .build/obj_planck_rev6_LohseBoi/quantum/keyboard.o
                0x00000000080026f0                matrix_setup
 .text.keyboard_pre_init_user
                0x00000000080026f2        0x2 .build/obj_planck_rev6_LohseBoi/quantum/keyboard.o
                0x00000000080026f2                keyboard_pre_init_user
 .text.keyboard_pre_init_kb
                0x00000000080026f4        0x8 .build/obj_planck_rev6_LohseBoi/quantum/keyboard.o
                0x00000000080026f4                keyboard_pre_init_kb
 .text.keyboard_post_init_user
                0x00000000080026fc        0x2 .build/obj_planck_rev6_LohseBoi/quantum/keyboard.o
                0x00000000080026fc                keyboard_post_init_user
 .text.keyboard_post_init_kb
                0x00000000080026fe        0x8 .build/obj_planck_rev6_LohseBoi/quantum/keyboard.o
                0x00000000080026fe                keyboard_post_init_kb
 *fill*         0x0000000008002706        0x2 
 .text.keyboard_setup
                0x0000000008002708       0x1c .build/obj_planck_rev6_LohseBoi/quantum/keyboard.o
                0x0000000008002708                keyboard_setup
 .text.is_keyboard_master
                0x0000000008002724        0x4 .build/obj_planck_rev6_LohseBoi/quantum/keyboard.o
                0x0000000008002724                is_keyboard_master
 .text.should_process_keypress
                0x0000000008002728        0x8 .build/obj_planck_rev6_LohseBoi/quantum/keyboard.o
                0x0000000008002728                should_process_keypress
 .text.housekeeping_task_kb
                0x0000000008002730        0x2 .build/obj_planck_rev6_LohseBoi/quantum/keyboard.o
                0x0000000008002730                housekeeping_task_kb
 .text.housekeeping_task_user
                0x0000000008002732        0x2 .build/obj_planck_rev6_LohseBoi/quantum/keyboard.o
                0x0000000008002732                housekeeping_task_user
 .text.housekeeping_task
                0x0000000008002734        0xc .build/obj_planck_rev6_LohseBoi/quantum/keyboard.o
                0x0000000008002734                housekeeping_task
 .text.keyboard_init
                0x0000000008002740       0x18 .build/obj_planck_rev6_LohseBoi/quantum/keyboard.o
                0x0000000008002740                keyboard_init
 .text.keyboard_set_leds
                0x0000000008002758       0x4c .build/obj_planck_rev6_LohseBoi/quantum/keyboard.o
                0x0000000008002758                keyboard_set_leds
 .text.keyboard_task
                0x00000000080027a4       0xf4 .build/obj_planck_rev6_LohseBoi/quantum/keyboard.o
                0x00000000080027a4                keyboard_task
 .text.action_get_macro
                0x0000000008002898        0x4 .build/obj_planck_rev6_LohseBoi/quantum/keymap_common.o
                0x0000000008002898                action_get_macro
 .text.action_function
                0x000000000800289c        0x2 .build/obj_planck_rev6_LohseBoi/quantum/keymap_common.o
                0x000000000800289c                action_function
 *fill*         0x000000000800289e        0x2 
 .text.keymap_key_to_keycode
                0x00000000080028a0       0x24 .build/obj_planck_rev6_LohseBoi/quantum/keymap_common.o
                0x00000000080028a0                keymap_key_to_keycode
 .text.keymap_function_id_to_action
                0x00000000080028c4        0xc .build/obj_planck_rev6_LohseBoi/quantum/keymap_common.o
                0x00000000080028c4                keymap_function_id_to_action
 .text.action_for_keycode
                0x00000000080028d0      0x1a0 .build/obj_planck_rev6_LohseBoi/quantum/keymap_common.o
                0x00000000080028d0                action_for_keycode
 .text.action_for_key
                0x0000000008002a70       0x16 .build/obj_planck_rev6_LohseBoi/quantum/keymap_common.o
                0x0000000008002a70                action_for_key
 *fill*         0x0000000008002a86        0x2 
 .text.keycode_config
                0x0000000008002a88      0x100 .build/obj_planck_rev6_LohseBoi/quantum/keycode_config.o
                0x0000000008002a88                keycode_config
 .text.mod_config
                0x0000000008002b88       0xac .build/obj_planck_rev6_LohseBoi/quantum/keycode_config.o
                0x0000000008002b88                mod_config
 .text.null_sendchar_func
                0x0000000008002c34        0x4 .build/obj_planck_rev6_LohseBoi/quantum/logging/print.o
 .text.print_set_sendchar
                0x0000000008002c38        0xc .build/obj_planck_rev6_LohseBoi/quantum/logging/print.o
                0x0000000008002c38                print_set_sendchar
 .text._putchar
                0x0000000008002c44        0xc .build/obj_planck_rev6_LohseBoi/quantum/logging/print.o
                0x0000000008002c44                _putchar
 .text.bootmagic_lite_reset_eeprom
                0x0000000008002c50        0x4 .build/obj_planck_rev6_LohseBoi/quantum/bootmagic/bootmagic_lite.o
                0x0000000008002c50                bootmagic_lite_reset_eeprom
 .text.bootmagic_lite
                0x0000000008002c54       0x28 .build/obj_planck_rev6_LohseBoi/quantum/bootmagic/bootmagic_lite.o
                0x0000000008002c54                bootmagic_lite
 .text.bootmagic
                0x0000000008002c7c        0x8 .build/obj_planck_rev6_LohseBoi/quantum/bootmagic/bootmagic_lite.o
                0x0000000008002c7c                bootmagic
 .text.magic    0x0000000008002c84       0x40 .build/obj_planck_rev6_LohseBoi/quantum/bootmagic/magic.o
                0x0000000008002c84                magic
 .text.matrix_init_user
                0x0000000008002cc4        0x2 .build/obj_planck_rev6_LohseBoi/quantum/matrix_common.o
                0x0000000008002cc4                matrix_init_user
 .text.matrix_scan_kb
                0x0000000008002cc6        0x8 .build/obj_planck_rev6_LohseBoi/quantum/matrix_common.o
                0x0000000008002cc6                matrix_scan_kb
 *fill*         0x0000000008002cce        0x2 
 .text.matrix_get_row
                0x0000000008002cd0        0xc .build/obj_planck_rev6_LohseBoi/quantum/matrix_common.o
                0x0000000008002cd0                matrix_get_row
 .text.matrix_print
                0x0000000008002cdc       0x5c .build/obj_planck_rev6_LohseBoi/quantum/matrix_common.o
                0x0000000008002cdc                matrix_print
 .text.matrix_io_delay
                0x0000000008002d38        0x6 .build/obj_planck_rev6_LohseBoi/quantum/matrix_common.o
                0x0000000008002d38                matrix_io_delay
 .text.matrix_output_select_delay
                0x0000000008002d3e       0x26 .build/obj_planck_rev6_LohseBoi/quantum/matrix_common.o
                0x0000000008002d3e                matrix_output_select_delay
 .text.matrix_output_unselect_delay
                0x0000000008002d64        0x8 .build/obj_planck_rev6_LohseBoi/quantum/matrix_common.o
                0x0000000008002d64                matrix_output_unselect_delay
 .text.setPinInputHigh_atomic
                0x0000000008002d6c       0x20 .build/obj_planck_rev6_LohseBoi/quantum/matrix.o
 .text.matrix_init_pins
                0x0000000008002d8c       0x3c .build/obj_planck_rev6_LohseBoi/quantum/matrix.o
                0x0000000008002d8c                matrix_init_pins
 .text.matrix_read_cols_on_row
                0x0000000008002dc8       0xa4 .build/obj_planck_rev6_LohseBoi/quantum/matrix.o
                0x0000000008002dc8                matrix_read_cols_on_row
 .text.matrix_init
                0x0000000008002e6c       0x2c .build/obj_planck_rev6_LohseBoi/quantum/matrix.o
                0x0000000008002e6c                matrix_init
 .text.matrix_scan
                0x0000000008002e98       0x54 .build/obj_planck_rev6_LohseBoi/quantum/matrix.o
                0x0000000008002e98                matrix_scan
 .text.debounce_init
                0x0000000008002eec        0x2 .build/obj_planck_rev6_LohseBoi/quantum/debounce/sym_defer_g.o
                0x0000000008002eec                debounce_init
 *fill*         0x0000000008002eee        0x2 
 .text.debounce
                0x0000000008002ef0       0x48 .build/obj_planck_rev6_LohseBoi/quantum/debounce/sym_defer_g.o
                0x0000000008002ef0                debounce
 .text.startup.main
                0x0000000008002f38       0x18 .build/obj_planck_rev6_LohseBoi/quantum/main.o
                0x0000000008002f38                main
 .text._out_null
                0x0000000008002f50        0x2 .build/obj_planck_rev6_LohseBoi/lib/printf/printf.o
 .text._ntoa_long
                0x0000000008002f52      0x1e8 .build/obj_planck_rev6_LohseBoi/lib/printf/printf.o
 .text._out_char
                0x000000000800313a        0x8 .build/obj_planck_rev6_LohseBoi/lib/printf/printf.o
 *fill*         0x0000000008003142        0x2 
 .text._vsnprintf
                0x0000000008003144      0x418 .build/obj_planck_rev6_LohseBoi/lib/printf/printf.o
 .text.printf_  0x000000000800355c       0x28 .build/obj_planck_rev6_LohseBoi/lib/printf/printf.o
                0x000000000800355c                printf_
 .text.mousekey_param_print
                0x0000000008003584       0x48 .build/obj_planck_rev6_LohseBoi/quantum/command.o
 .text.switch_default_layer
                0x00000000080035cc       0x20 .build/obj_planck_rev6_LohseBoi/quantum/command.o
 .text.command_common
                0x00000000080035ec      0x2a8 .build/obj_planck_rev6_LohseBoi/quantum/command.o
 .text.mousekey_console.isra.0
                0x0000000008003894      0x1ec .build/obj_planck_rev6_LohseBoi/quantum/command.o
 .text.command_extra
                0x0000000008003a80        0x4 .build/obj_planck_rev6_LohseBoi/quantum/command.o
                0x0000000008003a80                command_extra
 .text.command_console_extra
                0x0000000008003a84        0x4 .build/obj_planck_rev6_LohseBoi/quantum/command.o
                0x0000000008003a84                command_console_extra
 .text.command_proc
                0x0000000008003a88       0xac .build/obj_planck_rev6_LohseBoi/quantum/command.o
                0x0000000008003a88                command_proc
 *fill*         0x0000000008003b34        0x4 
 .text.compute_freq_for_midi_note
                0x0000000008003b38       0x4c .build/obj_planck_rev6_LohseBoi/quantum/process_keycode/process_audio.o
                0x0000000008003b38                compute_freq_for_midi_note
 .text.process_audio
                0x0000000008003b84       0x74 .build/obj_planck_rev6_LohseBoi/quantum/process_keycode/process_audio.o
                0x0000000008003b84                process_audio
 .text.process_audio_noteon
                0x0000000008003bf8        0xe .build/obj_planck_rev6_LohseBoi/quantum/process_keycode/process_audio.o
                0x0000000008003bf8                process_audio_noteon
 .text.process_audio_noteoff
                0x0000000008003c06        0xe .build/obj_planck_rev6_LohseBoi/quantum/process_keycode/process_audio.o
                0x0000000008003c06                process_audio_noteoff
 .text.process_audio_all_notes_off
                0x0000000008003c14        0x4 .build/obj_planck_rev6_LohseBoi/quantum/process_keycode/process_audio.o
                0x0000000008003c14                process_audio_all_notes_off
 .text.audio_on_user
                0x0000000008003c18        0x2 .build/obj_planck_rev6_LohseBoi/quantum/process_keycode/process_audio.o
                0x0000000008003c18                audio_on_user
 *fill*         0x0000000008003c1a        0x2 
 .text.audio_is_on
                0x0000000008003c1c       0x10 .build/obj_planck_rev6_LohseBoi/quantum/audio/audio.o
                0x0000000008003c1c                audio_is_on
 .text.audio_stop_all
                0x0000000008003c2c       0x54 .build/obj_planck_rev6_LohseBoi/quantum/audio/audio.o
                0x0000000008003c2c                audio_stop_all
 .text.audio_get_processed_frequency
                0x0000000008003c80       0x3c .build/obj_planck_rev6_LohseBoi/quantum/audio/audio.o
                0x0000000008003c80                audio_get_processed_frequency
 .text.audio_duration_to_ms
                0x0000000008003cbc       0x44 .build/obj_planck_rev6_LohseBoi/quantum/audio/audio.o
                0x0000000008003cbc                audio_duration_to_ms
 .text.audio_play_melody
                0x0000000008003d00       0xb8 .build/obj_planck_rev6_LohseBoi/quantum/audio/audio.o
                0x0000000008003d00                audio_play_melody
 .text.audio_startup
                0x0000000008003db8       0x2c .build/obj_planck_rev6_LohseBoi/quantum/audio/audio.o
                0x0000000008003db8                audio_startup
 .text.audio_init
                0x0000000008003de4       0x5c .build/obj_planck_rev6_LohseBoi/quantum/audio/audio.o
                0x0000000008003de4                audio_init
 .text.audio_stop_tone
                0x0000000008003e40       0xbc .build/obj_planck_rev6_LohseBoi/quantum/audio/audio.o
                0x0000000008003e40                audio_stop_tone
 .text.audio_play_note
                0x0000000008003efc      0x104 .build/obj_planck_rev6_LohseBoi/quantum/audio/audio.o
                0x0000000008003efc                audio_play_note
 .text.audio_play_tone
                0x0000000008004000        0x8 .build/obj_planck_rev6_LohseBoi/quantum/audio/audio.o
                0x0000000008004000                audio_play_tone
 .text.audio_on
                0x0000000008004008       0x2c .build/obj_planck_rev6_LohseBoi/quantum/audio/audio.o
                0x0000000008004008                audio_on
 .text.audio_off
                0x0000000008004034       0x34 .build/obj_planck_rev6_LohseBoi/quantum/audio/audio.o
                0x0000000008004034                audio_off
 .text.audio_update_state
                0x0000000008004068      0x1d0 .build/obj_planck_rev6_LohseBoi/quantum/audio/audio.o
                0x0000000008004068                audio_update_state
 .text.channel_1_start
                0x0000000008004238       0x2c .build/obj_planck_rev6_LohseBoi/quantum/audio/driver_chibios_dac_basic.o
                0x0000000008004238                channel_1_start
 .text.channel_1_stop
                0x0000000008004264       0x24 .build/obj_planck_rev6_LohseBoi/quantum/audio/driver_chibios_dac_basic.o
                0x0000000008004264                channel_1_stop
 .text.channel_1_set_frequency
                0x0000000008004288       0x54 .build/obj_planck_rev6_LohseBoi/quantum/audio/driver_chibios_dac_basic.o
                0x0000000008004288                channel_1_set_frequency
 .text.channel_2_start
                0x00000000080042dc       0x2c .build/obj_planck_rev6_LohseBoi/quantum/audio/driver_chibios_dac_basic.o
                0x00000000080042dc                channel_2_start
 .text.channel_2_stop
                0x0000000008004308       0x24 .build/obj_planck_rev6_LohseBoi/quantum/audio/driver_chibios_dac_basic.o
                0x0000000008004308                channel_2_stop
 .text.channel_2_set_frequency
                0x000000000800432c       0x54 .build/obj_planck_rev6_LohseBoi/quantum/audio/driver_chibios_dac_basic.o
                0x000000000800432c                channel_2_set_frequency
 .text.gpt_audio_state_cb
                0x0000000008004380       0x22 .build/obj_planck_rev6_LohseBoi/quantum/audio/driver_chibios_dac_basic.o
 *fill*         0x00000000080043a2        0x2 
 .text.audio_driver_initialize
                0x00000000080043a4       0x8c .build/obj_planck_rev6_LohseBoi/quantum/audio/driver_chibios_dac_basic.o
                0x00000000080043a4                audio_driver_initialize
 .text.audio_driver_stop
                0x0000000008004430       0x50 .build/obj_planck_rev6_LohseBoi/quantum/audio/driver_chibios_dac_basic.o
                0x0000000008004430                audio_driver_stop
 .text.audio_driver_start
                0x0000000008004480       0x48 .build/obj_planck_rev6_LohseBoi/quantum/audio/driver_chibios_dac_basic.o
                0x0000000008004480                audio_driver_start
 .text.voice_iterate
                0x00000000080044c8        0xc .build/obj_planck_rev6_LohseBoi/quantum/audio/voices.o
                0x00000000080044c8                voice_iterate
 .text.voice_deiterate
                0x00000000080044d4        0xc .build/obj_planck_rev6_LohseBoi/quantum/audio/voices.o
                0x00000000080044d4                voice_deiterate
 .text.voice_envelope
                0x00000000080044e0       0x14 .build/obj_planck_rev6_LohseBoi/quantum/audio/voices.o
                0x00000000080044e0                voice_envelope
 .text.music_all_notes_off
                0x00000000080044f4       0x10 .build/obj_planck_rev6_LohseBoi/quantum/process_keycode/process_music.o
                0x00000000080044f4                music_all_notes_off
 .text.music_mask_kb
                0x0000000008004504        0x8 .build/obj_planck_rev6_LohseBoi/quantum/process_keycode/process_music.o
                0x0000000008004504                music_mask_kb
 .text.music_off
                0x000000000800450c       0x20 .build/obj_planck_rev6_LohseBoi/quantum/process_keycode/process_music.o
                0x000000000800450c                music_off
 .text.midi_off
                0x000000000800452c       0x18 .build/obj_planck_rev6_LohseBoi/quantum/process_keycode/process_music.o
                0x000000000800452c                midi_off
 .text.music_mode_cycle
                0x0000000008004544       0x30 .build/obj_planck_rev6_LohseBoi/quantum/process_keycode/process_music.o
                0x0000000008004544                music_mode_cycle
 .text.music_task
                0x0000000008004574       0x7c .build/obj_planck_rev6_LohseBoi/quantum/process_keycode/process_music.o
                0x0000000008004574                music_task
 .text.music_on_user
                0x00000000080045f0        0x2 .build/obj_planck_rev6_LohseBoi/quantum/process_keycode/process_music.o
                0x00000000080045f0                music_on_user
 *fill*         0x00000000080045f2        0x2 
 .text.music_on
                0x00000000080045f4       0x20 .build/obj_planck_rev6_LohseBoi/quantum/process_keycode/process_music.o
                0x00000000080045f4                music_on
 .text.midi_on_user
                0x0000000008004614        0x2 .build/obj_planck_rev6_LohseBoi/quantum/process_keycode/process_music.o
                0x0000000008004614                midi_on_user
 *fill*         0x0000000008004616        0x2 
 .text.midi_on  0x0000000008004618       0x20 .build/obj_planck_rev6_LohseBoi/quantum/process_keycode/process_music.o
                0x0000000008004618                midi_on
 .text.process_music
                0x0000000008004638      0x210 .build/obj_planck_rev6_LohseBoi/quantum/process_keycode/process_music.o
                0x0000000008004638                process_music
 .text.move_unit
                0x0000000008004848       0x78 .build/obj_planck_rev6_LohseBoi/quantum/mousekey.o
 .text.wheel_unit
                0x00000000080048c0       0x68 .build/obj_planck_rev6_LohseBoi/quantum/mousekey.o
 .text.mousekey_on
                0x0000000008004928       0xa4 .build/obj_planck_rev6_LohseBoi/quantum/mousekey.o
                0x0000000008004928                mousekey_on
 .text.mousekey_off
                0x00000000080049cc      0x118 .build/obj_planck_rev6_LohseBoi/quantum/mousekey.o
                0x00000000080049cc                mousekey_off
 .text.mousekey_send
                0x0000000008004ae4       0xe8 .build/obj_planck_rev6_LohseBoi/quantum/mousekey.o
                0x0000000008004ae4                mousekey_send
 .text.mousekey_task
                0x0000000008004bcc      0x184 .build/obj_planck_rev6_LohseBoi/quantum/mousekey.o
                0x0000000008004bcc                mousekey_task
 .text.mousekey_clear
                0x0000000008004d50       0x28 .build/obj_planck_rev6_LohseBoi/quantum/mousekey.o
                0x0000000008004d50                mousekey_clear
 .text.eeprom_clear
                0x0000000008004d78       0x40 .build/obj_planck_rev6_LohseBoi/common/chibios/eeprom_stm32.o
 .text.eeprom_write_direct_entry
                0x0000000008004db8       0x48 .build/obj_planck_rev6_LohseBoi/common/chibios/eeprom_stm32.o
 .text.eeprom_compact
                0x0000000008004e00       0x44 .build/obj_planck_rev6_LohseBoi/common/chibios/eeprom_stm32.o
 .text.eeprom_write_log_word_entry
                0x0000000008004e44       0x88 .build/obj_planck_rev6_LohseBoi/common/chibios/eeprom_stm32.o
 .text.eeprom_write_log_byte_entry
                0x0000000008004ecc       0x48 .build/obj_planck_rev6_LohseBoi/common/chibios/eeprom_stm32.o
 .text.EEPROM_Init
                0x0000000008004f14       0x94 .build/obj_planck_rev6_LohseBoi/common/chibios/eeprom_stm32.o
                0x0000000008004f14                EEPROM_Init
 .text.EEPROM_Erase
                0x0000000008004fa8        0xe .build/obj_planck_rev6_LohseBoi/common/chibios/eeprom_stm32.o
                0x0000000008004fa8                EEPROM_Erase
 *fill*         0x0000000008004fb6        0x2 
 .text.EEPROM_WriteDataByte
                0x0000000008004fb8       0x40 .build/obj_planck_rev6_LohseBoi/common/chibios/eeprom_stm32.o
                0x0000000008004fb8                EEPROM_WriteDataByte
 .text.EEPROM_WriteDataWord
                0x0000000008004ff8       0x80 .build/obj_planck_rev6_LohseBoi/common/chibios/eeprom_stm32.o
                0x0000000008004ff8                EEPROM_WriteDataWord
 .text.EEPROM_ReadDataByte
                0x0000000008005078       0x14 .build/obj_planck_rev6_LohseBoi/common/chibios/eeprom_stm32.o
                0x0000000008005078                EEPROM_ReadDataByte
 .text.EEPROM_ReadDataWord
                0x000000000800508c       0x28 .build/obj_planck_rev6_LohseBoi/common/chibios/eeprom_stm32.o
                0x000000000800508c                EEPROM_ReadDataWord
 .text.eeprom_read_byte
                0x00000000080050b4        0x6 .build/obj_planck_rev6_LohseBoi/common/chibios/eeprom_stm32.o
                0x00000000080050b4                eeprom_read_byte
 .text.eeprom_update_byte
                0x00000000080050ba        0x6 .build/obj_planck_rev6_LohseBoi/common/chibios/eeprom_stm32.o
                0x00000000080050ba                eeprom_update_byte
 .text.eeprom_read_word
                0x00000000080050c0        0x6 .build/obj_planck_rev6_LohseBoi/common/chibios/eeprom_stm32.o
                0x00000000080050c0                eeprom_read_word
 .text.eeprom_update_word
                0x00000000080050c6        0x6 .build/obj_planck_rev6_LohseBoi/common/chibios/eeprom_stm32.o
                0x00000000080050c6                eeprom_update_word
 .text.eeprom_write_dword
                0x00000000080050cc       0x42 .build/obj_planck_rev6_LohseBoi/common/chibios/eeprom_stm32.o
                0x00000000080050cc                eeprom_write_dword
 .text.eeprom_update_dword
                0x000000000800510e        0x4 .build/obj_planck_rev6_LohseBoi/common/chibios/eeprom_stm32.o
                0x000000000800510e                eeprom_update_dword
 *fill*         0x0000000008005112        0x2 
 .text.FLASH_GetStatus
                0x0000000008005114       0x34 .build/obj_planck_rev6_LohseBoi/common/chibios/flash_stm32.o
                0x0000000008005114                FLASH_GetStatus
 .text.FLASH_WaitForLastOperation
                0x0000000008005148       0x38 .build/obj_planck_rev6_LohseBoi/common/chibios/flash_stm32.o
                0x0000000008005148                FLASH_WaitForLastOperation
 .text.FLASH_ErasePage
                0x0000000008005180       0x44 .build/obj_planck_rev6_LohseBoi/common/chibios/flash_stm32.o
                0x0000000008005180                FLASH_ErasePage
 .text.FLASH_ProgramHalfWord
                0x00000000080051c4       0x4c .build/obj_planck_rev6_LohseBoi/common/chibios/flash_stm32.o
                0x00000000080051c4                FLASH_ProgramHalfWord
 .text.FLASH_Unlock
                0x0000000008005210       0x1c .build/obj_planck_rev6_LohseBoi/common/chibios/flash_stm32.o
                0x0000000008005210                FLASH_Unlock
 .text.FLASH_Lock
                0x000000000800522c       0x10 .build/obj_planck_rev6_LohseBoi/common/chibios/flash_stm32.o
                0x000000000800522c                FLASH_Lock
 .text.encoder_update_kb
                0x000000000800523c        0x8 .build/obj_planck_rev6_LohseBoi/quantum/encoder.o
                0x000000000800523c                encoder_update_kb
 .text.encoder_init
                0x0000000008005244       0x3c .build/obj_planck_rev6_LohseBoi/quantum/encoder.o
                0x0000000008005244                encoder_init
 .text.encoder_read
                0x0000000008005280       0x90 .build/obj_planck_rev6_LohseBoi/quantum/encoder.o
                0x0000000008005280                encoder_read
 .text.dip_switch_update_kb
                0x0000000008005310        0x8 .build/obj_planck_rev6_LohseBoi/quantum/dip_switch.o
                0x0000000008005310                dip_switch_update_kb
 .text.dip_switch_update_mask_user
                0x0000000008005318        0x4 .build/obj_planck_rev6_LohseBoi/quantum/dip_switch.o
                0x0000000008005318                dip_switch_update_mask_user
 .text.dip_switch_update_mask_kb
                0x000000000800531c        0x8 .build/obj_planck_rev6_LohseBoi/quantum/dip_switch.o
                0x000000000800531c                dip_switch_update_mask_kb
 .text.dip_switch_read
                0x0000000008005324       0x74 .build/obj_planck_rev6_LohseBoi/quantum/dip_switch.o
                0x0000000008005324                dip_switch_read
 .text.dip_switch_init
                0x0000000008005398       0x34 .build/obj_planck_rev6_LohseBoi/quantum/dip_switch.o
                0x0000000008005398                dip_switch_init
 .text.perform_space_cadet
                0x00000000080053cc       0xb8 .build/obj_planck_rev6_LohseBoi/quantum/process_keycode/process_space_cadet.o
                0x00000000080053cc                perform_space_cadet
 .text.process_space_cadet
                0x0000000008005484       0xb4 .build/obj_planck_rev6_LohseBoi/quantum/process_keycode/process_space_cadet.o
                0x0000000008005484                process_space_cadet
 .text.process_magic
                0x0000000008005538      0x220 .build/obj_planck_rev6_LohseBoi/quantum/process_keycode/process_magic.o
                0x0000000008005538                process_magic
 .text.process_grave_esc
                0x0000000008005758       0x4c .build/obj_planck_rev6_LohseBoi/quantum/process_keycode/process_grave_esc.o
                0x0000000008005758                process_grave_esc
 .text.host_set_driver
                0x00000000080057a4        0xc .build/obj_planck_rev6_LohseBoi/common/host.o
                0x00000000080057a4                host_set_driver
 .text.host_keyboard_leds
                0x00000000080057b0       0x10 .build/obj_planck_rev6_LohseBoi/common/host.o
                0x00000000080057b0                host_keyboard_leds
 .text.host_keyboard_send
                0x00000000080057c0       0x84 .build/obj_planck_rev6_LohseBoi/common/host.o
                0x00000000080057c0                host_keyboard_send
 .text.host_mouse_send
                0x0000000008005844       0x14 .build/obj_planck_rev6_LohseBoi/common/host.o
                0x0000000008005844                host_mouse_send
 .text.host_system_send
                0x0000000008005858       0x20 .build/obj_planck_rev6_LohseBoi/common/host.o
                0x0000000008005858                host_system_send
 .text.host_consumer_send
                0x0000000008005878       0x20 .build/obj_planck_rev6_LohseBoi/common/host.o
                0x0000000008005878                host_consumer_send
 .text.has_anykey
                0x0000000008005898       0x3c .build/obj_planck_rev6_LohseBoi/common/report.o
                0x0000000008005898                has_anykey
 .text.is_key_pressed
                0x00000000080058d4       0x50 .build/obj_planck_rev6_LohseBoi/common/report.o
                0x00000000080058d4                is_key_pressed
 .text.add_key_byte
                0x0000000008005924       0x32 .build/obj_planck_rev6_LohseBoi/common/report.o
                0x0000000008005924                add_key_byte
 .text.del_key_byte
                0x0000000008005956       0x1a .build/obj_planck_rev6_LohseBoi/common/report.o
                0x0000000008005956                del_key_byte
 .text.add_key_bit
                0x0000000008005970       0x34 .build/obj_planck_rev6_LohseBoi/common/report.o
                0x0000000008005970                add_key_bit
 .text.del_key_bit
                0x00000000080059a4       0x34 .build/obj_planck_rev6_LohseBoi/common/report.o
                0x00000000080059a4                del_key_bit
 .text.add_key_to_report
                0x00000000080059d8       0x34 .build/obj_planck_rev6_LohseBoi/common/report.o
                0x00000000080059d8                add_key_to_report
 .text.del_key_from_report
                0x0000000008005a0c       0x34 .build/obj_planck_rev6_LohseBoi/common/report.o
                0x0000000008005a0c                del_key_from_report
 .text.clear_keys_from_report
                0x0000000008005a40       0x30 .build/obj_planck_rev6_LohseBoi/common/report.o
                0x0000000008005a40                clear_keys_from_report
 .text.platform_setup
                0x0000000008005a70        0xe .build/obj_planck_rev6_LohseBoi/common/chibios/platform.o
                0x0000000008005a70                platform_setup
 .text.suspend_power_down_user
                0x0000000008005a7e        0x2 .build/obj_planck_rev6_LohseBoi/common/chibios/suspend.o
                0x0000000008005a7e                suspend_power_down_user
 .text.suspend_power_down_kb
                0x0000000008005a80        0x8 .build/obj_planck_rev6_LohseBoi/common/chibios/suspend.o
                0x0000000008005a80                suspend_power_down_kb
 .text.suspend_power_down
                0x0000000008005a88       0x1a .build/obj_planck_rev6_LohseBoi/common/chibios/suspend.o
                0x0000000008005a88                suspend_power_down
 .text.matrix_power_up
                0x0000000008005aa2        0x2 .build/obj_planck_rev6_LohseBoi/common/chibios/suspend.o
                0x0000000008005aa2                matrix_power_up
 .text.matrix_power_down
                0x0000000008005aa4        0x2 .build/obj_planck_rev6_LohseBoi/common/chibios/suspend.o
                0x0000000008005aa4                matrix_power_down
 .text.suspend_wakeup_condition
                0x0000000008005aa6       0x24 .build/obj_planck_rev6_LohseBoi/common/chibios/suspend.o
                0x0000000008005aa6                suspend_wakeup_condition
 .text.suspend_wakeup_init_user
                0x0000000008005aca        0x2 .build/obj_planck_rev6_LohseBoi/common/chibios/suspend.o
                0x0000000008005aca                suspend_wakeup_init_user
 .text.suspend_wakeup_init_kb
                0x0000000008005acc        0x8 .build/obj_planck_rev6_LohseBoi/common/chibios/suspend.o
                0x0000000008005acc                suspend_wakeup_init_kb
 .text.suspend_wakeup_init
                0x0000000008005ad4       0x2c .build/obj_planck_rev6_LohseBoi/common/chibios/suspend.o
                0x0000000008005ad4                suspend_wakeup_init
 .text.timer_clear
                0x0000000008005b00       0x2c .build/obj_planck_rev6_LohseBoi/common/chibios/timer.o
                0x0000000008005b00                timer_clear
 .text.timer_init
                0x0000000008005b2c        0x4 .build/obj_planck_rev6_LohseBoi/common/chibios/timer.o
                0x0000000008005b2c                timer_init
 .text.timer_read32
                0x0000000008005b30       0x58 .build/obj_planck_rev6_LohseBoi/common/chibios/timer.o
                0x0000000008005b30                timer_read32
 .text.timer_read
                0x0000000008005b88        0xa .build/obj_planck_rev6_LohseBoi/common/chibios/timer.o
                0x0000000008005b88                timer_read
 .text.timer_elapsed
                0x0000000008005b92        0xe .build/obj_planck_rev6_LohseBoi/common/chibios/timer.o
                0x0000000008005b92                timer_elapsed
 .text.timer_elapsed32
                0x0000000008005ba0        0xc .build/obj_planck_rev6_LohseBoi/common/chibios/timer.o
                0x0000000008005ba0                timer_elapsed32
 .text.bootloader_jump
                0x0000000008005bac       0x30 .build/obj_planck_rev6_LohseBoi/common/chibios/bootloader.o
                0x0000000008005bac                bootloader_jump
 .text.enter_bootloader_mode_if_requested
                0x0000000008005bdc       0x3c .build/obj_planck_rev6_LohseBoi/common/chibios/bootloader.o
                0x0000000008005bdc                enter_bootloader_mode_if_requested
 .text.kbd_in_cb
                0x0000000008005c18        0x2 .build/obj_planck_rev6_LohseBoi/protocol/chibios/usb_main.o
                0x0000000008005c18                kbd_in_cb
 *fill*         0x0000000008005c1a        0x2 
 .text.usb_sof_cb
                0x0000000008005c1c       0x1c .build/obj_planck_rev6_LohseBoi/protocol/chibios/usb_main.o
 .text.usb_get_descriptor_cb
                0x0000000008005c38       0x2c .build/obj_planck_rev6_LohseBoi/protocol/chibios/usb_main.o
 .text.set_led_transfer_cb
                0x0000000008005c64       0x2c .build/obj_planck_rev6_LohseBoi/protocol/chibios/usb_main.o
 .text.send_extra
                0x0000000008005c90       0x34 .build/obj_planck_rev6_LohseBoi/protocol/chibios/usb_main.o
 .text.chVTSetI.constprop.0
                0x0000000008005cc4       0x2c .build/obj_planck_rev6_LohseBoi/protocol/chibios/usb_main.o
 .text.keyboard_idle_timer_cb
                0x0000000008005cf0       0x74 .build/obj_planck_rev6_LohseBoi/protocol/chibios/usb_main.o
 .text.usb_request_hook_cb
                0x0000000008005d64      0x154 .build/obj_planck_rev6_LohseBoi/protocol/chibios/usb_main.o
 .text.usb_event_queue_enqueue.isra.0
                0x0000000008005eb8       0x28 .build/obj_planck_rev6_LohseBoi/protocol/chibios/usb_main.o
 .text.usb_event_cb
                0x0000000008005ee0       0xbc .build/obj_planck_rev6_LohseBoi/protocol/chibios/usb_main.o
 .text.shared_in_cb
                0x0000000008005f9c        0x2 .build/obj_planck_rev6_LohseBoi/protocol/chibios/usb_main.o
                0x0000000008005f9c                shared_in_cb
 *fill*         0x0000000008005f9e        0x2 
 .text.usb_event_queue_init
                0x0000000008005fa0       0x24 .build/obj_planck_rev6_LohseBoi/protocol/chibios/usb_main.o
                0x0000000008005fa0                usb_event_queue_init
 .text.usb_event_queue_task
                0x0000000008005fc4       0x54 .build/obj_planck_rev6_LohseBoi/protocol/chibios/usb_main.o
                0x0000000008005fc4                usb_event_queue_task
 .text.init_usb_driver
                0x0000000008006018       0x7c .build/obj_planck_rev6_LohseBoi/protocol/chibios/usb_main.o
                0x0000000008006018                init_usb_driver
 .text.restart_usb_driver
                0x0000000008006094       0x3c .build/obj_planck_rev6_LohseBoi/protocol/chibios/usb_main.o
                0x0000000008006094                restart_usb_driver
 .text.keyboard_leds
                0x00000000080060d0        0xc .build/obj_planck_rev6_LohseBoi/protocol/chibios/usb_main.o
                0x00000000080060d0                keyboard_leds
 .text.send_keyboard
                0x00000000080060dc       0x98 .build/obj_planck_rev6_LohseBoi/protocol/chibios/usb_main.o
                0x00000000080060dc                send_keyboard
 .text.send_mouse
                0x0000000008006174       0x48 .build/obj_planck_rev6_LohseBoi/protocol/chibios/usb_main.o
                0x0000000008006174                send_mouse
 .text.send_system
                0x00000000080061bc        0x8 .build/obj_planck_rev6_LohseBoi/protocol/chibios/usb_main.o
                0x00000000080061bc                send_system
 .text.send_consumer
                0x00000000080061c4        0x8 .build/obj_planck_rev6_LohseBoi/protocol/chibios/usb_main.o
                0x00000000080061c4                send_consumer
 .text.sendchar
                0x00000000080061cc       0x3c .build/obj_planck_rev6_LohseBoi/protocol/chibios/usb_main.o
                0x00000000080061cc                sendchar
 .text.console_task
                0x0000000008006208       0x20 .build/obj_planck_rev6_LohseBoi/protocol/chibios/usb_main.o
                0x0000000008006208                console_task
 .text.early_hardware_init_pre
                0x0000000008006228        0x4 .build/obj_planck_rev6_LohseBoi/protocol/chibios/chibios.o
                0x0000000008006228                early_hardware_init_pre
 .text.early_hardware_init_post
                0x000000000800622c        0x2 .build/obj_planck_rev6_LohseBoi/protocol/chibios/chibios.o
                0x000000000800622c                early_hardware_init_post
 .text.board_init
                0x000000000800622e        0x2 .build/obj_planck_rev6_LohseBoi/protocol/chibios/chibios.o
                0x000000000800622e                board_init
 .text.__early_init
                0x0000000008006230       0x10 .build/obj_planck_rev6_LohseBoi/protocol/chibios/chibios.o
                0x0000000008006230                __early_init
 .text.boardInit
                0x0000000008006240        0xc .build/obj_planck_rev6_LohseBoi/protocol/chibios/chibios.o
                0x0000000008006240                boardInit
 .text.protocol_setup
                0x000000000800624c        0x4 .build/obj_planck_rev6_LohseBoi/protocol/chibios/chibios.o
                0x000000000800624c                protocol_setup
 .text.protocol_init
                0x0000000008006250       0x40 .build/obj_planck_rev6_LohseBoi/protocol/chibios/chibios.o
                0x0000000008006250                protocol_init
 .text.protocol_task
                0x0000000008006290       0x50 .build/obj_planck_rev6_LohseBoi/protocol/chibios/chibios.o
                0x0000000008006290                protocol_task
 .text.get_usb_descriptor
                0x00000000080062e0       0x78 .build/obj_planck_rev6_LohseBoi/usb_descriptor.o
                0x00000000080062e0                get_usb_descriptor
 .text.obnotify
                0x0000000008006358       0x3e .build/obj_planck_rev6_LohseBoi/protocol/chibios/usb_driver.o
 .text._readt   0x0000000008006396        0x6 .build/obj_planck_rev6_LohseBoi/protocol/chibios/usb_driver.o
 .text._read    0x000000000800639c        0xa .build/obj_planck_rev6_LohseBoi/protocol/chibios/usb_driver.o
 .text._writet  0x00000000080063a6        0x6 .build/obj_planck_rev6_LohseBoi/protocol/chibios/usb_driver.o
 .text._write   0x00000000080063ac        0xa .build/obj_planck_rev6_LohseBoi/protocol/chibios/usb_driver.o
 .text._gett    0x00000000080063b6        0x6 .build/obj_planck_rev6_LohseBoi/protocol/chibios/usb_driver.o
 .text._get     0x00000000080063bc        0xa .build/obj_planck_rev6_LohseBoi/protocol/chibios/usb_driver.o
 .text._putt    0x00000000080063c6        0x6 .build/obj_planck_rev6_LohseBoi/protocol/chibios/usb_driver.o
 .text._put     0x00000000080063cc        0xa .build/obj_planck_rev6_LohseBoi/protocol/chibios/usb_driver.o
 .text.qmkusb_start_receive.isra.0
                0x00000000080063d6       0x3e .build/obj_planck_rev6_LohseBoi/protocol/chibios/usb_driver.o
 .text.ibnotify
                0x0000000008006414        0x6 .build/obj_planck_rev6_LohseBoi/protocol/chibios/usb_driver.o
 *fill*         0x000000000800641a        0x2 
 .text.qmkusbObjectInit
                0x000000000800641c       0x54 .build/obj_planck_rev6_LohseBoi/protocol/chibios/usb_driver.o
                0x000000000800641c                qmkusbObjectInit
 .text.qmkusbStart
                0x0000000008006470       0x30 .build/obj_planck_rev6_LohseBoi/protocol/chibios/usb_driver.o
                0x0000000008006470                qmkusbStart
 .text.qmkusbSuspendHookI
                0x00000000080064a0       0x30 .build/obj_planck_rev6_LohseBoi/protocol/chibios/usb_driver.o
                0x00000000080064a0                qmkusbSuspendHookI
 .text.qmkusbWakeupHookI
                0x00000000080064d0       0x16 .build/obj_planck_rev6_LohseBoi/protocol/chibios/usb_driver.o
                0x00000000080064d0                qmkusbWakeupHookI
 .text.qmkusbConfigureHookI
                0x00000000080064e6       0x2c .build/obj_planck_rev6_LohseBoi/protocol/chibios/usb_driver.o
                0x00000000080064e6                qmkusbConfigureHookI
 *fill*         0x0000000008006512        0x2 
 .text.qmkusbRequestsHook
                0x0000000008006514       0x3c .build/obj_planck_rev6_LohseBoi/protocol/chibios/usb_driver.o
                0x0000000008006514                qmkusbRequestsHook
 .text.qmkusbSOFHookI
                0x0000000008006550       0x64 .build/obj_planck_rev6_LohseBoi/protocol/chibios/usb_driver.o
                0x0000000008006550                qmkusbSOFHookI
 .text.qmkusbDataTransmitted
                0x00000000080065b4       0x74 .build/obj_planck_rev6_LohseBoi/protocol/chibios/usb_driver.o
                0x00000000080065b4                qmkusbDataTransmitted
 .text.qmkusbDataReceived
                0x0000000008006628       0x3e .build/obj_planck_rev6_LohseBoi/protocol/chibios/usb_driver.o
                0x0000000008006628                qmkusbDataReceived
 .text.qmkusbInterruptTransmitted
                0x0000000008006666        0x2 .build/obj_planck_rev6_LohseBoi/protocol/chibios/usb_driver.o
                0x0000000008006666                qmkusbInterruptTransmitted
 .text._core_init
                0x0000000008006668       0x18 .build/obj_planck_rev6_LohseBoi/./lib/chibios/os/oslib/src/chmemcore.o
                0x0000000008006668                _core_init
 .text.chCoreAllocFromTopI
                0x0000000008006680       0x24 .build/obj_planck_rev6_LohseBoi/./lib/chibios/os/oslib/src/chmemcore.o
                0x0000000008006680                chCoreAllocFromTopI
 .text.chCoreAllocFromTop
                0x00000000080066a4       0x14 .build/obj_planck_rev6_LohseBoi/./lib/chibios/os/oslib/src/chmemcore.o
                0x00000000080066a4                chCoreAllocFromTop
 .text._heap_init
                0x00000000080066b8       0x1c .build/obj_planck_rev6_LohseBoi/./lib/chibios/os/oslib/src/chmemheaps.o
                0x00000000080066b8                _heap_init
 .text.__core_init
                0x00000000080066d4        0x2 .build/obj_planck_rev6/lib/chibios/os/common/startup/ARMCMx/compilers/GCC/crt1.o
                0x00000000080066d4                __core_init
 .text.__late_init
                0x00000000080066d6        0x2 .build/obj_planck_rev6/lib/chibios/os/common/startup/ARMCMx/compilers/GCC/crt1.o
                0x00000000080066d6                __late_init
 .text.__default_exit
                0x00000000080066d8        0x2 .build/obj_planck_rev6/lib/chibios/os/common/startup/ARMCMx/compilers/GCC/crt1.o
                0x00000000080066d8                __default_exit
 *fill*         0x00000000080066da        0x2 
 .text.__init_ram_areas
                0x00000000080066dc       0x58 .build/obj_planck_rev6/lib/chibios/os/common/startup/ARMCMx/compilers/GCC/crt1.o
                0x00000000080066dc                __init_ram_areas
 .text._idle_thread
                0x0000000008006734        0x2 .build/obj_planck_rev6/lib/chibios/os/rt/src/chsys.o
 *fill*         0x0000000008006736        0x2 
 .text.chSysInit
                0x0000000008006738       0x58 .build/obj_planck_rev6/lib/chibios/os/rt/src/chsys.o
                0x0000000008006738                chSysInit
 .text.chSysHalt
                0x0000000008006790        0xc .build/obj_planck_rev6/lib/chibios/os/rt/src/chsys.o
                0x0000000008006790                chSysHalt
 .text.chSysTimerHandlerI
                0x000000000800679c        0x4 .build/obj_planck_rev6/lib/chibios/os/rt/src/chsys.o
                0x000000000800679c                chSysTimerHandlerI
 .text._vt_init
                0x00000000080067a0       0x1c .build/obj_planck_rev6/lib/chibios/os/rt/src/chvt.o
                0x00000000080067a0                _vt_init
 .text.chVTDoSetI
                0x00000000080067bc       0xb4 .build/obj_planck_rev6/lib/chibios/os/rt/src/chvt.o
                0x00000000080067bc                chVTDoSetI
 .text.chVTDoResetI
                0x0000000008006870       0x7c .build/obj_planck_rev6/lib/chibios/os/rt/src/chvt.o
                0x0000000008006870                chVTDoResetI
 .text.chVTDoTickI
                0x00000000080068ec       0x94 .build/obj_planck_rev6/lib/chibios/os/rt/src/chvt.o
                0x00000000080068ec                chVTDoTickI
 .text._scheduler_init
                0x0000000008006980       0x14 .build/obj_planck_rev6/lib/chibios/os/rt/src/chschd.o
                0x0000000008006980                _scheduler_init
 .text.chSchReadyI
                0x0000000008006994       0x24 .build/obj_planck_rev6/lib/chibios/os/rt/src/chschd.o
                0x0000000008006994                chSchReadyI
 .text.wakeup   0x00000000080069b8       0x46 .build/obj_planck_rev6/lib/chibios/os/rt/src/chschd.o
 *fill*         0x00000000080069fe        0x2 
 .text.chSchReadyAheadI
                0x0000000008006a00       0x24 .build/obj_planck_rev6/lib/chibios/os/rt/src/chschd.o
                0x0000000008006a00                chSchReadyAheadI
 .text.chSchGoSleepS
                0x0000000008006a24       0x40 .build/obj_planck_rev6/lib/chibios/os/rt/src/chschd.o
                0x0000000008006a24                chSchGoSleepS
 .text.chSchGoSleepTimeoutS
                0x0000000008006a64       0x3c .build/obj_planck_rev6/lib/chibios/os/rt/src/chschd.o
                0x0000000008006a64                chSchGoSleepTimeoutS
 .text.chSchWakeupS
                0x0000000008006aa0       0x50 .build/obj_planck_rev6/lib/chibios/os/rt/src/chschd.o
                0x0000000008006aa0                chSchWakeupS
 .text.chSchIsPreemptionRequired
                0x0000000008006af0       0x18 .build/obj_planck_rev6/lib/chibios/os/rt/src/chschd.o
                0x0000000008006af0                chSchIsPreemptionRequired
 .text.chSchDoRescheduleAhead
                0x0000000008006b08       0x44 .build/obj_planck_rev6/lib/chibios/os/rt/src/chschd.o
                0x0000000008006b08                chSchDoRescheduleAhead
 .text.chSchRescheduleS
                0x0000000008006b4c       0x12 .build/obj_planck_rev6/lib/chibios/os/rt/src/chschd.o
                0x0000000008006b4c                chSchRescheduleS
 .text.chSchDoReschedule