Archive member included to satisfy reference by file (symbol)

/usr/lib/gcc/arm-none-eabi/12.2.0/../../../../arm-none-eabi/lib/thumb/v7e-m+fp/hard/libm.a(lib_a-w_pow.o)
                              .build/obj_planck_rev6_drop_LohseBoi/quantum/process_keycode/process_audio.o (pow)
/usr/lib/gcc/arm-none-eabi/12.2.0/../../../../arm-none-eabi/lib/thumb/v7e-m+fp/hard/libm.a(lib_a-e_pow.o)
                              /usr/lib/gcc/arm-none-eabi/12.2.0/../../../../arm-none-eabi/lib/thumb/v7e-m+fp/hard/libm.a(lib_a-w_pow.o) (__ieee754_pow)
/usr/lib/gcc/arm-none-eabi/12.2.0/../../../../arm-none-eabi/lib/thumb/v7e-m+fp/hard/libm.a(lib_a-e_sqrt.o)
                              /usr/lib/gcc/arm-none-eabi/12.2.0/../../../../arm-none-eabi/lib/thumb/v7e-m+fp/hard/libm.a(lib_a-e_pow.o) (__ieee754_sqrt)
/usr/lib/gcc/arm-none-eabi/12.2.0/../../../../arm-none-eabi/lib/thumb/v7e-m+fp/hard/libm.a(lib_a-math_err.o)
                              /usr/lib/gcc/arm-none-eabi/12.2.0/../../../../arm-none-eabi/lib/thumb/v7e-m+fp/hard/libm.a(lib_a-e_pow.o) (__math_uflow)
/usr/lib/gcc/arm-none-eabi/12.2.0/../../../../arm-none-eabi/lib/thumb/v7e-m+fp/hard/libm.a(lib_a-s_fabs.o)
                              /usr/lib/gcc/arm-none-eabi/12.2.0/../../../../arm-none-eabi/lib/thumb/v7e-m+fp/hard/libm.a(lib_a-e_pow.o) (fabs)
/usr/lib/gcc/arm-none-eabi/12.2.0/../../../../arm-none-eabi/lib/thumb/v7e-m+fp/hard/libm.a(lib_a-s_finite.o)
                              /usr/lib/gcc/arm-none-eabi/12.2.0/../../../../arm-none-eabi/lib/thumb/v7e-m+fp/hard/libm.a(lib_a-w_pow.o) (finite)
/usr/lib/gcc/arm-none-eabi/12.2.0/../../../../arm-none-eabi/lib/thumb/v7e-m+fp/hard/libm.a(lib_a-s_scalbn.o)
                              /usr/lib/gcc/arm-none-eabi/12.2.0/../../../../arm-none-eabi/lib/thumb/v7e-m+fp/hard/libm.a(lib_a-e_pow.o) (scalbn)
/usr/lib/gcc/arm-none-eabi/12.2.0/thumb/v7e-m+fp/hard/libgcc.a(_arm_muldf3.o)
                              .build/obj_planck_rev6_drop_LohseBoi/quantum/process_keycode/process_audio.o (__aeabi_dmul)
/usr/lib/gcc/arm-none-eabi/12.2.0/thumb/v7e-m+fp/hard/libgcc.a(_arm_addsubdf3.o)
                              /usr/lib/gcc/arm-none-eabi/12.2.0/../../../../arm-none-eabi/lib/thumb/v7e-m+fp/hard/libm.a(lib_a-e_pow.o) (__aeabi_dsub)
/usr/lib/gcc/arm-none-eabi/12.2.0/thumb/v7e-m+fp/hard/libgcc.a(_arm_muldivdf3.o)
                              /usr/lib/gcc/arm-none-eabi/12.2.0/../../../../arm-none-eabi/lib/thumb/v7e-m+fp/hard/libm.a(lib_a-e_pow.o) (__aeabi_ddiv)
/usr/lib/gcc/arm-none-eabi/12.2.0/thumb/v7e-m+fp/hard/libgcc.a(_arm_cmpdf2.o)
                              /usr/lib/gcc/arm-none-eabi/12.2.0/../../../../arm-none-eabi/lib/thumb/v7e-m+fp/hard/libm.a(lib_a-w_pow.o) (__aeabi_dcmpeq)
/usr/lib/gcc/arm-none-eabi/12.2.0/thumb/v7e-m+fp/hard/libgcc.a(_arm_unorddf2.o)
                              /usr/lib/gcc/arm-none-eabi/12.2.0/../../../../arm-none-eabi/lib/thumb/v7e-m+fp/hard/libm.a(lib_a-w_pow.o) (__aeabi_dcmpun)
/usr/lib/gcc/arm-none-eabi/12.2.0/thumb/v7e-m+fp/hard/libgcc.a(_arm_truncdfsf2.o)
                              .build/obj_planck_rev6_drop_LohseBoi/quantum/process_keycode/process_audio.o (__aeabi_d2f)
/usr/lib/gcc/arm-none-eabi/12.2.0/thumb/v7e-m+fp/hard/libgcc.a(_aeabi_ldivmod.o)
                              .build/obj_planck_rev6_drop_LohseBoi/common/chibios/suspend.o (__aeabi_ldivmod)
/usr/lib/gcc/arm-none-eabi/12.2.0/thumb/v7e-m+fp/hard/libgcc.a(_aeabi_uldivmod.o)
                              .build/obj_planck_rev6_drop_LohseBoi/common/chibios/suspend.o (__aeabi_uldivmod)
/usr/lib/gcc/arm-none-eabi/12.2.0/thumb/v7e-m+fp/hard/libgcc.a(_udivmoddi4.o)
                              /usr/lib/gcc/arm-none-eabi/12.2.0/thumb/v7e-m+fp/hard/libgcc.a(_aeabi_ldivmod.o) (__udivmoddi4)
/usr/lib/gcc/arm-none-eabi/12.2.0/thumb/v7e-m+fp/hard/libgcc.a(_dvmd_tls.o)
                              /usr/lib/gcc/arm-none-eabi/12.2.0/thumb/v7e-m+fp/hard/libgcc.a(_aeabi_ldivmod.o) (__aeabi_ldiv0)
/usr/lib/gcc/arm-none-eabi/12.2.0/../../../../arm-none-eabi/lib/thumb/v7e-m+fp/hard/libg_nano.a(lib_a-abort.o)
                              .build/obj_planck_rev6_drop/lib/chibios/os/various/syscalls.o (abort)
/usr/lib/gcc/arm-none-eabi/12.2.0/../../../../arm-none-eabi/lib/thumb/v7e-m+fp/hard/libg_nano.a(lib_a-atexit.o)
                              /usr/lib/gcc/arm-none-eabi/12.2.0/../../../../arm-none-eabi/lib/thumb/v7e-m+fp/hard/crt0.o (atexit)
/usr/lib/gcc/arm-none-eabi/12.2.0/../../../../arm-none-eabi/lib/thumb/v7e-m+fp/hard/libg_nano.a(lib_a-ctype_.o)
                              .build/obj_planck_rev6_drop_LohseBoi/quantum/send_string.o (_ctype_)
/usr/lib/gcc/arm-none-eabi/12.2.0/../../../../arm-none-eabi/lib/thumb/v7e-m+fp/hard/libg_nano.a(lib_a-errno.o)
                              .build/obj_planck_rev6_drop/common/chibios/syscall-fallbacks.o (__errno)
/usr/lib/gcc/arm-none-eabi/12.2.0/../../../../arm-none-eabi/lib/thumb/v7e-m+fp/hard/libg_nano.a(lib_a-exit.o)
[...]
Memory Configuration

Name             Origin             Length             Attributes
flash0           0x0000000008000000 0x0000000000040000 xr
flash1           0x0000000000000000 0x0000000000000000 xr
flash2           0x0000000000000000 0x0000000000000000 xr
flash3           0x0000000000000000 0x0000000000000000 xr
flash4           0x0000000000000000 0x0000000000000000 xr
flash5           0x0000000000000000 0x0000000000000000 xr
flash6           0x0000000000000000 0x0000000000000000 xr
flash7           0x0000000000000000 0x0000000000000000 xr
ram0             0x0000000020000000 0x000000000000a000 xw
ram1             0x0000000000000000 0x0000000000000000 xw
ram2             0x0000000000000000 0x0000000000000000 xw
ram3             0x0000000000000000 0x0000000000000000 xw
ram4             0x0000000010000000 0x0000000000002000 xw
ram5             0x0000000000000000 0x0000000000000000 xw
ram6             0x0000000000000000 0x0000000000000000 xw
ram7             0x0000000000000000 0x0000000000000000 xw
*default*        0x0000000000000000 0xffffffffffffffff

Linker script and memory map

LOAD /usr/lib/gcc/arm-none-eabi/12.2.0/thumb/v7e-m+fp/hard/crti.o
LOAD /usr/lib/gcc/arm-none-eabi/12.2.0/thumb/v7e-m+fp/hard/crtbegin.o
LOAD /usr/lib/gcc/arm-none-eabi/12.2.0/../../../../arm-none-eabi/lib/thumb/v7e-m+fp/hard/crt0.o
LOAD .build/obj_planck_rev6_drop_LohseBoi/matrix.o
LOAD .build/obj_planck_rev6_drop_LohseBoi/muse.o
LOAD .build/obj_planck_rev6_drop_LohseBoi/keyboards/planck/planck.o
LOAD .build/obj_planck_rev6_drop_LohseBoi/keyboards/planck/rev6_drop/rev6_drop.o
LOAD .build/obj_planck_rev6_drop_LohseBoi/keyboards/planck/keymaps/LohseBoi/keymap.o
LOAD .build/obj_planck_rev6_drop_LohseBoi/quantum/quantum.o
LOAD .build/obj_planck_rev6_drop_LohseBoi/quantum/send_string.o
LOAD .build/obj_planck_rev6_drop_LohseBoi/quantum/bitwise.o
LOAD .build/obj_planck_rev6_drop_LohseBoi/quantum/led.o
LOAD .build/obj_planck_rev6_drop_LohseBoi/quantum/action.o
LOAD .build/obj_planck_rev6_drop_LohseBoi/quantum/action_layer.o
LOAD .build/obj_planck_rev6_drop_LohseBoi/quantum/action_macro.o
LOAD .build/obj_planck_rev6_drop_LohseBoi/quantum/action_tapping.o
LOAD .build/obj_planck_rev6_drop_LohseBoi/quantum/action_util.o
LOAD .build/obj_planck_rev6_drop_LohseBoi/quantum/eeconfig.o
LOAD .build/obj_planck_rev6_drop_LohseBoi/quantum/keyboard.o
LOAD .build/obj_planck_rev6_drop_LohseBoi/quantum/keymap_common.o
LOAD .build/obj_planck_rev6_drop_LohseBoi/quantum/keycode_config.o
LOAD .build/obj_planck_rev6_drop_LohseBoi/quantum/logging/debug.o
LOAD .build/obj_planck_rev6_drop_LohseBoi/quantum/logging/sendchar.o
LOAD .build/obj_planck_rev6_drop_LohseBoi/quantum/logging/print.o
LOAD .build/obj_planck_rev6_drop_LohseBoi/quantum/bootmagic/bootmagic_lite.o
LOAD .build/obj_planck_rev6_drop_LohseBoi/quantum/bootmagic/magic.o
LOAD .build/obj_planck_rev6_drop_LohseBoi/quantum/debounce/sym_defer_g.o
LOAD .build/obj_planck_rev6_drop_LohseBoi/quantum/main.o
LOAD .build/obj_planck_rev6_drop_LohseBoi/lib/printf/printf.o
LOAD .build/obj_planck_rev6_drop_LohseBoi/quantum/command.o
LOAD .build/obj_planck_rev6_drop_LohseBoi/quantum/process_keycode/process_audio.o
LOAD .build/obj_planck_rev6_drop_LohseBoi/quantum/process_keycode/process_clicky.o
LOAD .build/obj_planck_rev6_drop_LohseBoi/quantum/audio/audio.o
LOAD .build/obj_planck_rev6_drop_LohseBoi/quantum/audio/driver_chibios_dac_basic.o
LOAD .build/obj_planck_rev6_drop_LohseBoi/quantum/audio/voices.o
LOAD .build/obj_planck_rev6_drop_LohseBoi/quantum/audio/luts.o
LOAD .build/obj_planck_rev6_drop_LohseBoi/quantum/process_keycode/process_music.o
LOAD .build/obj_planck_rev6_drop_LohseBoi/quantum/mousekey.o
LOAD .build/obj_planck_rev6_drop_LohseBoi/common/chibios/eeprom_stm32.o
LOAD .build/obj_planck_rev6_drop_LohseBoi/common/chibios/flash_stm32.o
LOAD .build/obj_planck_rev6_drop_LohseBoi/quantum/encoder.o
LOAD .build/obj_planck_rev6_drop_LohseBoi/quantum/dip_switch.o
LOAD .build/obj_planck_rev6_drop_LohseBoi/quantum/process_keycode/process_space_cadet.o
LOAD .build/obj_planck_rev6_drop_LohseBoi/quantum/process_keycode/process_magic.o
LOAD .build/obj_planck_rev6_drop_LohseBoi/quantum/process_keycode/process_grave_esc.o
LOAD .build/obj_planck_rev6_drop_LohseBoi/./lib/chibios/os/common/startup/ARMCMx/compilers/GCC/crt0_v7m.o
LOAD .build/obj_planck_rev6_drop_LohseBoi/./lib/chibios/os/common/startup/ARMCMx/compilers/GCC/vectors.o
LOAD .build/obj_planck_rev6_drop_LohseBoi/./lib/chibios/os/common/ports/ARMCMx/compilers/GCC/chcoreasm_v7m.o
LOAD .build/obj_planck_rev6_drop_LohseBoi/common/host.o
LOAD .build/obj_planck_rev6_drop_LohseBoi/common/report.o
LOAD .build/obj_planck_rev6_drop_LohseBoi/common/sync_timer.o
LOAD .build/obj_planck_rev6_drop_LohseBoi/common/usb_util.o
LOAD .build/obj_planck_rev6_drop_LohseBoi/common/chibios/platform.o
LOAD .build/obj_planck_rev6_drop_LohseBoi/common/chibios/suspend.o
LOAD .build/obj_planck_rev6_drop_LohseBoi/common/chibios/timer.o
LOAD .build/obj_planck_rev6_drop_LohseBoi/common/chibios/bootloader.o
LOAD .build/obj_planck_rev6_drop_LohseBoi/protocol/chibios/usb_main.o
LOAD .build/obj_planck_rev6_drop_LohseBoi/protocol/chibios/chibios.o
LOAD .build/obj_planck_rev6_drop_LohseBoi/usb_descriptor.o
LOAD .build/obj_planck_rev6_drop_LohseBoi/protocol/chibios/usb_driver.o
LOAD .build/obj_planck_rev6_drop_LohseBoi/protocol/chibios/usb_util.o
LOAD .build/obj_planck_rev6_drop_LohseBoi/./lib/chibios/os/oslib/src/chmboxes.o
LOAD .build/obj_planck_rev6_drop_LohseBoi/./lib/chibios/os/oslib/src/chmemcore.o
LOAD .build/obj_planck_rev6_drop_LohseBoi/./lib/chibios/os/oslib/src/chmemheaps.o
LOAD .build/obj_planck_rev6_drop_LohseBoi/./lib/chibios/os/oslib/src/chmempools.o
LOAD .build/obj_planck_rev6_drop_LohseBoi/./lib/chibios/os/oslib/src/chpipes.o
LOAD .build/obj_planck_rev6_drop_LohseBoi/./lib/chibios/os/oslib/src/chobjcaches.o
LOAD .build/obj_planck_rev6_drop_LohseBoi/./lib/chibios/os/oslib/src/chdelegates.o
LOAD .build/obj_planck_rev6_drop_LohseBoi/./lib/chibios/os/oslib/src/chfactory.o
LOAD .build/obj_planck_rev6_drop/lib/chibios/os/common/startup/ARMCMx/compilers/GCC/crt1.o
LOAD .build/obj_planck_rev6_drop/lib/chibios/os/rt/src/chsys.o
LOAD .build/obj_planck_rev6_drop/lib/chibios/os/rt/src/chdebug.o
LOAD .build/obj_planck_rev6_drop/lib/chibios/os/rt/src/chtrace.o
LOAD .build/obj_planck_rev6_drop/lib/chibios/os/rt/src/chvt.o
LOAD .build/obj_planck_rev6_drop/lib/chibios/os/rt/src/chschd.o
LOAD .build/obj_planck_rev6_drop/lib/chibios/os/rt/src/chthreads.o
LOAD .build/obj_planck_rev6_drop/lib/chibios/os/rt/src/chtm.o
LOAD .build/obj_planck_rev6_drop/lib/chibios/os/rt/src/chstats.o
LOAD .build/obj_planck_rev6_drop/lib/chibios/os/rt/src/chregistry.o
LOAD .build/obj_planck_rev6_drop/lib/chibios/os/rt/src/chsem.o
LOAD .build/obj_planck_rev6_drop/lib/chibios/os/rt/src/chmtx.o
LOAD .build/obj_planck_rev6_drop/lib/chibios/os/rt/src/chcond.o
LOAD .build/obj_planck_rev6_drop/lib/chibios/os/rt/src/chevents.o
LOAD .build/obj_planck_rev6_drop/lib/chibios/os/rt/src/chmsg.o
LOAD .build/obj_planck_rev6_drop/lib/chibios/os/rt/src/chdynamic.o
LOAD .build/obj_planck_rev6_drop/lib/chibios/os/common/ports/ARMCMx/chcore.o
LOAD .build/obj_planck_rev6_drop/lib/chibios/os/common/ports/ARMCMx/chcore_v7m.o
LOAD .build/obj_planck_rev6_drop/lib/chibios/os/hal/osal/rt-nil/osal.o
LOAD .build/obj_planck_rev6_drop/lib/chibios/os/hal/src/hal.o
LOAD .build/obj_planck_rev6_drop/lib/chibios/os/hal/src/hal_st.o
LOAD .build/obj_planck_rev6_drop/lib/chibios/os/hal/src/hal_buffers.o
LOAD .build/obj_planck_rev6_drop/lib/chibios/os/hal/src/hal_queues.o
LOAD .build/obj_planck_rev6_drop/lib/chibios/os/hal/src/hal_flash.o
LOAD .build/obj_planck_rev6_drop/lib/chibios/os/hal/src/hal_mmcsd.o
LOAD .build/obj_planck_rev6_drop/lib/chibios/os/hal/src/hal_adc.o
LOAD .build/obj_planck_rev6_drop/lib/chibios/os/hal/src/hal_can.o
LOAD .build/obj_planck_rev6_drop/lib/chibios/os/hal/src/hal_crypto.o
LOAD .build/obj_planck_rev6_drop/lib/chibios/os/hal/src/hal_dac.o
LOAD .build/obj_planck_rev6_drop/lib/chibios/os/hal/src/hal_efl.o
LOAD .build/obj_planck_rev6_drop/lib/chibios/os/hal/src/hal_gpt.o
LOAD .build/obj_planck_rev6_drop/lib/chibios/os/hal/src/hal_i2c.o
LOAD .build/obj_planck_rev6_drop/lib/chibios/os/hal/src/hal_i2s.o
LOAD .build/obj_planck_rev6_drop/lib/chibios/os/hal/src/hal_icu.o
LOAD .build/obj_planck_rev6_drop/lib/chibios/os/hal/src/hal_mac.o
LOAD .build/obj_planck_rev6_drop/lib/chibios/os/hal/src/hal_mmc_spi.o
LOAD .build/obj_planck_rev6_drop/lib/chibios/os/hal/src/hal_pal.o
LOAD .build/obj_planck_rev6_drop/lib/chibios/os/hal/src/hal_pwm.o
LOAD .build/obj_planck_rev6_drop/lib/chibios/os/hal/src/hal_rtc.o
LOAD .build/obj_planck_rev6_drop/lib/chibios/os/hal/src/hal_sdc.o
LOAD .build/obj_planck_rev6_drop/lib/chibios/os/hal/src/hal_serial.o
LOAD .build/obj_planck_rev6_drop/lib/chibios/os/hal/src/hal_serial_usb.o
LOAD .build/obj_planck_rev6_drop/lib/chibios/os/hal/src/hal_sio.o
LOAD .build/obj_planck_rev6_drop/lib/chibios/os/hal/src/hal_spi.o
LOAD .build/obj_planck_rev6_drop/lib/chibios/os/hal/src/hal_trng.o
LOAD .build/obj_planck_rev6_drop/lib/chibios/os/hal/src/hal_uart.o
LOAD .build/obj_planck_rev6_drop/lib/chibios/os/hal/src/hal_usb.o
LOAD .build/obj_planck_rev6_drop/lib/chibios/os/hal/src/hal_wdg.o
LOAD .build/obj_planck_rev6_drop/lib/chibios/os/hal/src/hal_wspi.o
LOAD .build/obj_planck_rev6_drop/lib/chibios/os/hal/ports/common/ARMCMx/nvic.o
LOAD .build/obj_planck_rev6_drop/lib/chibios/os/hal/ports/STM32/STM32F3xx/stm32_isr.o
LOAD .build/obj_planck_rev6_drop/lib/chibios/os/hal/ports/STM32/STM32F3xx/hal_lld.o
LOAD .build/obj_planck_rev6_drop/lib/chibios/os/hal/ports/STM32/LLD/ADCv3/hal_adc_lld.o
LOAD .build/obj_planck_rev6_drop/lib/chibios/os/hal/ports/STM32/LLD/CANv1/hal_can_lld.o
LOAD .build/obj_planck_rev6_drop/lib/chibios/os/hal/ports/STM32/LLD/DACv1/hal_dac_lld.o
LOAD .build/obj_planck_rev6_drop/lib/chibios/os/hal/ports/STM32/LLD/DMAv1/stm32_dma.o
LOAD .build/obj_planck_rev6_drop/lib/chibios/os/hal/ports/STM32/LLD/EXTIv1/stm32_exti.o
LOAD .build/obj_planck_rev6_drop/lib/chibios/os/hal/ports/STM32/LLD/GPIOv2/hal_pal_lld.o
LOAD .build/obj_planck_rev6_drop/lib/chibios/os/hal/ports/STM32/LLD/I2Cv2/hal_i2c_lld.o
LOAD .build/obj_planck_rev6_drop/lib/chibios/os/hal/ports/STM32/LLD/RTCv2/hal_rtc_lld.o
LOAD .build/obj_planck_rev6_drop/lib/chibios/os/hal/ports/STM32/LLD/SPIv2/hal_i2s_lld.o
LOAD .build/obj_planck_rev6_drop/lib/chibios/os/hal/ports/STM32/LLD/SPIv2/hal_spi_lld.o
LOAD .build/obj_planck_rev6_drop/lib/chibios/os/hal/ports/STM32/LLD/TIMv1/hal_st_lld.o
LOAD .build/obj_planck_rev6_drop/lib/chibios/os/hal/ports/STM32/LLD/TIMv1/hal_gpt_lld.o
LOAD .build/obj_planck_rev6_drop/lib/chibios/os/hal/ports/STM32/LLD/TIMv1/hal_icu_lld.o
LOAD .build/obj_planck_rev6_drop/lib/chibios/os/hal/ports/STM32/LLD/TIMv1/hal_pwm_lld.o
LOAD .build/obj_planck_rev6_drop/lib/chibios/os/hal/ports/STM32/LLD/USARTv2/hal_serial_lld.o
LOAD .build/obj_planck_rev6_drop/lib/chibios/os/hal/ports/STM32/LLD/USARTv2/hal_uart_lld.o
LOAD .build/obj_planck_rev6_drop/lib/chibios/os/hal/ports/STM32/LLD/USBv1/hal_usb_lld.o
LOAD .build/obj_planck_rev6_drop/lib/chibios/os/hal/ports/STM32/LLD/xWDGv1/hal_wdg_lld.o
LOAD .build/obj_planck_rev6_drop/lib/chibios/os/hal/boards/ST_STM32F3_DISCOVERY/board.o
LOAD .build/obj_planck_rev6_drop/lib/chibios/os/hal/lib/streams/chprintf.o
LOAD .build/obj_planck_rev6_drop/lib/chibios/os/hal/lib/streams/memstreams.o
LOAD .build/obj_planck_rev6_drop/lib/chibios/os/hal/lib/streams/nullstreams.o
LOAD .build/obj_planck_rev6_drop/lib/chibios/os/various/syscalls.o
LOAD .build/obj_planck_rev6_drop/common/chibios/syscall-fallbacks.o
LOAD .build/obj_planck_rev6_drop/common/chibios/wait.o

.mstack         0x0000000020000000      0x400
                0x0000000020000000                . = ALIGN (0x8)
                0x0000000020000000                __main_stack_base__ = .
                0x0000000020000400                . = (. + __main_stack_size__)
 *fill*         0x0000000020000000      0x400 
                0x0000000020000400                . = ALIGN (0x8)
                0x0000000020000400                __main_stack_end__ = .

.pstack         0x0000000020000400      0x800
                0x0000000020000400                . = ALIGN (0x8)
                0x0000000020000400                __process_stack_base__ = .
                0x0000000020000400                __main_thread_stack_base__ = .
                0x0000000020000c00                . = (. + __process_stack_size__)
 *fill*         0x0000000020000400      0x800 
                0x0000000020000c00                . = ALIGN (0x8)
                0x0000000020000c00                __process_stack_end__ = .
                0x0000000020000c00                __main_thread_stack_end__ = .

.vectors        0x0000000008000000      0x1a0
 *(.vectors)
 .vectors       0x0000000008000000      0x1a0 .build/obj_planck_rev6_drop_LohseBoi/./lib/chibios/os/common/startup/ARMCMx/compilers/GCC/vectors.o
                0x0000000008000000                _vectors

.xtors          0x00000000080001a0        0x8
                0x00000000080001a0                __init_array_base__ = .
 *(SORT_BY_NAME(.init_array.*))
 *(.init_array)
 .init_array    0x00000000080001a0        0x4 /usr/lib/gcc/arm-none-eabi/12.2.0/thumb/v7e-m+fp/hard/crtbegin.o
                0x00000000080001a4                __init_array_end__ = .
                0x00000000080001a4                __fini_array_base__ = .
 *(.fini_array)
 .fini_array    0x00000000080001a4        0x4 /usr/lib/gcc/arm-none-eabi/12.2.0/thumb/v7e-m+fp/hard/crtbegin.o
 *(SORT_BY_NAME(.fini_array.*))
                0x00000000080001a8                __fini_array_end__ = .

.text           0x00000000080001a8     0x9d28
                0x00000000080001a8                __text_base__ = .
 *(.text)
 .text          0x00000000080001a8      0x120 .build/obj_planck_rev6_drop_LohseBoi/./lib/chibios/os/common/startup/ARMCMx/compilers/GCC/crt0_v7m.o
                0x00000000080001a8                _crt0_entry
 .text          0x00000000080002c8        0x8 .build/obj_planck_rev6_drop_LohseBoi/./lib/chibios/os/common/startup/ARMCMx/compilers/GCC/vectors.o
                0x00000000080002c8                Reset_Handler
                0x00000000080002ca                Vector58
                0x00000000080002ca                VectorE8
                0x00000000080002ca                Vector9C
                0x00000000080002ca                DebugMon_Handler
                0x00000000080002ca                Vector5C
                0x00000000080002ca                HardFault_Handler
                0x00000000080002ca                Vector19C
                0x00000000080002ca                Vector8C
                0x00000000080002ca                SysTick_Handler
                0x00000000080002ca                VectorDC
                0x00000000080002ca                PendSV_Handler
                0x00000000080002ca                Vector168
                0x00000000080002ca                NMI_Handler
                0x00000000080002ca                Vector110
                0x00000000080002ca                VectorC8
                0x00000000080002ca                Vector94
                0x00000000080002ca                Vector160
                0x00000000080002ca                UsageFault_Handler
                0x00000000080002ca                VectorEC
                0x00000000080002ca                Vector40
                0x00000000080002ca                VectorF8
                0x00000000080002ca                Vector108
                0x00000000080002ca                Vector190
                0x00000000080002ca                Vector150
                0x00000000080002ca                Vector148
                0x00000000080002ca                Vector188
                0x00000000080002ca                Vector198
                0x00000000080002ca                Vector64
                0x00000000080002ca                VectorCC
                0x00000000080002ca                Vector54
                0x00000000080002ca                Vector98
                0x00000000080002ca                VectorD8
                0x00000000080002ca                Vector138
                0x00000000080002ca                Vector24
                0x00000000080002ca                Vector178
                0x00000000080002ca                VectorD0
                0x00000000080002ca                Vector140
                0x00000000080002ca                VectorE4
                0x00000000080002ca                Vector158
                0x00000000080002ca                Vector134
                0x00000000080002ca                Vector13C
                0x00000000080002ca                Vector100
                0x00000000080002ca                VectorE0
                0x00000000080002ca                VectorF4
                0x00000000080002ca                MemManage_Handler
                0x00000000080002ca                VectorC4
                0x00000000080002ca                Vector180
                0x00000000080002ca                Vector90
                0x00000000080002ca                Vector114
                0x00000000080002ca                Vector164
                0x00000000080002ca                Vector60
                0x00000000080002ca                Vector1C
                0x00000000080002ca                Vector17C
                0x00000000080002ca                Vector48
                0x00000000080002ca                VectorD4
                0x00000000080002ca                Vector4C
                0x00000000080002ca                Vector144
                0x00000000080002ca                Vector15C
                0x00000000080002ca                Vector68
                0x00000000080002ca                Vector170
                0x00000000080002ca                Vector88
                0x00000000080002ca                Vector104
                0x00000000080002ca                Vector184
                0x00000000080002ca                Vector10C
                0x00000000080002ca                Vector14C
                0x00000000080002ca                BusFault_Handler
                0x00000000080002ca                Vector50
                0x00000000080002ca                Vector194
                0x00000000080002ca                Vector154
                0x00000000080002ca                Vector44
                0x00000000080002ca                Vector28
                0x00000000080002ca                VectorB8
                0x00000000080002ca                VectorFC
                0x00000000080002ca                Vector34
                0x00000000080002ca                Vector20
                0x00000000080002ca                Vector18C
                0x00000000080002ca                Vector174
                0x00000000080002ce                _unhandled_exception
 .text          0x00000000080002d0       0x32 .build/obj_planck_rev6_drop_LohseBoi/./lib/chibios/os/common/ports/ARMCMx/compilers/GCC/chcoreasm_v7m.o
                0x00000000080002d0                _port_switch
                0x00000000080002e8                _port_thread_start
                0x00000000080002fa                _port_switch_from_isr
                0x00000000080002fe                _port_exit_from_isr
 *fill*         0x0000000008000302        0x2 
 .text          0x0000000008000304      0x378 /usr/lib/gcc/arm-none-eabi/12.2.0/thumb/v7e-m+fp/hard/libgcc.a(_arm_addsubdf3.o)
                0x0000000008000304                __aeabi_drsub
                0x000000000800030c                __aeabi_dsub
                0x000000000800030c                __subdf3
                0x0000000008000310                __adddf3
                0x0000000008000310                __aeabi_dadd
                0x0000000008000588                __aeabi_ui2d
                0x0000000008000588                __floatunsidf
                0x00000000080005a8                __floatsidf
                0x00000000080005a8                __aeabi_i2d
                0x00000000080005cc                __extendsfdf2
                0x00000000080005cc                __aeabi_f2d
                0x0000000008000610                __aeabi_ul2d
                0x0000000008000610                __floatundidf
                0x0000000008000620                __floatdidf
                0x0000000008000620                __aeabi_l2d
 .text          0x000000000800067c      0x424 /usr/lib/gcc/arm-none-eabi/12.2.0/thumb/v7e-m+fp/hard/libgcc.a(_arm_muldivdf3.o)
                0x000000000800067c                __aeabi_dmul
                0x000000000800067c                __muldf3
                0x00000000080008d0                __aeabi_ddiv
                0x00000000080008d0                __divdf3
 .text          0x0000000008000aa0      0x110 /usr/lib/gcc/arm-none-eabi/12.2.0/thumb/v7e-m+fp/hard/libgcc.a(_arm_cmpdf2.o)
                0x0000000008000aa0                __gtdf2
                0x0000000008000aa0                __gedf2
                0x0000000008000aa8                __ltdf2
                0x0000000008000aa8                __ledf2
                0x0000000008000ab0                __cmpdf2
                0x0000000008000ab0                __eqdf2
                0x0000000008000ab0                __nedf2
                0x0000000008000b2c                __aeabi_cdrcmple
                0x0000000008000b3c                __aeabi_cdcmple
                0x0000000008000b3c                __aeabi_cdcmpeq
                0x0000000008000b4c                __aeabi_dcmpeq
                0x0000000008000b60                __aeabi_dcmplt
                0x0000000008000b74                __aeabi_dcmple
                0x0000000008000b88                __aeabi_dcmpge
                0x0000000008000b9c                __aeabi_dcmpgt
 .text          0x0000000008000bb0       0x2c /usr/lib/gcc/arm-none-eabi/12.2.0/thumb/v7e-m+fp/hard/libgcc.a(_arm_unorddf2.o)
                0x0000000008000bb0                __aeabi_dcmpun
                0x0000000008000bb0                __unorddf2
 .text          0x0000000008000bdc       0xa0 /usr/lib/gcc/arm-none-eabi/12.2.0/thumb/v7e-m+fp/hard/libgcc.a(_arm_truncdfsf2.o)
                0x0000000008000bdc                __aeabi_d2f
                0x0000000008000bdc                __truncdfsf2
 .text          0x0000000008000c7c       0x30 /usr/lib/gcc/arm-none-eabi/12.2.0/thumb/v7e-m+fp/hard/libgcc.a(_aeabi_uldivmod.o)
                0x0000000008000c7c                __aeabi_uldivmod
 .text          0x0000000008000cac        0x4 /usr/lib/gcc/arm-none-eabi/12.2.0/thumb/v7e-m+fp/hard/libgcc.a(_dvmd_tls.o)
                0x0000000008000cac                __aeabi_ldiv0
                0x0000000008000cac                __aeabi_idiv0
 *(.text.*)
 .text.__do_global_dtors_aux
                0x0000000008000cb0       0x24 /usr/lib/gcc/arm-none-eabi/12.2.0/thumb/v7e-m+fp/hard/crtbegin.o
 .text.frame_dummy
                0x0000000008000cd4       0x1c /usr/lib/gcc/arm-none-eabi/12.2.0/thumb/v7e-m+fp/hard/crtbegin.o
 .text.matrix_init_user
                0x0000000008000cf0        0x2 .build/obj_planck_rev6_drop_LohseBoi/matrix.o
                0x0000000008000cf0                matrix_init_user
 .text.matrix_init_kb
                0x0000000008000cf2        0x8 .build/obj_planck_rev6_drop_LohseBoi/matrix.o
                0x0000000008000cf2                matrix_init_kb
 .text.matrix_scan_kb
                0x0000000008000cfa        0x8 .build/obj_planck_rev6_drop_LohseBoi/matrix.o
                0x0000000008000cfa                matrix_scan_kb
 *fill*         0x0000000008000d02        0x2 
 .text.matrix_init
                0x0000000008000d04       0xe8 .build/obj_planck_rev6_drop_LohseBoi/matrix.o
                0x0000000008000d04                matrix_init
 .text.matrix_scan
                0x0000000008000dec      0x214 .build/obj_planck_rev6_drop_LohseBoi/matrix.o
                0x0000000008000dec                matrix_scan
 .text.matrix_get_row
                0x0000000008001000        0xc .build/obj_planck_rev6_drop_LohseBoi/matrix.o
                0x0000000008001000                matrix_get_row
 .text.matrix_print
                0x000000000800100c       0x8c .build/obj_planck_rev6_drop_LohseBoi/matrix.o
                0x000000000800100c                matrix_print
 .text.bit_for_value
                0x0000000008001098       0x74 .build/obj_planck_rev6_drop_LohseBoi/muse.o
                0x0000000008001098                bit_for_value
 .text.muse_clock_pulse
                0x000000000800110c       0xd0 .build/obj_planck_rev6_drop_LohseBoi/muse.o
                0x000000000800110c                muse_clock_pulse
 .text.layer_state_set_user
                0x00000000080011dc        0xa .build/obj_planck_rev6_drop_LohseBoi/keyboards/planck/keymaps/LohseBoi/keymap.o
                0x00000000080011dc                layer_state_set_user
 *fill*         0x00000000080011e6        0x2 
 .text.process_record_user
                0x00000000080011e8      0x178 .build/obj_planck_rev6_drop_LohseBoi/keyboards/planck/keymaps/LohseBoi/keymap.o
                0x00000000080011e8                process_record_user
 .text.encoder_update_user
                0x0000000008001360       0x50 .build/obj_planck_rev6_drop_LohseBoi/keyboards/planck/keymaps/LohseBoi/keymap.o
                0x0000000008001360                encoder_update_user
 .text.dip_switch_update_user
                0x00000000080013b0       0x5c .build/obj_planck_rev6_drop_LohseBoi/keyboards/planck/keymaps/LohseBoi/keymap.o
                0x00000000080013b0                dip_switch_update_user
 .text.matrix_scan_user
                0x000000000800140c       0xa0 .build/obj_planck_rev6_drop_LohseBoi/keyboards/planck/keymaps/LohseBoi/keymap.o
                0x000000000800140c                matrix_scan_user
 .text.music_mask_user
                0x00000000080014ac       0x10 .build/obj_planck_rev6_drop_LohseBoi/keyboards/planck/keymaps/LohseBoi/keymap.o
                0x00000000080014ac                music_mask_user
 .text.extract_mod_bits
                0x00000000080014bc       0x50 .build/obj_planck_rev6_drop_LohseBoi/quantum/quantum.o
                0x00000000080014bc                extract_mod_bits
 .text.do_code16
                0x000000000800150c       0x10 .build/obj_planck_rev6_drop_LohseBoi/quantum/quantum.o
 .text.register_code16
                0x000000000800151c       0x2c .build/obj_planck_rev6_drop_LohseBoi/quantum/quantum.o
                0x000000000800151c                register_code16
 .text.unregister_code16
                0x0000000008001548       0x2c .build/obj_planck_rev6_drop_LohseBoi/quantum/quantum.o
                0x0000000008001548                unregister_code16
 .text.process_action_kb
                0x0000000008001574        0x4 .build/obj_planck_rev6_drop_LohseBoi/quantum/quantum.o
                0x0000000008001574                process_action_kb
 .text.process_record_kb
                0x0000000008001578        0x8 .build/obj_planck_rev6_drop_LohseBoi/quantum/quantum.o
                0x0000000008001578                process_record_kb
 .text.post_process_record_user
                0x0000000008001580        0x2 .build/obj_planck_rev6_drop_LohseBoi/quantum/quantum.o
                0x0000000008001580                post_process_record_user
 .text.post_process_record_kb
                0x0000000008001582        0x8 .build/obj_planck_rev6_drop_LohseBoi/quantum/quantum.o
                0x0000000008001582                post_process_record_kb
 *fill*         0x000000000800158a        0x2 
 .text.get_event_keycode
                0x000000000800158c       0x4c .build/obj_planck_rev6_drop_LohseBoi/quantum/quantum.o
                0x000000000800158c                get_event_keycode
 .text.get_record_keycode
                0x00000000080015d8        0xc .build/obj_planck_rev6_drop_LohseBoi/quantum/quantum.o
                0x00000000080015d8                get_record_keycode
 .text.pre_process_record_quantum
                0x00000000080015e4        0x4 .build/obj_planck_rev6_drop_LohseBoi/quantum/quantum.o
                0x00000000080015e4                pre_process_record_quantum
 .text.post_process_record_quantum
                0x00000000080015e8       0x12 .build/obj_planck_rev6_drop_LohseBoi/quantum/quantum.o
                0x00000000080015e8                post_process_record_quantum
 *fill*         0x00000000080015fa        0x2 
 .text.set_single_persistent_default_layer
                0x00000000080015fc       0x2c .build/obj_planck_rev6_drop_LohseBoi/quantum/quantum.o
                0x00000000080015fc                set_single_persistent_default_layer
 .text.update_tri_layer_state
                0x0000000008001628       0x1a .build/obj_planck_rev6_drop_LohseBoi/quantum/quantum.o
                0x0000000008001628                update_tri_layer_state
 *fill*         0x0000000008001642        0x2 
 .text.update_tri_layer
                0x0000000008001644       0x1c .build/obj_planck_rev6_drop_LohseBoi/quantum/quantum.o
                0x0000000008001644                update_tri_layer
 .text.matrix_init_quantum
                0x0000000008001660       0x16 .build/obj_planck_rev6_drop_LohseBoi/quantum/quantum.o
                0x0000000008001660                matrix_init_quantum
 .text.matrix_scan_quantum
                0x0000000008001676       0x14 .build/obj_planck_rev6_drop_LohseBoi/quantum/quantum.o
                0x0000000008001676                matrix_scan_quantum
 .text.shutdown_user
                0x000000000800168a        0x2 .build/obj_planck_rev6_drop_LohseBoi/quantum/quantum.o
                0x000000000800168a                shutdown_user
 .text.reset_keyboard
                0x000000000800168c       0x40 .build/obj_planck_rev6_drop_LohseBoi/quantum/quantum.o
                0x000000000800168c                reset_keyboard
 .text.process_record_quantum
                0x00000000080016cc       0xd0 .build/obj_planck_rev6_drop_LohseBoi/quantum/quantum.o
                0x00000000080016cc                process_record_quantum
 .text.led_set_user
                0x000000000800179c        0x2 .build/obj_planck_rev6_drop_LohseBoi/quantum/led.o
                0x000000000800179c                led_set_user
 .text.led_set_kb
                0x000000000800179e        0x8 .build/obj_planck_rev6_drop_LohseBoi/quantum/led.o
                0x000000000800179e                led_set_kb
 .text.led_update_user
                0x00000000080017a6        0x4 .build/obj_planck_rev6_drop_LohseBoi/quantum/led.o
                0x00000000080017a6                led_update_user
 .text.led_update_kb
                0x00000000080017aa        0x8 .build/obj_planck_rev6_drop_LohseBoi/quantum/led.o
                0x00000000080017aa                led_update_kb
 .text.led_init_ports
                0x00000000080017b2        0x2 .build/obj_planck_rev6_drop_LohseBoi/quantum/led.o
                0x00000000080017b2                led_init_ports
 .text.led_set  0x00000000080017b4       0x10 .build/obj_planck_rev6_drop_LohseBoi/quantum/led.o
                0x00000000080017b4                led_set
 .text.action_exec
                0x00000000080017c4       0x52 .build/obj_planck_rev6_drop_LohseBoi/quantum/action.o
                0x00000000080017c4                action_exec
 .text.process_record_tap_hint
                0x0000000008001816        0x6 .build/obj_planck_rev6_drop_LohseBoi/quantum/action.o
                0x0000000008001816                process_record_tap_hint
 .text.register_code
                0x000000000800181c      0x108 .build/obj_planck_rev6_drop_LohseBoi/quantum/action.o
                0x000000000800181c                register_code
 .text.unregister_code
                0x0000000008001924       0xba .build/obj_planck_rev6_drop_LohseBoi/quantum/action.o
                0x0000000008001924                unregister_code
 .text.tap_code_delay
                0x00000000080019de       0x22 .build/obj_planck_rev6_drop_LohseBoi/quantum/action.o
                0x00000000080019de                tap_code_delay
 .text.tap_code
                0x0000000008001a00        0xc .build/obj_planck_rev6_drop_LohseBoi/quantum/action.o
                0x0000000008001a00                tap_code
 .text.register_mods
                0x0000000008001a0c       0x12 .build/obj_planck_rev6_drop_LohseBoi/quantum/action.o
                0x0000000008001a0c                register_mods
 .text.unregister_mods
                0x0000000008001a1e       0x12 .build/obj_planck_rev6_drop_LohseBoi/quantum/action.o
                0x0000000008001a1e                unregister_mods
 .text.process_action
                0x0000000008001a30      0x386 .build/obj_planck_rev6_drop_LohseBoi/quantum/action.o
                0x0000000008001a30                process_action
 .text.process_record_handler
                0x0000000008001db6       0x22 .build/obj_planck_rev6_drop_LohseBoi/quantum/action.o
                0x0000000008001db6                process_record_handler
 .text.process_record
                0x0000000008001dd8       0x46 .build/obj_planck_rev6_drop_LohseBoi/quantum/action.o
                0x0000000008001dd8                process_record
 .text.register_weak_mods
                0x0000000008001e1e       0x12 .build/obj_planck_rev6_drop_LohseBoi/quantum/action.o
                0x0000000008001e1e                register_weak_mods
 .text.unregister_weak_mods
                0x0000000008001e30       0x12 .build/obj_planck_rev6_drop_LohseBoi/quantum/action.o
                0x0000000008001e30                unregister_weak_mods
 .text.clear_keyboard_but_mods_and_keys
                0x0000000008001e42       0x26 .build/obj_planck_rev6_drop_LohseBoi/quantum/action.o
                0x0000000008001e42                clear_keyboard_but_mods_and_keys
 .text.clear_keyboard_but_mods
                0x0000000008001e68        0xe .build/obj_planck_rev6_drop_LohseBoi/quantum/action.o
                0x0000000008001e68                clear_keyboard_but_mods
 .text.clear_keyboard
                0x0000000008001e76        0xe .build/obj_planck_rev6_drop_LohseBoi/quantum/action.o
                0x0000000008001e76                clear_keyboard
 .text.is_tap_action
                0x0000000008001e84       0x56 .build/obj_planck_rev6_drop_LohseBoi/quantum/action.o
                0x0000000008001e84                is_tap_action
 .text.is_tap_record
                0x0000000008001eda       0x10 .build/obj_planck_rev6_drop_LohseBoi/quantum/action.o
                0x0000000008001eda                is_tap_record
 .text.debug_event
                0x0000000008001eea        0xc .build/obj_planck_rev6_drop_LohseBoi/quantum/action.o
                0x0000000008001eea                debug_event
 .text.debug_record
                0x0000000008001ef6        0xc .build/obj_planck_rev6_drop_LohseBoi/quantum/action.o
                0x0000000008001ef6                debug_record
 .text.default_layer_state_set_user
                0x0000000008001f02        0x2 .build/obj_planck_rev6_drop_LohseBoi/quantum/action_layer.o
                0x0000000008001f02                default_layer_state_set_user
 .text.default_layer_state_set_kb
                0x0000000008001f04        0x8 .build/obj_planck_rev6_drop_LohseBoi/quantum/action_layer.o
                0x0000000008001f04                default_layer_state_set_kb
 .text.default_layer_state_set
                0x0000000008001f0c       0x18 .build/obj_planck_rev6_drop_LohseBoi/quantum/action_layer.o
 .text.default_layer_debug
                0x0000000008001f24        0x2 .build/obj_planck_rev6_drop_LohseBoi/quantum/action_layer.o
                0x0000000008001f24                default_layer_debug
 .text.default_layer_set
                0x0000000008001f26        0x4 .build/obj_planck_rev6_drop_LohseBoi/quantum/action_layer.o
                0x0000000008001f26                default_layer_set
 *fill*         0x0000000008001f2a        0x2 
 .text.default_layer_or
                0x0000000008001f2c       0x10 .build/obj_planck_rev6_drop_LohseBoi/quantum/action_layer.o
                0x0000000008001f2c                default_layer_or
 .text.default_layer_and
                0x0000000008001f3c       0x10 .build/obj_planck_rev6_drop_LohseBoi/quantum/action_layer.o
                0x0000000008001f3c                default_layer_and
 .text.default_layer_xor
                0x0000000008001f4c       0x10 .build/obj_planck_rev6_drop_LohseBoi/quantum/action_layer.o
                0x0000000008001f4c                default_layer_xor
 .text.layer_state_set_kb
                0x0000000008001f5c        0x8 .build/obj_planck_rev6_drop_LohseBoi/quantum/action_layer.o
                0x0000000008001f5c                layer_state_set_kb
 .text.layer_state_set
                0x0000000008001f64       0x18 .build/obj_planck_rev6_drop_LohseBoi/quantum/action_layer.o
                0x0000000008001f64                layer_state_set
 .text.layer_clear
                0x0000000008001f7c        0x6 .build/obj_planck_rev6_drop_LohseBoi/quantum/action_layer.o
                0x0000000008001f7c                layer_clear
 *fill*         0x0000000008001f82        0x2 
 .text.layer_state_is
                0x0000000008001f84       0x1c .build/obj_planck_rev6_drop_LohseBoi/quantum/action_layer.o
                0x0000000008001f84                layer_state_is
 .text.layer_move
                0x0000000008001fa0        0xa .build/obj_planck_rev6_drop_LohseBoi/quantum/action_layer.o
                0x0000000008001fa0                layer_move
 *fill*         0x0000000008001faa        0x2 
 .text.layer_on
                0x0000000008001fac       0x14 .build/obj_planck_rev6_drop_LohseBoi/quantum/action_layer.o
                0x0000000008001fac                layer_on
 .text.layer_off
                0x0000000008001fc0       0x14 .build/obj_planck_rev6_drop_LohseBoi/quantum/action_layer.o
                0x0000000008001fc0                layer_off
 .text.layer_invert
                0x0000000008001fd4       0x14 .build/obj_planck_rev6_drop_LohseBoi/quantum/action_layer.o
                0x0000000008001fd4                layer_invert
 .text.layer_or
                0x0000000008001fe8       0x10 .build/obj_planck_rev6_drop_LohseBoi/quantum/action_layer.o
                0x0000000008001fe8                layer_or
 .text.layer_and
                0x0000000008001ff8       0x10 .build/obj_planck_rev6_drop_LohseBoi/quantum/action_layer.o
                0x0000000008001ff8                layer_and
 .text.layer_xor
                0x0000000008002008       0x10 .build/obj_planck_rev6_drop_LohseBoi/quantum/action_layer.o
                0x0000000008002008                layer_xor
 .text.layer_debug
                0x0000000008002018        0x2 .build/obj_planck_rev6_drop_LohseBoi/quantum/action_layer.o
                0x0000000008002018                layer_debug
 *fill*         0x000000000800201a        0x2 
 .text.update_source_layers_cache
                0x000000000800201c       0x48 .build/obj_planck_rev6_drop_LohseBoi/quantum/action_layer.o
                0x000000000800201c                update_source_layers_cache
 .text.read_source_layers_cache
                0x0000000008002064       0x40 .build/obj_planck_rev6_drop_LohseBoi/quantum/action_layer.o
                0x0000000008002064                read_source_layers_cache
 .text.layer_switch_get_layer
                0x00000000080020a4       0x40 .build/obj_planck_rev6_drop_LohseBoi/quantum/action_layer.o
                0x00000000080020a4                layer_switch_get_layer
 .text.layer_switch_get_action
                0x00000000080020e4       0x18 .build/obj_planck_rev6_drop_LohseBoi/quantum/action_layer.o
                0x00000000080020e4                layer_switch_get_action
 .text.store_or_get_action
                0x00000000080020fc       0x48 .build/obj_planck_rev6_drop_LohseBoi/quantum/action_layer.o
                0x00000000080020fc                store_or_get_action
 .text.action_macro_play
                0x0000000008002144       0xba .build/obj_planck_rev6_drop_LohseBoi/quantum/action_macro.o
                0x0000000008002144                action_macro_play
 *fill*         0x00000000080021fe        0x2 
 .text.debug_waiting_buffer
                0x0000000008002200       0x34 .build/obj_planck_rev6_drop_LohseBoi/quantum/action_tapping.o
 .text.debug_tapping_key
                0x0000000008002234       0x10 .build/obj_planck_rev6_drop_LohseBoi/quantum/action_tapping.o
 .text.waiting_buffer_scan_tap
                0x0000000008002244       0x94 .build/obj_planck_rev6_drop_LohseBoi/quantum/action_tapping.o
 .text.process_tapping
                0x00000000080022d8      0x264 .build/obj_planck_rev6_drop_LohseBoi/quantum/action_tapping.o
 .text.action_tapping_process
                0x000000000800253c       0xd0 .build/obj_planck_rev6_drop_LohseBoi/quantum/action_tapping.o
                0x000000000800253c                action_tapping_process
 .text.add_key  0x000000000800260c       0x10 .build/obj_planck_rev6_drop_LohseBoi/quantum/action_util.o
                0x000000000800260c                add_key
 .text.del_key  0x000000000800261c       0x10 .build/obj_planck_rev6_drop_LohseBoi/quantum/action_util.o
                0x000000000800261c                del_key
 .text.clear_keys
                0x000000000800262c        0xc .build/obj_planck_rev6_drop_LohseBoi/quantum/action_util.o
                0x000000000800262c                clear_keys
 .text.get_oneshot_layer
                0x0000000008002638       0x10 .build/obj_planck_rev6_drop_LohseBoi/quantum/action_util.o
                0x0000000008002638                get_oneshot_layer
 .text.get_oneshot_layer_state
                0x0000000008002648       0x10 .build/obj_planck_rev6_drop_LohseBoi/quantum/action_util.o
                0x0000000008002648                get_oneshot_layer_state
 .text.is_oneshot_layer_active
                0x0000000008002658       0x14 .build/obj_planck_rev6_drop_LohseBoi/quantum/action_util.o
                0x0000000008002658                is_oneshot_layer_active
 .text.oneshot_set
                0x000000000800266c       0x40 .build/obj_planck_rev6_drop_LohseBoi/quantum/action_util.o
                0x000000000800266c                oneshot_set
 .text.oneshot_toggle
                0x00000000080026ac       0x18 .build/obj_planck_rev6_drop_LohseBoi/quantum/action_util.o
                0x00000000080026ac                oneshot_toggle
 .text.oneshot_enable
                0x00000000080026c4        0x6 .build/obj_planck_rev6_drop_LohseBoi/quantum/action_util.o
                0x00000000080026c4                oneshot_enable
 .text.oneshot_disable
                0x00000000080026ca        0x6 .build/obj_planck_rev6_drop_LohseBoi/quantum/action_util.o
                0x00000000080026ca                oneshot_disable
 .text.get_mods
                0x00000000080026d0        0xc .build/obj_planck_rev6_drop_LohseBoi/quantum/action_util.o
                0x00000000080026d0                get_mods
 .text.add_mods
                0x00000000080026dc       0x10 .build/obj_planck_rev6_drop_LohseBoi/quantum/action_util.o
                0x00000000080026dc                add_mods
 .text.del_mods
                0x00000000080026ec       0x10 .build/obj_planck_rev6_drop_LohseBoi/quantum/action_util.o
                0x00000000080026ec                del_mods
 .text.clear_mods
                0x00000000080026fc        0xc .build/obj_planck_rev6_drop_LohseBoi/quantum/action_util.o
                0x00000000080026fc                clear_mods
 .text.add_weak_mods
                0x0000000008002708       0x10 .build/obj_planck_rev6_drop_LohseBoi/quantum/action_util.o
                0x0000000008002708                add_weak_mods
 .text.del_weak_mods
                0x0000000008002718       0x10 .build/obj_planck_rev6_drop_LohseBoi/quantum/action_util.o
                0x0000000008002718                del_weak_mods
 .text.clear_weak_mods
                0x0000000008002728        0xc .build/obj_planck_rev6_drop_LohseBoi/quantum/action_util.o
                0x0000000008002728                clear_weak_mods
 .text.add_macro_mods
                0x0000000008002734       0x10 .build/obj_planck_rev6_drop_LohseBoi/quantum/action_util.o
                0x0000000008002734                add_macro_mods
 .text.del_macro_mods
                0x0000000008002744       0x10 .build/obj_planck_rev6_drop_LohseBoi/quantum/action_util.o
                0x0000000008002744                del_macro_mods
 .text.clear_macro_mods
                0x0000000008002754        0xc .build/obj_planck_rev6_drop_LohseBoi/quantum/action_util.o
                0x0000000008002754                clear_macro_mods
 .text.get_oneshot_mods
                0x0000000008002760        0xc .build/obj_planck_rev6_drop_LohseBoi/quantum/action_util.o
                0x0000000008002760                get_oneshot_mods
 .text.oneshot_mods_changed_user
                0x000000000800276c        0x2 .build/obj_planck_rev6_drop_LohseBoi/quantum/action_util.o
                0x000000000800276c                oneshot_mods_changed_user
 .text.oneshot_mods_changed_kb
                0x000000000800276e        0x8 .build/obj_planck_rev6_drop_LohseBoi/quantum/action_util.o
                0x000000000800276e                oneshot_mods_changed_kb
 *fill*         0x0000000008002776        0x2 
 .text.set_oneshot_mods
                0x0000000008002778       0x24 .build/obj_planck_rev6_drop_LohseBoi/quantum/action_util.o
                0x0000000008002778                set_oneshot_mods
 .text.clear_oneshot_mods
                0x000000000800279c       0x18 .build/obj_planck_rev6_drop_LohseBoi/quantum/action_util.o
                0x000000000800279c                clear_oneshot_mods
 .text.send_keyboard_report
                0x00000000080027b4       0x4c .build/obj_planck_rev6_drop_LohseBoi/quantum/action_util.o
                0x00000000080027b4                send_keyboard_report
 .text.oneshot_layer_changed_user
                0x0000000008002800        0x2 .build/obj_planck_rev6_drop_LohseBoi/quantum/action_util.o
                0x0000000008002800                oneshot_layer_changed_user
 .text.oneshot_layer_changed_kb
                0x0000000008002802        0x8 .build/obj_planck_rev6_drop_LohseBoi/quantum/action_util.o
                0x0000000008002802                oneshot_layer_changed_kb
 *fill*         0x000000000800280a        0x2 
 .text.set_oneshot_layer
                0x000000000800280c       0x34 .build/obj_planck_rev6_drop_LohseBoi/quantum/action_util.o
                0x000000000800280c                set_oneshot_layer
 .text.reset_oneshot_layer
                0x0000000008002840       0x14 .build/obj_planck_rev6_drop_LohseBoi/quantum/action_util.o
                0x0000000008002840                reset_oneshot_layer
 .text.clear_oneshot_layer_state
                0x0000000008002854       0x3c .build/obj_planck_rev6_drop_LohseBoi/quantum/action_util.o
                0x0000000008002854                clear_oneshot_layer_state
 .text.eeconfig_disable
                0x0000000008002890       0x14 .build/obj_planck_rev6_drop_LohseBoi/quantum/eeconfig.o
                0x0000000008002890                eeconfig_disable
 .text.eeconfig_is_enabled
                0x00000000080028a4       0x14 .build/obj_planck_rev6_drop_LohseBoi/quantum/eeconfig.o
                0x00000000080028a4                eeconfig_is_enabled
 .text.eeconfig_read_debug
                0x00000000080028b8        0x6 .build/obj_planck_rev6_drop_LohseBoi/quantum/eeconfig.o
                0x00000000080028b8                eeconfig_read_debug
 .text.eeconfig_read_default_layer
                0x00000000080028be        0x6 .build/obj_planck_rev6_drop_LohseBoi/quantum/eeconfig.o
                0x00000000080028be                eeconfig_read_default_layer
 .text.eeconfig_update_default_layer
                0x00000000080028c4        0x8 .build/obj_planck_rev6_drop_LohseBoi/quantum/eeconfig.o
                0x00000000080028c4                eeconfig_update_default_layer
 .text.eeconfig_read_keymap
                0x00000000080028cc       0x18 .build/obj_planck_rev6_drop_LohseBoi/quantum/eeconfig.o
                0x00000000080028cc                eeconfig_read_keymap
 .text.eeconfig_update_keymap
                0x00000000080028e4       0x18 .build/obj_planck_rev6_drop_LohseBoi/quantum/eeconfig.o
                0x00000000080028e4                eeconfig_update_keymap
 .text.eeconfig_read_audio
                0x00000000080028fc        0x6 .build/obj_planck_rev6_drop_LohseBoi/quantum/eeconfig.o
                0x00000000080028fc                eeconfig_read_audio
 .text.eeconfig_update_audio
                0x0000000008002902        0x8 .build/obj_planck_rev6_drop_LohseBoi/quantum/eeconfig.o
                0x0000000008002902                eeconfig_update_audio
 .text.eeconfig_update_kb
                0x000000000800290a        0x8 .build/obj_planck_rev6_drop_LohseBoi/quantum/eeconfig.o
                0x000000000800290a                eeconfig_update_kb
 .text.eeconfig_update_user
                0x0000000008002912        0x8 .build/obj_planck_rev6_drop_LohseBoi/quantum/eeconfig.o
                0x0000000008002912                eeconfig_update_user
 .text.eeconfig_init_user
                0x000000000800291a        0x6 .build/obj_planck_rev6_drop_LohseBoi/quantum/eeconfig.o
                0x000000000800291a                eeconfig_init_user
 .text.eeconfig_init_kb
                0x0000000008002920        0xe .build/obj_planck_rev6_drop_LohseBoi/quantum/eeconfig.o
                0x0000000008002920                eeconfig_init_kb
 *fill*         0x000000000800292e        0x2 
 .text.eeconfig_init_quantum
                0x0000000008002930       0x90 .build/obj_planck_rev6_drop_LohseBoi/quantum/eeconfig.o
                0x0000000008002930                eeconfig_init_quantum
 .text.eeconfig_init
                0x00000000080029c0        0x4 .build/obj_planck_rev6_drop_LohseBoi/quantum/eeconfig.o
                0x00000000080029c0                eeconfig_init
 .text.eeconfig_update_handedness
                0x00000000080029c4        0x8 .build/obj_planck_rev6_drop_LohseBoi/quantum/eeconfig.o
                0x00000000080029c4                eeconfig_update_handedness
 .text.last_matrix_activity_trigger
                0x00000000080029cc       0x18 .build/obj_planck_rev6_drop_LohseBoi/quantum/keyboard.o
                0x00000000080029cc                last_matrix_activity_trigger
 .text.last_encoder_activity_trigger
                0x00000000080029e4       0x18 .build/obj_planck_rev6_drop_LohseBoi/quantum/keyboard.o
                0x00000000080029e4                last_encoder_activity_trigger
 .text.matrix_setup
                0x00000000080029fc        0x2 .build/obj_planck_rev6_drop_LohseBoi/quantum/keyboard.o
                0x00000000080029fc                matrix_setup
 .text.keyboard_pre_init_user
                0x00000000080029fe        0x2 .build/obj_planck_rev6_drop_LohseBoi/quantum/keyboard.o
                0x00000000080029fe                keyboard_pre_init_user
 .text.keyboard_pre_init_kb
                0x0000000008002a00        0x8 .build/obj_planck_rev6_drop_LohseBoi/quantum/keyboard.o
                0x0000000008002a00                keyboard_pre_init_kb
 .text.keyboard_post_init_user
                0x0000000008002a08        0x2 .build/obj_planck_rev6_drop_LohseBoi/quantum/keyboard.o
                0x0000000008002a08                keyboard_post_init_user
 .text.keyboard_post_init_kb
                0x0000000008002a0a        0x8 .build/obj_planck_rev6_drop_LohseBoi/quantum/keyboard.o
                0x0000000008002a0a                keyboard_post_init_kb
 *fill*         0x0000000008002a12        0x2 
 .text.keyboard_setup
                0x0000000008002a14       0x1c .build/obj_planck_rev6_drop_LohseBoi/quantum/keyboard.o
                0x0000000008002a14                keyboard_setup
 .text.is_keyboard_master
                0x0000000008002a30        0x4 .build/obj_planck_rev6_drop_LohseBoi/quantum/keyboard.o
                0x0000000008002a30                is_keyboard_master
 .text.should_process_keypress
                0x0000000008002a34        0x8 .build/obj_planck_rev6_drop_LohseBoi/quantum/keyboard.o
                0x0000000008002a34                should_process_keypress
 .text.housekeeping_task_kb
                0x0000000008002a3c        0x2 .build/obj_planck_rev6_drop_LohseBoi/quantum/keyboard.o
                0x0000000008002a3c                housekeeping_task_kb
 .text.housekeeping_task_user
                0x0000000008002a3e        0x2 .build/obj_planck_rev6_drop_LohseBoi/quantum/keyboard.o
                0x0000000008002a3e                housekeeping_task_user
 .text.housekeeping_task
                0x0000000008002a40        0xc .build/obj_planck_rev6_drop_LohseBoi/quantum/keyboard.o
                0x0000000008002a40                housekeeping_task
 .text.keyboard_init
                0x0000000008002a4c       0x18 .build/obj_planck_rev6_drop_LohseBoi/quantum/keyboard.o
                0x0000000008002a4c                keyboard_init
 .text.keyboard_set_leds
                0x0000000008002a64       0x4c .build/obj_planck_rev6_drop_LohseBoi/quantum/keyboard.o
                0x0000000008002a64                keyboard_set_leds
 .text.keyboard_task
                0x0000000008002ab0      0x104 .build/obj_planck_rev6_drop_LohseBoi/quantum/keyboard.o
                0x0000000008002ab0                keyboard_task
 .text.action_get_macro
                0x0000000008002bb4        0x4 .build/obj_planck_rev6_drop_LohseBoi/quantum/keymap_common.o
                0x0000000008002bb4                action_get_macro
 .text.action_function
                0x0000000008002bb8        0x2 .build/obj_planck_rev6_drop_LohseBoi/quantum/keymap_common.o
                0x0000000008002bb8                action_function
 *fill*         0x0000000008002bba        0x2 
 .text.keymap_key_to_keycode
                0x0000000008002bbc       0x24 .build/obj_planck_rev6_drop_LohseBoi/quantum/keymap_common.o
                0x0000000008002bbc                keymap_key_to_keycode
 .text.keymap_function_id_to_action
                0x0000000008002be0        0xc .build/obj_planck_rev6_drop_LohseBoi/quantum/keymap_common.o
                0x0000000008002be0                keymap_function_id_to_action
 .text.action_for_keycode
                0x0000000008002bec      0x1a0 .build/obj_planck_rev6_drop_LohseBoi/quantum/keymap_common.o
                0x0000000008002bec                action_for_keycode
 .text.action_for_key
                0x0000000008002d8c       0x16 .build/obj_planck_rev6_drop_LohseBoi/quantum/keymap_common.o
                0x0000000008002d8c                action_for_key
 *fill*         0x0000000008002da2        0x2 
 .text.keycode_config
                0x0000000008002da4      0x100 .build/obj_planck_rev6_drop_LohseBoi/quantum/keycode_config.o
                0x0000000008002da4                keycode_config
 .text.mod_config
                0x0000000008002ea4       0xac .build/obj_planck_rev6_drop_LohseBoi/quantum/keycode_config.o
                0x0000000008002ea4                mod_config
 .text.null_sendchar_func
                0x0000000008002f50        0x4 .build/obj_planck_rev6_drop_LohseBoi/quantum/logging/print.o
 .text.print_set_sendchar
                0x0000000008002f54        0xc .build/obj_planck_rev6_drop_LohseBoi/quantum/logging/print.o
                0x0000000008002f54                print_set_sendchar
 .text._putchar
                0x0000000008002f60        0xc .build/obj_planck_rev6_drop_LohseBoi/quantum/logging/print.o
                0x0000000008002f60                _putchar
 .text.bootmagic_lite_reset_eeprom
                0x0000000008002f6c        0x4 .build/obj_planck_rev6_drop_LohseBoi/quantum/bootmagic/bootmagic_lite.o
                0x0000000008002f6c                bootmagic_lite_reset_eeprom
 .text.bootmagic_lite
                0x0000000008002f70       0x28 .build/obj_planck_rev6_drop_LohseBoi/quantum/bootmagic/bootmagic_lite.o
                0x0000000008002f70                bootmagic_lite
 .text.bootmagic
                0x0000000008002f98        0x8 .build/obj_planck_rev6_drop_LohseBoi/quantum/bootmagic/bootmagic_lite.o
                0x0000000008002f98                bootmagic
 .text.magic    0x0000000008002fa0       0x40 .build/obj_planck_rev6_drop_LohseBoi/quantum/bootmagic/magic.o
                0x0000000008002fa0                magic
 .text.startup.main
                0x0000000008002fe0       0x18 .build/obj_planck_rev6_drop_LohseBoi/quantum/main.o
                0x0000000008002fe0                main
 .text._out_null
                0x0000000008002ff8        0x2 .build/obj_planck_rev6_drop_LohseBoi/lib/printf/printf.o
 .text._ntoa_long
                0x0000000008002ffa      0x212 .build/obj_planck_rev6_drop_LohseBoi/lib/printf/printf.o
 .text._out_char
                0x000000000800320c        0x8 .build/obj_planck_rev6_drop_LohseBoi/lib/printf/printf.o
 .text._vsnprintf
                0x0000000008003214      0x414 .build/obj_planck_rev6_drop_LohseBoi/lib/printf/printf.o
 .text.printf_  0x0000000008003628       0x28 .build/obj_planck_rev6_drop_LohseBoi/lib/printf/printf.o
                0x0000000008003628                printf_
 .text.mousekey_param_print
                0x0000000008003650       0x48 .build/obj_planck_rev6_drop_LohseBoi/quantum/command.o
 .text.switch_default_layer
                0x0000000008003698       0x20 .build/obj_planck_rev6_drop_LohseBoi/quantum/command.o
 .text.command_common
                0x00000000080036b8      0x2a4 .build/obj_planck_rev6_drop_LohseBoi/quantum/command.o
 .text.mousekey_console.isra.0
                0x000000000800395c      0x1fc .build/obj_planck_rev6_drop_LohseBoi/quantum/command.o
 .text.command_extra
                0x0000000008003b58        0x4 .build/obj_planck_rev6_drop_LohseBoi/quantum/command.o
                0x0000000008003b58                command_extra
 .text.command_console_extra
                0x0000000008003b5c        0x4 .build/obj_planck_rev6_drop_LohseBoi/quantum/command.o
                0x0000000008003b5c                command_console_extra
 .text.command_proc
                0x0000000008003b60       0xa4 .build/obj_planck_rev6_drop_LohseBoi/quantum/command.o
                0x0000000008003b60                command_proc
 *fill*         0x0000000008003c04        0x4 
 .text.compute_freq_for_midi_note
                0x0000000008003c08       0x4c .build/obj_planck_rev6_drop_LohseBoi/quantum/process_keycode/process_audio.o
                0x0000000008003c08                compute_freq_for_midi_note
 .text.process_audio
                0x0000000008003c54       0x74 .build/obj_planck_rev6_drop_LohseBoi/quantum/process_keycode/process_audio.o
                0x0000000008003c54                process_audio
 .text.process_audio_noteon
                0x0000000008003cc8        0xe .build/obj_planck_rev6_drop_LohseBoi/quantum/process_keycode/process_audio.o
                0x0000000008003cc8                process_audio_noteon
 .text.process_audio_noteoff
                0x0000000008003cd6        0xe .build/obj_planck_rev6_drop_LohseBoi/quantum/process_keycode/process_audio.o
                0x0000000008003cd6                process_audio_noteoff
 .text.process_audio_all_notes_off
                0x0000000008003ce4        0x4 .build/obj_planck_rev6_drop_LohseBoi/quantum/process_keycode/process_audio.o
                0x0000000008003ce4                process_audio_all_notes_off
 .text.audio_on_user
                0x0000000008003ce8        0x2 .build/obj_planck_rev6_drop_LohseBoi/quantum/process_keycode/process_audio.o
                0x0000000008003ce8                audio_on_user
 *fill*         0x0000000008003cea        0x2 
 .text.audio_is_on
                0x0000000008003cec       0x10 .build/obj_planck_rev6_drop_LohseBoi/quantum/audio/audio.o
                0x0000000008003cec                audio_is_on
 .text.audio_stop_all
                0x0000000008003cfc       0x54 .build/obj_planck_rev6_drop_LohseBoi/quantum/audio/audio.o
                0x0000000008003cfc                audio_stop_all
 .text.audio_get_processed_frequency
                0x0000000008003d50       0x3c .build/obj_planck_rev6_drop_LohseBoi/quantum/audio/audio.o
                0x0000000008003d50                audio_get_processed_frequency
 .text.audio_duration_to_ms
                0x0000000008003d8c       0x44 .build/obj_planck_rev6_drop_LohseBoi/quantum/audio/audio.o
                0x0000000008003d8c                audio_duration_to_ms
 .text.audio_play_melody
                0x0000000008003dd0       0xb8 .build/obj_planck_rev6_drop_LohseBoi/quantum/audio/audio.o
                0x0000000008003dd0                audio_play_melody
 .text.audio_startup
                0x0000000008003e88       0x2c .build/obj_planck_rev6_drop_LohseBoi/quantum/audio/audio.o
                0x0000000008003e88                audio_startup
 .text.audio_init
                0x0000000008003eb4       0x5c .build/obj_planck_rev6_drop_LohseBoi/quantum/audio/audio.o
                0x0000000008003eb4                audio_init
 .text.audio_stop_tone
                0x0000000008003f10       0xbc .build/obj_planck_rev6_drop_LohseBoi/quantum/audio/audio.o
                0x0000000008003f10                audio_stop_tone
 .text.audio_play_note
                0x0000000008003fcc      0x104 .build/obj_planck_rev6_drop_LohseBoi/quantum/audio/audio.o
                0x0000000008003fcc                audio_play_note
 .text.audio_play_tone
                0x00000000080040d0        0x8 .build/obj_planck_rev6_drop_LohseBoi/quantum/audio/audio.o
                0x00000000080040d0                audio_play_tone
 .text.audio_on
                0x00000000080040d8       0x2c .build/obj_planck_rev6_drop_LohseBoi/quantum/audio/audio.o
                0x00000000080040d8                audio_on
 .text.audio_off
                0x0000000008004104       0x34 .build/obj_planck_rev6_drop_LohseBoi/quantum/audio/audio.o
                0x0000000008004104                audio_off
 .text.audio_update_state
                0x0000000008004138      0x1dc .build/obj_planck_rev6_drop_LohseBoi/quantum/audio/audio.o
                0x0000000008004138                audio_update_state
 .text.channel_1_start
                0x0000000008004314       0x2c .build/obj_planck_rev6_drop_LohseBoi/quantum/audio/driver_chibios_dac_basic.o
                0x0000000008004314                channel_1_start
 .text.channel_1_stop
                0x0000000008004340       0x24 .build/obj_planck_rev6_drop_LohseBoi/quantum/audio/driver_chibios_dac_basic.o
                0x0000000008004340                channel_1_stop
 .text.channel_1_set_frequency
                0x0000000008004364       0x54 .build/obj_planck_rev6_drop_LohseBoi/quantum/audio/driver_chibios_dac_basic.o
                0x0000000008004364                channel_1_set_frequency
 .text.channel_2_start
                0x00000000080043b8       0x2c .build/obj_planck_rev6_drop_LohseBoi/quantum/audio/driver_chibios_dac_basic.o
                0x00000000080043b8                channel_2_start
 .text.channel_2_stop
                0x00000000080043e4       0x24 .build/obj_planck_rev6_drop_LohseBoi/quantum/audio/driver_chibios_dac_basic.o
                0x00000000080043e4                channel_2_stop
 .text.channel_2_set_frequency
                0x0000000008004408       0x54 .build/obj_planck_rev6_drop_LohseBoi/quantum/audio/driver_chibios_dac_basic.o
                0x0000000008004408                channel_2_set_frequency
 .text.gpt_audio_state_cb
                0x000000000800445c       0x22 .build/obj_planck_rev6_drop_LohseBoi/quantum/audio/driver_chibios_dac_basic.o
 *fill*         0x000000000800447e        0x2 
 .text.audio_driver_initialize
                0x0000000008004480       0x8c .build/obj_planck_rev6_drop_LohseBoi/quantum/audio/driver_chibios_dac_basic.o
                0x0000000008004480                audio_driver_initialize
 .text.audio_driver_stop
                0x000000000800450c       0x54 .build/obj_planck_rev6_drop_LohseBoi/quantum/audio/driver_chibios_dac_basic.o
                0x000000000800450c                audio_driver_stop
 .text.audio_driver_start
                0x0000000008004560       0x48 .build/obj_planck_rev6_drop_LohseBoi/quantum/audio/driver_chibios_dac_basic.o
                0x0000000008004560                audio_driver_start
 .text.voice_iterate
                0x00000000080045a8        0xc .build/obj_planck_rev6_drop_LohseBoi/quantum/audio/voices.o
                0x00000000080045a8                voice_iterate
 .text.voice_deiterate
                0x00000000080045b4        0xc .build/obj_planck_rev6_drop_LohseBoi/quantum/audio/voices.o
                0x00000000080045b4                voice_deiterate
 .text.voice_envelope
                0x00000000080045c0       0x14 .build/obj_planck_rev6_drop_LohseBoi/quantum/audio/voices.o
                0x00000000080045c0                voice_envelope
 .text.music_all_notes_off
                0x00000000080045d4       0x10 .build/obj_planck_rev6_drop_LohseBoi/quantum/process_keycode/process_music.o
                0x00000000080045d4                music_all_notes_off
 .text.music_mask_kb
                0x00000000080045e4        0x8 .build/obj_planck_rev6_drop_LohseBoi/quantum/process_keycode/process_music.o
                0x00000000080045e4                music_mask_kb
 .text.music_off
                0x00000000080045ec       0x20 .build/obj_planck_rev6_drop_LohseBoi/quantum/process_keycode/process_music.o
                0x00000000080045ec                music_off
 .text.midi_off
                0x000000000800460c       0x18 .build/obj_planck_rev6_drop_LohseBoi/quantum/process_keycode/process_music.o
                0x000000000800460c                midi_off
 .text.music_mode_cycle
                0x0000000008004624       0x30 .build/obj_planck_rev6_drop_LohseBoi/quantum/process_keycode/process_music.o
                0x0000000008004624                music_mode_cycle
 .text.music_task
                0x0000000008004654       0x7c .build/obj_planck_rev6_drop_LohseBoi/quantum/process_keycode/process_music.o
                0x0000000008004654                music_task
 .text.music_on_user
                0x00000000080046d0        0x2 .build/obj_planck_rev6_drop_LohseBoi/quantum/process_keycode/process_music.o
                0x00000000080046d0                music_on_user
 *fill*         0x00000000080046d2        0x2 
 .text.music_on
                0x00000000080046d4       0x20 .build/obj_planck_rev6_drop_LohseBoi/quantum/process_keycode/process_music.o
                0x00000000080046d4                music_on
 .text.midi_on_user
                0x00000000080046f4        0x2 .build/obj_planck_rev6_drop_LohseBoi/quantum/process_keycode/process_music.o
                0x00000000080046f4                midi_on_user
 *fill*         0x00000000080046f6        0x2 
 .text.midi_on  0x00000000080046f8       0x20 .build/obj_planck_rev6_drop_LohseBoi/quantum/process_keycode/process_music.o
                0x00000000080046f8                midi_on
 .text.process_music
                0x0000000008004718      0x23c .build/obj_planck_rev6_drop_LohseBoi/quantum/process_keycode/process_music.o
                0x0000000008004718                process_music
 .text.move_unit
                0x0000000008004954       0x78 .build/obj_planck_rev6_drop_LohseBoi/quantum/mousekey.o
 .text.wheel_unit
                0x00000000080049cc       0x64 .build/obj_planck_rev6_drop_LohseBoi/quantum/mousekey.o
 .text.mousekey_on
                0x0000000008004a30       0xa4 .build/obj_planck_rev6_drop_LohseBoi/quantum/mousekey.o
                0x0000000008004a30                mousekey_on
 .text.mousekey_off
                0x0000000008004ad4      0x118 .build/obj_planck_rev6_drop_LohseBoi/quantum/mousekey.o
                0x0000000008004ad4                mousekey_off
 .text.mousekey_send
                0x0000000008004bec       0xe8 .build/obj_planck_rev6_drop_LohseBoi/quantum/mousekey.o
                0x0000000008004bec                mousekey_send
 .text.mousekey_task
                0x0000000008004cd4      0x184 .build/obj_planck_rev6_drop_LohseBoi/quantum/mousekey.o
                0x0000000008004cd4                mousekey_task
 .text.mousekey_clear
                0x0000000008004e58       0x28 .build/obj_planck_rev6_drop_LohseBoi/quantum/mousekey.o
                0x0000000008004e58                mousekey_clear
 .text.eeprom_clear
                0x0000000008004e80       0x40 .build/obj_planck_rev6_drop_LohseBoi/common/chibios/eeprom_stm32.o
 .text.eeprom_write_direct_entry
                0x0000000008004ec0       0x48 .build/obj_planck_rev6_drop_LohseBoi/common/chibios/eeprom_stm32.o
 .text.eeprom_compact
                0x0000000008004f08       0x44 .build/obj_planck_rev6_drop_LohseBoi/common/chibios/eeprom_stm32.o
 .text.eeprom_write_log_word_entry
                0x0000000008004f4c       0x94 .build/obj_planck_rev6_drop_LohseBoi/common/chibios/eeprom_stm32.o
 .text.eeprom_write_log_byte_entry
                0x0000000008004fe0       0x44 .build/obj_planck_rev6_drop_LohseBoi/common/chibios/eeprom_stm32.o
 .text.EEPROM_Init
                0x0000000008005024       0x94 .build/obj_planck_rev6_drop_LohseBoi/common/chibios/eeprom_stm32.o
                0x0000000008005024                EEPROM_Init
 .text.EEPROM_Erase
                0x00000000080050b8        0xe .build/obj_planck_rev6_drop_LohseBoi/common/chibios/eeprom_stm32.o
                0x00000000080050b8                EEPROM_Erase
 *fill*         0x00000000080050c6        0x2 
 .text.EEPROM_WriteDataByte
                0x00000000080050c8       0x40 .build/obj_planck_rev6_drop_LohseBoi/common/chibios/eeprom_stm32.o
                0x00000000080050c8                EEPROM_WriteDataByte
 .text.EEPROM_WriteDataWord
                0x0000000008005108       0x90 .build/obj_planck_rev6_drop_LohseBoi/common/chibios/eeprom_stm32.o
                0x0000000008005108                EEPROM_WriteDataWord
 .text.EEPROM_ReadDataByte
                0x0000000008005198       0x14 .build/obj_planck_rev6_drop_LohseBoi/common/chibios/eeprom_stm32.o
                0x0000000008005198                EEPROM_ReadDataByte
 .text.EEPROM_ReadDataWord
                0x00000000080051ac       0x28 .build/obj_planck_rev6_drop_LohseBoi/common/chibios/eeprom_stm32.o
                0x00000000080051ac                EEPROM_ReadDataWord
 .text.eeprom_read_byte
                0x00000000080051d4        0x6 .build/obj_planck_rev6_drop_LohseBoi/common/chibios/eeprom_stm32.o
                0x00000000080051d4                eeprom_read_byte
 .text.eeprom_update_byte
                0x00000000080051da        0x6 .build/obj_planck_rev6_drop_LohseBoi/common/chibios/eeprom_stm32.o
                0x00000000080051da                eeprom_update_byte
 .text.eeprom_read_word
                0x00000000080051e0        0x6 .build/obj_planck_rev6_drop_LohseBoi/common/chibios/eeprom_stm32.o
                0x00000000080051e0                eeprom_read_word
 .text.eeprom_update_word
                0x00000000080051e6        0x6 .build/obj_planck_rev6_drop_LohseBoi/common/chibios/eeprom_stm32.o
                0x00000000080051e6                eeprom_update_word
 .text.eeprom_write_dword
                0x00000000080051ec       0x42 .build/obj_planck_rev6_drop_LohseBoi/common/chibios/eeprom_stm32.o
                0x00000000080051ec                eeprom_write_dword
 .text.eeprom_update_dword
                0x000000000800522e        0x4 .build/obj_planck_rev6_drop_LohseBoi/common/chibios/eeprom_stm32.o
                0x000000000800522e                eeprom_update_dword
 *fill*         0x0000000008005232        0x2 
 .text.FLASH_GetStatus
                0x0000000008005234       0x34 .build/obj_planck_rev6_drop_LohseBoi/common/chibios/flash_stm32.o
                0x0000000008005234                FLASH_GetStatus
 .text.FLASH_WaitForLastOperation
                0x0000000008005268       0x38 .build/obj_planck_rev6_drop_LohseBoi/common/chibios/flash_stm32.o
                0x0000000008005268                FLASH_WaitForLastOperation
 .text.FLASH_ErasePage
                0x00000000080052a0       0x44 .build/obj_planck_rev6_drop_LohseBoi/common/chibios/flash_stm32.o
                0x00000000080052a0                FLASH_ErasePage
 .text.FLASH_ProgramHalfWord
                0x00000000080052e4       0x4c .build/obj_planck_rev6_drop_LohseBoi/common/chibios/flash_stm32.o
                0x00000000080052e4                FLASH_ProgramHalfWord
 .text.FLASH_Unlock
                0x0000000008005330       0x1c .build/obj_planck_rev6_drop_LohseBoi/common/chibios/flash_stm32.o
                0x0000000008005330                FLASH_Unlock
 .text.FLASH_Lock
                0x000000000800534c       0x10 .build/obj_planck_rev6_drop_LohseBoi/common/chibios/flash_stm32.o
                0x000000000800534c                FLASH_Lock
 .text.encoder_update_kb
                0x000000000800535c        0x8 .build/obj_planck_rev6_drop_LohseBoi/quantum/encoder.o
                0x000000000800535c                encoder_update_kb
 .text.encoder_init
                0x0000000008005364       0x3c .build/obj_planck_rev6_drop_LohseBoi/quantum/encoder.o
                0x0000000008005364                encoder_init
 .text.encoder_read
                0x00000000080053a0       0x90 .build/obj_planck_rev6_drop_LohseBoi/quantum/encoder.o
                0x00000000080053a0                encoder_read
 .text.dip_switch_update_kb
                0x0000000008005430        0x8 .build/obj_planck_rev6_drop_LohseBoi/quantum/dip_switch.o
                0x0000000008005430                dip_switch_update_kb
 .text.dip_switch_update_mask_user
                0x0000000008005438        0x4 .build/obj_planck_rev6_drop_LohseBoi/quantum/dip_switch.o
                0x0000000008005438                dip_switch_update_mask_user
 .text.dip_switch_update_mask_kb
                0x000000000800543c        0x8 .build/obj_planck_rev6_drop_LohseBoi/quantum/dip_switch.o
                0x000000000800543c                dip_switch_update_mask_kb
 .text.dip_switch_read
                0x0000000008005444       0x74 .build/obj_planck_rev6_drop_LohseBoi/quantum/dip_switch.o
                0x0000000008005444                dip_switch_read
 .text.dip_switch_init
                0x00000000080054b8       0x34 .build/obj_planck_rev6_drop_LohseBoi/quantum/dip_switch.o
                0x00000000080054b8                dip_switch_init
 .text.perform_space_cadet
                0x00000000080054ec       0xc8 .build/obj_planck_rev6_drop_LohseBoi/quantum/process_keycode/process_space_cadet.o
                0x00000000080054ec                perform_space_cadet
 .text.process_space_cadet
                0x00000000080055b4       0xb0 .build/obj_planck_rev6_drop_LohseBoi/quantum/process_keycode/process_space_cadet.o
                0x00000000080055b4                process_space_cadet
 .text.process_magic
                0x0000000008005664      0x20c .build/obj_planck_rev6_drop_LohseBoi/quantum/process_keycode/process_magic.o
                0x0000000008005664                process_magic
 .text.process_grave_esc
                0x0000000008005870       0x4c .build/obj_planck_rev6_drop_LohseBoi/quantum/process_keycode/process_grave_esc.o
                0x0000000008005870                process_grave_esc
 .text.host_set_driver
                0x00000000080058bc        0xc .build/obj_planck_rev6_drop_LohseBoi/common/host.o
                0x00000000080058bc                host_set_driver
 .text.host_keyboard_leds
                0x00000000080058c8       0x10 .build/obj_planck_rev6_drop_LohseBoi/common/host.o
                0x00000000080058c8                host_keyboard_leds
 .text.host_keyboard_send
                0x00000000080058d8       0x84 .build/obj_planck_rev6_drop_LohseBoi/common/host.o
                0x00000000080058d8                host_keyboard_send
 .text.host_mouse_send
                0x000000000800595c       0x14 .build/obj_planck_rev6_drop_LohseBoi/common/host.o
                0x000000000800595c                host_mouse_send
 .text.host_system_send
                0x0000000008005970       0x20 .build/obj_planck_rev6_drop_LohseBoi/common/host.o
                0x0000000008005970                host_system_send
 .text.host_consumer_send
                0x0000000008005990       0x20 .build/obj_planck_rev6_drop_LohseBoi/common/host.o
                0x0000000008005990                host_consumer_send
 .text.has_anykey
                0x00000000080059b0       0x38 .build/obj_planck_rev6_drop_LohseBoi/common/report.o
                0x00000000080059b0                has_anykey
 .text.is_key_pressed
                0x00000000080059e8       0x50 .build/obj_planck_rev6_drop_LohseBoi/common/report.o
                0x00000000080059e8                is_key_pressed
 .text.add_key_byte
                0x0000000008005a38       0x2c .build/obj_planck_rev6_drop_LohseBoi/common/report.o
                0x0000000008005a38                add_key_byte
 .text.del_key_byte
                0x0000000008005a64       0x18 .build/obj_planck_rev6_drop_LohseBoi/common/report.o
                0x0000000008005a64                del_key_byte
 .text.add_key_bit
                0x0000000008005a7c       0x34 .build/obj_planck_rev6_drop_LohseBoi/common/report.o
                0x0000000008005a7c                add_key_bit
 .text.del_key_bit
                0x0000000008005ab0       0x34 .build/obj_planck_rev6_drop_LohseBoi/common/report.o
                0x0000000008005ab0                del_key_bit
 .text.add_key_to_report
                0x0000000008005ae4       0x34 .build/obj_planck_rev6_drop_LohseBoi/common/report.o
                0x0000000008005ae4                add_key_to_report
 .text.del_key_from_report
                0x0000000008005b18       0x34 .build/obj_planck_rev6_drop_LohseBoi/common/report.o
                0x0000000008005b18                del_key_from_report
 .text.clear_keys_from_report
                0x0000000008005b4c       0x30 .build/obj_planck_rev6_drop_LohseBoi/common/report.o
                0x0000000008005b4c                clear_keys_from_report
 .text.platform_setup
                0x0000000008005b7c        0xe .build/obj_planck_rev6_drop_LohseBoi/common/chibios/platform.o
                0x0000000008005b7c                platform_setup
 .text.suspend_power_down_user
                0x0000000008005b8a        0x2 .build/obj_planck_rev6_drop_LohseBoi/common/chibios/suspend.o
                0x0000000008005b8a                suspend_power_down_user
 .text.suspend_power_down_kb
                0x0000000008005b8c        0x8 .build/obj_planck_rev6_drop_LohseBoi/common/chibios/suspend.o
                0x0000000008005b8c                suspend_power_down_kb
 .text.suspend_power_down
                0x0000000008005b94       0x1a .build/obj_planck_rev6_drop_LohseBoi/common/chibios/suspend.o
                0x0000000008005b94                suspend_power_down
 .text.matrix_power_up
                0x0000000008005bae        0x2 .build/obj_planck_rev6_drop_LohseBoi/common/chibios/suspend.o
                0x0000000008005bae                matrix_power_up
 .text.matrix_power_down
                0x0000000008005bb0        0x2 .build/obj_planck_rev6_drop_LohseBoi/common/chibios/suspend.o
                0x0000000008005bb0                matrix_power_down
 .text.suspend_wakeup_condition
                0x0000000008005bb2       0x24 .build/obj_planck_rev6_drop_LohseBoi/common/chibios/suspend.o
                0x0000000008005bb2                suspend_wakeup_condition
 .text.suspend_wakeup_init_user
                0x0000000008005bd6        0x2 .build/obj_planck_rev6_drop_LohseBoi/common/chibios/suspend.o
                0x0000000008005bd6                suspend_wakeup_init_user
 .text.suspend_wakeup_init_kb
                0x0000000008005bd8        0x8 .build/obj_planck_rev6_drop_LohseBoi/common/chibios/suspend.o
                0x0000000008005bd8                suspend_wakeup_init_kb
 .text.suspend_wakeup_init
                0x0000000008005be0       0x2c .build/obj_planck_rev6_drop_LohseBoi/common/chibios/suspend.o
                0x0000000008005be0                suspend_wakeup_init
 .text.timer_clear
                0x0000000008005c0c       0x2c .build/obj_planck_rev6_drop_LohseBoi/common/chibios/timer.o
                0x0000000008005c0c                timer_clear
 .text.timer_init
                0x0000000008005c38        0x4 .build/obj_planck_rev6_drop_LohseBoi/common/chibios/timer.o
                0x0000000008005c38                timer_init
 .text.timer_read32
                0x0000000008005c3c       0x58 .build/obj_planck_rev6_drop_LohseBoi/common/chibios/timer.o
                0x0000000008005c3c                timer_read32
 .text.timer_read
                0x0000000008005c94        0xa .build/obj_planck_rev6_drop_LohseBoi/common/chibios/timer.o
                0x0000000008005c94                timer_read
 .text.timer_elapsed
                0x0000000008005c9e        0xe .build/obj_planck_rev6_drop_LohseBoi/common/chibios/timer.o
                0x0000000008005c9e                timer_elapsed
 .text.bootloader_jump
                0x0000000008005cac       0x30 .build/obj_planck_rev6_drop_LohseBoi/common/chibios/bootloader.o
                0x0000000008005cac                bootloader_jump
 .text.enter_bootloader_mode_if_requested
                0x0000000008005cdc       0x3c .build/obj_planck_rev6_drop_LohseBoi/common/chibios/bootloader.o
                0x0000000008005cdc                enter_bootloader_mode_if_requested
 .text.kbd_in_cb
                0x0000000008005d18        0x2 .build/obj_planck_rev6_drop_LohseBoi/protocol/chibios/usb_main.o
                0x0000000008005d18                kbd_in_cb
 *fill*         0x0000000008005d1a        0x2 
 .text.usb_sof_cb
                0x0000000008005d1c       0x1c .build/obj_planck_rev6_drop_LohseBoi/protocol/chibios/usb_main.o
 .text.usb_get_descriptor_cb
                0x0000000008005d38       0x2c .build/obj_planck_rev6_drop_LohseBoi/protocol/chibios/usb_main.o
 .text.set_led_transfer_cb
                0x0000000008005d64       0x2c .build/obj_planck_rev6_drop_LohseBoi/protocol/chibios/usb_main.o
 .text.send_extra
                0x0000000008005d90       0x34 .build/obj_planck_rev6_drop_LohseBoi/protocol/chibios/usb_main.o
 .text.chVTSetI.constprop.0
                0x0000000008005dc4       0x28 .build/obj_planck_rev6_drop_LohseBoi/protocol/chibios/usb_main.o
 .text.keyboard_idle_timer_cb
                0x0000000008005dec       0x74 .build/obj_planck_rev6_drop_LohseBoi/protocol/chibios/usb_main.o
 .text.usb_request_hook_cb
                0x0000000008005e60      0x140 .build/obj_planck_rev6_drop_LohseBoi/protocol/chibios/usb_main.o
 .text.usb_event_queue_enqueue.isra.0
                0x0000000008005fa0       0x28 .build/obj_planck_rev6_drop_LohseBoi/protocol/chibios/usb_main.o
 .text.usb_event_cb
                0x0000000008005fc8       0xb8 .build/obj_planck_rev6_drop_LohseBoi/protocol/chibios/usb_main.o
 .text.shared_in_cb
                0x0000000008006080        0x2 .build/obj_planck_rev6_drop_LohseBoi/protocol/chibios/usb_main.o
                0x0000000008006080                shared_in_cb
 *fill*         0x0000000008006082        0x2 
 .text.usb_event_queue_init
                0x0000000008006084       0x24 .build/obj_planck_rev6_drop_LohseBoi/protocol/chibios/usb_main.o
                0x0000000008006084                usb_event_queue_init
 .text.usb_event_queue_task
                0x00000000080060a8       0x54 .build/obj_planck_rev6_drop_LohseBoi/protocol/chibios/usb_main.o
                0x00000000080060a8                usb_event_queue_task
 .text.init_usb_driver
                0x00000000080060fc       0x7c .build/obj_planck_rev6_drop_LohseBoi/protocol/chibios/usb_main.o
                0x00000000080060fc                init_usb_driver
 .text.restart_usb_driver
                0x0000000008006178       0x3c .build/obj_planck_rev6_drop_LohseBoi/protocol/chibios/usb_main.o
                0x0000000008006178                restart_usb_driver
 .text.keyboard_leds
                0x00000000080061b4        0xc .build/obj_planck_rev6_drop_LohseBoi/protocol/chibios/usb_main.o
                0x00000000080061b4                keyboard_leds
 .text.send_keyboard
                0x00000000080061c0       0x98 .build/obj_planck_rev6_drop_LohseBoi/protocol/chibios/usb_main.o
                0x00000000080061c0                send_keyboard
 .text.send_mouse
                0x0000000008006258       0x44 .build/obj_planck_rev6_drop_LohseBoi/protocol/chibios/usb_main.o
                0x0000000008006258                send_mouse
 .text.send_system
                0x000000000800629c        0x8 .build/obj_planck_rev6_drop_LohseBoi/protocol/chibios/usb_main.o
                0x000000000800629c                send_system
 .text.send_consumer
                0x00000000080062a4        0x8 .build/obj_planck_rev6_drop_LohseBoi/protocol/chibios/usb_main.o
                0x00000000080062a4                send_consumer
 .text.sendchar
                0x00000000080062ac       0x3c .build/obj_planck_rev6_drop_LohseBoi/protocol/chibios/usb_main.o
                0x00000000080062ac                sendchar
 .text.console_task
                0x00000000080062e8       0x1c .build/obj_planck_rev6_drop_LohseBoi/protocol/chibios/usb_main.o
                0x00000000080062e8                console_task
 .text.early_hardware_init_pre
                0x0000000008006304        0x4 .build/obj_planck_rev6_drop_LohseBoi/protocol/chibios/chibios.o
                0x0000000008006304                early_hardware_init_pre
 .text.early_hardware_init_post
                0x0000000008006308        0x2 .build/obj_planck_rev6_drop_LohseBoi/protocol/chibios/chibios.o
                0x0000000008006308                early_hardware_init_post
 .text.board_init
                0x000000000800630a        0x2 .build/obj_planck_rev6_drop_LohseBoi/protocol/chibios/chibios.o
                0x000000000800630a                board_init
 .text.__early_init
                0x000000000800630c       0x10 .build/obj_planck_rev6_drop_LohseBoi/protocol/chibios/chibios.o
                0x000000000800630c                __early_init
 .text.boardInit
                0x000000000800631c        0xc .build/obj_planck_rev6_drop_LohseBoi/protocol/chibios/chibios.o
                0x000000000800631c                boardInit
 .text.protocol_setup
                0x0000000008006328        0x4 .build/obj_planck_rev6_drop_LohseBoi/protocol/chibios/chibios.o
                0x0000000008006328                protocol_setup
 .text.protocol_init
                0x000000000800632c       0x40 .build/obj_planck_rev6_drop_LohseBoi/protocol/chibios/chibios.o
                0x000000000800632c                protocol_init
 .text.protocol_task
                0x000000000800636c       0x50 .build/obj_planck_rev6_drop_LohseBoi/protocol/chibios/chibios.o
                0x000000000800636c                protocol_task
 .text.get_usb_descriptor
                0x00000000080063bc       0x78 .build/obj_planck_rev6_drop_LohseBoi/usb_descriptor.o
                0x00000000080063bc                get_usb_descriptor
 .text.obnotify
                0x0000000008006434       0x3e .build/obj_planck_rev6_drop_LohseBoi/protocol/chibios/usb_driver.o
 .text._readt   0x0000000008006472        0x6 .build/obj_planck_rev6_drop_LohseBoi/protocol/chibios/usb_driver.o
 .text._read    0x0000000008006478        0xa .build/obj_planck_rev6_drop_LohseBoi/protocol/chibios/usb_driver.o
 .text._writet  0x0000000008006482        0x6 .build/obj_planck_rev6_drop_LohseBoi/protocol/chibios/usb_driver.o
 .text._write   0x0000000008006488        0xa .build/obj_planck_rev6_drop_LohseBoi/protocol/chibios/usb_driver.o
 .text._gett    0x0000000008006492        0x6 .build/obj_planck_rev6_drop_LohseBoi/protocol/chibios/usb_driver.o
 .text._get     0x0000000008006498        0xa .build/obj_planck_rev6_drop_LohseBoi/protocol/chibios/usb_driver.o
 .text._putt    0x00000000080064a2        0x6 .build/obj_planck_rev6_drop_LohseBoi/protocol/chibios/usb_driver.o
 .text._put     0x00000000080064a8        0xa .build/obj_planck_rev6_drop_LohseBoi/protocol/chibios/usb_driver.o
 .text.qmkusb_start_receive.isra.0
                0x00000000080064b2       0x3e .build/obj_planck_rev6_drop_LohseBoi/protocol/chibios/usb_driver.o
 .text.ibnotify
                0x00000000080064f0        0x6 .build/obj_planck_rev6_drop_LohseBoi/protocol/chibios/usb_driver.o
 *fill*         0x00000000080064f6        0x2 
 .text.qmkusbObjectInit
                0x00000000080064f8       0x54 .build/obj_planck_rev6_drop_LohseBoi/protocol/chibios/usb_driver.o
                0x00000000080064f8                qmkusbObjectInit
 .text.qmkusbStart
                0x000000000800654c       0x30 .build/obj_planck_rev6_drop_LohseBoi/protocol/chibios/usb_driver.o
                0x000000000800654c                qmkusbStart
 .text.qmkusbSuspendHookI
                0x000000000800657c       0x30 .build/obj_planck_rev6_drop_LohseBoi/protocol/chibios/usb_driver.o
                0x000000000800657c                qmkusbSuspendHookI
 .text.qmkusbWakeupHookI
                0x00000000080065ac       0x16 .build/obj_planck_rev6_drop_LohseBoi/protocol/chibios/usb_driver.o
                0x00000000080065ac                qmkusbWakeupHookI
 .text.qmkusbConfigureHookI
                0x00000000080065c2       0x2c .build/obj_planck_rev6_drop_LohseBoi/protocol/chibios/usb_driver.o
                0x00000000080065c2                qmkusbConfigureHookI
 *fill*         0x00000000080065ee        0x2 
 .text.qmkusbRequestsHook
                0x00000000080065f0       0x3c .build/obj_planck_rev6_drop_LohseBoi/protocol/chibios/usb_driver.o
                0x00000000080065f0                qmkusbRequestsHook
 .text.qmkusbSOFHookI
                0x000000000800662c       0x64 .build/obj_planck_rev6_drop_LohseBoi/protocol/chibios/usb_driver.o
                0x000000000800662c                qmkusbSOFHookI
 .text.qmkusbDataTransmitted
                0x0000000008006690       0x76 .build/obj_planck_rev6_drop_LohseBoi/protocol/chibios/usb_driver.o
                0x0000000008006690                qmkusbDataTransmitted
 .text.qmkusbDataReceived
                0x0000000008006706       0x3e .build/obj_planck_rev6_drop_LohseBoi/protocol/chibios/usb_driver.o
                0x0000000008006706                qmkusbDataReceived
 .text.qmkusbInterruptTransmitted
                0x0000000008006744        0x2 .build/obj_planck_rev6_drop_LohseBoi/protocol/chibios/usb_driver.o
                0x0000000008006744                qmkusbInterruptTransmitted
 *fill*         0x0000000008006746        0x2 
 .text._core_init
                0x0000000008006748       0x18 .build/obj_planck_rev6_drop_LohseBoi/./lib/chibios/os/oslib/src/chmemcore.o
                0x0000000008006748                _core_init
 .text.__core_init
                0x0000000008006760        0x2 .build/obj_planck_rev6_drop/lib/chibios/os/common/startup/ARMCMx/compilers/GCC/crt1.o
                0x0000000008006760                __core_init
 .text.__late_init
                0x0000000008006762        0x2 .build/obj_planck_rev6_drop/lib/chibios/os/common/startup/ARMCMx/compilers/GCC/crt1.o
                0x0000000008006762                __late_init
 .text.__default_exit
                0x0000000008006764        0x2 .build/obj_planck_rev6_drop/lib/chibios/os/common/startup/ARMCMx/compilers/GCC/crt1.o
                0x0000000008006764                __default_exit
 *fill*         0x0000000008006766        0x2 
 .text.__init_ram_areas
                0x0000000008006768       0x58 .build/obj_planck_rev6_drop/lib/chibios/os/common/startup/ARMCMx/compilers/GCC/crt1.o
                0x0000000008006768                __init_ram_areas
 .text._idle_thread
                0x00000000080067c0        0x2 .build/obj_planck_rev6_drop/lib/chibios/os/rt/src/chsys.o
 *fill*         0x00000000080067c2        0x2 
 .text.chSysInit
                0x00000000080067c4       0x44 .build/obj_planck_rev6_drop/lib/chibios/os/rt/src/chsys.o
                0x00000000080067c4                chSysInit
 .text.chSysTimerHandlerI
                0x0000000008006808        0x4 .build/obj_planck_rev6_drop/lib/chibios/os/rt/src/chsys.o
                0x0000000008006808                chSysTimerHandlerI
 .text._vt_init
                0x000000000800680c       0x1c .build/obj_planck_rev6_drop/lib/chibios/os/rt/src/chvt.o
                0x000000000800680c                _vt_init
 .text.chVTDoSetI
                0x0000000008006828       0xbc .build/obj_planck_rev6_drop/lib/chibios/os/rt/src/chvt.o
                0x0000000008006828                chVTDoSetI
 .text.chVTDoResetI
                0x00000000080068e4       0x7c .build/obj_planck_rev6_drop/lib/chibios/os/rt/src/chvt.o
                0x00000000080068e4                chVTDoResetI
 .text.chVTDoTickI
                0x0000000008006960       0x94 .build/obj_planck_rev6_drop/lib/chibios/os/rt/src/chvt.o
                0x0000000008006960                chVTDoTickI
 .text._scheduler_init
                0x00000000080069f4       0x10 .build/obj_planck_rev6_drop/lib/chibios/os/rt/src/chschd.o
                0x00000000080069f4                _scheduler_init
 .text.chSchReadyI
                0x0000000008006a04       0x20 .build/obj_planck_rev6_drop/lib/chibios/os/rt/src/chschd.o
                0x0000000008006a04                chSchReadyI
 .text.wakeup   0x0000000008006a24       0x42 .build/obj_planck_rev6_drop/lib/chibios/os/rt/src/chschd.o
 *fill*         0x0000000008006a66        0x2 
 .text.chSchReadyAheadI
                0x0000000008006a68       0x20 .build/obj_planck_rev6_drop/lib/chibios/os/rt/src/chschd.o
                0x0000000008006a68                chSchReadyAheadI
 .text.chSchGoSleepS
                0x0000000008006a88       0x1c .build/obj_planck_rev6_drop/lib/chibios/os/rt/src/chschd.o
                0x0000000008006a88                chSchGoSleepS
 .text.chSchGoSleepTimeoutS
                0x0000000008006aa4       0x3c .build/obj_planck_rev6_drop/lib/chibios/os/rt/src/chschd.o
                0x0000000008006aa4                chSchGoSleepTimeoutS
 .text.chSchWakeupS
                0x0000000008006ae0       0x38 .build/obj_planck_rev6_drop/lib/chibios/os/rt/src/chschd.o
                0x0000000008006ae0                chSchWakeupS