Archive member included to satisfy reference by file (symbol)

/usr/lib/gcc/arm-none-eabi/11.2.0/../../../../arm-none-eabi/lib/thumb/v7e-m+fp/hard/libm.a(lib_a-w_pow.o)
                              .build/obj_planck_rev6_drop_LohseBoi/quantum/process_keycode/process_audio.o (pow)
/usr/lib/gcc/arm-none-eabi/11.2.0/../../../../arm-none-eabi/lib/thumb/v7e-m+fp/hard/libm.a(lib_a-e_pow.o)
                              /usr/lib/gcc/arm-none-eabi/11.2.0/../../../../arm-none-eabi/lib/thumb/v7e-m+fp/hard/libm.a(lib_a-w_pow.o) (__ieee754_pow)
/usr/lib/gcc/arm-none-eabi/11.2.0/../../../../arm-none-eabi/lib/thumb/v7e-m+fp/hard/libm.a(lib_a-e_sqrt.o)
                              /usr/lib/gcc/arm-none-eabi/11.2.0/../../../../arm-none-eabi/lib/thumb/v7e-m+fp/hard/libm.a(lib_a-e_pow.o) (__ieee754_sqrt)
/usr/lib/gcc/arm-none-eabi/11.2.0/../../../../arm-none-eabi/lib/thumb/v7e-m+fp/hard/libm.a(lib_a-math_err.o)
                              /usr/lib/gcc/arm-none-eabi/11.2.0/../../../../arm-none-eabi/lib/thumb/v7e-m+fp/hard/libm.a(lib_a-e_pow.o) (__math_uflow)
/usr/lib/gcc/arm-none-eabi/11.2.0/../../../../arm-none-eabi/lib/thumb/v7e-m+fp/hard/libm.a(lib_a-s_fabs.o)
                              /usr/lib/gcc/arm-none-eabi/11.2.0/../../../../arm-none-eabi/lib/thumb/v7e-m+fp/hard/libm.a(lib_a-e_pow.o) (fabs)
/usr/lib/gcc/arm-none-eabi/11.2.0/../../../../arm-none-eabi/lib/thumb/v7e-m+fp/hard/libm.a(lib_a-s_finite.o)
                              /usr/lib/gcc/arm-none-eabi/11.2.0/../../../../arm-none-eabi/lib/thumb/v7e-m+fp/hard/libm.a(lib_a-w_pow.o) (finite)
/usr/lib/gcc/arm-none-eabi/11.2.0/../../../../arm-none-eabi/lib/thumb/v7e-m+fp/hard/libm.a(lib_a-s_scalbn.o)
                              /usr/lib/gcc/arm-none-eabi/11.2.0/../../../../arm-none-eabi/lib/thumb/v7e-m+fp/hard/libm.a(lib_a-e_pow.o) (scalbn)
/usr/lib/gcc/arm-none-eabi/11.2.0/thumb/v7e-m+fp/hard/libgcc.a(_arm_muldf3.o)
                              .build/obj_planck_rev6_drop_LohseBoi/quantum/process_keycode/process_audio.o (__aeabi_dmul)
/usr/lib/gcc/arm-none-eabi/11.2.0/thumb/v7e-m+fp/hard/libgcc.a(_arm_addsubdf3.o)
                              /usr/lib/gcc/arm-none-eabi/11.2.0/../../../../arm-none-eabi/lib/thumb/v7e-m+fp/hard/libm.a(lib_a-e_pow.o) (__aeabi_dsub)
/usr/lib/gcc/arm-none-eabi/11.2.0/thumb/v7e-m+fp/hard/libgcc.a(_arm_muldivdf3.o)
                              /usr/lib/gcc/arm-none-eabi/11.2.0/../../../../arm-none-eabi/lib/thumb/v7e-m+fp/hard/libm.a(lib_a-e_pow.o) (__aeabi_ddiv)
/usr/lib/gcc/arm-none-eabi/11.2.0/thumb/v7e-m+fp/hard/libgcc.a(_arm_cmpdf2.o)
                              /usr/lib/gcc/arm-none-eabi/11.2.0/../../../../arm-none-eabi/lib/thumb/v7e-m+fp/hard/libm.a(lib_a-w_pow.o) (__aeabi_dcmpeq)
/usr/lib/gcc/arm-none-eabi/11.2.0/thumb/v7e-m+fp/hard/libgcc.a(_arm_unorddf2.o)
                              /usr/lib/gcc/arm-none-eabi/11.2.0/../../../../arm-none-eabi/lib/thumb/v7e-m+fp/hard/libm.a(lib_a-w_pow.o) (__aeabi_dcmpun)
/usr/lib/gcc/arm-none-eabi/11.2.0/thumb/v7e-m+fp/hard/libgcc.a(_arm_truncdfsf2.o)
                              .build/obj_planck_rev6_drop_LohseBoi/quantum/process_keycode/process_audio.o (__aeabi_d2f)
/usr/lib/gcc/arm-none-eabi/11.2.0/thumb/v7e-m+fp/hard/libgcc.a(_aeabi_ldivmod.o)
                              .build/obj_planck_rev6_drop_LohseBoi/common/chibios/suspend.o (__aeabi_ldivmod)
/usr/lib/gcc/arm-none-eabi/11.2.0/thumb/v7e-m+fp/hard/libgcc.a(_aeabi_uldivmod.o)
                              .build/obj_planck_rev6_drop_LohseBoi/common/chibios/suspend.o (__aeabi_uldivmod)
/usr/lib/gcc/arm-none-eabi/11.2.0/thumb/v7e-m+fp/hard/libgcc.a(_udivmoddi4.o)
                              /usr/lib/gcc/arm-none-eabi/11.2.0/thumb/v7e-m+fp/hard/libgcc.a(_aeabi_ldivmod.o) (__udivmoddi4)
/usr/lib/gcc/arm-none-eabi/11.2.0/thumb/v7e-m+fp/hard/libgcc.a(_dvmd_tls.o)
                              /usr/lib/gcc/arm-none-eabi/11.2.0/thumb/v7e-m+fp/hard/libgcc.a(_aeabi_ldivmod.o) (__aeabi_ldiv0)
/usr/lib/gcc/arm-none-eabi/11.2.0/../../../../arm-none-eabi/lib/thumb/v7e-m+fp/hard/libg_nano.a(lib_a-abort.o)
                              .build/obj_planck_rev6_drop/lib/chibios/os/various/syscalls.o (abort)
/usr/lib/gcc/arm-none-eabi/11.2.0/../../../../arm-none-eabi/lib/thumb/v7e-m+fp/hard/libg_nano.a(lib_a-atexit.o)
                              /usr/lib/gcc/arm-none-eabi/11.2.0/../../../../arm-none-eabi/lib/thumb/v7e-m+fp/hard/crt0.o (atexit)
/usr/lib/gcc/arm-none-eabi/11.2.0/../../../../arm-none-eabi/lib/thumb/v7e-m+fp/hard/libg_nano.a(lib_a-ctype_.o)
                              .build/obj_planck_rev6_drop_LohseBoi/quantum/send_string.o (_ctype_)
/usr/lib/gcc/arm-none-eabi/11.2.0/../../../../arm-none-eabi/lib/thumb/v7e-m+fp/hard/libg_nano.a(lib_a-errno.o)
                              .build/obj_planck_rev6_drop/common/chibios/syscall-fallbacks.o (__errno)
/usr/lib/gcc/arm-none-eabi/11.2.0/../../../../arm-none-eabi/lib/thumb/v7e-m+fp/hard/libg_nano.a(lib_a-exit.o)
[...]
Memory Configuration

Name             Origin             Length             Attributes
flash0           0x0000000008000000 0x0000000000040000 xr
flash1           0x0000000000000000 0x0000000000000000 xr
flash2           0x0000000000000000 0x0000000000000000 xr
flash3           0x0000000000000000 0x0000000000000000 xr
flash4           0x0000000000000000 0x0000000000000000 xr
flash5           0x0000000000000000 0x0000000000000000 xr
flash6           0x0000000000000000 0x0000000000000000 xr
flash7           0x0000000000000000 0x0000000000000000 xr
ram0             0x0000000020000000 0x000000000000a000 xw
ram1             0x0000000000000000 0x0000000000000000 xw
ram2             0x0000000000000000 0x0000000000000000 xw
ram3             0x0000000000000000 0x0000000000000000 xw
ram4             0x0000000010000000 0x0000000000002000 xw
ram5             0x0000000000000000 0x0000000000000000 xw
ram6             0x0000000000000000 0x0000000000000000 xw
ram7             0x0000000000000000 0x0000000000000000 xw
*default*        0x0000000000000000 0xffffffffffffffff

Linker script and memory map

LOAD /usr/lib/gcc/arm-none-eabi/11.2.0/thumb/v7e-m+fp/hard/crti.o
LOAD /usr/lib/gcc/arm-none-eabi/11.2.0/thumb/v7e-m+fp/hard/crtbegin.o
LOAD /usr/lib/gcc/arm-none-eabi/11.2.0/../../../../arm-none-eabi/lib/thumb/v7e-m+fp/hard/crt0.o
LOAD .build/obj_planck_rev6_drop_LohseBoi/matrix.o
LOAD .build/obj_planck_rev6_drop_LohseBoi/muse.o
LOAD .build/obj_planck_rev6_drop_LohseBoi/keyboards/planck/planck.o
LOAD .build/obj_planck_rev6_drop_LohseBoi/keyboards/planck/rev6_drop/rev6_drop.o
LOAD .build/obj_planck_rev6_drop_LohseBoi/keyboards/planck/keymaps/LohseBoi/keymap.o
LOAD .build/obj_planck_rev6_drop_LohseBoi/quantum/quantum.o
LOAD .build/obj_planck_rev6_drop_LohseBoi/quantum/send_string.o
LOAD .build/obj_planck_rev6_drop_LohseBoi/quantum/bitwise.o
LOAD .build/obj_planck_rev6_drop_LohseBoi/quantum/led.o
LOAD .build/obj_planck_rev6_drop_LohseBoi/quantum/action.o
LOAD .build/obj_planck_rev6_drop_LohseBoi/quantum/action_layer.o
LOAD .build/obj_planck_rev6_drop_LohseBoi/quantum/action_macro.o
LOAD .build/obj_planck_rev6_drop_LohseBoi/quantum/action_tapping.o
LOAD .build/obj_planck_rev6_drop_LohseBoi/quantum/action_util.o
LOAD .build/obj_planck_rev6_drop_LohseBoi/quantum/eeconfig.o
LOAD .build/obj_planck_rev6_drop_LohseBoi/quantum/keyboard.o
LOAD .build/obj_planck_rev6_drop_LohseBoi/quantum/keymap_common.o
LOAD .build/obj_planck_rev6_drop_LohseBoi/quantum/keycode_config.o
LOAD .build/obj_planck_rev6_drop_LohseBoi/quantum/logging/debug.o
LOAD .build/obj_planck_rev6_drop_LohseBoi/quantum/logging/sendchar.o
LOAD .build/obj_planck_rev6_drop_LohseBoi/quantum/logging/print.o
LOAD .build/obj_planck_rev6_drop_LohseBoi/quantum/bootmagic/bootmagic_lite.o
LOAD .build/obj_planck_rev6_drop_LohseBoi/quantum/bootmagic/magic.o
LOAD .build/obj_planck_rev6_drop_LohseBoi/quantum/debounce/sym_defer_g.o
LOAD .build/obj_planck_rev6_drop_LohseBoi/quantum/main.o
LOAD .build/obj_planck_rev6_drop_LohseBoi/lib/printf/printf.o
LOAD .build/obj_planck_rev6_drop_LohseBoi/quantum/command.o
LOAD .build/obj_planck_rev6_drop_LohseBoi/quantum/process_keycode/process_audio.o
LOAD .build/obj_planck_rev6_drop_LohseBoi/quantum/process_keycode/process_clicky.o
LOAD .build/obj_planck_rev6_drop_LohseBoi/quantum/audio/audio.o
LOAD .build/obj_planck_rev6_drop_LohseBoi/quantum/audio/driver_chibios_dac_basic.o
LOAD .build/obj_planck_rev6_drop_LohseBoi/quantum/audio/voices.o
LOAD .build/obj_planck_rev6_drop_LohseBoi/quantum/audio/luts.o
LOAD .build/obj_planck_rev6_drop_LohseBoi/quantum/process_keycode/process_music.o
LOAD .build/obj_planck_rev6_drop_LohseBoi/quantum/mousekey.o
LOAD .build/obj_planck_rev6_drop_LohseBoi/common/chibios/eeprom_stm32.o
LOAD .build/obj_planck_rev6_drop_LohseBoi/common/chibios/flash_stm32.o
LOAD .build/obj_planck_rev6_drop_LohseBoi/quantum/encoder.o
LOAD .build/obj_planck_rev6_drop_LohseBoi/quantum/dip_switch.o
LOAD .build/obj_planck_rev6_drop_LohseBoi/quantum/process_keycode/process_space_cadet.o
LOAD .build/obj_planck_rev6_drop_LohseBoi/quantum/process_keycode/process_magic.o
LOAD .build/obj_planck_rev6_drop_LohseBoi/quantum/process_keycode/process_grave_esc.o
LOAD .build/obj_planck_rev6_drop_LohseBoi/./lib/chibios/os/common/startup/ARMCMx/compilers/GCC/crt0_v7m.o
LOAD .build/obj_planck_rev6_drop_LohseBoi/./lib/chibios/os/common/startup/ARMCMx/compilers/GCC/vectors.o
LOAD .build/obj_planck_rev6_drop_LohseBoi/./lib/chibios/os/common/ports/ARMCMx/compilers/GCC/chcoreasm_v7m.o
LOAD .build/obj_planck_rev6_drop_LohseBoi/common/host.o
LOAD .build/obj_planck_rev6_drop_LohseBoi/common/report.o
LOAD .build/obj_planck_rev6_drop_LohseBoi/common/sync_timer.o
LOAD .build/obj_planck_rev6_drop_LohseBoi/common/usb_util.o
LOAD .build/obj_planck_rev6_drop_LohseBoi/common/chibios/platform.o
LOAD .build/obj_planck_rev6_drop_LohseBoi/common/chibios/suspend.o
LOAD .build/obj_planck_rev6_drop_LohseBoi/common/chibios/timer.o
LOAD .build/obj_planck_rev6_drop_LohseBoi/common/chibios/bootloader.o
LOAD .build/obj_planck_rev6_drop_LohseBoi/protocol/chibios/usb_main.o
LOAD .build/obj_planck_rev6_drop_LohseBoi/protocol/chibios/chibios.o
LOAD .build/obj_planck_rev6_drop_LohseBoi/usb_descriptor.o
LOAD .build/obj_planck_rev6_drop_LohseBoi/protocol/chibios/usb_driver.o
LOAD .build/obj_planck_rev6_drop_LohseBoi/protocol/chibios/usb_util.o
LOAD .build/obj_planck_rev6_drop_LohseBoi/./lib/chibios/os/oslib/src/chmboxes.o
LOAD .build/obj_planck_rev6_drop_LohseBoi/./lib/chibios/os/oslib/src/chmemcore.o
LOAD .build/obj_planck_rev6_drop_LohseBoi/./lib/chibios/os/oslib/src/chmemheaps.o
LOAD .build/obj_planck_rev6_drop_LohseBoi/./lib/chibios/os/oslib/src/chmempools.o
LOAD .build/obj_planck_rev6_drop_LohseBoi/./lib/chibios/os/oslib/src/chpipes.o
LOAD .build/obj_planck_rev6_drop_LohseBoi/./lib/chibios/os/oslib/src/chobjcaches.o
LOAD .build/obj_planck_rev6_drop_LohseBoi/./lib/chibios/os/oslib/src/chdelegates.o
LOAD .build/obj_planck_rev6_drop_LohseBoi/./lib/chibios/os/oslib/src/chfactory.o
LOAD .build/obj_planck_rev6_drop/lib/chibios/os/common/startup/ARMCMx/compilers/GCC/crt1.o
LOAD .build/obj_planck_rev6_drop/lib/chibios/os/rt/src/chsys.o
LOAD .build/obj_planck_rev6_drop/lib/chibios/os/rt/src/chdebug.o
LOAD .build/obj_planck_rev6_drop/lib/chibios/os/rt/src/chtrace.o
LOAD .build/obj_planck_rev6_drop/lib/chibios/os/rt/src/chvt.o
LOAD .build/obj_planck_rev6_drop/lib/chibios/os/rt/src/chschd.o
LOAD .build/obj_planck_rev6_drop/lib/chibios/os/rt/src/chthreads.o
LOAD .build/obj_planck_rev6_drop/lib/chibios/os/rt/src/chtm.o
LOAD .build/obj_planck_rev6_drop/lib/chibios/os/rt/src/chstats.o
LOAD .build/obj_planck_rev6_drop/lib/chibios/os/rt/src/chregistry.o
LOAD .build/obj_planck_rev6_drop/lib/chibios/os/rt/src/chsem.o
LOAD .build/obj_planck_rev6_drop/lib/chibios/os/rt/src/chmtx.o
LOAD .build/obj_planck_rev6_drop/lib/chibios/os/rt/src/chcond.o
LOAD .build/obj_planck_rev6_drop/lib/chibios/os/rt/src/chevents.o
LOAD .build/obj_planck_rev6_drop/lib/chibios/os/rt/src/chmsg.o
LOAD .build/obj_planck_rev6_drop/lib/chibios/os/rt/src/chdynamic.o
LOAD .build/obj_planck_rev6_drop/lib/chibios/os/common/ports/ARMCMx/chcore.o
LOAD .build/obj_planck_rev6_drop/lib/chibios/os/common/ports/ARMCMx/chcore_v7m.o
LOAD .build/obj_planck_rev6_drop/lib/chibios/os/hal/osal/rt-nil/osal.o
LOAD .build/obj_planck_rev6_drop/lib/chibios/os/hal/src/hal.o
LOAD .build/obj_planck_rev6_drop/lib/chibios/os/hal/src/hal_st.o
LOAD .build/obj_planck_rev6_drop/lib/chibios/os/hal/src/hal_buffers.o
LOAD .build/obj_planck_rev6_drop/lib/chibios/os/hal/src/hal_queues.o
LOAD .build/obj_planck_rev6_drop/lib/chibios/os/hal/src/hal_flash.o
LOAD .build/obj_planck_rev6_drop/lib/chibios/os/hal/src/hal_mmcsd.o
LOAD .build/obj_planck_rev6_drop/lib/chibios/os/hal/src/hal_adc.o
LOAD .build/obj_planck_rev6_drop/lib/chibios/os/hal/src/hal_can.o
LOAD .build/obj_planck_rev6_drop/lib/chibios/os/hal/src/hal_crypto.o
LOAD .build/obj_planck_rev6_drop/lib/chibios/os/hal/src/hal_dac.o
LOAD .build/obj_planck_rev6_drop/lib/chibios/os/hal/src/hal_efl.o
LOAD .build/obj_planck_rev6_drop/lib/chibios/os/hal/src/hal_gpt.o
LOAD .build/obj_planck_rev6_drop/lib/chibios/os/hal/src/hal_i2c.o
LOAD .build/obj_planck_rev6_drop/lib/chibios/os/hal/src/hal_i2s.o
LOAD .build/obj_planck_rev6_drop/lib/chibios/os/hal/src/hal_icu.o
LOAD .build/obj_planck_rev6_drop/lib/chibios/os/hal/src/hal_mac.o
LOAD .build/obj_planck_rev6_drop/lib/chibios/os/hal/src/hal_mmc_spi.o
LOAD .build/obj_planck_rev6_drop/lib/chibios/os/hal/src/hal_pal.o
LOAD .build/obj_planck_rev6_drop/lib/chibios/os/hal/src/hal_pwm.o
LOAD .build/obj_planck_rev6_drop/lib/chibios/os/hal/src/hal_rtc.o
LOAD .build/obj_planck_rev6_drop/lib/chibios/os/hal/src/hal_sdc.o
LOAD .build/obj_planck_rev6_drop/lib/chibios/os/hal/src/hal_serial.o
LOAD .build/obj_planck_rev6_drop/lib/chibios/os/hal/src/hal_serial_usb.o
LOAD .build/obj_planck_rev6_drop/lib/chibios/os/hal/src/hal_sio.o
LOAD .build/obj_planck_rev6_drop/lib/chibios/os/hal/src/hal_spi.o
LOAD .build/obj_planck_rev6_drop/lib/chibios/os/hal/src/hal_trng.o
LOAD .build/obj_planck_rev6_drop/lib/chibios/os/hal/src/hal_uart.o
LOAD .build/obj_planck_rev6_drop/lib/chibios/os/hal/src/hal_usb.o
LOAD .build/obj_planck_rev6_drop/lib/chibios/os/hal/src/hal_wdg.o
LOAD .build/obj_planck_rev6_drop/lib/chibios/os/hal/src/hal_wspi.o
LOAD .build/obj_planck_rev6_drop/lib/chibios/os/hal/ports/common/ARMCMx/nvic.o
LOAD .build/obj_planck_rev6_drop/lib/chibios/os/hal/ports/STM32/STM32F3xx/stm32_isr.o
LOAD .build/obj_planck_rev6_drop/lib/chibios/os/hal/ports/STM32/STM32F3xx/hal_lld.o
LOAD .build/obj_planck_rev6_drop/lib/chibios/os/hal/ports/STM32/LLD/ADCv3/hal_adc_lld.o
LOAD .build/obj_planck_rev6_drop/lib/chibios/os/hal/ports/STM32/LLD/CANv1/hal_can_lld.o
LOAD .build/obj_planck_rev6_drop/lib/chibios/os/hal/ports/STM32/LLD/DACv1/hal_dac_lld.o
LOAD .build/obj_planck_rev6_drop/lib/chibios/os/hal/ports/STM32/LLD/DMAv1/stm32_dma.o
LOAD .build/obj_planck_rev6_drop/lib/chibios/os/hal/ports/STM32/LLD/EXTIv1/stm32_exti.o
LOAD .build/obj_planck_rev6_drop/lib/chibios/os/hal/ports/STM32/LLD/GPIOv2/hal_pal_lld.o
LOAD .build/obj_planck_rev6_drop/lib/chibios/os/hal/ports/STM32/LLD/I2Cv2/hal_i2c_lld.o
LOAD .build/obj_planck_rev6_drop/lib/chibios/os/hal/ports/STM32/LLD/RTCv2/hal_rtc_lld.o
LOAD .build/obj_planck_rev6_drop/lib/chibios/os/hal/ports/STM32/LLD/SPIv2/hal_i2s_lld.o
LOAD .build/obj_planck_rev6_drop/lib/chibios/os/hal/ports/STM32/LLD/SPIv2/hal_spi_lld.o
LOAD .build/obj_planck_rev6_drop/lib/chibios/os/hal/ports/STM32/LLD/TIMv1/hal_st_lld.o
LOAD .build/obj_planck_rev6_drop/lib/chibios/os/hal/ports/STM32/LLD/TIMv1/hal_gpt_lld.o
LOAD .build/obj_planck_rev6_drop/lib/chibios/os/hal/ports/STM32/LLD/TIMv1/hal_icu_lld.o
LOAD .build/obj_planck_rev6_drop/lib/chibios/os/hal/ports/STM32/LLD/TIMv1/hal_pwm_lld.o
LOAD .build/obj_planck_rev6_drop/lib/chibios/os/hal/ports/STM32/LLD/USARTv2/hal_serial_lld.o
LOAD .build/obj_planck_rev6_drop/lib/chibios/os/hal/ports/STM32/LLD/USARTv2/hal_uart_lld.o
LOAD .build/obj_planck_rev6_drop/lib/chibios/os/hal/ports/STM32/LLD/USBv1/hal_usb_lld.o
LOAD .build/obj_planck_rev6_drop/lib/chibios/os/hal/ports/STM32/LLD/xWDGv1/hal_wdg_lld.o
LOAD .build/obj_planck_rev6_drop/lib/chibios/os/hal/boards/ST_STM32F3_DISCOVERY/board.o
LOAD .build/obj_planck_rev6_drop/lib/chibios/os/hal/lib/streams/chprintf.o
LOAD .build/obj_planck_rev6_drop/lib/chibios/os/hal/lib/streams/memstreams.o
LOAD .build/obj_planck_rev6_drop/lib/chibios/os/hal/lib/streams/nullstreams.o
LOAD .build/obj_planck_rev6_drop/lib/chibios/os/various/syscalls.o
LOAD .build/obj_planck_rev6_drop/common/chibios/syscall-fallbacks.o
LOAD .build/obj_planck_rev6_drop/common/chibios/wait.o

.mstack         0x0000000020000000      0x400
                0x0000000020000000                . = ALIGN (0x8)
                0x0000000020000000                __main_stack_base__ = .
                0x0000000020000400                . = (. + __main_stack_size__)
 *fill*         0x0000000020000000      0x400 
                0x0000000020000400                . = ALIGN (0x8)
                0x0000000020000400                __main_stack_end__ = .

.pstack         0x0000000020000400      0x800
                0x0000000020000400                . = ALIGN (0x8)
                0x0000000020000400                __process_stack_base__ = .
                0x0000000020000400                __main_thread_stack_base__ = .
                0x0000000020000c00                . = (. + __process_stack_size__)
 *fill*         0x0000000020000400      0x800 
                0x0000000020000c00                . = ALIGN (0x8)
                0x0000000020000c00                __process_stack_end__ = .
                0x0000000020000c00                __main_thread_stack_end__ = .

.vectors        0x0000000008000000      0x1a0
 *(.vectors)
 .vectors       0x0000000008000000      0x1a0 .build/obj_planck_rev6_drop_LohseBoi/./lib/chibios/os/common/startup/ARMCMx/compilers/GCC/vectors.o
                0x0000000008000000                _vectors

.xtors          0x00000000080001a0        0x8
                0x00000000080001a0                __init_array_base__ = .
 *(SORT_BY_NAME(.init_array.*))
 *(.init_array)
 .init_array    0x00000000080001a0        0x4 /usr/lib/gcc/arm-none-eabi/11.2.0/thumb/v7e-m+fp/hard/crtbegin.o
                0x00000000080001a4                __init_array_end__ = .
                0x00000000080001a4                __fini_array_base__ = .
 *(.fini_array)
 .fini_array    0x00000000080001a4        0x4 /usr/lib/gcc/arm-none-eabi/11.2.0/thumb/v7e-m+fp/hard/crtbegin.o
 *(SORT_BY_NAME(.fini_array.*))
                0x00000000080001a8                __fini_array_end__ = .

.text           0x00000000080001a8     0x9c2c
                0x00000000080001a8                __text_base__ = .
 *(.text)
 .text          0x00000000080001a8      0x120 .build/obj_planck_rev6_drop_LohseBoi/./lib/chibios/os/common/startup/ARMCMx/compilers/GCC/crt0_v7m.o
                0x00000000080001a8                _crt0_entry
 .text          0x00000000080002c8        0x8 .build/obj_planck_rev6_drop_LohseBoi/./lib/chibios/os/common/startup/ARMCMx/compilers/GCC/vectors.o
                0x00000000080002c8                Reset_Handler
                0x00000000080002ca                Vector58
                0x00000000080002ca                VectorE8
                0x00000000080002ca                Vector9C
                0x00000000080002ca                DebugMon_Handler
                0x00000000080002ca                Vector5C
                0x00000000080002ca                HardFault_Handler
                0x00000000080002ca                Vector19C
                0x00000000080002ca                Vector8C
                0x00000000080002ca                SysTick_Handler
                0x00000000080002ca                VectorDC
                0x00000000080002ca                PendSV_Handler
                0x00000000080002ca                Vector168
                0x00000000080002ca                NMI_Handler
                0x00000000080002ca                Vector110
                0x00000000080002ca                VectorC8
                0x00000000080002ca                Vector94
                0x00000000080002ca                Vector160
                0x00000000080002ca                UsageFault_Handler
                0x00000000080002ca                VectorEC
                0x00000000080002ca                Vector40
                0x00000000080002ca                VectorF8
                0x00000000080002ca                Vector108
                0x00000000080002ca                Vector190
                0x00000000080002ca                Vector150
                0x00000000080002ca                Vector148
                0x00000000080002ca                Vector188
                0x00000000080002ca                Vector198
                0x00000000080002ca                Vector64
                0x00000000080002ca                VectorCC
                0x00000000080002ca                Vector54
                0x00000000080002ca                Vector98
                0x00000000080002ca                VectorD8
                0x00000000080002ca                Vector138
                0x00000000080002ca                Vector24
                0x00000000080002ca                Vector178
                0x00000000080002ca                VectorD0
                0x00000000080002ca                Vector140
                0x00000000080002ca                VectorE4
                0x00000000080002ca                Vector158
                0x00000000080002ca                Vector134
                0x00000000080002ca                Vector13C
                0x00000000080002ca                Vector100
                0x00000000080002ca                VectorE0
                0x00000000080002ca                VectorF4
                0x00000000080002ca                MemManage_Handler
                0x00000000080002ca                VectorC4
                0x00000000080002ca                Vector180
                0x00000000080002ca                Vector90
                0x00000000080002ca                Vector114
                0x00000000080002ca                Vector164
                0x00000000080002ca                Vector60
                0x00000000080002ca                Vector1C
                0x00000000080002ca                Vector17C
                0x00000000080002ca                Vector48
                0x00000000080002ca                VectorD4
                0x00000000080002ca                Vector4C
                0x00000000080002ca                Vector144
                0x00000000080002ca                Vector15C
                0x00000000080002ca                Vector68
                0x00000000080002ca                Vector170
                0x00000000080002ca                Vector88
                0x00000000080002ca                Vector104
                0x00000000080002ca                Vector184
                0x00000000080002ca                Vector10C
                0x00000000080002ca                Vector14C
                0x00000000080002ca                BusFault_Handler
                0x00000000080002ca                Vector50
                0x00000000080002ca                Vector194
                0x00000000080002ca                Vector154
                0x00000000080002ca                Vector44
                0x00000000080002ca                Vector28
                0x00000000080002ca                VectorB8
                0x00000000080002ca                VectorFC
                0x00000000080002ca                Vector34
                0x00000000080002ca                Vector20
                0x00000000080002ca                Vector18C
                0x00000000080002ca                Vector174
                0x00000000080002ce                _unhandled_exception
 .text          0x00000000080002d0       0x32 .build/obj_planck_rev6_drop_LohseBoi/./lib/chibios/os/common/ports/ARMCMx/compilers/GCC/chcoreasm_v7m.o
                0x00000000080002d0                _port_switch
                0x00000000080002e8                _port_thread_start
                0x00000000080002fa                _port_switch_from_isr
                0x00000000080002fe                _port_exit_from_isr
 *fill*         0x0000000008000302        0x2 
 .text          0x0000000008000304      0x378 /usr/lib/gcc/arm-none-eabi/11.2.0/thumb/v7e-m+fp/hard/libgcc.a(_arm_addsubdf3.o)
                0x0000000008000304                __aeabi_drsub
                0x000000000800030c                __aeabi_dsub
                0x000000000800030c                __subdf3
                0x0000000008000310                __adddf3
                0x0000000008000310                __aeabi_dadd
                0x0000000008000588                __aeabi_ui2d
                0x0000000008000588                __floatunsidf
                0x00000000080005a8                __floatsidf
                0x00000000080005a8                __aeabi_i2d
                0x00000000080005cc                __extendsfdf2
                0x00000000080005cc                __aeabi_f2d
                0x0000000008000610                __aeabi_ul2d
                0x0000000008000610                __floatundidf
                0x0000000008000620                __floatdidf
                0x0000000008000620                __aeabi_l2d
 .text          0x000000000800067c      0x424 /usr/lib/gcc/arm-none-eabi/11.2.0/thumb/v7e-m+fp/hard/libgcc.a(_arm_muldivdf3.o)
                0x000000000800067c                __aeabi_dmul
                0x000000000800067c                __muldf3
                0x00000000080008d0                __aeabi_ddiv
                0x00000000080008d0                __divdf3
 .text          0x0000000008000aa0      0x110 /usr/lib/gcc/arm-none-eabi/11.2.0/thumb/v7e-m+fp/hard/libgcc.a(_arm_cmpdf2.o)
                0x0000000008000aa0                __gtdf2
                0x0000000008000aa0                __gedf2
                0x0000000008000aa8                __ltdf2
                0x0000000008000aa8                __ledf2
                0x0000000008000ab0                __cmpdf2
                0x0000000008000ab0                __eqdf2
                0x0000000008000ab0                __nedf2
                0x0000000008000b2c                __aeabi_cdrcmple
                0x0000000008000b3c                __aeabi_cdcmple
                0x0000000008000b3c                __aeabi_cdcmpeq
                0x0000000008000b4c                __aeabi_dcmpeq
                0x0000000008000b60                __aeabi_dcmplt
                0x0000000008000b74                __aeabi_dcmple
                0x0000000008000b88                __aeabi_dcmpge
                0x0000000008000b9c                __aeabi_dcmpgt
 .text          0x0000000008000bb0       0x2c /usr/lib/gcc/arm-none-eabi/11.2.0/thumb/v7e-m+fp/hard/libgcc.a(_arm_unorddf2.o)
                0x0000000008000bb0                __aeabi_dcmpun
                0x0000000008000bb0                __unorddf2
 .text          0x0000000008000bdc       0xa0 /usr/lib/gcc/arm-none-eabi/11.2.0/thumb/v7e-m+fp/hard/libgcc.a(_arm_truncdfsf2.o)
                0x0000000008000bdc                __aeabi_d2f
                0x0000000008000bdc                __truncdfsf2
 .text          0x0000000008000c7c       0x30 /usr/lib/gcc/arm-none-eabi/11.2.0/thumb/v7e-m+fp/hard/libgcc.a(_aeabi_uldivmod.o)
                0x0000000008000c7c                __aeabi_uldivmod
 .text          0x0000000008000cac        0x4 /usr/lib/gcc/arm-none-eabi/11.2.0/thumb/v7e-m+fp/hard/libgcc.a(_dvmd_tls.o)
                0x0000000008000cac                __aeabi_ldiv0
                0x0000000008000cac                __aeabi_idiv0
 *(.text.*)
 .text.__do_global_dtors_aux
                0x0000000008000cb0       0x24 /usr/lib/gcc/arm-none-eabi/11.2.0/thumb/v7e-m+fp/hard/crtbegin.o
 .text.frame_dummy
                0x0000000008000cd4       0x1c /usr/lib/gcc/arm-none-eabi/11.2.0/thumb/v7e-m+fp/hard/crtbegin.o
 .text.matrix_init_user
                0x0000000008000cf0        0x2 .build/obj_planck_rev6_drop_LohseBoi/matrix.o
                0x0000000008000cf0                matrix_init_user
 .text.matrix_init_kb
                0x0000000008000cf2        0x8 .build/obj_planck_rev6_drop_LohseBoi/matrix.o
                0x0000000008000cf2                matrix_init_kb
 .text.matrix_scan_kb
                0x0000000008000cfa        0x8 .build/obj_planck_rev6_drop_LohseBoi/matrix.o
                0x0000000008000cfa                matrix_scan_kb
 *fill*         0x0000000008000d02        0x2 
 .text.matrix_init
                0x0000000008000d04       0xe8 .build/obj_planck_rev6_drop_LohseBoi/matrix.o
                0x0000000008000d04                matrix_init
 .text.matrix_scan
                0x0000000008000dec      0x16c .build/obj_planck_rev6_drop_LohseBoi/matrix.o
                0x0000000008000dec                matrix_scan
 .text.matrix_get_row
                0x0000000008000f58        0xc .build/obj_planck_rev6_drop_LohseBoi/matrix.o
                0x0000000008000f58                matrix_get_row
 .text.matrix_print
                0x0000000008000f64       0x8c .build/obj_planck_rev6_drop_LohseBoi/matrix.o
                0x0000000008000f64                matrix_print
 .text.bit_for_value
                0x0000000008000ff0       0x74 .build/obj_planck_rev6_drop_LohseBoi/muse.o
                0x0000000008000ff0                bit_for_value
 .text.muse_clock_pulse
                0x0000000008001064       0xd0 .build/obj_planck_rev6_drop_LohseBoi/muse.o
                0x0000000008001064                muse_clock_pulse
 .text.layer_state_set_user
                0x0000000008001134        0xa .build/obj_planck_rev6_drop_LohseBoi/keyboards/planck/keymaps/LohseBoi/keymap.o
                0x0000000008001134                layer_state_set_user
 *fill*         0x000000000800113e        0x2 
 .text.process_record_user
                0x0000000008001140      0x11c .build/obj_planck_rev6_drop_LohseBoi/keyboards/planck/keymaps/LohseBoi/keymap.o
                0x0000000008001140                process_record_user
 .text.encoder_update_user
                0x000000000800125c       0x50 .build/obj_planck_rev6_drop_LohseBoi/keyboards/planck/keymaps/LohseBoi/keymap.o
                0x000000000800125c                encoder_update_user
 .text.dip_switch_update_user
                0x00000000080012ac       0x5c .build/obj_planck_rev6_drop_LohseBoi/keyboards/planck/keymaps/LohseBoi/keymap.o
                0x00000000080012ac                dip_switch_update_user
 .text.matrix_scan_user
                0x0000000008001308       0xf0 .build/obj_planck_rev6_drop_LohseBoi/keyboards/planck/keymaps/LohseBoi/keymap.o
                0x0000000008001308                matrix_scan_user
 .text.music_mask_user
                0x00000000080013f8       0x10 .build/obj_planck_rev6_drop_LohseBoi/keyboards/planck/keymaps/LohseBoi/keymap.o
                0x00000000080013f8                music_mask_user
 .text.process_action_kb
                0x0000000008001408        0x4 .build/obj_planck_rev6_drop_LohseBoi/quantum/quantum.o
                0x0000000008001408                process_action_kb
 .text.process_record_kb
                0x000000000800140c        0x8 .build/obj_planck_rev6_drop_LohseBoi/quantum/quantum.o
                0x000000000800140c                process_record_kb
 .text.post_process_record_user
                0x0000000008001414        0x2 .build/obj_planck_rev6_drop_LohseBoi/quantum/quantum.o
                0x0000000008001414                post_process_record_user
 .text.post_process_record_kb
                0x0000000008001416        0x8 .build/obj_planck_rev6_drop_LohseBoi/quantum/quantum.o
                0x0000000008001416                post_process_record_kb
 *fill*         0x000000000800141e        0x2 
 .text.get_event_keycode
                0x0000000008001420       0x4c .build/obj_planck_rev6_drop_LohseBoi/quantum/quantum.o
                0x0000000008001420                get_event_keycode
 .text.get_record_keycode
                0x000000000800146c        0xc .build/obj_planck_rev6_drop_LohseBoi/quantum/quantum.o
                0x000000000800146c                get_record_keycode
 .text.pre_process_record_quantum
                0x0000000008001478        0x4 .build/obj_planck_rev6_drop_LohseBoi/quantum/quantum.o
                0x0000000008001478                pre_process_record_quantum
 .text.post_process_record_quantum
                0x000000000800147c       0x12 .build/obj_planck_rev6_drop_LohseBoi/quantum/quantum.o
                0x000000000800147c                post_process_record_quantum
 *fill*         0x000000000800148e        0x2 
 .text.set_single_persistent_default_layer
                0x0000000008001490       0x2c .build/obj_planck_rev6_drop_LohseBoi/quantum/quantum.o
                0x0000000008001490                set_single_persistent_default_layer
 .text.update_tri_layer_state
                0x00000000080014bc       0x1c .build/obj_planck_rev6_drop_LohseBoi/quantum/quantum.o
                0x00000000080014bc                update_tri_layer_state
 .text.update_tri_layer
                0x00000000080014d8       0x1c .build/obj_planck_rev6_drop_LohseBoi/quantum/quantum.o
                0x00000000080014d8                update_tri_layer
 .text.matrix_init_quantum
                0x00000000080014f4       0x16 .build/obj_planck_rev6_drop_LohseBoi/quantum/quantum.o
                0x00000000080014f4                matrix_init_quantum
 .text.matrix_scan_quantum
                0x000000000800150a       0x14 .build/obj_planck_rev6_drop_LohseBoi/quantum/quantum.o
                0x000000000800150a                matrix_scan_quantum
 .text.shutdown_user
                0x000000000800151e        0x2 .build/obj_planck_rev6_drop_LohseBoi/quantum/quantum.o
                0x000000000800151e                shutdown_user
 .text.reset_keyboard
                0x0000000008001520       0x40 .build/obj_planck_rev6_drop_LohseBoi/quantum/quantum.o
                0x0000000008001520                reset_keyboard
 .text.process_record_quantum
                0x0000000008001560       0xe0 .build/obj_planck_rev6_drop_LohseBoi/quantum/quantum.o
                0x0000000008001560                process_record_quantum
 .text.send_char
                0x0000000008001640       0x70 .build/obj_planck_rev6_drop_LohseBoi/quantum/send_string.o
                0x0000000008001640                send_char
 .text.send_string_with_delay
                0x00000000080016b0       0x98 .build/obj_planck_rev6_drop_LohseBoi/quantum/send_string.o
                0x00000000080016b0                send_string_with_delay
 .text.send_string
                0x0000000008001748        0x6 .build/obj_planck_rev6_drop_LohseBoi/quantum/send_string.o
                0x0000000008001748                send_string
 .text.send_string_P
                0x000000000800174e        0x4 .build/obj_planck_rev6_drop_LohseBoi/quantum/send_string.o
                0x000000000800174e                send_string_P
 .text.led_set_user
                0x0000000008001752        0x2 .build/obj_planck_rev6_drop_LohseBoi/quantum/led.o
                0x0000000008001752                led_set_user
 .text.led_set_kb
                0x0000000008001754        0x8 .build/obj_planck_rev6_drop_LohseBoi/quantum/led.o
                0x0000000008001754                led_set_kb
 .text.led_update_user
                0x000000000800175c        0x4 .build/obj_planck_rev6_drop_LohseBoi/quantum/led.o
                0x000000000800175c                led_update_user
 .text.led_update_kb
                0x0000000008001760        0x8 .build/obj_planck_rev6_drop_LohseBoi/quantum/led.o
                0x0000000008001760                led_update_kb
 .text.led_init_ports
                0x0000000008001768        0x2 .build/obj_planck_rev6_drop_LohseBoi/quantum/led.o
                0x0000000008001768                led_init_ports
 .text.led_set  0x000000000800176a       0x10 .build/obj_planck_rev6_drop_LohseBoi/quantum/led.o
                0x000000000800176a                led_set
 .text.action_exec
                0x000000000800177a       0x52 .build/obj_planck_rev6_drop_LohseBoi/quantum/action.o
                0x000000000800177a                action_exec
 .text.process_record_tap_hint
                0x00000000080017cc        0x6 .build/obj_planck_rev6_drop_LohseBoi/quantum/action.o
                0x00000000080017cc                process_record_tap_hint
 *fill*         0x00000000080017d2        0x2 
 .text.register_code
                0x00000000080017d4      0x108 .build/obj_planck_rev6_drop_LohseBoi/quantum/action.o
                0x00000000080017d4                register_code
 .text.unregister_code
                0x00000000080018dc       0xba .build/obj_planck_rev6_drop_LohseBoi/quantum/action.o
                0x00000000080018dc                unregister_code
 .text.tap_code_delay
                0x0000000008001996       0x22 .build/obj_planck_rev6_drop_LohseBoi/quantum/action.o
                0x0000000008001996                tap_code_delay
 .text.tap_code
                0x00000000080019b8        0xc .build/obj_planck_rev6_drop_LohseBoi/quantum/action.o
                0x00000000080019b8                tap_code
 .text.register_mods
                0x00000000080019c4       0x12 .build/obj_planck_rev6_drop_LohseBoi/quantum/action.o
                0x00000000080019c4                register_mods
 .text.unregister_mods
                0x00000000080019d6       0x12 .build/obj_planck_rev6_drop_LohseBoi/quantum/action.o
                0x00000000080019d6                unregister_mods
 .text.process_action
                0x00000000080019e8      0x396 .build/obj_planck_rev6_drop_LohseBoi/quantum/action.o
                0x00000000080019e8                process_action
 .text.process_record_handler
                0x0000000008001d7e       0x26 .build/obj_planck_rev6_drop_LohseBoi/quantum/action.o
                0x0000000008001d7e                process_record_handler
 .text.process_record
                0x0000000008001da4       0x46 .build/obj_planck_rev6_drop_LohseBoi/quantum/action.o
                0x0000000008001da4                process_record
 .text.clear_keyboard_but_mods_and_keys
                0x0000000008001dea       0x26 .build/obj_planck_rev6_drop_LohseBoi/quantum/action.o
                0x0000000008001dea                clear_keyboard_but_mods_and_keys
 .text.clear_keyboard_but_mods
                0x0000000008001e10        0xe .build/obj_planck_rev6_drop_LohseBoi/quantum/action.o
                0x0000000008001e10                clear_keyboard_but_mods
 .text.clear_keyboard
                0x0000000008001e1e        0xe .build/obj_planck_rev6_drop_LohseBoi/quantum/action.o
                0x0000000008001e1e                clear_keyboard
 .text.is_tap_action
                0x0000000008001e2c       0x4e .build/obj_planck_rev6_drop_LohseBoi/quantum/action.o
                0x0000000008001e2c                is_tap_action
 .text.is_tap_record
                0x0000000008001e7a       0x10 .build/obj_planck_rev6_drop_LohseBoi/quantum/action.o
                0x0000000008001e7a                is_tap_record
 .text.debug_event
                0x0000000008001e8a        0xc .build/obj_planck_rev6_drop_LohseBoi/quantum/action.o
                0x0000000008001e8a                debug_event
 .text.debug_record
                0x0000000008001e96        0xc .build/obj_planck_rev6_drop_LohseBoi/quantum/action.o
                0x0000000008001e96                debug_record
 .text.default_layer_state_set_user
                0x0000000008001ea2        0x2 .build/obj_planck_rev6_drop_LohseBoi/quantum/action_layer.o
                0x0000000008001ea2                default_layer_state_set_user
 .text.default_layer_state_set_kb
                0x0000000008001ea4        0x8 .build/obj_planck_rev6_drop_LohseBoi/quantum/action_layer.o
                0x0000000008001ea4                default_layer_state_set_kb
 .text.default_layer_state_set
                0x0000000008001eac       0x18 .build/obj_planck_rev6_drop_LohseBoi/quantum/action_layer.o
 .text.default_layer_debug
                0x0000000008001ec4        0x2 .build/obj_planck_rev6_drop_LohseBoi/quantum/action_layer.o
                0x0000000008001ec4                default_layer_debug
 .text.default_layer_set
                0x0000000008001ec6        0x4 .build/obj_planck_rev6_drop_LohseBoi/quantum/action_layer.o
                0x0000000008001ec6                default_layer_set
 *fill*         0x0000000008001eca        0x2 
 .text.default_layer_or
                0x0000000008001ecc       0x10 .build/obj_planck_rev6_drop_LohseBoi/quantum/action_layer.o
                0x0000000008001ecc                default_layer_or
 .text.default_layer_and
                0x0000000008001edc       0x10 .build/obj_planck_rev6_drop_LohseBoi/quantum/action_layer.o
                0x0000000008001edc                default_layer_and
 .text.default_layer_xor
                0x0000000008001eec       0x10 .build/obj_planck_rev6_drop_LohseBoi/quantum/action_layer.o
                0x0000000008001eec                default_layer_xor
 .text.layer_state_set_kb
                0x0000000008001efc        0x8 .build/obj_planck_rev6_drop_LohseBoi/quantum/action_layer.o
                0x0000000008001efc                layer_state_set_kb
 .text.layer_state_set
                0x0000000008001f04       0x18 .build/obj_planck_rev6_drop_LohseBoi/quantum/action_layer.o
                0x0000000008001f04                layer_state_set
 .text.layer_clear
                0x0000000008001f1c        0x6 .build/obj_planck_rev6_drop_LohseBoi/quantum/action_layer.o
                0x0000000008001f1c                layer_clear
 *fill*         0x0000000008001f22        0x2 
 .text.layer_state_is
                0x0000000008001f24       0x1c .build/obj_planck_rev6_drop_LohseBoi/quantum/action_layer.o
                0x0000000008001f24                layer_state_is
 .text.layer_move
                0x0000000008001f40        0xa .build/obj_planck_rev6_drop_LohseBoi/quantum/action_layer.o
                0x0000000008001f40                layer_move
 *fill*         0x0000000008001f4a        0x2 
 .text.layer_on
                0x0000000008001f4c       0x14 .build/obj_planck_rev6_drop_LohseBoi/quantum/action_layer.o
                0x0000000008001f4c                layer_on
 .text.layer_off
                0x0000000008001f60       0x18 .build/obj_planck_rev6_drop_LohseBoi/quantum/action_layer.o
                0x0000000008001f60                layer_off
 .text.layer_invert
                0x0000000008001f78       0x14 .build/obj_planck_rev6_drop_LohseBoi/quantum/action_layer.o
                0x0000000008001f78                layer_invert
 .text.layer_or
                0x0000000008001f8c       0x10 .build/obj_planck_rev6_drop_LohseBoi/quantum/action_layer.o
                0x0000000008001f8c                layer_or
 .text.layer_and
                0x0000000008001f9c       0x10 .build/obj_planck_rev6_drop_LohseBoi/quantum/action_layer.o
                0x0000000008001f9c                layer_and
 .text.layer_xor
                0x0000000008001fac       0x10 .build/obj_planck_rev6_drop_LohseBoi/quantum/action_layer.o
                0x0000000008001fac                layer_xor
 .text.layer_debug
                0x0000000008001fbc        0x2 .build/obj_planck_rev6_drop_LohseBoi/quantum/action_layer.o
                0x0000000008001fbc                layer_debug
 *fill*         0x0000000008001fbe        0x2 
 .text.update_source_layers_cache
                0x0000000008001fc0       0x48 .build/obj_planck_rev6_drop_LohseBoi/quantum/action_layer.o
                0x0000000008001fc0                update_source_layers_cache
 .text.read_source_layers_cache
                0x0000000008002008       0x40 .build/obj_planck_rev6_drop_LohseBoi/quantum/action_layer.o
                0x0000000008002008                read_source_layers_cache
 .text.layer_switch_get_layer
                0x0000000008002048       0x40 .build/obj_planck_rev6_drop_LohseBoi/quantum/action_layer.o
                0x0000000008002048                layer_switch_get_layer
 .text.layer_switch_get_action
                0x0000000008002088       0x18 .build/obj_planck_rev6_drop_LohseBoi/quantum/action_layer.o
                0x0000000008002088                layer_switch_get_action
 .text.store_or_get_action
                0x00000000080020a0       0x48 .build/obj_planck_rev6_drop_LohseBoi/quantum/action_layer.o
                0x00000000080020a0                store_or_get_action
 .text.action_macro_play
                0x00000000080020e8       0xb4 .build/obj_planck_rev6_drop_LohseBoi/quantum/action_macro.o
                0x00000000080020e8                action_macro_play
 .text.debug_waiting_buffer
                0x000000000800219c       0x34 .build/obj_planck_rev6_drop_LohseBoi/quantum/action_tapping.o
 .text.debug_tapping_key
                0x00000000080021d0       0x10 .build/obj_planck_rev6_drop_LohseBoi/quantum/action_tapping.o
 .text.waiting_buffer_scan_tap
                0x00000000080021e0       0x98 .build/obj_planck_rev6_drop_LohseBoi/quantum/action_tapping.o
 .text.process_tapping
                0x0000000008002278      0x290 .build/obj_planck_rev6_drop_LohseBoi/quantum/action_tapping.o
 .text.action_tapping_process
                0x0000000008002508       0xd0 .build/obj_planck_rev6_drop_LohseBoi/quantum/action_tapping.o
                0x0000000008002508                action_tapping_process
 .text.add_key  0x00000000080025d8       0x10 .build/obj_planck_rev6_drop_LohseBoi/quantum/action_util.o
                0x00000000080025d8                add_key
 .text.del_key  0x00000000080025e8       0x10 .build/obj_planck_rev6_drop_LohseBoi/quantum/action_util.o
                0x00000000080025e8                del_key
 .text.clear_keys
                0x00000000080025f8        0xc .build/obj_planck_rev6_drop_LohseBoi/quantum/action_util.o
                0x00000000080025f8                clear_keys
 .text.get_oneshot_layer
                0x0000000008002604       0x10 .build/obj_planck_rev6_drop_LohseBoi/quantum/action_util.o
                0x0000000008002604                get_oneshot_layer
 .text.get_oneshot_layer_state
                0x0000000008002614       0x10 .build/obj_planck_rev6_drop_LohseBoi/quantum/action_util.o
                0x0000000008002614                get_oneshot_layer_state
 .text.is_oneshot_layer_active
                0x0000000008002624       0x14 .build/obj_planck_rev6_drop_LohseBoi/quantum/action_util.o
                0x0000000008002624                is_oneshot_layer_active
 .text.oneshot_set
                0x0000000008002638       0x40 .build/obj_planck_rev6_drop_LohseBoi/quantum/action_util.o
                0x0000000008002638                oneshot_set
 .text.oneshot_toggle
                0x0000000008002678       0x18 .build/obj_planck_rev6_drop_LohseBoi/quantum/action_util.o
                0x0000000008002678                oneshot_toggle
 .text.oneshot_enable
                0x0000000008002690        0x6 .build/obj_planck_rev6_drop_LohseBoi/quantum/action_util.o
                0x0000000008002690                oneshot_enable
 .text.oneshot_disable
                0x0000000008002696        0x6 .build/obj_planck_rev6_drop_LohseBoi/quantum/action_util.o
                0x0000000008002696                oneshot_disable
 .text.get_mods
                0x000000000800269c        0xc .build/obj_planck_rev6_drop_LohseBoi/quantum/action_util.o
                0x000000000800269c                get_mods
 .text.add_mods
                0x00000000080026a8       0x10 .build/obj_planck_rev6_drop_LohseBoi/quantum/action_util.o
                0x00000000080026a8                add_mods
 .text.del_mods
                0x00000000080026b8       0x10 .build/obj_planck_rev6_drop_LohseBoi/quantum/action_util.o
                0x00000000080026b8                del_mods
 .text.clear_mods
                0x00000000080026c8        0xc .build/obj_planck_rev6_drop_LohseBoi/quantum/action_util.o
                0x00000000080026c8                clear_mods
 .text.add_weak_mods
                0x00000000080026d4       0x10 .build/obj_planck_rev6_drop_LohseBoi/quantum/action_util.o
                0x00000000080026d4                add_weak_mods
 .text.del_weak_mods
                0x00000000080026e4       0x10 .build/obj_planck_rev6_drop_LohseBoi/quantum/action_util.o
                0x00000000080026e4                del_weak_mods
 .text.clear_weak_mods
                0x00000000080026f4        0xc .build/obj_planck_rev6_drop_LohseBoi/quantum/action_util.o
                0x00000000080026f4                clear_weak_mods
 .text.add_macro_mods
                0x0000000008002700       0x10 .build/obj_planck_rev6_drop_LohseBoi/quantum/action_util.o
                0x0000000008002700                add_macro_mods
 .text.del_macro_mods
                0x0000000008002710       0x10 .build/obj_planck_rev6_drop_LohseBoi/quantum/action_util.o
                0x0000000008002710                del_macro_mods
 .text.clear_macro_mods
                0x0000000008002720        0xc .build/obj_planck_rev6_drop_LohseBoi/quantum/action_util.o
                0x0000000008002720                clear_macro_mods
 .text.get_oneshot_mods
                0x000000000800272c        0xc .build/obj_planck_rev6_drop_LohseBoi/quantum/action_util.o
                0x000000000800272c                get_oneshot_mods
 .text.oneshot_mods_changed_user
                0x0000000008002738        0x2 .build/obj_planck_rev6_drop_LohseBoi/quantum/action_util.o
                0x0000000008002738                oneshot_mods_changed_user
 .text.oneshot_mods_changed_kb
                0x000000000800273a        0x8 .build/obj_planck_rev6_drop_LohseBoi/quantum/action_util.o
                0x000000000800273a                oneshot_mods_changed_kb
 *fill*         0x0000000008002742        0x2 
 .text.set_oneshot_mods
                0x0000000008002744       0x24 .build/obj_planck_rev6_drop_LohseBoi/quantum/action_util.o
                0x0000000008002744                set_oneshot_mods
 .text.clear_oneshot_mods
                0x0000000008002768       0x18 .build/obj_planck_rev6_drop_LohseBoi/quantum/action_util.o
                0x0000000008002768                clear_oneshot_mods
 .text.send_keyboard_report
                0x0000000008002780       0x4c .build/obj_planck_rev6_drop_LohseBoi/quantum/action_util.o
                0x0000000008002780                send_keyboard_report
 .text.oneshot_layer_changed_user
                0x00000000080027cc        0x2 .build/obj_planck_rev6_drop_LohseBoi/quantum/action_util.o
                0x00000000080027cc                oneshot_layer_changed_user
 .text.oneshot_layer_changed_kb
                0x00000000080027ce        0x8 .build/obj_planck_rev6_drop_LohseBoi/quantum/action_util.o
                0x00000000080027ce                oneshot_layer_changed_kb
 *fill*         0x00000000080027d6        0x2 
 .text.set_oneshot_layer
                0x00000000080027d8       0x34 .build/obj_planck_rev6_drop_LohseBoi/quantum/action_util.o
                0x00000000080027d8                set_oneshot_layer
 .text.reset_oneshot_layer
                0x000000000800280c       0x14 .build/obj_planck_rev6_drop_LohseBoi/quantum/action_util.o
                0x000000000800280c                reset_oneshot_layer
 .text.clear_oneshot_layer_state
                0x0000000008002820       0x3c .build/obj_planck_rev6_drop_LohseBoi/quantum/action_util.o
                0x0000000008002820                clear_oneshot_layer_state
 .text.eeconfig_disable
                0x000000000800285c       0x14 .build/obj_planck_rev6_drop_LohseBoi/quantum/eeconfig.o
                0x000000000800285c                eeconfig_disable
 .text.eeconfig_is_enabled
                0x0000000008002870       0x14 .build/obj_planck_rev6_drop_LohseBoi/quantum/eeconfig.o
                0x0000000008002870                eeconfig_is_enabled
 .text.eeconfig_read_debug
                0x0000000008002884        0x6 .build/obj_planck_rev6_drop_LohseBoi/quantum/eeconfig.o
                0x0000000008002884                eeconfig_read_debug
 .text.eeconfig_read_default_layer
                0x000000000800288a        0x6 .build/obj_planck_rev6_drop_LohseBoi/quantum/eeconfig.o
                0x000000000800288a                eeconfig_read_default_layer
 .text.eeconfig_update_default_layer
                0x0000000008002890        0x8 .build/obj_planck_rev6_drop_LohseBoi/quantum/eeconfig.o
                0x0000000008002890                eeconfig_update_default_layer
 .text.eeconfig_read_keymap
                0x0000000008002898       0x18 .build/obj_planck_rev6_drop_LohseBoi/quantum/eeconfig.o
                0x0000000008002898                eeconfig_read_keymap
 .text.eeconfig_update_keymap
                0x00000000080028b0       0x18 .build/obj_planck_rev6_drop_LohseBoi/quantum/eeconfig.o
                0x00000000080028b0                eeconfig_update_keymap
 .text.eeconfig_read_audio
                0x00000000080028c8        0x6 .build/obj_planck_rev6_drop_LohseBoi/quantum/eeconfig.o
                0x00000000080028c8                eeconfig_read_audio
 .text.eeconfig_update_audio
                0x00000000080028ce        0x8 .build/obj_planck_rev6_drop_LohseBoi/quantum/eeconfig.o
                0x00000000080028ce                eeconfig_update_audio
 .text.eeconfig_update_kb
                0x00000000080028d6        0x8 .build/obj_planck_rev6_drop_LohseBoi/quantum/eeconfig.o
                0x00000000080028d6                eeconfig_update_kb
 .text.eeconfig_update_user
                0x00000000080028de        0x8 .build/obj_planck_rev6_drop_LohseBoi/quantum/eeconfig.o
                0x00000000080028de                eeconfig_update_user
 .text.eeconfig_init_user
                0x00000000080028e6        0x6 .build/obj_planck_rev6_drop_LohseBoi/quantum/eeconfig.o
                0x00000000080028e6                eeconfig_init_user
 .text.eeconfig_init_kb
                0x00000000080028ec        0xe .build/obj_planck_rev6_drop_LohseBoi/quantum/eeconfig.o
                0x00000000080028ec                eeconfig_init_kb
 *fill*         0x00000000080028fa        0x2 
 .text.eeconfig_init_quantum
                0x00000000080028fc       0x90 .build/obj_planck_rev6_drop_LohseBoi/quantum/eeconfig.o
                0x00000000080028fc                eeconfig_init_quantum
 .text.eeconfig_init
                0x000000000800298c        0x4 .build/obj_planck_rev6_drop_LohseBoi/quantum/eeconfig.o
                0x000000000800298c                eeconfig_init
 .text.eeconfig_update_handedness
                0x0000000008002990        0x8 .build/obj_planck_rev6_drop_LohseBoi/quantum/eeconfig.o
                0x0000000008002990                eeconfig_update_handedness
 .text.last_matrix_activity_trigger
                0x0000000008002998       0x18 .build/obj_planck_rev6_drop_LohseBoi/quantum/keyboard.o
                0x0000000008002998                last_matrix_activity_trigger
 .text.last_encoder_activity_trigger
                0x00000000080029b0       0x18 .build/obj_planck_rev6_drop_LohseBoi/quantum/keyboard.o
                0x00000000080029b0                last_encoder_activity_trigger
 .text.matrix_setup
                0x00000000080029c8        0x2 .build/obj_planck_rev6_drop_LohseBoi/quantum/keyboard.o
                0x00000000080029c8                matrix_setup
 .text.keyboard_pre_init_user
                0x00000000080029ca        0x2 .build/obj_planck_rev6_drop_LohseBoi/quantum/keyboard.o
                0x00000000080029ca                keyboard_pre_init_user
 .text.keyboard_pre_init_kb
                0x00000000080029cc        0x8 .build/obj_planck_rev6_drop_LohseBoi/quantum/keyboard.o
                0x00000000080029cc                keyboard_pre_init_kb
 .text.keyboard_post_init_user
                0x00000000080029d4        0x2 .build/obj_planck_rev6_drop_LohseBoi/quantum/keyboard.o
                0x00000000080029d4                keyboard_post_init_user
 .text.keyboard_post_init_kb
                0x00000000080029d6        0x8 .build/obj_planck_rev6_drop_LohseBoi/quantum/keyboard.o
                0x00000000080029d6                keyboard_post_init_kb
 *fill*         0x00000000080029de        0x2 
 .text.keyboard_setup
                0x00000000080029e0       0x1c .build/obj_planck_rev6_drop_LohseBoi/quantum/keyboard.o
                0x00000000080029e0                keyboard_setup
 .text.is_keyboard_master
                0x00000000080029fc        0x4 .build/obj_planck_rev6_drop_LohseBoi/quantum/keyboard.o
                0x00000000080029fc                is_keyboard_master
 .text.should_process_keypress
                0x0000000008002a00        0x8 .build/obj_planck_rev6_drop_LohseBoi/quantum/keyboard.o
                0x0000000008002a00                should_process_keypress
 .text.housekeeping_task_kb
                0x0000000008002a08        0x2 .build/obj_planck_rev6_drop_LohseBoi/quantum/keyboard.o
                0x0000000008002a08                housekeeping_task_kb
 .text.housekeeping_task_user
                0x0000000008002a0a        0x2 .build/obj_planck_rev6_drop_LohseBoi/quantum/keyboard.o
                0x0000000008002a0a                housekeeping_task_user
 .text.housekeeping_task
                0x0000000008002a0c        0xc .build/obj_planck_rev6_drop_LohseBoi/quantum/keyboard.o
                0x0000000008002a0c                housekeeping_task
 .text.keyboard_init
                0x0000000008002a18       0x18 .build/obj_planck_rev6_drop_LohseBoi/quantum/keyboard.o
                0x0000000008002a18                keyboard_init
 .text.keyboard_set_leds
                0x0000000008002a30       0x4c .build/obj_planck_rev6_drop_LohseBoi/quantum/keyboard.o
                0x0000000008002a30                keyboard_set_leds
 .text.keyboard_task
                0x0000000008002a7c       0xf4 .build/obj_planck_rev6_drop_LohseBoi/quantum/keyboard.o
                0x0000000008002a7c                keyboard_task
 .text.action_get_macro
                0x0000000008002b70        0x4 .build/obj_planck_rev6_drop_LohseBoi/quantum/keymap_common.o
                0x0000000008002b70                action_get_macro
 .text.action_function
                0x0000000008002b74        0x2 .build/obj_planck_rev6_drop_LohseBoi/quantum/keymap_common.o
                0x0000000008002b74                action_function
 *fill*         0x0000000008002b76        0x2 
 .text.keymap_key_to_keycode
                0x0000000008002b78       0x24 .build/obj_planck_rev6_drop_LohseBoi/quantum/keymap_common.o
                0x0000000008002b78                keymap_key_to_keycode
 .text.keymap_function_id_to_action
                0x0000000008002b9c        0xc .build/obj_planck_rev6_drop_LohseBoi/quantum/keymap_common.o
                0x0000000008002b9c                keymap_function_id_to_action
 .text.action_for_keycode
                0x0000000008002ba8      0x1a0 .build/obj_planck_rev6_drop_LohseBoi/quantum/keymap_common.o
                0x0000000008002ba8                action_for_keycode
 .text.action_for_key
                0x0000000008002d48       0x16 .build/obj_planck_rev6_drop_LohseBoi/quantum/keymap_common.o
                0x0000000008002d48                action_for_key
 *fill*         0x0000000008002d5e        0x2 
 .text.keycode_config
                0x0000000008002d60      0x100 .build/obj_planck_rev6_drop_LohseBoi/quantum/keycode_config.o
                0x0000000008002d60                keycode_config
 .text.mod_config
                0x0000000008002e60       0xac .build/obj_planck_rev6_drop_LohseBoi/quantum/keycode_config.o
                0x0000000008002e60                mod_config
 .text.null_sendchar_func
                0x0000000008002f0c        0x4 .build/obj_planck_rev6_drop_LohseBoi/quantum/logging/print.o
 .text.print_set_sendchar
                0x0000000008002f10        0xc .build/obj_planck_rev6_drop_LohseBoi/quantum/logging/print.o
                0x0000000008002f10                print_set_sendchar
 .text._putchar
                0x0000000008002f1c        0xc .build/obj_planck_rev6_drop_LohseBoi/quantum/logging/print.o
                0x0000000008002f1c                _putchar
 .text.bootmagic_lite_reset_eeprom
                0x0000000008002f28        0x4 .build/obj_planck_rev6_drop_LohseBoi/quantum/bootmagic/bootmagic_lite.o
                0x0000000008002f28                bootmagic_lite_reset_eeprom
 .text.bootmagic_lite
                0x0000000008002f2c       0x28 .build/obj_planck_rev6_drop_LohseBoi/quantum/bootmagic/bootmagic_lite.o
                0x0000000008002f2c                bootmagic_lite
 .text.bootmagic
                0x0000000008002f54        0x8 .build/obj_planck_rev6_drop_LohseBoi/quantum/bootmagic/bootmagic_lite.o
                0x0000000008002f54                bootmagic
 .text.magic    0x0000000008002f5c       0x40 .build/obj_planck_rev6_drop_LohseBoi/quantum/bootmagic/magic.o
                0x0000000008002f5c                magic
 .text.startup.main
                0x0000000008002f9c       0x18 .build/obj_planck_rev6_drop_LohseBoi/quantum/main.o
                0x0000000008002f9c                main
 .text._out_null
                0x0000000008002fb4        0x2 .build/obj_planck_rev6_drop_LohseBoi/lib/printf/printf.o
 .text._ntoa_long
                0x0000000008002fb6      0x1e8 .build/obj_planck_rev6_drop_LohseBoi/lib/printf/printf.o
 .text._out_char
                0x000000000800319e        0x8 .build/obj_planck_rev6_drop_LohseBoi/lib/printf/printf.o
 *fill*         0x00000000080031a6        0x2 
 .text._vsnprintf
                0x00000000080031a8      0x418 .build/obj_planck_rev6_drop_LohseBoi/lib/printf/printf.o
 .text.printf_  0x00000000080035c0       0x28 .build/obj_planck_rev6_drop_LohseBoi/lib/printf/printf.o
                0x00000000080035c0                printf_
 .text.mousekey_param_print
                0x00000000080035e8       0x48 .build/obj_planck_rev6_drop_LohseBoi/quantum/command.o
 .text.switch_default_layer
                0x0000000008003630       0x20 .build/obj_planck_rev6_drop_LohseBoi/quantum/command.o
 .text.command_common
                0x0000000008003650      0x2a8 .build/obj_planck_rev6_drop_LohseBoi/quantum/command.o
 .text.mousekey_console.isra.0
                0x00000000080038f8      0x1ec .build/obj_planck_rev6_drop_LohseBoi/quantum/command.o
 .text.command_extra
                0x0000000008003ae4        0x4 .build/obj_planck_rev6_drop_LohseBoi/quantum/command.o
                0x0000000008003ae4                command_extra
 .text.command_console_extra
                0x0000000008003ae8        0x4 .build/obj_planck_rev6_drop_LohseBoi/quantum/command.o
                0x0000000008003ae8                command_console_extra
 .text.command_proc
                0x0000000008003aec       0xac .build/obj_planck_rev6_drop_LohseBoi/quantum/command.o
                0x0000000008003aec                command_proc
 .text.compute_freq_for_midi_note
                0x0000000008003b98       0x4c .build/obj_planck_rev6_drop_LohseBoi/quantum/process_keycode/process_audio.o
                0x0000000008003b98                compute_freq_for_midi_note
 .text.process_audio
                0x0000000008003be4       0x74 .build/obj_planck_rev6_drop_LohseBoi/quantum/process_keycode/process_audio.o
                0x0000000008003be4                process_audio
 .text.process_audio_noteon
                0x0000000008003c58        0xe .build/obj_planck_rev6_drop_LohseBoi/quantum/process_keycode/process_audio.o
                0x0000000008003c58                process_audio_noteon
 .text.process_audio_noteoff
                0x0000000008003c66        0xe .build/obj_planck_rev6_drop_LohseBoi/quantum/process_keycode/process_audio.o
                0x0000000008003c66                process_audio_noteoff
 .text.process_audio_all_notes_off
                0x0000000008003c74        0x4 .build/obj_planck_rev6_drop_LohseBoi/quantum/process_keycode/process_audio.o
                0x0000000008003c74                process_audio_all_notes_off
 .text.audio_on_user
                0x0000000008003c78        0x2 .build/obj_planck_rev6_drop_LohseBoi/quantum/process_keycode/process_audio.o
                0x0000000008003c78                audio_on_user
 *fill*         0x0000000008003c7a        0x2 
 .text.audio_is_on
                0x0000000008003c7c       0x10 .build/obj_planck_rev6_drop_LohseBoi/quantum/audio/audio.o
                0x0000000008003c7c                audio_is_on
 .text.audio_stop_all
                0x0000000008003c8c       0x54 .build/obj_planck_rev6_drop_LohseBoi/quantum/audio/audio.o
                0x0000000008003c8c                audio_stop_all
 .text.audio_get_processed_frequency
                0x0000000008003ce0       0x3c .build/obj_planck_rev6_drop_LohseBoi/quantum/audio/audio.o
                0x0000000008003ce0                audio_get_processed_frequency
 .text.audio_duration_to_ms
                0x0000000008003d1c       0x44 .build/obj_planck_rev6_drop_LohseBoi/quantum/audio/audio.o
                0x0000000008003d1c                audio_duration_to_ms
 .text.audio_play_melody
                0x0000000008003d60       0xb8 .build/obj_planck_rev6_drop_LohseBoi/quantum/audio/audio.o
                0x0000000008003d60                audio_play_melody
 .text.audio_startup
                0x0000000008003e18       0x2c .build/obj_planck_rev6_drop_LohseBoi/quantum/audio/audio.o
                0x0000000008003e18                audio_startup
 .text.audio_init
                0x0000000008003e44       0x5c .build/obj_planck_rev6_drop_LohseBoi/quantum/audio/audio.o
                0x0000000008003e44                audio_init
 .text.audio_stop_tone
                0x0000000008003ea0       0xbc .build/obj_planck_rev6_drop_LohseBoi/quantum/audio/audio.o
                0x0000000008003ea0                audio_stop_tone
 .text.audio_play_note
                0x0000000008003f5c      0x104 .build/obj_planck_rev6_drop_LohseBoi/quantum/audio/audio.o
                0x0000000008003f5c                audio_play_note
 .text.audio_play_tone
                0x0000000008004060        0x8 .build/obj_planck_rev6_drop_LohseBoi/quantum/audio/audio.o
                0x0000000008004060                audio_play_tone
 .text.audio_on
                0x0000000008004068       0x2c .build/obj_planck_rev6_drop_LohseBoi/quantum/audio/audio.o
                0x0000000008004068                audio_on
 .text.audio_off
                0x0000000008004094       0x34 .build/obj_planck_rev6_drop_LohseBoi/quantum/audio/audio.o
                0x0000000008004094                audio_off
 .text.audio_update_state
                0x00000000080040c8      0x1d0 .build/obj_planck_rev6_drop_LohseBoi/quantum/audio/audio.o
                0x00000000080040c8                audio_update_state
 .text.channel_1_start
                0x0000000008004298       0x2c .build/obj_planck_rev6_drop_LohseBoi/quantum/audio/driver_chibios_dac_basic.o
                0x0000000008004298                channel_1_start
 .text.channel_1_stop
                0x00000000080042c4       0x24 .build/obj_planck_rev6_drop_LohseBoi/quantum/audio/driver_chibios_dac_basic.o
                0x00000000080042c4                channel_1_stop
 .text.channel_1_set_frequency
                0x00000000080042e8       0x54 .build/obj_planck_rev6_drop_LohseBoi/quantum/audio/driver_chibios_dac_basic.o
                0x00000000080042e8                channel_1_set_frequency
 .text.channel_2_start
                0x000000000800433c       0x2c .build/obj_planck_rev6_drop_LohseBoi/quantum/audio/driver_chibios_dac_basic.o
                0x000000000800433c                channel_2_start
 .text.channel_2_stop
                0x0000000008004368       0x24 .build/obj_planck_rev6_drop_LohseBoi/quantum/audio/driver_chibios_dac_basic.o
                0x0000000008004368                channel_2_stop
 .text.channel_2_set_frequency
                0x000000000800438c       0x54 .build/obj_planck_rev6_drop_LohseBoi/quantum/audio/driver_chibios_dac_basic.o
                0x000000000800438c                channel_2_set_frequency
 .text.gpt_audio_state_cb
                0x00000000080043e0       0x22 .build/obj_planck_rev6_drop_LohseBoi/quantum/audio/driver_chibios_dac_basic.o
 *fill*         0x0000000008004402        0x2 
 .text.audio_driver_initialize
                0x0000000008004404       0x8c .build/obj_planck_rev6_drop_LohseBoi/quantum/audio/driver_chibios_dac_basic.o
                0x0000000008004404                audio_driver_initialize
 .text.audio_driver_stop
                0x0000000008004490       0x50 .build/obj_planck_rev6_drop_LohseBoi/quantum/audio/driver_chibios_dac_basic.o
                0x0000000008004490                audio_driver_stop
 .text.audio_driver_start
                0x00000000080044e0       0x48 .build/obj_planck_rev6_drop_LohseBoi/quantum/audio/driver_chibios_dac_basic.o
                0x00000000080044e0                audio_driver_start
 .text.voice_iterate
                0x0000000008004528        0xc .build/obj_planck_rev6_drop_LohseBoi/quantum/audio/voices.o
                0x0000000008004528                voice_iterate
 .text.voice_deiterate
                0x0000000008004534        0xc .build/obj_planck_rev6_drop_LohseBoi/quantum/audio/voices.o
                0x0000000008004534                voice_deiterate
 .text.voice_envelope
                0x0000000008004540       0x14 .build/obj_planck_rev6_drop_LohseBoi/quantum/audio/voices.o
                0x0000000008004540                voice_envelope
 .text.music_all_notes_off
                0x0000000008004554       0x10 .build/obj_planck_rev6_drop_LohseBoi/quantum/process_keycode/process_music.o
                0x0000000008004554                music_all_notes_off
 .text.music_mask_kb
                0x0000000008004564        0x8 .build/obj_planck_rev6_drop_LohseBoi/quantum/process_keycode/process_music.o
                0x0000000008004564                music_mask_kb
 .text.music_off
                0x000000000800456c       0x20 .build/obj_planck_rev6_drop_LohseBoi/quantum/process_keycode/process_music.o
                0x000000000800456c                music_off
 .text.midi_off
                0x000000000800458c       0x18 .build/obj_planck_rev6_drop_LohseBoi/quantum/process_keycode/process_music.o
                0x000000000800458c                midi_off
 .text.music_mode_cycle
                0x00000000080045a4       0x30 .build/obj_planck_rev6_drop_LohseBoi/quantum/process_keycode/process_music.o
                0x00000000080045a4                music_mode_cycle
 .text.music_task
                0x00000000080045d4       0x7c .build/obj_planck_rev6_drop_LohseBoi/quantum/process_keycode/process_music.o
                0x00000000080045d4                music_task
 .text.music_on_user
                0x0000000008004650        0x2 .build/obj_planck_rev6_drop_LohseBoi/quantum/process_keycode/process_music.o
                0x0000000008004650                music_on_user
 *fill*         0x0000000008004652        0x2 
 .text.music_on
                0x0000000008004654       0x20 .build/obj_planck_rev6_drop_LohseBoi/quantum/process_keycode/process_music.o
                0x0000000008004654                music_on
 .text.midi_on_user
                0x0000000008004674        0x2 .build/obj_planck_rev6_drop_LohseBoi/quantum/process_keycode/process_music.o
                0x0000000008004674                midi_on_user
 *fill*         0x0000000008004676        0x2 
 .text.midi_on  0x0000000008004678       0x20 .build/obj_planck_rev6_drop_LohseBoi/quantum/process_keycode/process_music.o
                0x0000000008004678                midi_on
 .text.process_music
                0x0000000008004698      0x210 .build/obj_planck_rev6_drop_LohseBoi/quantum/process_keycode/process_music.o
                0x0000000008004698                process_music
 .text.move_unit
                0x00000000080048a8       0x78 .build/obj_planck_rev6_drop_LohseBoi/quantum/mousekey.o
 .text.wheel_unit
                0x0000000008004920       0x68 .build/obj_planck_rev6_drop_LohseBoi/quantum/mousekey.o
 .text.mousekey_on
                0x0000000008004988       0xa4 .build/obj_planck_rev6_drop_LohseBoi/quantum/mousekey.o
                0x0000000008004988                mousekey_on
 .text.mousekey_off
                0x0000000008004a2c      0x118 .build/obj_planck_rev6_drop_LohseBoi/quantum/mousekey.o
                0x0000000008004a2c                mousekey_off
 .text.mousekey_send
                0x0000000008004b44       0xe8 .build/obj_planck_rev6_drop_LohseBoi/quantum/mousekey.o
                0x0000000008004b44                mousekey_send
 .text.mousekey_task
                0x0000000008004c2c      0x184 .build/obj_planck_rev6_drop_LohseBoi/quantum/mousekey.o
                0x0000000008004c2c                mousekey_task
 .text.mousekey_clear
                0x0000000008004db0       0x28 .build/obj_planck_rev6_drop_LohseBoi/quantum/mousekey.o
                0x0000000008004db0                mousekey_clear
 .text.eeprom_clear
                0x0000000008004dd8       0x40 .build/obj_planck_rev6_drop_LohseBoi/common/chibios/eeprom_stm32.o
 .text.eeprom_write_direct_entry
                0x0000000008004e18       0x48 .build/obj_planck_rev6_drop_LohseBoi/common/chibios/eeprom_stm32.o
 .text.eeprom_compact
                0x0000000008004e60       0x44 .build/obj_planck_rev6_drop_LohseBoi/common/chibios/eeprom_stm32.o
 .text.eeprom_write_log_word_entry
                0x0000000008004ea4       0x88 .build/obj_planck_rev6_drop_LohseBoi/common/chibios/eeprom_stm32.o
 .text.eeprom_write_log_byte_entry
                0x0000000008004f2c       0x48 .build/obj_planck_rev6_drop_LohseBoi/common/chibios/eeprom_stm32.o
 .text.EEPROM_Init
                0x0000000008004f74       0x94 .build/obj_planck_rev6_drop_LohseBoi/common/chibios/eeprom_stm32.o
                0x0000000008004f74                EEPROM_Init
 .text.EEPROM_Erase
                0x0000000008005008        0xe .build/obj_planck_rev6_drop_LohseBoi/common/chibios/eeprom_stm32.o
                0x0000000008005008                EEPROM_Erase
 *fill*         0x0000000008005016        0x2 
 .text.EEPROM_WriteDataByte
                0x0000000008005018       0x40 .build/obj_planck_rev6_drop_LohseBoi/common/chibios/eeprom_stm32.o
                0x0000000008005018                EEPROM_WriteDataByte
 .text.EEPROM_WriteDataWord
                0x0000000008005058       0x80 .build/obj_planck_rev6_drop_LohseBoi/common/chibios/eeprom_stm32.o
                0x0000000008005058                EEPROM_WriteDataWord
 .text.EEPROM_ReadDataByte
                0x00000000080050d8       0x14 .build/obj_planck_rev6_drop_LohseBoi/common/chibios/eeprom_stm32.o
                0x00000000080050d8                EEPROM_ReadDataByte
 .text.EEPROM_ReadDataWord
                0x00000000080050ec       0x28 .build/obj_planck_rev6_drop_LohseBoi/common/chibios/eeprom_stm32.o
                0x00000000080050ec                EEPROM_ReadDataWord
 .text.eeprom_read_byte
                0x0000000008005114        0x6 .build/obj_planck_rev6_drop_LohseBoi/common/chibios/eeprom_stm32.o
                0x0000000008005114                eeprom_read_byte
 .text.eeprom_update_byte
                0x000000000800511a        0x6 .build/obj_planck_rev6_drop_LohseBoi/common/chibios/eeprom_stm32.o
                0x000000000800511a                eeprom_update_byte
 .text.eeprom_read_word
                0x0000000008005120        0x6 .build/obj_planck_rev6_drop_LohseBoi/common/chibios/eeprom_stm32.o
                0x0000000008005120                eeprom_read_word
 .text.eeprom_update_word
                0x0000000008005126        0x6 .build/obj_planck_rev6_drop_LohseBoi/common/chibios/eeprom_stm32.o
                0x0000000008005126                eeprom_update_word
 .text.eeprom_write_dword
                0x000000000800512c       0x42 .build/obj_planck_rev6_drop_LohseBoi/common/chibios/eeprom_stm32.o
                0x000000000800512c                eeprom_write_dword
 .text.eeprom_update_dword
                0x000000000800516e        0x4 .build/obj_planck_rev6_drop_LohseBoi/common/chibios/eeprom_stm32.o
                0x000000000800516e                eeprom_update_dword
 *fill*         0x0000000008005172        0x2 
 .text.FLASH_GetStatus
                0x0000000008005174       0x34 .build/obj_planck_rev6_drop_LohseBoi/common/chibios/flash_stm32.o
                0x0000000008005174                FLASH_GetStatus
 .text.FLASH_WaitForLastOperation
                0x00000000080051a8       0x38 .build/obj_planck_rev6_drop_LohseBoi/common/chibios/flash_stm32.o
                0x00000000080051a8                FLASH_WaitForLastOperation
 .text.FLASH_ErasePage
                0x00000000080051e0       0x44 .build/obj_planck_rev6_drop_LohseBoi/common/chibios/flash_stm32.o
                0x00000000080051e0                FLASH_ErasePage
 .text.FLASH_ProgramHalfWord
                0x0000000008005224       0x4c .build/obj_planck_rev6_drop_LohseBoi/common/chibios/flash_stm32.o
                0x0000000008005224                FLASH_ProgramHalfWord
 .text.FLASH_Unlock
                0x0000000008005270       0x1c .build/obj_planck_rev6_drop_LohseBoi/common/chibios/flash_stm32.o
                0x0000000008005270                FLASH_Unlock
 .text.FLASH_Lock
                0x000000000800528c       0x10 .build/obj_planck_rev6_drop_LohseBoi/common/chibios/flash_stm32.o
                0x000000000800528c                FLASH_Lock
 .text.encoder_update_kb
                0x000000000800529c        0x8 .build/obj_planck_rev6_drop_LohseBoi/quantum/encoder.o
                0x000000000800529c                encoder_update_kb
 .text.encoder_init
                0x00000000080052a4       0x3c .build/obj_planck_rev6_drop_LohseBoi/quantum/encoder.o
                0x00000000080052a4                encoder_init
 .text.encoder_read
                0x00000000080052e0       0x90 .build/obj_planck_rev6_drop_LohseBoi/quantum/encoder.o
                0x00000000080052e0                encoder_read
 .text.dip_switch_update_kb
                0x0000000008005370        0x8 .build/obj_planck_rev6_drop_LohseBoi/quantum/dip_switch.o
                0x0000000008005370                dip_switch_update_kb
 .text.dip_switch_update_mask_user
                0x0000000008005378        0x4 .build/obj_planck_rev6_drop_LohseBoi/quantum/dip_switch.o
                0x0000000008005378                dip_switch_update_mask_user
 .text.dip_switch_update_mask_kb
                0x000000000800537c        0x8 .build/obj_planck_rev6_drop_LohseBoi/quantum/dip_switch.o
                0x000000000800537c                dip_switch_update_mask_kb
 .text.dip_switch_read
                0x0000000008005384       0x74 .build/obj_planck_rev6_drop_LohseBoi/quantum/dip_switch.o
                0x0000000008005384                dip_switch_read
 .text.dip_switch_init
                0x00000000080053f8       0x34 .build/obj_planck_rev6_drop_LohseBoi/quantum/dip_switch.o
                0x00000000080053f8                dip_switch_init
 .text.perform_space_cadet
                0x000000000800542c       0xb8 .build/obj_planck_rev6_drop_LohseBoi/quantum/process_keycode/process_space_cadet.o
                0x000000000800542c                perform_space_cadet
 .text.process_space_cadet
                0x00000000080054e4       0xb4 .build/obj_planck_rev6_drop_LohseBoi/quantum/process_keycode/process_space_cadet.o
                0x00000000080054e4                process_space_cadet
 .text.process_magic
                0x0000000008005598      0x220 .build/obj_planck_rev6_drop_LohseBoi/quantum/process_keycode/process_magic.o
                0x0000000008005598                process_magic
 .text.process_grave_esc
                0x00000000080057b8       0x4c .build/obj_planck_rev6_drop_LohseBoi/quantum/process_keycode/process_grave_esc.o
                0x00000000080057b8                process_grave_esc
 .text.host_set_driver
                0x0000000008005804        0xc .build/obj_planck_rev6_drop_LohseBoi/common/host.o
                0x0000000008005804                host_set_driver
 .text.host_keyboard_leds
                0x0000000008005810       0x10 .build/obj_planck_rev6_drop_LohseBoi/common/host.o
                0x0000000008005810                host_keyboard_leds
 .text.host_keyboard_send
                0x0000000008005820       0x84 .build/obj_planck_rev6_drop_LohseBoi/common/host.o
                0x0000000008005820                host_keyboard_send
 .text.host_mouse_send
                0x00000000080058a4       0x14 .build/obj_planck_rev6_drop_LohseBoi/common/host.o
                0x00000000080058a4                host_mouse_send
 .text.host_system_send
                0x00000000080058b8       0x20 .build/obj_planck_rev6_drop_LohseBoi/common/host.o
                0x00000000080058b8                host_system_send
 .text.host_consumer_send
                0x00000000080058d8       0x20 .build/obj_planck_rev6_drop_LohseBoi/common/host.o
                0x00000000080058d8                host_consumer_send
 .text.has_anykey
                0x00000000080058f8       0x3c .build/obj_planck_rev6_drop_LohseBoi/common/report.o
                0x00000000080058f8                has_anykey
 .text.is_key_pressed
                0x0000000008005934       0x50 .build/obj_planck_rev6_drop_LohseBoi/common/report.o
                0x0000000008005934                is_key_pressed
 .text.add_key_byte
                0x0000000008005984       0x32 .build/obj_planck_rev6_drop_LohseBoi/common/report.o
                0x0000000008005984                add_key_byte
 .text.del_key_byte
                0x00000000080059b6       0x1a .build/obj_planck_rev6_drop_LohseBoi/common/report.o
                0x00000000080059b6                del_key_byte
 .text.add_key_bit
                0x00000000080059d0       0x34 .build/obj_planck_rev6_drop_LohseBoi/common/report.o
                0x00000000080059d0                add_key_bit
 .text.del_key_bit
                0x0000000008005a04       0x34 .build/obj_planck_rev6_drop_LohseBoi/common/report.o
                0x0000000008005a04                del_key_bit
 .text.add_key_to_report
                0x0000000008005a38       0x34 .build/obj_planck_rev6_drop_LohseBoi/common/report.o
                0x0000000008005a38                add_key_to_report
 .text.del_key_from_report
                0x0000000008005a6c       0x34 .build/obj_planck_rev6_drop_LohseBoi/common/report.o
                0x0000000008005a6c                del_key_from_report
 .text.clear_keys_from_report
                0x0000000008005aa0       0x30 .build/obj_planck_rev6_drop_LohseBoi/common/report.o
                0x0000000008005aa0                clear_keys_from_report
 .text.platform_setup
                0x0000000008005ad0        0xe .build/obj_planck_rev6_drop_LohseBoi/common/chibios/platform.o
                0x0000000008005ad0                platform_setup
 .text.suspend_power_down_user
                0x0000000008005ade        0x2 .build/obj_planck_rev6_drop_LohseBoi/common/chibios/suspend.o
                0x0000000008005ade                suspend_power_down_user
 .text.suspend_power_down_kb
                0x0000000008005ae0        0x8 .build/obj_planck_rev6_drop_LohseBoi/common/chibios/suspend.o
                0x0000000008005ae0                suspend_power_down_kb
 .text.suspend_power_down
                0x0000000008005ae8       0x1a .build/obj_planck_rev6_drop_LohseBoi/common/chibios/suspend.o
                0x0000000008005ae8                suspend_power_down
 .text.matrix_power_up
                0x0000000008005b02        0x2 .build/obj_planck_rev6_drop_LohseBoi/common/chibios/suspend.o
                0x0000000008005b02                matrix_power_up
 .text.matrix_power_down
                0x0000000008005b04        0x2 .build/obj_planck_rev6_drop_LohseBoi/common/chibios/suspend.o
                0x0000000008005b04                matrix_power_down
 .text.suspend_wakeup_condition
                0x0000000008005b06       0x24 .build/obj_planck_rev6_drop_LohseBoi/common/chibios/suspend.o
                0x0000000008005b06                suspend_wakeup_condition
 .text.suspend_wakeup_init_user
                0x0000000008005b2a        0x2 .build/obj_planck_rev6_drop_LohseBoi/common/chibios/suspend.o
                0x0000000008005b2a                suspend_wakeup_init_user
 .text.suspend_wakeup_init_kb
                0x0000000008005b2c        0x8 .build/obj_planck_rev6_drop_LohseBoi/common/chibios/suspend.o
                0x0000000008005b2c                suspend_wakeup_init_kb
 .text.suspend_wakeup_init
                0x0000000008005b34       0x2c .build/obj_planck_rev6_drop_LohseBoi/common/chibios/suspend.o
                0x0000000008005b34                suspend_wakeup_init
 .text.timer_clear
                0x0000000008005b60       0x2c .build/obj_planck_rev6_drop_LohseBoi/common/chibios/timer.o
                0x0000000008005b60                timer_clear
 .text.timer_init
                0x0000000008005b8c        0x4 .build/obj_planck_rev6_drop_LohseBoi/common/chibios/timer.o
                0x0000000008005b8c                timer_init
 .text.timer_read32
                0x0000000008005b90       0x58 .build/obj_planck_rev6_drop_LohseBoi/common/chibios/timer.o
                0x0000000008005b90                timer_read32
 .text.timer_read
                0x0000000008005be8        0xa .build/obj_planck_rev6_drop_LohseBoi/common/chibios/timer.o
                0x0000000008005be8                timer_read
 .text.timer_elapsed
                0x0000000008005bf2        0xe .build/obj_planck_rev6_drop_LohseBoi/common/chibios/timer.o
                0x0000000008005bf2                timer_elapsed
 .text.bootloader_jump
                0x0000000008005c00       0x30 .build/obj_planck_rev6_drop_LohseBoi/common/chibios/bootloader.o
                0x0000000008005c00                bootloader_jump
 .text.enter_bootloader_mode_if_requested
                0x0000000008005c30       0x3c .build/obj_planck_rev6_drop_LohseBoi/common/chibios/bootloader.o
                0x0000000008005c30                enter_bootloader_mode_if_requested
 .text.kbd_in_cb
                0x0000000008005c6c        0x2 .build/obj_planck_rev6_drop_LohseBoi/protocol/chibios/usb_main.o
                0x0000000008005c6c                kbd_in_cb
 *fill*         0x0000000008005c6e        0x2 
 .text.usb_sof_cb
                0x0000000008005c70       0x1c .build/obj_planck_rev6_drop_LohseBoi/protocol/chibios/usb_main.o
 .text.usb_get_descriptor_cb
                0x0000000008005c8c       0x2c .build/obj_planck_rev6_drop_LohseBoi/protocol/chibios/usb_main.o
 .text.set_led_transfer_cb
                0x0000000008005cb8       0x2c .build/obj_planck_rev6_drop_LohseBoi/protocol/chibios/usb_main.o
 .text.send_extra
                0x0000000008005ce4       0x34 .build/obj_planck_rev6_drop_LohseBoi/protocol/chibios/usb_main.o
 .text.chVTSetI.constprop.0
                0x0000000008005d18       0x2c .build/obj_planck_rev6_drop_LohseBoi/protocol/chibios/usb_main.o
 .text.keyboard_idle_timer_cb
                0x0000000008005d44       0x74 .build/obj_planck_rev6_drop_LohseBoi/protocol/chibios/usb_main.o
 .text.usb_request_hook_cb
                0x0000000008005db8      0x154 .build/obj_planck_rev6_drop_LohseBoi/protocol/chibios/usb_main.o
 .text.usb_event_queue_enqueue.isra.0
                0x0000000008005f0c       0x28 .build/obj_planck_rev6_drop_LohseBoi/protocol/chibios/usb_main.o
 .text.usb_event_cb
                0x0000000008005f34       0xbc .build/obj_planck_rev6_drop_LohseBoi/protocol/chibios/usb_main.o
 .text.shared_in_cb
                0x0000000008005ff0        0x2 .build/obj_planck_rev6_drop_LohseBoi/protocol/chibios/usb_main.o
                0x0000000008005ff0                shared_in_cb
 *fill*         0x0000000008005ff2        0x2 
 .text.usb_event_queue_init
                0x0000000008005ff4       0x24 .build/obj_planck_rev6_drop_LohseBoi/protocol/chibios/usb_main.o
                0x0000000008005ff4                usb_event_queue_init
 .text.usb_event_queue_task
                0x0000000008006018       0x54 .build/obj_planck_rev6_drop_LohseBoi/protocol/chibios/usb_main.o
                0x0000000008006018                usb_event_queue_task
 .text.init_usb_driver
                0x000000000800606c       0x7c .build/obj_planck_rev6_drop_LohseBoi/protocol/chibios/usb_main.o
                0x000000000800606c                init_usb_driver
 .text.restart_usb_driver
                0x00000000080060e8       0x3c .build/obj_planck_rev6_drop_LohseBoi/protocol/chibios/usb_main.o
                0x00000000080060e8                restart_usb_driver
 .text.keyboard_leds
                0x0000000008006124        0xc .build/obj_planck_rev6_drop_LohseBoi/protocol/chibios/usb_main.o
                0x0000000008006124                keyboard_leds
 .text.send_keyboard
                0x0000000008006130       0x98 .build/obj_planck_rev6_drop_LohseBoi/protocol/chibios/usb_main.o
                0x0000000008006130                send_keyboard
 .text.send_mouse
                0x00000000080061c8       0x48 .build/obj_planck_rev6_drop_LohseBoi/protocol/chibios/usb_main.o
                0x00000000080061c8                send_mouse
 .text.send_system
                0x0000000008006210        0x8 .build/obj_planck_rev6_drop_LohseBoi/protocol/chibios/usb_main.o
                0x0000000008006210                send_system
 .text.send_consumer
                0x0000000008006218        0x8 .build/obj_planck_rev6_drop_LohseBoi/protocol/chibios/usb_main.o
                0x0000000008006218                send_consumer
 .text.sendchar
                0x0000000008006220       0x3c .build/obj_planck_rev6_drop_LohseBoi/protocol/chibios/usb_main.o
                0x0000000008006220                sendchar
 .text.console_task
                0x000000000800625c       0x20 .build/obj_planck_rev6_drop_LohseBoi/protocol/chibios/usb_main.o
                0x000000000800625c                console_task
 .text.early_hardware_init_pre
                0x000000000800627c        0x4 .build/obj_planck_rev6_drop_LohseBoi/protocol/chibios/chibios.o
                0x000000000800627c                early_hardware_init_pre
 .text.early_hardware_init_post
                0x0000000008006280        0x2 .build/obj_planck_rev6_drop_LohseBoi/protocol/chibios/chibios.o
                0x0000000008006280                early_hardware_init_post
 .text.board_init
                0x0000000008006282        0x2 .build/obj_planck_rev6_drop_LohseBoi/protocol/chibios/chibios.o
                0x0000000008006282                board_init
 .text.__early_init
                0x0000000008006284       0x10 .build/obj_planck_rev6_drop_LohseBoi/protocol/chibios/chibios.o
                0x0000000008006284                __early_init
 .text.boardInit
                0x0000000008006294        0xc .build/obj_planck_rev6_drop_LohseBoi/protocol/chibios/chibios.o
                0x0000000008006294                boardInit
 .text.protocol_setup
                0x00000000080062a0        0x4 .build/obj_planck_rev6_drop_LohseBoi/protocol/chibios/chibios.o
                0x00000000080062a0                protocol_setup
 .text.protocol_init
                0x00000000080062a4       0x40 .build/obj_planck_rev6_drop_LohseBoi/protocol/chibios/chibios.o
                0x00000000080062a4                protocol_init
 .text.protocol_task
                0x00000000080062e4       0x50 .build/obj_planck_rev6_drop_LohseBoi/protocol/chibios/chibios.o
                0x00000000080062e4                protocol_task
 .text.get_usb_descriptor
                0x0000000008006334       0x78 .build/obj_planck_rev6_drop_LohseBoi/usb_descriptor.o
                0x0000000008006334                get_usb_descriptor
 .text.obnotify
                0x00000000080063ac       0x3e .build/obj_planck_rev6_drop_LohseBoi/protocol/chibios/usb_driver.o
 .text._readt   0x00000000080063ea        0x6 .build/obj_planck_rev6_drop_LohseBoi/protocol/chibios/usb_driver.o
 .text._read    0x00000000080063f0        0xa .build/obj_planck_rev6_drop_LohseBoi/protocol/chibios/usb_driver.o
 .text._writet  0x00000000080063fa        0x6 .build/obj_planck_rev6_drop_LohseBoi/protocol/chibios/usb_driver.o
 .text._write   0x0000000008006400        0xa .build/obj_planck_rev6_drop_LohseBoi/protocol/chibios/usb_driver.o
 .text._gett    0x000000000800640a        0x6 .build/obj_planck_rev6_drop_LohseBoi/protocol/chibios/usb_driver.o
 .text._get     0x0000000008006410        0xa .build/obj_planck_rev6_drop_LohseBoi/protocol/chibios/usb_driver.o
 .text._putt    0x000000000800641a        0x6 .build/obj_planck_rev6_drop_LohseBoi/protocol/chibios/usb_driver.o
 .text._put     0x0000000008006420        0xa .build/obj_planck_rev6_drop_LohseBoi/protocol/chibios/usb_driver.o
 .text.qmkusb_start_receive.isra.0
                0x000000000800642a       0x3e .build/obj_planck_rev6_drop_LohseBoi/protocol/chibios/usb_driver.o
 .text.ibnotify
                0x0000000008006468        0x6 .build/obj_planck_rev6_drop_LohseBoi/protocol/chibios/usb_driver.o
 *fill*         0x000000000800646e        0x2 
 .text.qmkusbObjectInit
                0x0000000008006470       0x54 .build/obj_planck_rev6_drop_LohseBoi/protocol/chibios/usb_driver.o
                0x0000000008006470                qmkusbObjectInit
 .text.qmkusbStart
                0x00000000080064c4       0x30 .build/obj_planck_rev6_drop_LohseBoi/protocol/chibios/usb_driver.o
                0x00000000080064c4                qmkusbStart
 .text.qmkusbSuspendHookI
                0x00000000080064f4       0x30 .build/obj_planck_rev6_drop_LohseBoi/protocol/chibios/usb_driver.o
                0x00000000080064f4                qmkusbSuspendHookI
 .text.qmkusbWakeupHookI
                0x0000000008006524       0x16 .build/obj_planck_rev6_drop_LohseBoi/protocol/chibios/usb_driver.o
                0x0000000008006524                qmkusbWakeupHookI
 .text.qmkusbConfigureHookI
                0x000000000800653a       0x2c .build/obj_planck_rev6_drop_LohseBoi/protocol/chibios/usb_driver.o
                0x000000000800653a                qmkusbConfigureHookI
 *fill*         0x0000000008006566        0x2 
 .text.qmkusbRequestsHook
                0x0000000008006568       0x3c .build/obj_planck_rev6_drop_LohseBoi/protocol/chibios/usb_driver.o
                0x0000000008006568                qmkusbRequestsHook
 .text.qmkusbSOFHookI
                0x00000000080065a4       0x64 .build/obj_planck_rev6_drop_LohseBoi/protocol/chibios/usb_driver.o
                0x00000000080065a4                qmkusbSOFHookI
 .text.qmkusbDataTransmitted
                0x0000000008006608       0x74 .build/obj_planck_rev6_drop_LohseBoi/protocol/chibios/usb_driver.o
                0x0000000008006608                qmkusbDataTransmitted
 .text.qmkusbDataReceived
                0x000000000800667c       0x3e .build/obj_planck_rev6_drop_LohseBoi/protocol/chibios/usb_driver.o
                0x000000000800667c                qmkusbDataReceived
 .text.qmkusbInterruptTransmitted
                0x00000000080066ba        0x2 .build/obj_planck_rev6_drop_LohseBoi/protocol/chibios/usb_driver.o
                0x00000000080066ba                qmkusbInterruptTransmitted
 .text._core_init
                0x00000000080066bc       0x18 .build/obj_planck_rev6_drop_LohseBoi/./lib/chibios/os/oslib/src/chmemcore.o
                0x00000000080066bc                _core_init
 .text.__core_init
                0x00000000080066d4        0x2 .build/obj_planck_rev6_drop/lib/chibios/os/common/startup/ARMCMx/compilers/GCC/crt1.o
                0x00000000080066d4                __core_init
 .text.__late_init
                0x00000000080066d6        0x2 .build/obj_planck_rev6_drop/lib/chibios/os/common/startup/ARMCMx/compilers/GCC/crt1.o
                0x00000000080066d6                __late_init
 .text.__default_exit
                0x00000000080066d8        0x2 .build/obj_planck_rev6_drop/lib/chibios/os/common/startup/ARMCMx/compilers/GCC/crt1.o
                0x00000000080066d8                __default_exit
 *fill*         0x00000000080066da        0x2 
 .text.__init_ram_areas
                0x00000000080066dc       0x58 .build/obj_planck_rev6_drop/lib/chibios/os/common/startup/ARMCMx/compilers/GCC/crt1.o
                0x00000000080066dc                __init_ram_areas
 .text._idle_thread
                0x0000000008006734        0x2 .build/obj_planck_rev6_drop/lib/chibios/os/rt/src/chsys.o
 *fill*         0x0000000008006736        0x2 
 .text.chSysInit
                0x0000000008006738       0x44 .build/obj_planck_rev6_drop/lib/chibios/os/rt/src/chsys.o
                0x0000000008006738                chSysInit
 .text.chSysTimerHandlerI
                0x000000000800677c        0x4 .build/obj_planck_rev6_drop/lib/chibios/os/rt/src/chsys.o
                0x000000000800677c                chSysTimerHandlerI
 .text._vt_init
                0x0000000008006780       0x1c .build/obj_planck_rev6_drop/lib/chibios/os/rt/src/chvt.o
                0x0000000008006780                _vt_init
 .text.chVTDoSetI
                0x000000000800679c       0xb4 .build/obj_planck_rev6_drop/lib/chibios/os/rt/src/chvt.o
                0x000000000800679c                chVTDoSetI
 .text.chVTDoResetI
                0x0000000008006850       0x7c .build/obj_planck_rev6_drop/lib/chibios/os/rt/src/chvt.o
                0x0000000008006850                chVTDoResetI
 .text.chVTDoTickI
                0x00000000080068cc       0x94 .build/obj_planck_rev6_drop/lib/chibios/os/rt/src/chvt.o
                0x00000000080068cc                chVTDoTickI
 .text._scheduler_init
                0x0000000008006960       0x10 .build/obj_planck_rev6_drop/lib/chibios/os/rt/src/chschd.o
                0x0000000008006960                _scheduler_init
 .text.chSchReadyI
                0x0000000008006970       0x20 .build/obj_planck_rev6_drop/lib/chibios/os/rt/src/chschd.o
                0x0000000008006970                chSchReadyI
 .text.wakeup   0x0000000008006990       0x42 .build/obj_planck_rev6_drop/lib/chibios/os/rt/src/chschd.o
 *fill*         0x00000000080069d2        0x2 
 .text.chSchReadyAheadI
                0x00000000080069d4       0x20 .build/obj_planck_rev6_drop/lib/chibios/os/rt/src/chschd.o
                0x00000000080069d4                chSchReadyAheadI
 .text.chSchGoSleepS
                0x00000000080069f4       0x1c .build/obj_planck_rev6_drop/lib/chibios/os/rt/src/chschd.o
                0x00000000080069f4                chSchGoSleepS
 .text.chSchGoSleepTimeoutS
                0x0000000008006a10       0x3c .build/obj_planck_rev6_drop/lib/chibios/os/rt/src/chschd.o
                0x0000000008006a10                chSchGoSleepTimeoutS
 .text.chSchWakeupS
                0x0000000008006a4c       0x38 .build/obj_planck_rev6_drop/lib/chibios/os/rt/src/chschd.o
                0x0000000008006a4c                chSchWakeupS
 .text.chSchIsPreemptionRequired
                0x0000000008006a84       0x18 .build/obj_planck_rev6_drop/lib/chibios/os/rt/src/chschd.o
                0x0000000008006a84                chSchIsPreemptionRequired
 .text.chSchDoRescheduleAhead
                0x0000000008006a9c       0x28 .build/obj_planck_rev6_drop/lib/chibios/os/rt/src/chschd.o
                0x0000000008006a9c                chSchDoRescheduleAhead