Archive member included to satisfy reference by file (symbol)

.build/obj_sofle_rev1_LohseBoi/i2c_master.a(i2c_master.o)
                              .build/obj_sofle_rev1_LohseBoi/ssd1306_sh1106.o (i2c_init)
.build/obj_sofle_rev1_LohseBoi/serial.a(serial.o)
                              .build/obj_sofle_rev1_LohseBoi/quantum/split_common/transport.o (soft_serial_initiator_init)
/usr/lib/gcc/avr/11.2.0/../../../../avr/lib/avr5/libm.a(addsf3.o)
                              .build/obj_sofle_rev1_LohseBoi/quantum/wpm.o (__addsf3)
/usr/lib/gcc/avr/11.2.0/../../../../avr/lib/avr5/libm.a(addsf3x.o)
                              /usr/lib/gcc/avr/11.2.0/../../../../avr/lib/avr5/libm.a(addsf3.o) (__addsf3x)
/usr/lib/gcc/avr/11.2.0/../../../../avr/lib/avr5/libm.a(ceil.o)
                              .build/obj_sofle_rev1_LohseBoi/quantum/wpm.o (ceil)
/usr/lib/gcc/avr/11.2.0/../../../../avr/lib/avr5/libm.a(fixunssfsi.o)
                              .build/obj_sofle_rev1_LohseBoi/quantum/wpm.o (__fixunssfsi)
/usr/lib/gcc/avr/11.2.0/../../../../avr/lib/avr5/libm.a(floatsisf.o)
                              .build/obj_sofle_rev1_LohseBoi/quantum/wpm.o (__floatunsisf)
/usr/lib/gcc/avr/11.2.0/../../../../avr/lib/avr5/libm.a(fp_inf.o)
                              /usr/lib/gcc/avr/11.2.0/../../../../avr/lib/avr5/libm.a(addsf3x.o) (__fp_inf)
/usr/lib/gcc/avr/11.2.0/../../../../avr/lib/avr5/libm.a(fp_mintl.o)
                              /usr/lib/gcc/avr/11.2.0/../../../../avr/lib/avr5/libm.a(ceil.o) (__fp_mintl)
/usr/lib/gcc/avr/11.2.0/../../../../avr/lib/avr5/libm.a(fp_mpack.o)
                              /usr/lib/gcc/avr/11.2.0/../../../../avr/lib/avr5/libm.a(ceil.o) (__fp_mpack)
/usr/lib/gcc/avr/11.2.0/../../../../avr/lib/avr5/libm.a(fp_nan.o)
                              /usr/lib/gcc/avr/11.2.0/../../../../avr/lib/avr5/libm.a(addsf3x.o) (__fp_nan)
/usr/lib/gcc/avr/11.2.0/../../../../avr/lib/avr5/libm.a(fp_pscA.o)
                              /usr/lib/gcc/avr/11.2.0/../../../../avr/lib/avr5/libm.a(addsf3x.o) (__fp_pscA)
/usr/lib/gcc/avr/11.2.0/../../../../avr/lib/avr5/libm.a(fp_pscB.o)
                              /usr/lib/gcc/avr/11.2.0/../../../../avr/lib/avr5/libm.a(addsf3x.o) (__fp_pscB)
/usr/lib/gcc/avr/11.2.0/../../../../avr/lib/avr5/libm.a(fp_round.o)
                              /usr/lib/gcc/avr/11.2.0/../../../../avr/lib/avr5/libm.a(addsf3.o) (__fp_round)
/usr/lib/gcc/avr/11.2.0/../../../../avr/lib/avr5/libm.a(fp_split3.o)
                              /usr/lib/gcc/avr/11.2.0/../../../../avr/lib/avr5/libm.a(addsf3x.o) (__fp_split3)
/usr/lib/gcc/avr/11.2.0/../../../../avr/lib/avr5/libm.a(fp_trunc.o)
                              /usr/lib/gcc/avr/11.2.0/../../../../avr/lib/avr5/libm.a(ceil.o) (__fp_trunc)
/usr/lib/gcc/avr/11.2.0/../../../../avr/lib/avr5/libm.a(fp_zero.o)
                              /usr/lib/gcc/avr/11.2.0/../../../../avr/lib/avr5/libm.a(addsf3x.o) (__fp_zero)
/usr/lib/gcc/avr/11.2.0/../../../../avr/lib/avr5/libm.a(mulsf3.o)
                              .build/obj_sofle_rev1_LohseBoi/quantum/wpm.o (__mulsf3)
/usr/lib/gcc/avr/11.2.0/../../../../avr/lib/avr5/libm.a(mulsf3x.o)
                              /usr/lib/gcc/avr/11.2.0/../../../../avr/lib/avr5/libm.a(mulsf3.o) (__mulsf3x)
/usr/lib/gcc/avr/11.2.0/avr5/libgcc.a(_udivmodqi4.o)
                              .build/obj_sofle_rev1_LohseBoi/keyboards/sofle/keymaps/LohseBoi/keymap.o (__udivmodqi4)
/usr/lib/gcc/avr/11.2.0/avr5/libgcc.a(_udivmodhi4.o)
                              .build/obj_sofle_rev1_LohseBoi/ssd1306_sh1106.o (__udivmodhi4)
/usr/lib/gcc/avr/11.2.0/avr5/libgcc.a(_divmodhi4.o)
                              .build/obj_sofle_rev1_LohseBoi/keyboards/sofle/keymaps/LohseBoi/keymap.o (__divmodhi4)
/usr/lib/gcc/avr/11.2.0/avr5/libgcc.a(_divmodsi4.o)
                              .build/obj_sofle_rev1_LohseBoi/quantum/wpm.o (__divmodsi4)
/usr/lib/gcc/avr/11.2.0/avr5/libgcc.a(_negsi2.o)
                              /usr/lib/gcc/avr/11.2.0/avr5/libgcc.a(_divmodsi4.o) (__negsi2)
/usr/lib/gcc/avr/11.2.0/avr5/libgcc.a(_exit.o)
                              /usr/lib/gcc/avr/11.2.0/../../../../avr/lib/avr5/crtatmega32u4.o (exit)
/usr/lib/gcc/avr/11.2.0/avr5/libgcc.a(_tablejump2.o)
                              .build/obj_sofle_rev1_LohseBoi/keyboards/sofle/keymaps/LohseBoi/keymap.o (__tablejump2__)
/usr/lib/gcc/avr/11.2.0/avr5/libgcc.a(_copy_data.o)
                              .build/obj_sofle_rev1_LohseBoi/keyboards/sofle/keymaps/LohseBoi/keymap.o (__do_copy_data)
/usr/lib/gcc/avr/11.2.0/avr5/libgcc.a(_clear_bss.o)
                              .build/obj_sofle_rev1_LohseBoi/keyboards/sofle/keymaps/LohseBoi/keymap.o (__do_clear_bss)
/usr/lib/gcc/avr/11.2.0/avr5/libgcc.a(_popcounthi2.o)
                              .build/obj_sofle_rev1_LohseBoi/quantum/bitwise.o (__popcounthi2)
/usr/lib/gcc/avr/11.2.0/avr5/libgcc.a(_popcountsi2.o)
                              .build/obj_sofle_rev1_LohseBoi/quantum/bitwise.o (__popcountsi2)
[...]
Memory Configuration

Name             Origin             Length             Attributes
text             0x0000000000000000 0x0000000000020000 xr
data             0x0000000000800060 0x000000000000ffa0 rw !x
eeprom           0x0000000000810000 0x0000000000010000 rw !x
fuse             0x0000000000820000 0x0000000000000400 rw !x
lock             0x0000000000830000 0x0000000000000400 rw !x
signature        0x0000000000840000 0x0000000000000400 rw !x
user_signatures  0x0000000000850000 0x0000000000000400 rw !x
*default*        0x0000000000000000 0xffffffffffffffff

Linker script and memory map

Address of section .data set to 0x800100
LOAD /usr/lib/gcc/avr/11.2.0/../../../../avr/lib/avr5/crtatmega32u4.o
LOAD .build/obj_sofle_rev1_LohseBoi/keyboards/sofle/sofle.o
LOAD .build/obj_sofle_rev1_LohseBoi/keyboards/sofle/rev1/rev1.o
LOAD .build/obj_sofle_rev1_LohseBoi/keyboards/sofle/keymaps/LohseBoi/keymap.o
LOAD .build/obj_sofle_rev1_LohseBoi/quantum/quantum.o
LOAD .build/obj_sofle_rev1_LohseBoi/quantum/send_string.o
LOAD .build/obj_sofle_rev1_LohseBoi/quantum/bitwise.o
LOAD .build/obj_sofle_rev1_LohseBoi/quantum/led.o
LOAD .build/obj_sofle_rev1_LohseBoi/quantum/action.o
LOAD .build/obj_sofle_rev1_LohseBoi/quantum/action_layer.o
LOAD .build/obj_sofle_rev1_LohseBoi/quantum/action_macro.o
LOAD .build/obj_sofle_rev1_LohseBoi/quantum/action_tapping.o
LOAD .build/obj_sofle_rev1_LohseBoi/quantum/action_util.o
LOAD .build/obj_sofle_rev1_LohseBoi/quantum/eeconfig.o
LOAD .build/obj_sofle_rev1_LohseBoi/quantum/keyboard.o
LOAD .build/obj_sofle_rev1_LohseBoi/quantum/keymap_common.o
LOAD .build/obj_sofle_rev1_LohseBoi/quantum/keycode_config.o
LOAD .build/obj_sofle_rev1_LohseBoi/quantum/logging/debug.o
LOAD .build/obj_sofle_rev1_LohseBoi/quantum/logging/sendchar.o
LOAD .build/obj_sofle_rev1_LohseBoi/quantum/bootmagic/magic.o
LOAD .build/obj_sofle_rev1_LohseBoi/quantum/matrix_common.o
LOAD .build/obj_sofle_rev1_LohseBoi/quantum/matrix.o
LOAD .build/obj_sofle_rev1_LohseBoi/quantum/debounce/sym_defer_g.o
LOAD .build/obj_sofle_rev1_LohseBoi/quantum/split_common/split_util.o
LOAD .build/obj_sofle_rev1_LohseBoi/quantum/split_common/transport.o
LOAD .build/obj_sofle_rev1_LohseBoi/quantum/split_common/transactions.o
LOAD .build/obj_sofle_rev1_LohseBoi/quantum/main.o
LOAD .build/obj_sofle_rev1_LohseBoi/quantum/wpm.o
LOAD .build/obj_sofle_rev1_LohseBoi/quantum/encoder.o
LOAD .build/obj_sofle_rev1_LohseBoi/crc.o
LOAD .build/obj_sofle_rev1_LohseBoi/ssd1306_sh1106.o
LOAD .build/obj_sofle_rev1_LohseBoi/quantum/process_keycode/process_space_cadet.o
LOAD .build/obj_sofle_rev1_LohseBoi/quantum/process_keycode/process_magic.o
LOAD .build/obj_sofle_rev1_LohseBoi/quantum/process_keycode/process_grave_esc.o
LOAD .build/obj_sofle_rev1_LohseBoi/i2c_master.a
LOAD .build/obj_sofle_rev1_LohseBoi/i2c_slave.a
LOAD .build/obj_sofle_rev1_LohseBoi/serial.a
LOAD .build/obj_sofle_rev1_LohseBoi/common/host.o
LOAD .build/obj_sofle_rev1_LohseBoi/common/report.o
LOAD .build/obj_sofle_rev1_LohseBoi/common/sync_timer.o
LOAD .build/obj_sofle_rev1_LohseBoi/common/usb_util.o
LOAD .build/obj_sofle_rev1_LohseBoi/common/avr/platform.o
LOAD .build/obj_sofle_rev1_LohseBoi/common/avr/suspend.o
LOAD .build/obj_sofle_rev1_LohseBoi/common/avr/timer.o
LOAD .build/obj_sofle_rev1_LohseBoi/common/avr/bootloader.o
LOAD .build/obj_sofle_rev1_LohseBoi/common/avr/xprintf.o
LOAD .build/obj_sofle_rev1_LohseBoi/common/avr/printf.o
LOAD .build/obj_sofle_rev1_LohseBoi/lufa.o
LOAD .build/obj_sofle_rev1_LohseBoi/usb_descriptor.o
LOAD .build/obj_sofle_rev1_LohseBoi/lib/lufa/LUFA/Drivers/USB/Class/Common/HIDParser.o
LOAD .build/obj_sofle_rev1_LohseBoi/lib/lufa/LUFA/Drivers/USB/Core/AVR8/Device_AVR8.o
LOAD .build/obj_sofle_rev1_LohseBoi/lib/lufa/LUFA/Drivers/USB/Core/AVR8/EndpointStream_AVR8.o
LOAD .build/obj_sofle_rev1_LohseBoi/lib/lufa/LUFA/Drivers/USB/Core/AVR8/Endpoint_AVR8.o
LOAD .build/obj_sofle_rev1_LohseBoi/lib/lufa/LUFA/Drivers/USB/Core/AVR8/Host_AVR8.o
LOAD .build/obj_sofle_rev1_LohseBoi/lib/lufa/LUFA/Drivers/USB/Core/AVR8/PipeStream_AVR8.o
LOAD .build/obj_sofle_rev1_LohseBoi/lib/lufa/LUFA/Drivers/USB/Core/AVR8/Pipe_AVR8.o
LOAD .build/obj_sofle_rev1_LohseBoi/lib/lufa/LUFA/Drivers/USB/Core/AVR8/USBController_AVR8.o
LOAD .build/obj_sofle_rev1_LohseBoi/lib/lufa/LUFA/Drivers/USB/Core/AVR8/USBInterrupt_AVR8.o
LOAD .build/obj_sofle_rev1_LohseBoi/lib/lufa/LUFA/Drivers/USB/Core/ConfigDescriptors.o
LOAD .build/obj_sofle_rev1_LohseBoi/lib/lufa/LUFA/Drivers/USB/Core/DeviceStandardReq.o
LOAD .build/obj_sofle_rev1_LohseBoi/lib/lufa/LUFA/Drivers/USB/Core/Events.o
LOAD .build/obj_sofle_rev1_LohseBoi/lib/lufa/LUFA/Drivers/USB/Core/HostStandardReq.o
LOAD .build/obj_sofle_rev1_LohseBoi/lib/lufa/LUFA/Drivers/USB/Core/USBTask.o
LOAD .build/obj_sofle_rev1_LohseBoi/protocol/lufa/usb_util.o
LOAD /usr/lib/gcc/avr/11.2.0/../../../../avr/lib/avr5/libm.a
START GROUP
LOAD /usr/lib/gcc/avr/11.2.0/avr5/libgcc.a
LOAD /usr/lib/gcc/avr/11.2.0/../../../../avr/lib/avr5/libm.a
LOAD /usr/lib/gcc/avr/11.2.0/../../../../avr/lib/avr5/libc.a
LOAD /usr/lib/gcc/avr/11.2.0/../../../../avr/lib/avr5/libatmega32u4.a
END GROUP
                0x0000000000020000                __TEXT_REGION_LENGTH__ = DEFINED (__TEXT_REGION_LENGTH__)?__TEXT_REGION_LENGTH__:0x20000
                0x000000000000ffa0                __DATA_REGION_LENGTH__ = DEFINED (__DATA_REGION_LENGTH__)?__DATA_REGION_LENGTH__:0xffa0
                0x0000000000010000                __EEPROM_REGION_LENGTH__ = DEFINED (__EEPROM_REGION_LENGTH__)?__EEPROM_REGION_LENGTH__:0x10000
                0x0000000000000400                __FUSE_REGION_LENGTH__ = DEFINED (__FUSE_REGION_LENGTH__)?__FUSE_REGION_LENGTH__:0x400
                0x0000000000000400                __LOCK_REGION_LENGTH__ = DEFINED (__LOCK_REGION_LENGTH__)?__LOCK_REGION_LENGTH__:0x400
                0x0000000000000400                __SIGNATURE_REGION_LENGTH__ = DEFINED (__SIGNATURE_REGION_LENGTH__)?__SIGNATURE_REGION_LENGTH__:0x400
                0x0000000000000400                __USER_SIGNATURE_REGION_LENGTH__ = DEFINED (__USER_SIGNATURE_REGION_LENGTH__)?__USER_SIGNATURE_REGION_LENGTH__:0x400

.hash
 *(.hash)

.dynsym
 *(.dynsym)

.dynstr
 *(.dynstr)

.gnu.version
 *(.gnu.version)

.gnu.version_d
 *(.gnu.version_d)

.gnu.version_r
 *(.gnu.version_r)

.rel.init
 *(.rel.init)

.rela.init
 *(.rela.init)

.rel.text
 *(.rel.text)
 *(.rel.text.*)
 *(.rel.gnu.linkonce.t*)

.rela.text
 *(.rela.text)
 *(.rela.text.*)
 *(.rela.gnu.linkonce.t*)

.rel.fini
 *(.rel.fini)

.rela.fini
 *(.rela.fini)

.rel.rodata
 *(.rel.rodata)
 *(.rel.rodata.*)
 *(.rel.gnu.linkonce.r*)

.rela.rodata
 *(.rela.rodata)
 *(.rela.rodata.*)
 *(.rela.gnu.linkonce.r*)

.rel.data
 *(.rel.data)
 *(.rel.data.*)
 *(.rel.gnu.linkonce.d*)

.rela.data
 *(.rela.data)
 *(.rela.data.*)
 *(.rela.gnu.linkonce.d*)

.rel.ctors
 *(.rel.ctors)

.rela.ctors
 *(.rela.ctors)

.rel.dtors
 *(.rel.dtors)

.rela.dtors
 *(.rela.dtors)

.rel.got
 *(.rel.got)

.rela.got
 *(.rela.got)

.rel.bss
 *(.rel.bss)

.rela.bss
 *(.rela.bss)

.rel.plt
 *(.rel.plt)

.rela.plt
 *(.rela.plt)

.text           0x0000000000000000     0x6938
 *(.vectors)
 .vectors       0x0000000000000000       0xac /usr/lib/gcc/avr/11.2.0/../../../../avr/lib/avr5/crtatmega32u4.o
                0x0000000000000000                __vectors
                0x0000000000000000                __vector_default
 *(.vectors)
 *(.progmem.gcc*)
                0x00000000000000ac                . = ALIGN (0x2)
                0x00000000000000ac                __trampolines_start = .
 *(.trampolines)
 .trampolines   0x00000000000000ac        0x0 linker stubs
 *(.trampolines*)
                0x00000000000000ac                __trampolines_end = .
 *libprintf_flt.a:*(.progmem.data)
 *libc.a:*(.progmem.data)
 *(.progmem.*)
 .progmem.data.hand_swap_config
                0x00000000000000ac       0x78 .build/obj_sofle_rev1_LohseBoi/keyboards/sofle/sofle.o
                0x00000000000000ac                hand_swap_config
 .progmem.data.__c.0
                0x0000000000000124        0x4 .build/obj_sofle_rev1_LohseBoi/keyboards/sofle/keymaps/LohseBoi/keymap.o
 .progmem.data.__c.1
                0x0000000000000128        0x4 .build/obj_sofle_rev1_LohseBoi/keyboards/sofle/keymaps/LohseBoi/keymap.o
 .progmem.data.__c.2
                0x000000000000012c        0x4 .build/obj_sofle_rev1_LohseBoi/keyboards/sofle/keymaps/LohseBoi/keymap.o
 .progmem.data.__c.3
                0x0000000000000130        0x4 .build/obj_sofle_rev1_LohseBoi/keyboards/sofle/keymaps/LohseBoi/keymap.o
 .progmem.data.__c.4
                0x0000000000000134       0x15 .build/obj_sofle_rev1_LohseBoi/keyboards/sofle/keymaps/LohseBoi/keymap.o
 .progmem.data.__c.5
                0x0000000000000149        0x5 .build/obj_sofle_rev1_LohseBoi/keyboards/sofle/keymaps/LohseBoi/keymap.o
 .progmem.data.__c.6
                0x000000000000014e        0x3 .build/obj_sofle_rev1_LohseBoi/keyboards/sofle/keymaps/LohseBoi/keymap.o
 .progmem.data.__c.7
                0x0000000000000151        0x6 .build/obj_sofle_rev1_LohseBoi/keyboards/sofle/keymaps/LohseBoi/keymap.o
 .progmem.data.__c.8
                0x0000000000000157        0x4 .build/obj_sofle_rev1_LohseBoi/keyboards/sofle/keymaps/LohseBoi/keymap.o
 .progmem.data.__c.9
                0x000000000000015b        0x7 .build/obj_sofle_rev1_LohseBoi/keyboards/sofle/keymaps/LohseBoi/keymap.o
 .progmem.data.__c.10
                0x0000000000000162        0x5 .build/obj_sofle_rev1_LohseBoi/keyboards/sofle/keymaps/LohseBoi/keymap.o
 .progmem.data.__c.11
                0x0000000000000167        0x5 .build/obj_sofle_rev1_LohseBoi/keyboards/sofle/keymaps/LohseBoi/keymap.o
 .progmem.data.__c.12
                0x000000000000016c        0x5 .build/obj_sofle_rev1_LohseBoi/keyboards/sofle/keymaps/LohseBoi/keymap.o
 .progmem.data.__c.13
                0x0000000000000171        0x7 .build/obj_sofle_rev1_LohseBoi/keyboards/sofle/keymaps/LohseBoi/keymap.o
 .progmem.data.__c.14
                0x0000000000000178        0x6 .build/obj_sofle_rev1_LohseBoi/keyboards/sofle/keymaps/LohseBoi/keymap.o
 .progmem.data.__c.15
                0x000000000000017e        0x6 .build/obj_sofle_rev1_LohseBoi/keyboards/sofle/keymaps/LohseBoi/keymap.o
 .progmem.data.__c.16
                0x0000000000000184        0x3 .build/obj_sofle_rev1_LohseBoi/keyboards/sofle/keymaps/LohseBoi/keymap.o
 .progmem.data.__c.17
                0x0000000000000187        0x6 .build/obj_sofle_rev1_LohseBoi/keyboards/sofle/keymaps/LohseBoi/keymap.o
 .progmem.data.__c.18
                0x000000000000018d        0x6 .build/obj_sofle_rev1_LohseBoi/keyboards/sofle/keymaps/LohseBoi/keymap.o
 .progmem.data.__c.19
                0x0000000000000193        0x6 .build/obj_sofle_rev1_LohseBoi/keyboards/sofle/keymaps/LohseBoi/keymap.o
 .progmem.data.__c.20
                0x0000000000000199        0x4 .build/obj_sofle_rev1_LohseBoi/keyboards/sofle/keymaps/LohseBoi/keymap.o
 .progmem.data.__c.21
                0x000000000000019d        0x4 .build/obj_sofle_rev1_LohseBoi/keyboards/sofle/keymaps/LohseBoi/keymap.o
 .progmem.data.__c.22
                0x00000000000001a1        0x1 .build/obj_sofle_rev1_LohseBoi/keyboards/sofle/keymaps/LohseBoi/keymap.o
 .progmem.data.__c.23
                0x00000000000001a2        0x5 .build/obj_sofle_rev1_LohseBoi/keyboards/sofle/keymaps/LohseBoi/keymap.o
 .progmem.data.__c.24
                0x00000000000001a7        0x3 .build/obj_sofle_rev1_LohseBoi/keyboards/sofle/keymaps/LohseBoi/keymap.o
 .progmem.data.keymaps
                0x00000000000001aa      0x258 .build/obj_sofle_rev1_LohseBoi/keyboards/sofle/keymaps/LohseBoi/keymap.o
                0x00000000000001aa                keymaps
 .progmem.data.ascii_to_keycode_lut
                0x0000000000000402       0x80 .build/obj_sofle_rev1_LohseBoi/quantum/send_string.o
                0x0000000000000402                ascii_to_keycode_lut
 .progmem.data.ascii_to_dead_lut
                0x0000000000000482       0x10 .build/obj_sofle_rev1_LohseBoi/quantum/send_string.o
                0x0000000000000482                ascii_to_dead_lut
 .progmem.data.ascii_to_altgr_lut
                0x0000000000000492       0x10 .build/obj_sofle_rev1_LohseBoi/quantum/send_string.o
                0x0000000000000492                ascii_to_altgr_lut
 .progmem.data.ascii_to_shift_lut
                0x00000000000004a2       0x10 .build/obj_sofle_rev1_LohseBoi/quantum/send_string.o
                0x00000000000004a2                ascii_to_shift_lut
 .progmem.data.display_off.4
                0x00000000000004b2        0x2 .build/obj_sofle_rev1_LohseBoi/ssd1306_sh1106.o
 .progmem.data.display_on.5
                0x00000000000004b4        0x2 .build/obj_sofle_rev1_LohseBoi/ssd1306_sh1106.o
 .progmem.data.display_setup2.11
                0x00000000000004b6        0xd .build/obj_sofle_rev1_LohseBoi/ssd1306_sh1106.o
 .progmem.data.display_flipped.12
                0x00000000000004c3        0x3 .build/obj_sofle_rev1_LohseBoi/ssd1306_sh1106.o
 .progmem.data.display_normal.13
                0x00000000000004c6        0x3 .build/obj_sofle_rev1_LohseBoi/ssd1306_sh1106.o
 .progmem.data.display_setup1.14
                0x00000000000004c9        0xd .build/obj_sofle_rev1_LohseBoi/ssd1306_sh1106.o
 .progmem.data.font
                0x00000000000004d6      0x540 .build/obj_sofle_rev1_LohseBoi/ssd1306_sh1106.o
 .progmem.data.ProductString
                0x0000000000000a16        0xe .build/obj_sofle_rev1_LohseBoi/usb_descriptor.o
                0x0000000000000a16                ProductString
 .progmem.data.ManufacturerString
                0x0000000000000a24       0x1c .build/obj_sofle_rev1_LohseBoi/usb_descriptor.o
                0x0000000000000a24                ManufacturerString
 .progmem.data.LanguageString
                0x0000000000000a40        0x4 .build/obj_sofle_rev1_LohseBoi/usb_descriptor.o
                0x0000000000000a40                LanguageString
 .progmem.data.ConfigurationDescriptor
                0x0000000000000a44       0x3b .build/obj_sofle_rev1_LohseBoi/usb_descriptor.o
                0x0000000000000a44                ConfigurationDescriptor
 .progmem.data.DeviceDescriptor
                0x0000000000000a7f       0x12 .build/obj_sofle_rev1_LohseBoi/usb_descriptor.o
                0x0000000000000a7f                DeviceDescriptor
 .progmem.data.SharedReport
                0x0000000000000a91       0x32 .build/obj_sofle_rev1_LohseBoi/usb_descriptor.o
                0x0000000000000a91                SharedReport
 .progmem.data.KeyboardReport
                0x0000000000000ac3       0x40 .build/obj_sofle_rev1_LohseBoi/usb_descriptor.o
                0x0000000000000ac3                KeyboardReport
                0x0000000000000b04                . = ALIGN (0x2)
 *fill*         0x0000000000000b03        0x1 
 *(.lowtext)
 *(.lowtext*)
                0x0000000000000b04                __ctors_start = .
 *(.ctors)
                0x0000000000000b04                __ctors_end = .
                0x0000000000000b04                __dtors_start = .
 *(.dtors)
                0x0000000000000b04                __dtors_end = .
 SORT_BY_NAME(*)(.ctors)
 SORT_BY_NAME(*)(.dtors)
 *(.init0)
 .init0         0x0000000000000b04        0x0 /usr/lib/gcc/avr/11.2.0/../../../../avr/lib/avr5/crtatmega32u4.o
                0x0000000000000b04                __init
 *(.init0)
 *(.init1)
 *(.init1)
 *(.init2)
 .init2         0x0000000000000b04        0xc /usr/lib/gcc/avr/11.2.0/../../../../avr/lib/avr5/crtatmega32u4.o
 *(.init2)
 *(.init3)
 .init3         0x0000000000000b10       0x54 .build/obj_sofle_rev1_LohseBoi/common/avr/bootloader.o
                0x0000000000000b10                bootloader_jump_after_watchdog_reset
 *(.init3)
 *(.init4)
 .init4         0x0000000000000b64       0x16 /usr/lib/gcc/avr/11.2.0/avr5/libgcc.a(_copy_data.o)
                0x0000000000000b64                __do_copy_data
 .init4         0x0000000000000b7a       0x10 /usr/lib/gcc/avr/11.2.0/avr5/libgcc.a(_clear_bss.o)
                0x0000000000000b7a                __do_clear_bss
 *(.init4)
 *(.init5)
 *(.init5)
 *(.init6)
 *(.init6)
 *(.init7)
 *(.init7)
 *(.init8)
 *(.init8)
 *(.init9)
 .init9         0x0000000000000b8a        0x8 /usr/lib/gcc/avr/11.2.0/../../../../avr/lib/avr5/crtatmega32u4.o
 *(.init9)
 *(.text)
 .text          0x0000000000000b92        0x4 /usr/lib/gcc/avr/11.2.0/../../../../avr/lib/avr5/crtatmega32u4.o
                0x0000000000000b92                __vector_38
                0x0000000000000b92                __vector_22
                0x0000000000000b92                __vector_28
                0x0000000000000b92                __vector_1
                0x0000000000000b92                __vector_32
                0x0000000000000b92                __vector_34
                0x0000000000000b92                __vector_24
                0x0000000000000b92                __bad_interrupt
                0x0000000000000b92                __vector_6
                0x0000000000000b92                __vector_31
                0x0000000000000b92                __vector_35
                0x0000000000000b92                __vector_39
                0x0000000000000b92                __vector_23
                0x0000000000000b92                __vector_30
                0x0000000000000b92                __vector_25
                0x0000000000000b92                __vector_13
                0x0000000000000b92                __vector_17
                0x0000000000000b92                __vector_19
                0x0000000000000b92                __vector_7
                0x0000000000000b92                __vector_41
                0x0000000000000b92                __vector_27
                0x0000000000000b92                __vector_5
                0x0000000000000b92                __vector_33
                0x0000000000000b92                __vector_37
                0x0000000000000b92                __vector_4
                0x0000000000000b92                __vector_9
                0x0000000000000b92                __vector_2
                0x0000000000000b92                __vector_15
                0x0000000000000b92                __vector_36
                0x0000000000000b92                __vector_29
                0x0000000000000b92                __vector_40
                0x0000000000000b92                __vector_8
                0x0000000000000b92                __vector_26
                0x0000000000000b92                __vector_14
                0x0000000000000b92                __vector_16
                0x0000000000000b92                __vector_18
                0x0000000000000b92                __vector_20
                0x0000000000000b92                __vector_42
                0x0000000000000b96                . = ALIGN (0x2)
 *(.text.*)
 .text.oled_init_user
                0x0000000000000b96        0x4 .build/obj_sofle_rev1_LohseBoi/keyboards/sofle/keymaps/LohseBoi/keymap.o
                0x0000000000000b96                oled_init_user
 .text.oled_task_user
                0x0000000000000b9a      0x254 .build/obj_sofle_rev1_LohseBoi/keyboards/sofle/keymaps/LohseBoi/keymap.o
                0x0000000000000b9a                oled_task_user
 .text.process_record_user
                0x0000000000000dee      0x136 .build/obj_sofle_rev1_LohseBoi/keyboards/sofle/keymaps/LohseBoi/keymap.o
                0x0000000000000dee                process_record_user
 .text.matrix_scan_user
                0x0000000000000f24       0x44 .build/obj_sofle_rev1_LohseBoi/keyboards/sofle/keymaps/LohseBoi/keymap.o
                0x0000000000000f24                matrix_scan_user
 .text.encoder_update_user
                0x0000000000000f68       0x50 .build/obj_sofle_rev1_LohseBoi/keyboards/sofle/keymaps/LohseBoi/keymap.o
                0x0000000000000f68                encoder_update_user
 .text.process_action_kb
                0x0000000000000fb8        0x4 .build/obj_sofle_rev1_LohseBoi/quantum/quantum.o
                0x0000000000000fb8                process_action_kb
 .text.process_record_kb
                0x0000000000000fbc        0x4 .build/obj_sofle_rev1_LohseBoi/quantum/quantum.o
                0x0000000000000fbc                process_record_kb
 .text.post_process_record_user
                0x0000000000000fc0        0x2 .build/obj_sofle_rev1_LohseBoi/quantum/quantum.o
                0x0000000000000fc0                post_process_record_user
 .text.post_process_record_kb
                0x0000000000000fc2        0x4 .build/obj_sofle_rev1_LohseBoi/quantum/quantum.o
                0x0000000000000fc2                post_process_record_kb
 .text.get_event_keycode
                0x0000000000000fc6       0x66 .build/obj_sofle_rev1_LohseBoi/quantum/quantum.o
                0x0000000000000fc6                get_event_keycode
 .text.get_record_keycode
                0x000000000000102c       0x12 .build/obj_sofle_rev1_LohseBoi/quantum/quantum.o
                0x000000000000102c                get_record_keycode
 .text.pre_process_record_quantum
                0x000000000000103e        0x4 .build/obj_sofle_rev1_LohseBoi/quantum/quantum.o
                0x000000000000103e                pre_process_record_quantum
 .text.post_process_record_quantum
                0x0000000000001042       0x1a .build/obj_sofle_rev1_LohseBoi/quantum/quantum.o
                0x0000000000001042                post_process_record_quantum
 .text.set_single_persistent_default_layer
                0x000000000000105c       0x54 .build/obj_sofle_rev1_LohseBoi/quantum/quantum.o
                0x000000000000105c                set_single_persistent_default_layer
 .text.update_tri_layer_state
                0x00000000000010b0       0xdc .build/obj_sofle_rev1_LohseBoi/quantum/quantum.o
                0x00000000000010b0                update_tri_layer_state
 .text.update_tri_layer
                0x000000000000118c       0x4a .build/obj_sofle_rev1_LohseBoi/quantum/quantum.o
                0x000000000000118c                update_tri_layer
 .text.matrix_init_quantum
                0x00000000000011d6        0xc .build/obj_sofle_rev1_LohseBoi/quantum/quantum.o
                0x00000000000011d6                matrix_init_quantum
 .text.matrix_scan_quantum
                0x00000000000011e2        0x8 .build/obj_sofle_rev1_LohseBoi/quantum/quantum.o
                0x00000000000011e2                matrix_scan_quantum
 .text.shutdown_user
                0x00000000000011ea        0x2 .build/obj_sofle_rev1_LohseBoi/quantum/quantum.o
                0x00000000000011ea                shutdown_user
 .text.reset_keyboard
                0x00000000000011ec       0x1e .build/obj_sofle_rev1_LohseBoi/quantum/quantum.o
                0x00000000000011ec                reset_keyboard
 .text.process_record_quantum
                0x000000000000120a       0xb4 .build/obj_sofle_rev1_LohseBoi/quantum/quantum.o
                0x000000000000120a                process_record_quantum
 .text.send_char
                0x00000000000012be       0xcc .build/obj_sofle_rev1_LohseBoi/quantum/send_string.o
                0x00000000000012be                send_char
 .text.send_string_with_delay_P
                0x000000000000138a       0xd8 .build/obj_sofle_rev1_LohseBoi/quantum/send_string.o
                0x000000000000138a                send_string_with_delay_P
 .text.send_string_P
                0x0000000000001462        0x6 .build/obj_sofle_rev1_LohseBoi/quantum/send_string.o
                0x0000000000001462                send_string_P
 .text.biton32  0x0000000000001468       0x96 .build/obj_sofle_rev1_LohseBoi/quantum/bitwise.o
                0x0000000000001468                biton32
 .text.led_set_user
                0x00000000000014fe        0x2 .build/obj_sofle_rev1_LohseBoi/quantum/led.o
                0x00000000000014fe                led_set_user
 .text.led_set_kb
                0x0000000000001500        0x4 .build/obj_sofle_rev1_LohseBoi/quantum/led.o
                0x0000000000001500                led_set_kb
 .text.led_update_user
                0x0000000000001504        0x4 .build/obj_sofle_rev1_LohseBoi/quantum/led.o
                0x0000000000001504                led_update_user
 .text.led_update_kb
                0x0000000000001508        0x4 .build/obj_sofle_rev1_LohseBoi/quantum/led.o
                0x0000000000001508                led_update_kb
 .text.led_init_ports
                0x000000000000150c        0x2 .build/obj_sofle_rev1_LohseBoi/quantum/led.o
                0x000000000000150c                led_init_ports
 .text.led_set  0x000000000000150e       0x10 .build/obj_sofle_rev1_LohseBoi/quantum/led.o
                0x000000000000150e                led_set
 .text.process_hand_swap
                0x000000000000151e       0x6a .build/obj_sofle_rev1_LohseBoi/quantum/action.o
                0x000000000000151e                process_hand_swap
 .text.action_exec
                0x0000000000001588       0xa6 .build/obj_sofle_rev1_LohseBoi/quantum/action.o
                0x0000000000001588                action_exec
 .text.process_record_tap_hint
                0x000000000000162e       0x28 .build/obj_sofle_rev1_LohseBoi/quantum/action.o
                0x000000000000162e                process_record_tap_hint
 .text.register_code
                0x0000000000001656       0x88 .build/obj_sofle_rev1_LohseBoi/quantum/action.o
                0x0000000000001656                register_code
 .text.unregister_code
                0x00000000000016de       0x50 .build/obj_sofle_rev1_LohseBoi/quantum/action.o
                0x00000000000016de                unregister_code
 .text.tap_code_delay
                0x000000000000172e       0x2e .build/obj_sofle_rev1_LohseBoi/quantum/action.o
                0x000000000000172e                tap_code_delay
 .text.tap_code
                0x000000000000175c       0x10 .build/obj_sofle_rev1_LohseBoi/quantum/action.o
                0x000000000000175c                tap_code
 .text.register_mods
                0x000000000000176c        0xe .build/obj_sofle_rev1_LohseBoi/quantum/action.o
                0x000000000000176c                register_mods
 .text.unregister_mods
                0x000000000000177a        0xe .build/obj_sofle_rev1_LohseBoi/quantum/action.o
                0x000000000000177a                unregister_mods
 .text.process_action
                0x0000000000001788      0x5a8 .build/obj_sofle_rev1_LohseBoi/quantum/action.o
                0x0000000000001788                process_action
 .text.process_record_handler
                0x0000000000001d30       0x2e .build/obj_sofle_rev1_LohseBoi/quantum/action.o
                0x0000000000001d30                process_record_handler
 .text.process_record
                0x0000000000001d5e       0x50 .build/obj_sofle_rev1_LohseBoi/quantum/action.o
                0x0000000000001d5e                process_record
 .text.clear_keyboard_but_mods_and_keys
                0x0000000000001dae       0x1c .build/obj_sofle_rev1_LohseBoi/quantum/action.o
                0x0000000000001dae                clear_keyboard_but_mods_and_keys
 .text.clear_keyboard_but_mods
                0x0000000000001dca        0x8 .build/obj_sofle_rev1_LohseBoi/quantum/action.o
                0x0000000000001dca                clear_keyboard_but_mods
 .text.clear_keyboard
                0x0000000000001dd2        0x8 .build/obj_sofle_rev1_LohseBoi/quantum/action.o
                0x0000000000001dd2                clear_keyboard
 .text.is_tap_action
                0x0000000000001dda       0x52 .build/obj_sofle_rev1_LohseBoi/quantum/action.o
                0x0000000000001dda                is_tap_action
 .text.is_tap_record
                0x0000000000001e2c        0xe .build/obj_sofle_rev1_LohseBoi/quantum/action.o
                0x0000000000001e2c                is_tap_record
 .text.debug_event
                0x0000000000001e3a       0x1e .build/obj_sofle_rev1_LohseBoi/quantum/action.o
                0x0000000000001e3a                debug_event
 .text.debug_record
                0x0000000000001e58       0x20 .build/obj_sofle_rev1_LohseBoi/quantum/action.o
                0x0000000000001e58                debug_record
 .text.default_layer_state_set_user
                0x0000000000001e78        0x2 .build/obj_sofle_rev1_LohseBoi/quantum/action_layer.o
                0x0000000000001e78                default_layer_state_set_user
 .text.default_layer_state_set_kb
                0x0000000000001e7a        0x4 .build/obj_sofle_rev1_LohseBoi/quantum/action_layer.o
                0x0000000000001e7a                default_layer_state_set_kb
 .text.default_layer_state_set
                0x0000000000001e7e       0x18 .build/obj_sofle_rev1_LohseBoi/quantum/action_layer.o
 .text.default_layer_debug
                0x0000000000001e96        0x2 .build/obj_sofle_rev1_LohseBoi/quantum/action_layer.o
                0x0000000000001e96                default_layer_debug
 .text.default_layer_set
                0x0000000000001e98        0x4 .build/obj_sofle_rev1_LohseBoi/quantum/action_layer.o
                0x0000000000001e98                default_layer_set
 .text.default_layer_or
                0x0000000000001e9c       0x50 .build/obj_sofle_rev1_LohseBoi/quantum/action_layer.o
                0x0000000000001e9c                default_layer_or
 .text.default_layer_and
                0x0000000000001eec       0x50 .build/obj_sofle_rev1_LohseBoi/quantum/action_layer.o
                0x0000000000001eec                default_layer_and
 .text.default_layer_xor
                0x0000000000001f3c       0x50 .build/obj_sofle_rev1_LohseBoi/quantum/action_layer.o
                0x0000000000001f3c                default_layer_xor
 .text.layer_state_set_user
                0x0000000000001f8c        0x4 .build/obj_sofle_rev1_LohseBoi/quantum/action_layer.o
                0x0000000000001f8c                layer_state_set_user
 .text.layer_state_set_kb
                0x0000000000001f90        0x4 .build/obj_sofle_rev1_LohseBoi/quantum/action_layer.o
                0x0000000000001f90                layer_state_set_kb
 .text.layer_state_set
                0x0000000000001f94       0x18 .build/obj_sofle_rev1_LohseBoi/quantum/action_layer.o
                0x0000000000001f94                layer_state_set
 .text.layer_clear
                0x0000000000001fac        0xa .build/obj_sofle_rev1_LohseBoi/quantum/action_layer.o
                0x0000000000001fac                layer_clear
 .text.layer_move
                0x0000000000001fb6       0x4a .build/obj_sofle_rev1_LohseBoi/quantum/action_layer.o
                0x0000000000001fb6                layer_move
 .text.layer_on
                0x0000000000002000       0x62 .build/obj_sofle_rev1_LohseBoi/quantum/action_layer.o
                0x0000000000002000                layer_on
 .text.layer_off
                0x0000000000002062       0x6a .build/obj_sofle_rev1_LohseBoi/quantum/action_layer.o
                0x0000000000002062                layer_off
 .text.layer_invert
                0x00000000000020cc       0x62 .build/obj_sofle_rev1_LohseBoi/quantum/action_layer.o
                0x00000000000020cc                layer_invert
 .text.layer_or
                0x000000000000212e       0x50 .build/obj_sofle_rev1_LohseBoi/quantum/action_layer.o
                0x000000000000212e                layer_or
 .text.layer_and
                0x000000000000217e       0x50 .build/obj_sofle_rev1_LohseBoi/quantum/action_layer.o
                0x000000000000217e                layer_and
 .text.layer_xor
                0x00000000000021ce       0x50 .build/obj_sofle_rev1_LohseBoi/quantum/action_layer.o
                0x00000000000021ce                layer_xor
 .text.layer_debug
                0x000000000000221e        0x2 .build/obj_sofle_rev1_LohseBoi/quantum/action_layer.o
                0x000000000000221e                layer_debug
 .text.update_source_layers_cache
                0x0000000000002220       0x5c .build/obj_sofle_rev1_LohseBoi/quantum/action_layer.o
                0x0000000000002220                update_source_layers_cache
 .text.read_source_layers_cache
                0x000000000000227c       0x52 .build/obj_sofle_rev1_LohseBoi/quantum/action_layer.o
                0x000000000000227c                read_source_layers_cache
 .text.layer_switch_get_layer
                0x00000000000022ce       0x84 .build/obj_sofle_rev1_LohseBoi/quantum/action_layer.o
                0x00000000000022ce                layer_switch_get_layer
 .text.layer_switch_get_action
                0x0000000000002352       0x18 .build/obj_sofle_rev1_LohseBoi/quantum/action_layer.o
                0x0000000000002352                layer_switch_get_action
 .text.store_or_get_action
                0x000000000000236a       0x54 .build/obj_sofle_rev1_LohseBoi/quantum/action_layer.o
                0x000000000000236a                store_or_get_action
 .text.debug_waiting_buffer
                0x00000000000023be       0x42 .build/obj_sofle_rev1_LohseBoi/quantum/action_tapping.o
 .text.debug_tapping_key
                0x0000000000002400       0x1c .build/obj_sofle_rev1_LohseBoi/quantum/action_tapping.o
 .text.waiting_buffer_scan_tap
                0x000000000000241c       0xac .build/obj_sofle_rev1_LohseBoi/quantum/action_tapping.o
 .text.process_tapping
                0x00000000000024c8      0x31e .build/obj_sofle_rev1_LohseBoi/quantum/action_tapping.o
 .text.action_tapping_process
                0x00000000000027e6      0x134 .build/obj_sofle_rev1_LohseBoi/quantum/action_tapping.o
                0x00000000000027e6                action_tapping_process
 .text.add_key  0x000000000000291a        0xe .build/obj_sofle_rev1_LohseBoi/quantum/action_util.o
                0x000000000000291a                add_key
 .text.del_key  0x0000000000002928        0xe .build/obj_sofle_rev1_LohseBoi/quantum/action_util.o
                0x0000000000002928                del_key
 .text.clear_keys
                0x0000000000002936        0xc .build/obj_sofle_rev1_LohseBoi/quantum/action_util.o
                0x0000000000002936                clear_keys
 .text.get_oneshot_layer
                0x0000000000002942        0xc .build/obj_sofle_rev1_LohseBoi/quantum/action_util.o
                0x0000000000002942                get_oneshot_layer
 .text.get_oneshot_layer_state
                0x000000000000294e        0x8 .build/obj_sofle_rev1_LohseBoi/quantum/action_util.o
                0x000000000000294e                get_oneshot_layer_state
 .text.set_oneshot_swaphands
                0x0000000000002956        0xe .build/obj_sofle_rev1_LohseBoi/quantum/action_util.o
                0x0000000000002956                set_oneshot_swaphands
 .text.clear_oneshot_swaphands
                0x0000000000002964        0xa .build/obj_sofle_rev1_LohseBoi/quantum/action_util.o
                0x0000000000002964                clear_oneshot_swaphands
 .text.release_oneshot_swaphands
                0x000000000000296e       0x1a .build/obj_sofle_rev1_LohseBoi/quantum/action_util.o
                0x000000000000296e                release_oneshot_swaphands
 .text.use_oneshot_swaphands
                0x0000000000002988       0x1a .build/obj_sofle_rev1_LohseBoi/quantum/action_util.o
                0x0000000000002988                use_oneshot_swaphands
 .text.is_oneshot_layer_active
                0x00000000000029a2        0xe .build/obj_sofle_rev1_LohseBoi/quantum/action_util.o
                0x00000000000029a2                is_oneshot_layer_active
 .text.oneshot_set
                0x00000000000029b0       0x24 .build/obj_sofle_rev1_LohseBoi/quantum/action_util.o
                0x00000000000029b0                oneshot_set
 .text.oneshot_toggle
                0x00000000000029d4       0x12 .build/obj_sofle_rev1_LohseBoi/quantum/action_util.o
                0x00000000000029d4                oneshot_toggle
 .text.oneshot_enable
                0x00000000000029e6        0x6 .build/obj_sofle_rev1_LohseBoi/quantum/action_util.o
                0x00000000000029e6                oneshot_enable
 .text.oneshot_disable
                0x00000000000029ec        0x6 .build/obj_sofle_rev1_LohseBoi/quantum/action_util.o
                0x00000000000029ec                oneshot_disable
 .text.get_mods
                0x00000000000029f2        0x6 .build/obj_sofle_rev1_LohseBoi/quantum/action_util.o
                0x00000000000029f2                get_mods
 .text.add_mods
                0x00000000000029f8        0xc .build/obj_sofle_rev1_LohseBoi/quantum/action_util.o
                0x00000000000029f8                add_mods
 .text.del_mods
                0x0000000000002a04       0x10 .build/obj_sofle_rev1_LohseBoi/quantum/action_util.o
                0x0000000000002a04                del_mods
 .text.clear_mods
                0x0000000000002a14        0x6 .build/obj_sofle_rev1_LohseBoi/quantum/action_util.o
                0x0000000000002a14                clear_mods
 .text.add_weak_mods
                0x0000000000002a1a        0xc .build/obj_sofle_rev1_LohseBoi/quantum/action_util.o
                0x0000000000002a1a                add_weak_mods
 .text.del_weak_mods
                0x0000000000002a26       0x10 .build/obj_sofle_rev1_LohseBoi/quantum/action_util.o
                0x0000000000002a26                del_weak_mods
 .text.clear_weak_mods
                0x0000000000002a36        0x6 .build/obj_sofle_rev1_LohseBoi/quantum/action_util.o
                0x0000000000002a36                clear_weak_mods
 .text.clear_macro_mods
                0x0000000000002a3c        0x6 .build/obj_sofle_rev1_LohseBoi/quantum/action_util.o
                0x0000000000002a3c                clear_macro_mods
 .text.get_oneshot_mods
                0x0000000000002a42        0x6 .build/obj_sofle_rev1_LohseBoi/quantum/action_util.o
                0x0000000000002a42                get_oneshot_mods
 .text.oneshot_mods_changed_user
                0x0000000000002a48        0x2 .build/obj_sofle_rev1_LohseBoi/quantum/action_util.o
                0x0000000000002a48                oneshot_mods_changed_user
 .text.oneshot_mods_changed_kb
                0x0000000000002a4a        0x4 .build/obj_sofle_rev1_LohseBoi/quantum/action_util.o
                0x0000000000002a4a                oneshot_mods_changed_kb
 .text.set_oneshot_mods
                0x0000000000002a4e       0x1a .build/obj_sofle_rev1_LohseBoi/quantum/action_util.o
                0x0000000000002a4e                set_oneshot_mods
 .text.clear_oneshot_mods
                0x0000000000002a68       0x14 .build/obj_sofle_rev1_LohseBoi/quantum/action_util.o
                0x0000000000002a68                clear_oneshot_mods
 .text.send_keyboard_report
                0x0000000000002a7c       0x66 .build/obj_sofle_rev1_LohseBoi/quantum/action_util.o
                0x0000000000002a7c                send_keyboard_report
 .text.oneshot_layer_changed_user
                0x0000000000002ae2        0x2 .build/obj_sofle_rev1_LohseBoi/quantum/action_util.o
                0x0000000000002ae2                oneshot_layer_changed_user
 .text.oneshot_layer_changed_kb
                0x0000000000002ae4        0x4 .build/obj_sofle_rev1_LohseBoi/quantum/action_util.o
                0x0000000000002ae4                oneshot_layer_changed_kb
 .text.set_oneshot_layer
                0x0000000000002ae8       0x2c .build/obj_sofle_rev1_LohseBoi/quantum/action_util.o
                0x0000000000002ae8                set_oneshot_layer
 .text.reset_oneshot_layer
                0x0000000000002b14        0xa .build/obj_sofle_rev1_LohseBoi/quantum/action_util.o
                0x0000000000002b14                reset_oneshot_layer
 .text.clear_oneshot_layer_state
                0x0000000000002b1e       0x38 .build/obj_sofle_rev1_LohseBoi/quantum/action_util.o
                0x0000000000002b1e                clear_oneshot_layer_state
 .text.eeconfig_is_enabled
                0x0000000000002b56       0x16 .build/obj_sofle_rev1_LohseBoi/quantum/eeconfig.o
                0x0000000000002b56                eeconfig_is_enabled
 .text.eeconfig_read_debug
                0x0000000000002b6c        0x8 .build/obj_sofle_rev1_LohseBoi/quantum/eeconfig.o
                0x0000000000002b6c                eeconfig_read_debug
 .text.eeconfig_read_default_layer
                0x0000000000002b74        0x8 .build/obj_sofle_rev1_LohseBoi/quantum/eeconfig.o
                0x0000000000002b74                eeconfig_read_default_layer
 .text.eeconfig_update_default_layer
                0x0000000000002b7c        0xa .build/obj_sofle_rev1_LohseBoi/quantum/eeconfig.o
                0x0000000000002b7c                eeconfig_update_default_layer
 .text.eeconfig_read_keymap
                0x0000000000002b86       0x1c .build/obj_sofle_rev1_LohseBoi/quantum/eeconfig.o
                0x0000000000002b86                eeconfig_read_keymap
 .text.eeconfig_update_keymap
                0x0000000000002ba2       0x1a .build/obj_sofle_rev1_LohseBoi/quantum/eeconfig.o
                0x0000000000002ba2                eeconfig_update_keymap
 .text.eeconfig_update_kb
                0x0000000000002bbc        0xc .build/obj_sofle_rev1_LohseBoi/quantum/eeconfig.o
                0x0000000000002bbc                eeconfig_update_kb
 .text.eeconfig_update_user
                0x0000000000002bc8        0xc .build/obj_sofle_rev1_LohseBoi/quantum/eeconfig.o
                0x0000000000002bc8                eeconfig_update_user
 .text.eeconfig_init_user
                0x0000000000002bd4        0xa .build/obj_sofle_rev1_LohseBoi/quantum/eeconfig.o
                0x0000000000002bd4                eeconfig_init_user
 .text.eeconfig_init_kb
                0x0000000000002bde        0xe .build/obj_sofle_rev1_LohseBoi/quantum/eeconfig.o
                0x0000000000002bde                eeconfig_init_kb
 .text.eeconfig_init_quantum
                0x0000000000002bec       0xbe .build/obj_sofle_rev1_LohseBoi/quantum/eeconfig.o
                0x0000000000002bec                eeconfig_init_quantum
 .text.eeconfig_init
                0x0000000000002caa        0x4 .build/obj_sofle_rev1_LohseBoi/quantum/eeconfig.o
                0x0000000000002caa                eeconfig_init
 .text.eeconfig_update_handedness
                0x0000000000002cae        0xa .build/obj_sofle_rev1_LohseBoi/quantum/eeconfig.o
                0x0000000000002cae                eeconfig_update_handedness
 .text.last_matrix_activity_trigger
                0x0000000000002cb8       0x26 .build/obj_sofle_rev1_LohseBoi/quantum/keyboard.o
                0x0000000000002cb8                last_matrix_activity_trigger
 .text.last_encoder_activity_trigger
                0x0000000000002cde       0x26 .build/obj_sofle_rev1_LohseBoi/quantum/keyboard.o
                0x0000000000002cde                last_encoder_activity_trigger
 .text.disable_jtag
                0x0000000000002d04        0xe .build/obj_sofle_rev1_LohseBoi/quantum/keyboard.o
                0x0000000000002d04                disable_jtag
 .text.keyboard_pre_init_user
                0x0000000000002d12        0x2 .build/obj_sofle_rev1_LohseBoi/quantum/keyboard.o
                0x0000000000002d12                keyboard_pre_init_user
 .text.matrix_setup
                0x0000000000002d14        0x2 .build/obj_sofle_rev1_LohseBoi/quantum/keyboard.o
                0x0000000000002d14                matrix_setup
 .text.keyboard_pre_init_kb
                0x0000000000002d16        0x4 .build/obj_sofle_rev1_LohseBoi/quantum/keyboard.o
                0x0000000000002d16                keyboard_pre_init_kb
 .text.keyboard_post_init_user
                0x0000000000002d1a        0x2 .build/obj_sofle_rev1_LohseBoi/quantum/keyboard.o
                0x0000000000002d1a                keyboard_post_init_user
 .text.keyboard_post_init_kb
                0x0000000000002d1c        0x4 .build/obj_sofle_rev1_LohseBoi/quantum/keyboard.o
                0x0000000000002d1c                keyboard_post_init_kb
 .text.keyboard_setup
                0x0000000000002d20       0x14 .build/obj_sofle_rev1_LohseBoi/quantum/keyboard.o
                0x0000000000002d20                keyboard_setup
 .text.should_process_keypress
                0x0000000000002d34        0x4 .build/obj_sofle_rev1_LohseBoi/quantum/keyboard.o
                0x0000000000002d34                should_process_keypress
 .text.housekeeping_task_kb
                0x0000000000002d38        0x2 .build/obj_sofle_rev1_LohseBoi/quantum/keyboard.o
                0x0000000000002d38                housekeeping_task_kb
 .text.housekeeping_task_user
                0x0000000000002d3a        0x2 .build/obj_sofle_rev1_LohseBoi/quantum/keyboard.o
                0x0000000000002d3a                housekeeping_task_user
 .text.housekeeping_task
                0x0000000000002d3c        0x8 .build/obj_sofle_rev1_LohseBoi/quantum/keyboard.o
                0x0000000000002d3c                housekeeping_task
 .text.keyboard_init
                0x0000000000002d44       0x1e .build/obj_sofle_rev1_LohseBoi/quantum/keyboard.o
                0x0000000000002d44                keyboard_init
 .text.keyboard_task
                0x0000000000002d62      0x150 .build/obj_sofle_rev1_LohseBoi/quantum/keyboard.o
                0x0000000000002d62                keyboard_task
 .text.action_for_keycode
                0x0000000000002eb2      0x1f2 .build/obj_sofle_rev1_LohseBoi/quantum/keymap_common.o
                0x0000000000002eb2                action_for_keycode
 .text.keymap_key_to_keycode
                0x00000000000030a4       0x28 .build/obj_sofle_rev1_LohseBoi/quantum/keymap_common.o
                0x00000000000030a4                keymap_key_to_keycode
 .text.action_for_key
                0x00000000000030cc        0x8 .build/obj_sofle_rev1_LohseBoi/quantum/keymap_common.o
                0x00000000000030cc                action_for_key
 .text.keycode_config
                0x00000000000030d4      0x130 .build/obj_sofle_rev1_LohseBoi/quantum/keycode_config.o
                0x00000000000030d4                keycode_config
 .text.mod_config
                0x0000000000003204       0x86 .build/obj_sofle_rev1_LohseBoi/quantum/keycode_config.o
                0x0000000000003204                mod_config
 .text.sendchar
                0x000000000000328a        0x4 .build/obj_sofle_rev1_LohseBoi/quantum/logging/sendchar.o
                0x000000000000328a                sendchar
 .text.bootmagic
                0x000000000000328e        0x2 .build/obj_sofle_rev1_LohseBoi/quantum/bootmagic/magic.o
                0x000000000000328e                bootmagic
 .text.magic    0x0000000000003290       0x70 .build/obj_sofle_rev1_LohseBoi/quantum/bootmagic/magic.o
                0x0000000000003290                magic
 .text.matrix_init_user
                0x0000000000003300        0x2 .build/obj_sofle_rev1_LohseBoi/quantum/matrix_common.o
                0x0000000000003300                matrix_init_user
 .text.matrix_init_kb
                0x0000000000003302        0x4 .build/obj_sofle_rev1_LohseBoi/quantum/matrix_common.o
                0x0000000000003302                matrix_init_kb
 .text.matrix_scan_kb
                0x0000000000003306        0x4 .build/obj_sofle_rev1_LohseBoi/quantum/matrix_common.o
                0x0000000000003306                matrix_scan_kb
 .text.matrix_get_row
                0x000000000000330a        0xc .build/obj_sofle_rev1_LohseBoi/quantum/matrix_common.o
                0x000000000000330a                matrix_get_row
 .text.matrix_print
                0x0000000000003316        0x2 .build/obj_sofle_rev1_LohseBoi/quantum/matrix_common.o
                0x0000000000003316                matrix_print
 .text.matrix_io_delay
                0x0000000000003318        0x8 .build/obj_sofle_rev1_LohseBoi/quantum/matrix_common.o
                0x0000000000003318                matrix_io_delay
 .text.matrix_output_select_delay
                0x0000000000003320        0x4 .build/obj_sofle_rev1_LohseBoi/quantum/matrix_common.o
                0x0000000000003320                matrix_output_select_delay
 .text.matrix_output_unselect_delay
                0x0000000000003324        0x4 .build/obj_sofle_rev1_LohseBoi/quantum/matrix_common.o
                0x0000000000003324                matrix_output_unselect_delay
 .text.setPinInputHigh_atomic
                0x0000000000003328       0x32 .build/obj_sofle_rev1_LohseBoi/quantum/matrix.o
 .text.matrix_slave_scan_user
                0x000000000000335a        0x2 .build/obj_sofle_rev1_LohseBoi/quantum/matrix.o
                0x000000000000335a                matrix_slave_scan_user
 .text.matrix_slave_scan_kb
                0x000000000000335c        0x4 .build/obj_sofle_rev1_LohseBoi/quantum/matrix.o
                0x000000000000335c                matrix_slave_scan_kb
 .text.matrix_init_pins
                0x0000000000003360       0x36 .build/obj_sofle_rev1_LohseBoi/quantum/matrix.o
                0x0000000000003360                matrix_init_pins
 .text.matrix_read_cols_on_row
                0x0000000000003396       0xd6 .build/obj_sofle_rev1_LohseBoi/quantum/matrix.o
                0x0000000000003396                matrix_read_cols_on_row
 .text.matrix_init
                0x000000000000346c       0x4c .build/obj_sofle_rev1_LohseBoi/quantum/matrix.o
                0x000000000000346c                matrix_init
 .text.matrix_post_scan
                0x00000000000034b8       0xd2 .build/obj_sofle_rev1_LohseBoi/quantum/matrix.o
                0x00000000000034b8                matrix_post_scan
 .text.matrix_scan
                0x000000000000358a       0xb8 .build/obj_sofle_rev1_LohseBoi/quantum/matrix.o
                0x000000000000358a                matrix_scan
 .text.debounce_init
                0x0000000000003642        0x2 .build/obj_sofle_rev1_LohseBoi/quantum/debounce/sym_defer_g.o
                0x0000000000003642                debounce_init
 .text.debounce
                0x0000000000003644       0x6c .build/obj_sofle_rev1_LohseBoi/quantum/debounce/sym_defer_g.o
                0x0000000000003644                debounce
 .text.is_keyboard_master
                0x00000000000036b0       0x30 .build/obj_sofle_rev1_LohseBoi/quantum/split_common/split_util.o
                0x00000000000036b0                is_keyboard_master
 .text.is_keyboard_left
                0x00000000000036e0        0x4 .build/obj_sofle_rev1_LohseBoi/quantum/split_common/split_util.o
                0x00000000000036e0                is_keyboard_left
 .text.split_pre_init
                0x00000000000036e4       0x14 .build/obj_sofle_rev1_LohseBoi/quantum/split_common/split_util.o
                0x00000000000036e4                split_pre_init
 .text.split_post_init
                0x00000000000036f8        0xe .build/obj_sofle_rev1_LohseBoi/quantum/split_common/split_util.o
                0x00000000000036f8                split_post_init
 .text.is_transport_connected
                0x0000000000003706        0xe .build/obj_sofle_rev1_LohseBoi/quantum/split_common/split_util.o
                0x0000000000003706                is_transport_connected
 .text.transport_master_if_connected
                0x0000000000003714       0x70 .build/obj_sofle_rev1_LohseBoi/quantum/split_common/split_util.o
                0x0000000000003714                transport_master_if_connected
 .text.transport_master_init
                0x0000000000003784        0x4 .build/obj_sofle_rev1_LohseBoi/quantum/split_common/transport.o
                0x0000000000003784                transport_master_init
 .text.transport_slave_init
                0x0000000000003788        0x4 .build/obj_sofle_rev1_LohseBoi/quantum/split_common/transport.o
                0x0000000000003788                transport_slave_init
 .text.transport_execute_transaction
                0x000000000000378c       0xb0 .build/obj_sofle_rev1_LohseBoi/quantum/split_common/transport.o
                0x000000000000378c                transport_execute_transaction
 .text.transport_master
                0x000000000000383c        0x4 .build/obj_sofle_rev1_LohseBoi/quantum/split_common/transport.o
                0x000000000000383c                transport_master
 .text.transport_slave
                0x0000000000003840        0x4 .build/obj_sofle_rev1_LohseBoi/quantum/split_common/transport.o
                0x0000000000003840                transport_slave
 .text.sync_timer_handlers_master
                0x0000000000003844       0x9c .build/obj_sofle_rev1_LohseBoi/quantum/split_common/transactions.o
 .text.transaction_handler_master
                0x00000000000038e0       0x8a .build/obj_sofle_rev1_LohseBoi/quantum/split_common/transactions.o
 .text.read_if_checksum_mismatch
                0x000000000000396a       0xf2 .build/obj_sofle_rev1_LohseBoi/quantum/split_common/transactions.o
 .text.encoder_handlers_master
                0x0000000000003a5c       0x56 .build/obj_sofle_rev1_LohseBoi/quantum/split_common/transactions.o
 .text.slave_matrix_handlers_master
                0x0000000000003ab2       0x82 .build/obj_sofle_rev1_LohseBoi/quantum/split_common/transactions.o
 .text.transactions_master
                0x0000000000003b34       0x5a .build/obj_sofle_rev1_LohseBoi/quantum/split_common/transactions.o
                0x0000000000003b34                transactions_master
 .text.transactions_slave
                0x0000000000003b8e       0xa0 .build/obj_sofle_rev1_LohseBoi/quantum/split_common/transactions.o
                0x0000000000003b8e                transactions_slave
 .text.startup.main
                0x0000000000003c2e       0x16 .build/obj_sofle_rev1_LohseBoi/quantum/main.o
                0x0000000000003c2e                main
 .text.get_current_wpm
                0x0000000000003c44        0x6 .build/obj_sofle_rev1_LohseBoi/quantum/wpm.o
                0x0000000000003c44                get_current_wpm
 .text.wpm_keycode_user
                0x0000000000003c4a       0x4a .build/obj_sofle_rev1_LohseBoi/quantum/wpm.o
                0x0000000000003c4a                wpm_keycode_user
 .text.wpm_keycode_kb
                0x0000000000003c94        0x4 .build/obj_sofle_rev1_LohseBoi/quantum/wpm.o
                0x0000000000003c94                wpm_keycode_kb
 .text.update_wpm
                0x0000000000003c98      0x132 .build/obj_sofle_rev1_LohseBoi/quantum/wpm.o
                0x0000000000003c98                update_wpm
 .text.decay_wpm
                0x0000000000003dca       0xe8 .build/obj_sofle_rev1_LohseBoi/quantum/wpm.o
                0x0000000000003dca                decay_wpm
 .text.encoder_update_kb
                0x0000000000003eb2        0x4 .build/obj_sofle_rev1_LohseBoi/quantum/encoder.o
                0x0000000000003eb2                encoder_update_kb
 .text.encoder_init
                0x0000000000003eb6       0xca .build/obj_sofle_rev1_LohseBoi/quantum/encoder.o
                0x0000000000003eb6                encoder_init
 .text.encoder_read
                0x0000000000003f80       0xcc .build/obj_sofle_rev1_LohseBoi/quantum/encoder.o
                0x0000000000003f80                encoder_read
 .text.encoder_state_raw
                0x000000000000404c       0x12 .build/obj_sofle_rev1_LohseBoi/quantum/encoder.o
                0x000000000000404c                encoder_state_raw
 .text.encoder_update_raw
                0x000000000000405e       0x7e .build/obj_sofle_rev1_LohseBoi/quantum/encoder.o
                0x000000000000405e                encoder_update_raw
 .text.crc_init
                0x00000000000040dc        0x2 .build/obj_sofle_rev1_LohseBoi/crc.o
                0x00000000000040dc                crc_init
 .text.crc8     0x00000000000040de       0x2e .build/obj_sofle_rev1_LohseBoi/crc.o
                0x00000000000040de                crc8
 .text.i2c_transmit_P.constprop.0
                0x000000000000410c       0x5e .build/obj_sofle_rev1_LohseBoi/ssd1306_sh1106.o
 .text.oled_clear
                0x000000000000416a       0x2a .build/obj_sofle_rev1_LohseBoi/ssd1306_sh1106.o
                0x000000000000416a                oled_clear
 .text.oled_init
                0x0000000000004194       0xa4 .build/obj_sofle_rev1_LohseBoi/ssd1306_sh1106.o
                0x0000000000004194                oled_init
 .text.oled_set_cursor
                0x0000000000004238       0x2e .build/obj_sofle_rev1_LohseBoi/ssd1306_sh1106.o
                0x0000000000004238                oled_set_cursor
 .text.oled_advance_char
                0x0000000000004266       0x3e .build/obj_sofle_rev1_LohseBoi/ssd1306_sh1106.o
                0x0000000000004266                oled_advance_char
 .text.oled_write_char
                0x00000000000042a4       0xf4 .build/obj_sofle_rev1_LohseBoi/ssd1306_sh1106.o
                0x00000000000042a4                oled_write_char
 .text.oled_advance_page
                0x0000000000004398       0x64 .build/obj_sofle_rev1_LohseBoi/ssd1306_sh1106.o
                0x0000000000004398                oled_advance_page
 .text.oled_write
                0x00000000000043fc       0x38 .build/obj_sofle_rev1_LohseBoi/ssd1306_sh1106.o
                0x00000000000043fc                oled_write
 .text.oled_write_ln
                0x0000000000004434        0xa .build/obj_sofle_rev1_LohseBoi/ssd1306_sh1106.o
                0x0000000000004434                oled_write_ln
 .text.oled_write_P
                0x000000000000443e       0x24 .build/obj_sofle_rev1_LohseBoi/ssd1306_sh1106.o
                0x000000000000443e                oled_write_P
 .text.oled_write_ln_P
                0x0000000000004462        0xa .build/obj_sofle_rev1_LohseBoi/ssd1306_sh1106.o
                0x0000000000004462                oled_write_ln_P
 .text.oled_on  0x000000000000446c       0x66 .build/obj_sofle_rev1_LohseBoi/ssd1306_sh1106.o
                0x000000000000446c                oled_on
 .text.oled_render
                0x00000000000044d2      0x1e8 .build/obj_sofle_rev1_LohseBoi/ssd1306_sh1106.o
                0x00000000000044d2                oled_render
 .text.oled_off
                0x00000000000046ba       0x36 .build/obj_sofle_rev1_LohseBoi/ssd1306_sh1106.o
                0x00000000000046ba                oled_off
 .text.is_oled_on
                0x00000000000046f0        0x6 .build/obj_sofle_rev1_LohseBoi/ssd1306_sh1106.o
                0x00000000000046f0                is_oled_on
 .text.oled_task
                0x00000000000046f6       0xa2 .build/obj_sofle_rev1_LohseBoi/ssd1306_sh1106.o
                0x00000000000046f6                oled_task
 .text.perform_space_cadet
                0x0000000000004798       0xd8 .build/obj_sofle_rev1_LohseBoi/quantum/process_keycode/process_space_cadet.o
                0x0000000000004798                perform_space_cadet
 .text.process_space_cadet
                0x0000000000004870       0xaa .build/obj_sofle_rev1_LohseBoi/quantum/process_keycode/process_space_cadet.o
                0x0000000000004870                process_space_cadet
 .text.process_magic
                0x000000000000491a      0x1d2 .build/obj_sofle_rev1_LohseBoi/quantum/process_keycode/process_magic.o
                0x000000000000491a                process_magic
 .text.process_grave_esc
                0x0000000000004aec       0x54 .build/obj_sofle_rev1_LohseBoi/quantum/process_keycode/process_grave_esc.o
                0x0000000000004aec                process_grave_esc
 .text.i2c_init
                0x0000000000004b40        0xc .build/obj_sofle_rev1_LohseBoi/i2c_master.a(i2c_master.o)
                0x0000000000004b40                i2c_init
 .text.i2c_start
                0x0000000000004b4c       0xf2 .build/obj_sofle_rev1_LohseBoi/i2c_master.a(i2c_master.o)
                0x0000000000004b4c                i2c_start
 .text.i2c_write
                0x0000000000004c3e       0x5e .build/obj_sofle_rev1_LohseBoi/i2c_master.a(i2c_master.o)
                0x0000000000004c3e                i2c_write
 .text.i2c_transmit
                0x0000000000004c9c       0x5a .build/obj_sofle_rev1_LohseBoi/i2c_master.a(i2c_master.o)
                0x0000000000004c9c                i2c_transmit
 .text.i2c_writeReg
                0x0000000000004cf6       0x62 .build/obj_sofle_rev1_LohseBoi/i2c_master.a(i2c_master.o)
                0x0000000000004cf6                i2c_writeReg
 .text.i2c_stop
                0x0000000000004d58        0x8 .build/obj_sofle_rev1_LohseBoi/i2c_master.a(i2c_master.o)
                0x0000000000004d58                i2c_stop
 .text.sync_recv
                0x0000000000004d60       0x10 .build/obj_sofle_rev1_LohseBoi/serial.a(serial.o)
 .text.sync_send
                0x0000000000004d70        0xc .build/obj_sofle_rev1_LohseBoi/serial.a(serial.o)
 .text.serial_read_chunk.constprop.0
                0x0000000000004d7c       0x58 .build/obj_sofle_rev1_LohseBoi/serial.a(serial.o)
 .text.serial_recive_packet
                0x0000000000004dd4       0x4e .build/obj_sofle_rev1_LohseBoi/serial.a(serial.o)
 .text.soft_serial_initiator_init
                0x0000000000004e22        0x6 .build/obj_sofle_rev1_LohseBoi/serial.a(serial.o)
                0x0000000000004e22                soft_serial_initiator_init
 .text.soft_serial_target_init
                0x0000000000004e28       0x12 .build/obj_sofle_rev1_LohseBoi/serial.a(serial.o)
                0x0000000000004e28                soft_serial_target_init
 .text.serial_write_chunk
                0x0000000000004e3a       0x42 .build/obj_sofle_rev1_LohseBoi/serial.a(serial.o)
                0x0000000000004e3a                serial_write_chunk
 .text.serial_send_packet
                0x0000000000004e7c       0x34 .build/obj_sofle_rev1_LohseBoi/serial.a(serial.o)
 .text.__vector_3
                0x0000000000004eb0      0x18e .build/obj_sofle_rev1_LohseBoi/serial.a(serial.o)
                0x0000000000004eb0                __vector_3
 .text.soft_serial_transaction
                0x000000000000503e      0x168 .build/obj_sofle_rev1_LohseBoi/serial.a(serial.o)
                0x000000000000503e                soft_serial_transaction
 .text.host_set_driver
                0x00000000000051a6        0xa .build/obj_sofle_rev1_LohseBoi/common/host.o
                0x00000000000051a6                host_set_driver
 .text.host_keyboard_leds
                0x00000000000051b0       0x26 .build/obj_sofle_rev1_LohseBoi/common/host.o
                0x00000000000051b0                host_keyboard_leds
 .text.host_keyboard_led_state
                0x00000000000051d6        0x6 .build/obj_sofle_rev1_LohseBoi/common/host.o
                0x00000000000051d6                host_keyboard_led_state
 .text.host_keyboard_send
                0x00000000000051dc       0x16 .build/obj_sofle_rev1_LohseBoi/common/host.o
                0x00000000000051dc                host_keyboard_send
 .text.host_system_send
                0x00000000000051f2       0x2c .build/obj_sofle_rev1_LohseBoi/common/host.o
                0x00000000000051f2                host_system_send
 .text.host_consumer_send
                0x000000000000521e       0x2c .build/obj_sofle_rev1_LohseBoi/common/host.o
                0x000000000000521e                host_consumer_send
 .text.has_anykey
                0x000000000000524a       0x24 .build/obj_sofle_rev1_LohseBoi/common/report.o
                0x000000000000524a                has_anykey
 .text.is_key_pressed
                0x000000000000526e       0x22 .build/obj_sofle_rev1_LohseBoi/common/report.o
                0x000000000000526e                is_key_pressed
 .text.add_key_byte
                0x0000000000005290       0x34 .build/obj_sofle_rev1_LohseBoi/common/report.o
                0x0000000000005290                add_key_byte
 .text.del_key_byte
                0x00000000000052c4       0x1e .build/obj_sofle_rev1_LohseBoi/common/report.o
                0x00000000000052c4                del_key_byte
 .text.add_key_to_report
                0x00000000000052e2        0x4 .build/obj_sofle_rev1_LohseBoi/common/report.o
                0x00000000000052e2                add_key_to_report
 .text.del_key_from_report
                0x00000000000052e6        0x4 .build/obj_sofle_rev1_LohseBoi/common/report.o
                0x00000000000052e6                del_key_from_report
 .text.clear_keys_from_report
                0x00000000000052ea       0x10 .build/obj_sofle_rev1_LohseBoi/common/report.o
                0x00000000000052ea                clear_keys_from_report
 .text.sync_timer_init
                0x00000000000052fa       0x12 .build/obj_sofle_rev1_LohseBoi/common/sync_timer.o
                0x00000000000052fa                sync_timer_init
 .text.sync_timer_update
                0x000000000000530c       0x52 .build/obj_sofle_rev1_LohseBoi/common/sync_timer.o
                0x000000000000530c                sync_timer_update
 .text.sync_timer_read32
                0x000000000000535e       0x62 .build/obj_sofle_rev1_LohseBoi/common/sync_timer.o
                0x000000000000535e                sync_timer_read32
 .text.platform_setup
                0x00000000000053c0        0x2 .build/obj_sofle_rev1_LohseBoi/common/avr/platform.o
                0x00000000000053c0                platform_setup
 .text.matrix_power_up
                0x00000000000053c2        0x2 .build/obj_sofle_rev1_LohseBoi/common/avr/suspend.o
                0x00000000000053c2                matrix_power_up
 .text.suspend_power_down_user
                0x00000000000053c4        0x2 .build/obj_sofle_rev1_LohseBoi/common/avr/suspend.o
                0x00000000000053c4                suspend_power_down_user
 .text.suspend_power_down_kb
                0x00000000000053c6        0x4 .build/obj_sofle_rev1_LohseBoi/common/avr/suspend.o
                0x00000000000053c6                suspend_power_down_kb
 .text.suspend_power_down
                0x00000000000053ca       0x5c .build/obj_sofle_rev1_LohseBoi/common/avr/suspend.o
                0x00000000000053ca                suspend_power_down
 .text.matrix_power_down
                0x0000000000005426        0x2 .build/obj_sofle_rev1_LohseBoi/common/avr/suspend.o
                0x0000000000005426                matrix_power_down
 .text.suspend_wakeup_condition
                0x0000000000005428       0x28 .build/obj_sofle_rev1_LohseBoi/common/avr/suspend.o
                0x0000000000005428                suspend_wakeup_condition
 .text.suspend_wakeup_init_user
                0x0000000000005450        0x2 .build/obj_sofle_rev1_LohseBoi/common/avr/suspend.o
                0x0000000000005450                suspend_wakeup_init_user
 .text.suspend_wakeup_init_kb
                0x0000000000005452        0x4 .build/obj_sofle_rev1_LohseBoi/common/avr/suspend.o
                0x0000000000005452                suspend_wakeup_init_kb
 .text.suspend_wakeup_init
                0x0000000000005456       0x10 .build/obj_sofle_rev1_LohseBoi/common/avr/suspend.o
                0x0000000000005456                suspend_wakeup_init
 .text.__vector_12
                0x0000000000005466       0x4e .build/obj_sofle_rev1_LohseBoi/common/avr/suspend.o
                0x0000000000005466                __vector_12
 .text.timer_init
                0x00000000000054b4       0x12 .build/obj_sofle_rev1_LohseBoi/common/avr/timer.o
                0x00000000000054b4                timer_init
 .text.timer_read
                0x00000000000054c6       0x18 .build/obj_sofle_rev1_LohseBoi/common/avr/timer.o
                0x00000000000054c6                timer_read
 .text.timer_read32
                0x00000000000054de       0x40 .build/obj_sofle_rev1_LohseBoi/common/avr/timer.o
                0x00000000000054de                timer_read32
 .text.timer_elapsed
                0x000000000000551e       0x1e .build/obj_sofle_rev1_LohseBoi/common/avr/timer.o
                0x000000000000551e                timer_elapsed
 .text.timer_elapsed32
                0x000000000000553c       0x4e .build/obj_sofle_rev1_LohseBoi/common/avr/timer.o
                0x000000000000553c                timer_elapsed32
 .text.__vector_21
                0x000000000000558a       0x48 .build/obj_sofle_rev1_LohseBoi/common/avr/timer.o
                0x000000000000558a                __vector_21
 .text.bootloader_jump
                0x00000000000055d2       0x22 .build/obj_sofle_rev1_LohseBoi/common/avr/bootloader.o
                0x00000000000055d2                bootloader_jump
 .text.print_set_sendchar
                0x00000000000055f4        0xa .build/obj_sofle_rev1_LohseBoi/common/avr/printf.o
                0x00000000000055f4                print_set_sendchar
 .text.keyboard_leds
                0x00000000000055fe        0x6 .build/obj_sofle_rev1_LohseBoi/lufa.o
 .text.send_extra
                0x0000000000005604       0x56 .build/obj_sofle_rev1_LohseBoi/lufa.o
 .text.send_consumer
                0x000000000000565a        0x8 .build/obj_sofle_rev1_LohseBoi/lufa.o
 .text.send_system
                0x0000000000005662        0x8 .build/obj_sofle_rev1_LohseBoi/lufa.o
 .text.send_keyboard
                0x000000000000566a       0x60 .build/obj_sofle_rev1_LohseBoi/lufa.o
 .text.send_mouse
                0x00000000000056ca        0x2 .build/obj_sofle_rev1_LohseBoi/lufa.o
 .text.EVENT_USB_Device_Connect
                0x00000000000056cc       0x1c .build/obj_sofle_rev1_LohseBoi/lufa.o
                0x00000000000056cc                EVENT_USB_Device_Connect
 .text.EVENT_USB_Device_Disconnect
                0x00000000000056e8        0x6 .build/obj_sofle_rev1_LohseBoi/lufa.o
                0x00000000000056e8                EVENT_USB_Device_Disconnect
 .text.EVENT_USB_Device_Reset
                0x00000000000056ee        0x2 .build/obj_sofle_rev1_LohseBoi/lufa.o
                0x00000000000056ee                EVENT_USB_Device_Reset
 .text.EVENT_USB_Device_Suspend
                0x00000000000056f0        0x2 .build/obj_sofle_rev1_LohseBoi/lufa.o
                0x00000000000056f0                EVENT_USB_Device_Suspend
 .text.EVENT_USB_Device_WakeUp
                0x00000000000056f2        0x2 .build/obj_sofle_rev1_LohseBoi/lufa.o
                0x00000000000056f2                EVENT_USB_Device_WakeUp
 .text.EVENT_USB_Device_ConfigurationChanged
                0x00000000000056f4       0x14 .build/obj_sofle_rev1_LohseBoi/lufa.o
                0x00000000000056f4                EVENT_USB_Device_ConfigurationChanged
 .text.EVENT_USB_Device_ControlRequest
                0x0000000000005708      0x16c .build/obj_sofle_rev1_LohseBoi/lufa.o
                0x0000000000005708                EVENT_USB_Device_ControlRequest
 .text.protocol_setup
                0x0000000000005874       0x32 .build/obj_sofle_rev1_LohseBoi/lufa.o
                0x0000000000005874                protocol_setup
 .text.protocol_init
                0x00000000000058a6       0x24 .build/obj_sofle_rev1_LohseBoi/lufa.o
                0x00000000000058a6                protocol_init
 .text.protocol_task
                0x00000000000058ca       0x36 .build/obj_sofle_rev1_LohseBoi/lufa.o
                0x00000000000058ca                protocol_task
 .text.CALLBACK_USB_GetDescriptor
                0x0000000000005900        0x4 .build/obj_sofle_rev1_LohseBoi/lufa.o
                0x0000000000005900                CALLBACK_USB_GetDescriptor
 .text.get_usb_descriptor
                0x0000000000005904       0xb4 .build/obj_sofle_rev1_LohseBoi/usb_descriptor.o
                0x0000000000005904                get_usb_descriptor
 .text.USB_Device_SendRemoteWakeup
                0x00000000000059b8       0x2c .build/obj_sofle_rev1_LohseBoi/lib/lufa/LUFA/Drivers/USB/Core/AVR8/Device_AVR8.o
                0x00000000000059b8                USB_Device_SendRemoteWakeup
 .text.Endpoint_Write_Stream_LE
                0x00000000000059e4       0x9e .build/obj_sofle_rev1_LohseBoi/lib/lufa/LUFA/Drivers/USB/Core/AVR8/EndpointStream_AVR8.o
                0x00000000000059e4                Endpoint_Write_Stream_LE
 .text.Endpoint_Write_Control_Stream_LE
                0x0000000000005a82       0xb4 .build/obj_sofle_rev1_LohseBoi/lib/lufa/LUFA/Drivers/USB/Core/AVR8/EndpointStream_AVR8.o
                0x0000000000005a82                Endpoint_Write_Control_Stream_LE
 .text.Endpoint_Write_Control_PStream_LE
                0x0000000000005b36       0xb6 .build/obj_sofle_rev1_LohseBoi/lib/lufa/LUFA/Drivers/USB/Core/AVR8/EndpointStream_AVR8.o
                0x0000000000005b36                Endpoint_Write_Control_PStream_LE
 .text.Endpoint_ConfigureEndpoint_Prv
                0x0000000000005bec       0x68 .build/obj_sofle_rev1_LohseBoi/lib/lufa/LUFA/Drivers/USB/Core/AVR8/Endpoint_AVR8.o
                0x0000000000005bec                Endpoint_ConfigureEndpoint_Prv
 .text.Endpoint_ClearStatusStage
                0x0000000000005c54       0x3e .build/obj_sofle_rev1_LohseBoi/lib/lufa/LUFA/Drivers/USB/Core/AVR8/Endpoint_AVR8.o
                0x0000000000005c54                Endpoint_ClearStatusStage
 .text.Endpoint_WaitUntilReady
                0x0000000000005c92       0x62 .build/obj_sofle_rev1_LohseBoi/lib/lufa/LUFA/Drivers/USB/Core/AVR8/Endpoint_AVR8.o
                0x0000000000005c92                Endpoint_WaitUntilReady
 .text.USB_Disable
                0x0000000000005cf4       0x34 .build/obj_sofle_rev1_LohseBoi/lib/lufa/LUFA/Drivers/USB/Core/AVR8/USBController_AVR8.o
                0x0000000000005cf4                USB_Disable
 .text.USB_ResetInterface
                0x0000000000005d28       0x86 .build/obj_sofle_rev1_LohseBoi/lib/lufa/LUFA/Drivers/USB/Core/AVR8/USBController_AVR8.o
                0x0000000000005d28                USB_ResetInterface
 .text.USB_Init
                0x0000000000005dae       0x22 .build/obj_sofle_rev1_LohseBoi/lib/lufa/LUFA/Drivers/USB/Core/AVR8/USBController_AVR8.o
                0x0000000000005dae                USB_Init
 .text.USB_INT_DisableAllInterrupts
                0x0000000000005dd0       0x10 .build/obj_sofle_rev1_LohseBoi/lib/lufa/LUFA/Drivers/USB/Core/AVR8/USBInterrupt_AVR8.o
                0x0000000000005dd0                USB_INT_DisableAllInterrupts
 .text.USB_INT_ClearAllInterrupts
                0x0000000000005de0        0xa .build/obj_sofle_rev1_LohseBoi/lib/lufa/LUFA/Drivers/USB/Core/AVR8/USBInterrupt_AVR8.o
                0x0000000000005de0                USB_INT_ClearAllInterrupts
 .text.__vector_10
                0x0000000000005dea      0x1a6 .build/obj_sofle_rev1_LohseBoi/lib/lufa/LUFA/Drivers/USB/Core/AVR8/USBInterrupt_AVR8.o
                0x0000000000005dea                __vector_10
 .text.__vector_11
                0x0000000000005f90       0x92 .build/obj_sofle_rev1_LohseBoi/lib/lufa/LUFA/Drivers/USB/Core/AVR8/USBInterrupt_AVR8.o
                0x0000000000005f90                __vector_11
 .text.USB_Device_ProcessControlRequest
                0x0000000000006022      0x2a2 .build/obj_sofle_rev1_LohseBoi/lib/lufa/LUFA/Drivers/USB/Core/DeviceStandardReq.o
                0x0000000000006022                USB_Device_ProcessControlRequest
 .text.USB_Event_Stub
                0x00000000000062c4        0x2 .build/obj_sofle_rev1_LohseBoi/lib/lufa/LUFA/Drivers/USB/Core/Events.o
                0x00000000000062c4                USB_Event_Stub
                0x00000000000062c4                EVENT_USB_Device_StartOfFrame
 .text.USB_USBTask
                0x00000000000062c6       0x34 .build/obj_sofle_rev1_LohseBoi/lib/lufa/LUFA/Drivers/USB/Core/USBTask.o
                0x00000000000062c6                USB_USBTask
 .text.usb_disconnect
                0x00000000000062fa        0xa .build/obj_sofle_rev1_LohseBoi/protocol/lufa/usb_util.o
                0x00000000000062fa                usb_disconnect
 .text.usb_vbus_state
                0x0000000000006304       0x1a .build/obj_sofle_rev1_LohseBoi/protocol/lufa/usb_util.o
                0x0000000000006304                usb_vbus_state
 .text.avr-libc.fplib
                0x000000000000631e        0xe /usr/lib/gcc/avr/11.2.0/../../../../avr/lib/avr5/libm.a(addsf3.o)
                0x000000000000631e                __subsf3
                0x0000000000006320                __addsf3
 .text.avr-libc.fplib
                0x000000000000632c       0xcc /usr/lib/gcc/avr/11.2.0/../../../../avr/lib/avr5/libm.a(addsf3x.o)
                0x000000000000634e                __addsf3x
 .text.avr-libc.fplib
                0x00000000000063f8       0x2e /usr/lib/gcc/avr/11.2.0/../../../../avr/lib/avr5/libm.a(ceil.o)
                0x00000000000063f8                ceil
 .text.avr-libc.fplib
                0x0000000000006426       0x5e /usr/lib/gcc/avr/11.2.0/../../../../avr/lib/avr5/libm.a(fixunssfsi.o)
                0x0000000000006426                __fixunssfsi
 .text.avr-libc.fplib
                0x0000000000006484       0x7a /usr/lib/gcc/avr/11.2.0/../../../../avr/lib/avr5/libm.a(floatsisf.o)
                0x0000000000006484                __floatunsisf
                0x0000000000006488                __floatsisf
 .text.avr-libc.fplib
                0x00000000000064fe        0xc /usr/lib/gcc/avr/11.2.0/../../../../avr/lib/avr5/libm.a(fp_inf.o)
                0x00000000000064fe                __fp_inf
 .text.avr-libc.fplib
                0x000000000000650a       0x36 /usr/lib/gcc/avr/11.2.0/../../../../avr/lib/avr5/libm.a(fp_mintl.o)
                0x000000000000650a                __fp_mintl
 .text.avr-libc.fplib
                0x0000000000006540       0x1c /usr/lib/gcc/avr/11.2.0/../../../../avr/lib/avr5/libm.a(fp_mpack.o)
                0x0000000000006540                __fp_mpack
                0x0000000000006544                __fp_mpack_finite
 .text.avr-libc.fplib
                0x000000000000655c        0x6 /usr/lib/gcc/avr/11.2.0/../../../../avr/lib/avr5/libm.a(fp_nan.o)
                0x000000000000655c                __fp_nan
 .text.avr-libc.fplib
                0x0000000000006562        0xe /usr/lib/gcc/avr/11.2.0/../../../../avr/lib/avr5/libm.a(fp_pscA.o)
                0x0000000000006562                __fp_pscA
 .text.avr-libc.fplib
                0x0000000000006570        0xe /usr/lib/gcc/avr/11.2.0/../../../../avr/lib/avr5/libm.a(fp_pscB.o)
                0x0000000000006570                __fp_pscB
 .text.avr-libc.fplib
                0x000000000000657e       0x22 /usr/lib/gcc/avr/11.2.0/../../../../avr/lib/avr5/libm.a(fp_round.o)
                0x000000000000657e                __fp_round
 .text.avr-libc.fplib
                0x00000000000065a0       0x44 /usr/lib/gcc/avr/11.2.0/../../../../avr/lib/avr5/libm.a(fp_split3.o)
                0x00000000000065a0                __fp_split3
                0x00000000000065b0                __fp_splitA
 .text.avr-libc.fplib
                0x00000000000065e4       0x30 /usr/lib/gcc/avr/11.2.0/../../../../avr/lib/avr5/libm.a(fp_trunc.o)
                0x00000000000065e4                __fp_trunc
 .text.avr-libc.fplib
                0x0000000000006614        0xe /usr/lib/gcc/avr/11.2.0/../../../../avr/lib/avr5/libm.a(fp_zero.o)
                0x0000000000006614                __fp_zero
                0x0000000000006616                __fp_szero
 .text.avr-libc.fplib
                0x0000000000006622        0x8 /usr/lib/gcc/avr/11.2.0/../../../../avr/lib/avr5/libm.a(mulsf3.o)
                0x0000000000006622                __mulsf3
 .text.avr-libc.fplib
                0x000000000000662a       0xd2 /usr/lib/gcc/avr/11.2.0/../../../../avr/lib/avr5/libm.a(mulsf3x.o)
                0x0000000000006648                __mulsf3x
                0x000000000000664e                __mulsf3_pse
 .text.libgcc.div
                0x00000000000066fc       0x18 /usr/lib/gcc/avr/11.2.0/avr5/libgcc.a(_udivmodqi4.o)
                0x00000000000066fc                __udivmodqi4
 .text.libgcc.div
                0x0000000000006714       0x28 /usr/lib/gcc/avr/11.2.0/avr5/libgcc.a(_udivmodhi4.o)
                0x0000000000006714                __udivmodhi4
 .text.libgcc.div
                0x000000000000673c       0x28 /usr/lib/gcc/avr/11.2.0/avr5/libgcc.a(_divmodhi4.o)
                0x000000000000673c                __divmodhi4
                0x000000000000673c                _div
 .text.libgcc.div
                0x0000000000006764       0x2e /usr/lib/gcc/avr/11.2.0/avr5/libgcc.a(_divmodsi4.o)
                0x0000000000006764                __divmodsi4
 .text.libgcc.div
                0x0000000000006792       0x10 /usr/lib/gcc/avr/11.2.0/avr5/libgcc.a(_negsi2.o)
                0x0000000000006792                __negsi2
 .text.libgcc   0x00000000000067a2        0xc /usr/lib/gcc/avr/11.2.0/avr5/libgcc.a(_tablejump2.o)
                0x00000000000067a2                __tablejump2__
 .text.libgcc.div
                0x00000000000067ae       0x44 /usr/lib/gcc/avr/11.2.0/avr5/libgcc.a(_udivmodsi4.o)
                0x00000000000067ae                __udivmodsi4
 .text.avr-libc
                0x00000000000067f2       0x12 /usr/lib/gcc/avr/11.2.0/../../../../avr/lib/avr5/libc.a(memcpy_P.o)
                0x00000000000067f2                memcpy_P
 .text.avr-libc
                0x0000000000006804       0x1a /usr/lib/gcc/avr/11.2.0/../../../../avr/lib/avr5/libc.a(memcmp.o)
                0x0000000000006804                memcmp
 .text.avr-libc
                0x000000000000681e       0x12 /usr/lib/gcc/avr/11.2.0/../../../../avr/lib/avr5/libc.a(memcpy.o)
                0x000000000000681e                memcpy
 .text.avr-libc
                0x0000000000006830       0x10 /usr/lib/gcc/avr/11.2.0/../../../../avr/lib/avr5/libatmega32u4.a(eerd_byte.o)
                0x0000000000006830                eeprom_read_byte
 .text.avr-libc
                0x0000000000006840        0xc /usr/lib/gcc/avr/11.2.0/../../../../avr/lib/avr5/libatmega32u4.a(eerd_word.o)
                0x0000000000006840                eeprom_read_word
 .text.avr-libc
                0x000000000000684c       0x24 /usr/lib/gcc/avr/11.2.0/../../../../avr/lib/avr5/libatmega32u4.a(eeupd_byte.o)
                0x000000000000684c                eeprom_update_byte
                0x000000000000684e                eeprom_update_r18
 .text.avr-libc
                0x0000000000006870       0x18 /usr/lib/gcc/avr/11.2.0/../../../../avr/lib/avr5/libatmega32u4.a(eeupd_dword.o)
                0x0000000000006870                eeprom_update_dword
                0x0000000000006870                eeprom_update_float
 .text.avr-libc
                0x0000000000006888        0xc /usr/lib/gcc/avr/11.2.0/../../../../avr/lib/avr5/libatmega32u4.a(eeupd_word.o)
                0x0000000000006888                eeprom_update_word
 .text.avr-libc
                0x0000000000006894       0x20 /usr/lib/gcc/avr/11.2.0/../../../../avr/lib/avr5/libatmega32u4.a(eerd_block.o)
                0x0000000000006894                eeprom_read_block
                0x0000000000006898                eeprom_read_blraw
                0x00000000000068b4                . = ALIGN (0x2)
 *(.fini9)
 .fini9         0x00000000000068b4        0x0 /usr/lib/gcc/avr/11.2.0/avr5/libgcc.a(_exit.o)
                0x00000000000068b4                exit
                0x00000000000068b4                _exit
 *(.fini9)
 *(.fini8)
 *(.fini8)
 *(.fini7)
 *(.fini7)
 *(.fini6)
 *(.fini6)
 *(.fini5)
 *(.fini5)
 *(.fini4)
 *(.fini4)
 *(.fini3)
 *(.fini3)
 *(.fini2)
 *(.fini2)
 *(.fini1)
 *(.fini1)
 *(.fini0)
 .fini0         0x00000000000068b4        0x4 /usr/lib/gcc/avr/11.2.0/avr5/libgcc.a(_exit.o)
 *(.fini0)
 *(.hightext)
 *(.hightext*)
 *(.progmemx.*)
                0x00000000000068b8                . = ALIGN (0x2)
 *(.jumptables)
 *(.jumptables*)
 .jumptables.gcc.process_record_user
                0x00000000000068b8       0x10 .build/obj_sofle_rev1_LohseBoi/keyboards/sofle/keymaps/LohseBoi/keymap.o
 .jumptables.gcc.process_action
                0x00000000000068c8       0x26 .build/obj_sofle_rev1_LohseBoi/quantum/action.o
 .jumptables.gcc.process_magic
                0x00000000000068ee       0x36 .build/obj_sofle_rev1_LohseBoi/quantum/process_keycode/process_magic.o
 .jumptables.gcc.USB_Device_ProcessControlRequest
                0x0000000000006924       0x14 .build/obj_sofle_rev1_LohseBoi/lib/lufa/LUFA/Drivers/USB/Core/DeviceStandardReq.o
                0x0000000000006938                _etext = .

.data           0x0000000000800100       0xf6 load address 0x0000000000006938
                0x0000000000800100                PROVIDE (__data_start = .)
 *(.data)
 *(.data*)
 .data.keyboard_report
                0x0000000000800100        0x2 .build/obj_sofle_rev1_LohseBoi/quantum/action_util.o
                0x0000000000800100                keyboard_report
 .data.isLeftHand
                0x0000000000800102        0x1 .build/obj_sofle_rev1_LohseBoi/quantum/split_common/split_util.o
                0x0000000000800102                isLeftHand
 .data.split_transaction_table
                0x0000000000800103       0x32 .build/obj_sofle_rev1_LohseBoi/quantum/split_common/transactions.o
                0x0000000000800103                split_transaction_table
 .data.encoders_pad_b
                0x0000000000800135        0x1 .build/obj_sofle_rev1_LohseBoi/quantum/encoder.o
 .data.encoders_pad_a
                0x0000000000800136        0x1 .build/obj_sofle_rev1_LohseBoi/quantum/encoder.o
 .data.display_start.10
                0x0000000000800137        0x7 .build/obj_sofle_rev1_LohseBoi/ssd1306_sh1106.o
 .data.lufa_driver
                0x000000000080013e        0xa .build/obj_sofle_rev1_LohseBoi/lufa.o
                0x000000000080013e                lufa_driver
 .data.keyboard_protocol
                0x0000000000800148        0x1 .build/obj_sofle_rev1_LohseBoi/lufa.o
                0x0000000000800148                keyboard_protocol
 *(.gnu.linkonce.d*)
 *(.rodata)
 *(.rodata*)
 .rodata.oled_task_user.str1.1
                0x0000000000800149        0x7 .build/obj_sofle_rev1_LohseBoi/keyboards/sofle/keymaps/LohseBoi/keymap.o
 .rodata.CSWTCH.25
                0x0000000000800150       0x2e .build/obj_sofle_rev1_LohseBoi/quantum/action.o
 .rodata.CSWTCH.2
                0x000000000080017e       0x2e .build/obj_sofle_rev1_LohseBoi/quantum/keymap_common.o
 .rodata.col_pins
                0x00000000008001ac        0x6 .build/obj_sofle_rev1_LohseBoi/quantum/matrix.o
 .rodata.row_pins
                0x00000000008001b2        0xa .build/obj_sofle_rev1_LohseBoi/quantum/matrix.o
 .rodata.split_shmem
                0x00000000008001bc        0x2 .build/obj_sofle_rev1_LohseBoi/quantum/split_common/transport.o
                0x00000000008001bc                split_shmem
 .rodata.transactions_master.str1.1
                0x00000000008001be       0x20 .build/obj_sofle_rev1_LohseBoi/quantum/split_common/transactions.o
 .rodata.encoder_LUT
                0x00000000008001de       0x10 .build/obj_sofle_rev1_LohseBoi/quantum/encoder.o
 .rodata.source_map.7
                0x00000000008001ee        0x4 .build/obj_sofle_rev1_LohseBoi/ssd1306_sh1106.o
 .rodata.target_map.8
                0x00000000008001f2        0x4 .build/obj_sofle_rev1_LohseBoi/ssd1306_sh1106.o
 *(.gnu.linkonce.r*)
                0x00000000008001f6                . = ALIGN (0x2)
                0x00000000008001f6                _edata = .
                0x00000000008001f6                PROVIDE (__data_end = .)

.bss            0x00000000008001f6      0x355
                0x00000000008001f6                PROVIDE (__bss_start = .)
 *(.bss)
 .bss           0x00000000008001f6        0x2 .build/obj_sofle_rev1_LohseBoi/common/avr/xprintf.o
                0x00000000008001f6                xfunc_out
 *(.bss*)
 .bss.turner    0x00000000008001f8        0x2 .build/obj_sofle_rev1_LohseBoi/keyboards/sofle/keymaps/LohseBoi/keymap.o
                0x00000000008001f8                turner
 .bss.media_counter
                0x00000000008001fa        0x1 .build/obj_sofle_rev1_LohseBoi/keyboards/sofle/keymaps/LohseBoi/keymap.o
                0x00000000008001fa                media_counter
 .bss.media_timer
                0x00000000008001fb        0x2 .build/obj_sofle_rev1_LohseBoi/keyboards/sofle/keymaps/LohseBoi/keymap.o
                0x00000000008001fb                media_timer
 .bss.is_media_active
                0x00000000008001fd        0x1 .build/obj_sofle_rev1_LohseBoi/keyboards/sofle/keymaps/LohseBoi/keymap.o
                0x00000000008001fd                is_media_active
 .bss.lwr_tapped
                0x00000000008001fe        0x1 .build/obj_sofle_rev1_LohseBoi/keyboards/sofle/keymaps/LohseBoi/keymap.o
                0x00000000008001fe                lwr_tapped
 .bss.lwr_timer
                0x00000000008001ff        0x2 .build/obj_sofle_rev1_LohseBoi/keyboards/sofle/keymaps/LohseBoi/keymap.o
                0x00000000008001ff                lwr_timer
 .bss.wpm_timer
                0x0000000000800201        0x2 .build/obj_sofle_rev1_LohseBoi/keyboards/sofle/keymaps/LohseBoi/keymap.o
                0x0000000000800201                wpm_timer
 .bss.swap_state.0
                0x0000000000800203        0xa .build/obj_sofle_rev1_LohseBoi/quantum/action.o
 .bss.disable_action_cache
                0x000000000080020d        0x1 .build/obj_sofle_rev1_LohseBoi/quantum/action.o
                0x000000000080020d                disable_action_cache
 .bss.swap_held
                0x000000000080020e        0x1 .build/obj_sofle_rev1_LohseBoi/quantum/action.o
                0x000000000080020e                swap_held
 .bss.swap_hands
                0x000000000080020f        0x1 .build/obj_sofle_rev1_LohseBoi/quantum/action.o
                0x000000000080020f                swap_hands
 .bss.source_layers_cache
                0x0000000000800210       0x28 .build/obj_sofle_rev1_LohseBoi/quantum/action_layer.o
                0x0000000000800210                source_layers_cache
 .bss.layer_state
                0x0000000000800238        0x4 .build/obj_sofle_rev1_LohseBoi/quantum/action_layer.o
                0x0000000000800238                layer_state
 .bss.default_layer_state
                0x000000000080023c        0x4 .build/obj_sofle_rev1_LohseBoi/quantum/action_layer.o
                0x000000000080023c                default_layer_state
 .bss.waiting_buffer_tail
                0x0000000000800240        0x1 .build/obj_sofle_rev1_LohseBoi/quantum/action_tapping.o
 .bss.waiting_buffer_head
                0x0000000000800241        0x1 .build/obj_sofle_rev1_LohseBoi/quantum/action_tapping.o
 .bss.waiting_buffer
                0x0000000000800242       0x30 .build/obj_sofle_rev1_LohseBoi/quantum/action_tapping.o
 .bss.tapping_key
                0x0000000000800272        0x6 .build/obj_sofle_rev1_LohseBoi/quantum/action_tapping.o
 .bss.swap_hands_oneshot
                0x0000000000800278        0x1 .build/obj_sofle_rev1_LohseBoi/quantum/action_util.o
                0x0000000000800278                swap_hands_oneshot
 .bss.oneshot_layer_data
                0x0000000000800279        0x1 .build/obj_sofle_rev1_LohseBoi/quantum/action_util.o
 .bss.oneshot_mods
                0x000000000080027a        0x1 .build/obj_sofle_rev1_LohseBoi/quantum/action_util.o
 .bss.__compound_literal.0
                0x000000000080027b        0x8 .build/obj_sofle_rev1_LohseBoi/quantum/action_util.o
 .bss.macro_mods
                0x0000000000800283        0x1 .build/obj_sofle_rev1_LohseBoi/quantum/action_util.o
 .bss.weak_mods
                0x0000000000800284        0x1 .build/obj_sofle_rev1_LohseBoi/quantum/action_util.o
 .bss.real_mods
                0x0000000000800285        0x1 .build/obj_sofle_rev1_LohseBoi/quantum/action_util.o
 .bss.led_status.0
                0x0000000000800286        0x1 .build/obj_sofle_rev1_LohseBoi/quantum/keyboard.o
 .bss.matrix_prev.1
                0x0000000000800287        0xa .build/obj_sofle_rev1_LohseBoi/quantum/keyboard.o
 .bss.last_encoder_modification_time
                0x0000000000800291        0x4 .build/obj_sofle_rev1_LohseBoi/quantum/keyboard.o
 .bss.last_matrix_modification_time
                0x0000000000800295        0x4 .build/obj_sofle_rev1_LohseBoi/quantum/keyboard.o
 .bss.last_input_modification_time
                0x0000000000800299        0x4 .build/obj_sofle_rev1_LohseBoi/quantum/keyboard.o
 .bss.debug_config
                0x000000000080029d        0x1 .build/obj_sofle_rev1_LohseBoi/quantum/logging/debug.o
                0x000000000080029d                debug_config
 .bss.debouncing_time
                0x000000000080029e        0x2 .build/obj_sofle_rev1_LohseBoi/quantum/debounce/sym_defer_g.o
 .bss.debouncing
                0x00000000008002a0        0x1 .build/obj_sofle_rev1_LohseBoi/quantum/debounce/sym_defer_g.o
 .bss.connection_check_timer.0
                0x00000000008002a1        0x2 .build/obj_sofle_rev1_LohseBoi/quantum/split_common/split_util.o
 .bss.usbstate.1
                0x00000000008002a3        0x1 .build/obj_sofle_rev1_LohseBoi/quantum/split_common/split_util.o
 .bss.connection_errors
                0x00000000008002a4        0x1 .build/obj_sofle_rev1_LohseBoi/quantum/split_common/split_util.o
 .bss.shared_memory
                0x00000000008002a5        0xc .build/obj_sofle_rev1_LohseBoi/quantum/split_common/transport.o
 .bss.last_sync_timer.0
                0x00000000008002b1        0x4 .build/obj_sofle_rev1_LohseBoi/quantum/split_common/transactions.o
 .bss.last_matrix.1
                0x00000000008002b5        0x5 .build/obj_sofle_rev1_LohseBoi/quantum/split_common/transactions.o
 .bss.last_update.2
                0x00000000008002ba        0x4 .build/obj_sofle_rev1_LohseBoi/quantum/split_common/transactions.o
 .bss.last_update.3
                0x00000000008002be        0x4 .build/obj_sofle_rev1_LohseBoi/quantum/split_common/transactions.o
 .bss.last_update.4
                0x00000000008002c2        0x4 .build/obj_sofle_rev1_LohseBoi/quantum/split_common/transactions.o
 .bss.wpm_timer
                0x00000000008002c6        0x2 .build/obj_sofle_rev1_LohseBoi/quantum/wpm.o
 .bss.current_wpm
                0x00000000008002c8        0x1 .build/obj_sofle_rev1_LohseBoi/quantum/wpm.o
 .bss.thatHand  0x00000000008002c9        0x1 .build/obj_sofle_rev1_LohseBoi/quantum/encoder.o
 .bss.thisHand  0x00000000008002ca        0x1 .build/obj_sofle_rev1_LohseBoi/quantum/encoder.o
 .bss.encoder_value
                0x00000000008002cb        0x2 .build/obj_sofle_rev1_LohseBoi/quantum/encoder.o
 .bss.encoder_pulses
                0x00000000008002cd        0x1 .build/obj_sofle_rev1_LohseBoi/quantum/encoder.o
 .bss.encoder_state
                0x00000000008002ce        0x1 .build/obj_sofle_rev1_LohseBoi/quantum/encoder.o
 .bss.oled_temp_buffer.6