Archive member included to satisfy reference by file (symbol)

.build/obj_sofle_rev1_LohseBoi/i2c_master.a(i2c_master.o)
                              .build/obj_sofle_rev1_LohseBoi/ssd1306_sh1106.o (i2c_init)
.build/obj_sofle_rev1_LohseBoi/serial.a(serial.o)
                              .build/obj_sofle_rev1_LohseBoi/quantum/split_common/transport.o (soft_serial_initiator_init)
/usr/lib/gcc/avr/8.3.0/../../../../avr/lib/avr5/libm.a(addsf3.o)
                              .build/obj_sofle_rev1_LohseBoi/quantum/wpm.o (__addsf3)
/usr/lib/gcc/avr/8.3.0/../../../../avr/lib/avr5/libm.a(addsf3x.o)
                              /usr/lib/gcc/avr/8.3.0/../../../../avr/lib/avr5/libm.a(addsf3.o) (__addsf3x)
/usr/lib/gcc/avr/8.3.0/../../../../avr/lib/avr5/libm.a(ceil.o)
                              .build/obj_sofle_rev1_LohseBoi/quantum/wpm.o (ceil)
/usr/lib/gcc/avr/8.3.0/../../../../avr/lib/avr5/libm.a(fixunssfsi.o)
                              .build/obj_sofle_rev1_LohseBoi/quantum/wpm.o (__fixunssfsi)
/usr/lib/gcc/avr/8.3.0/../../../../avr/lib/avr5/libm.a(floatsisf.o)
                              .build/obj_sofle_rev1_LohseBoi/quantum/wpm.o (__floatunsisf)
/usr/lib/gcc/avr/8.3.0/../../../../avr/lib/avr5/libm.a(fp_inf.o)
                              /usr/lib/gcc/avr/8.3.0/../../../../avr/lib/avr5/libm.a(addsf3x.o) (__fp_inf)
/usr/lib/gcc/avr/8.3.0/../../../../avr/lib/avr5/libm.a(fp_mintl.o)
                              /usr/lib/gcc/avr/8.3.0/../../../../avr/lib/avr5/libm.a(ceil.o) (__fp_mintl)
/usr/lib/gcc/avr/8.3.0/../../../../avr/lib/avr5/libm.a(fp_mpack.o)
                              /usr/lib/gcc/avr/8.3.0/../../../../avr/lib/avr5/libm.a(ceil.o) (__fp_mpack)
/usr/lib/gcc/avr/8.3.0/../../../../avr/lib/avr5/libm.a(fp_nan.o)
                              /usr/lib/gcc/avr/8.3.0/../../../../avr/lib/avr5/libm.a(addsf3x.o) (__fp_nan)
/usr/lib/gcc/avr/8.3.0/../../../../avr/lib/avr5/libm.a(fp_pscA.o)
                              /usr/lib/gcc/avr/8.3.0/../../../../avr/lib/avr5/libm.a(addsf3x.o) (__fp_pscA)
/usr/lib/gcc/avr/8.3.0/../../../../avr/lib/avr5/libm.a(fp_pscB.o)
                              /usr/lib/gcc/avr/8.3.0/../../../../avr/lib/avr5/libm.a(addsf3x.o) (__fp_pscB)
/usr/lib/gcc/avr/8.3.0/../../../../avr/lib/avr5/libm.a(fp_round.o)
                              /usr/lib/gcc/avr/8.3.0/../../../../avr/lib/avr5/libm.a(addsf3.o) (__fp_round)
/usr/lib/gcc/avr/8.3.0/../../../../avr/lib/avr5/libm.a(fp_split3.o)
                              /usr/lib/gcc/avr/8.3.0/../../../../avr/lib/avr5/libm.a(addsf3x.o) (__fp_split3)
/usr/lib/gcc/avr/8.3.0/../../../../avr/lib/avr5/libm.a(fp_trunc.o)
                              /usr/lib/gcc/avr/8.3.0/../../../../avr/lib/avr5/libm.a(ceil.o) (__fp_trunc)
/usr/lib/gcc/avr/8.3.0/../../../../avr/lib/avr5/libm.a(fp_zero.o)
                              /usr/lib/gcc/avr/8.3.0/../../../../avr/lib/avr5/libm.a(addsf3x.o) (__fp_zero)
/usr/lib/gcc/avr/8.3.0/../../../../avr/lib/avr5/libm.a(mulsf3.o)
                              .build/obj_sofle_rev1_LohseBoi/quantum/wpm.o (__mulsf3)
/usr/lib/gcc/avr/8.3.0/../../../../avr/lib/avr5/libm.a(mulsf3x.o)
                              /usr/lib/gcc/avr/8.3.0/../../../../avr/lib/avr5/libm.a(mulsf3.o) (__mulsf3x)
/usr/lib/gcc/avr/8.3.0/avr5/libgcc.a(_udivmodqi4.o)
                              .build/obj_sofle_rev1_LohseBoi/keyboards/sofle/keymaps/LohseBoi/keymap.o (__udivmodqi4)
/usr/lib/gcc/avr/8.3.0/avr5/libgcc.a(_udivmodhi4.o)
                              .build/obj_sofle_rev1_LohseBoi/ssd1306_sh1106.o (__udivmodhi4)
/usr/lib/gcc/avr/8.3.0/avr5/libgcc.a(_divmodhi4.o)
                              .build/obj_sofle_rev1_LohseBoi/keyboards/sofle/keymaps/LohseBoi/keymap.o (__divmodhi4)
/usr/lib/gcc/avr/8.3.0/avr5/libgcc.a(_divmodsi4.o)
                              .build/obj_sofle_rev1_LohseBoi/quantum/wpm.o (__divmodsi4)
/usr/lib/gcc/avr/8.3.0/avr5/libgcc.a(_negsi2.o)
                              /usr/lib/gcc/avr/8.3.0/avr5/libgcc.a(_divmodsi4.o) (__negsi2)
/usr/lib/gcc/avr/8.3.0/avr5/libgcc.a(_exit.o)
                              /usr/lib/gcc/avr/8.3.0/../../../../avr/lib/avr5/crtatmega32u4.o (exit)
/usr/lib/gcc/avr/8.3.0/avr5/libgcc.a(_tablejump2.o)
                              .build/obj_sofle_rev1_LohseBoi/keyboards/sofle/keymaps/LohseBoi/keymap.o (__tablejump2__)
/usr/lib/gcc/avr/8.3.0/avr5/libgcc.a(_copy_data.o)
                              .build/obj_sofle_rev1_LohseBoi/keyboards/sofle/keymaps/LohseBoi/keymap.o (__do_copy_data)
/usr/lib/gcc/avr/8.3.0/avr5/libgcc.a(_clear_bss.o)
                              .build/obj_sofle_rev1_LohseBoi/keyboards/sofle/keymaps/LohseBoi/keymap.o (__do_clear_bss)
/usr/lib/gcc/avr/8.3.0/avr5/libgcc.a(_udivmodsi4.o)
                              /usr/lib/gcc/avr/8.3.0/avr5/libgcc.a(_divmodsi4.o) (__udivmodsi4)
/usr/lib/gcc/avr/8.3.0/../../../../avr/lib/avr5/libc.a(memcpy_P.o)
                              .build/obj_sofle_rev1_LohseBoi/ssd1306_sh1106.o (memcpy_P)
[...]
Memory Configuration

Name             Origin             Length             Attributes
text             0x0000000000000000 0x0000000000020000 xr
data             0x0000000000800060 0x000000000000ffa0 rw !x
eeprom           0x0000000000810000 0x0000000000010000 rw !x
fuse             0x0000000000820000 0x0000000000000400 rw !x
lock             0x0000000000830000 0x0000000000000400 rw !x
signature        0x0000000000840000 0x0000000000000400 rw !x
user_signatures  0x0000000000850000 0x0000000000000400 rw !x
*default*        0x0000000000000000 0xffffffffffffffff

Linker script and memory map

Address of section .data set to 0x800100
LOAD /usr/lib/gcc/avr/8.3.0/../../../../avr/lib/avr5/crtatmega32u4.o
LOAD .build/obj_sofle_rev1_LohseBoi/keyboards/sofle/sofle.o
LOAD .build/obj_sofle_rev1_LohseBoi/keyboards/sofle/rev1/rev1.o
LOAD .build/obj_sofle_rev1_LohseBoi/keyboards/sofle/keymaps/LohseBoi/keymap.o
LOAD .build/obj_sofle_rev1_LohseBoi/quantum/quantum.o
LOAD .build/obj_sofle_rev1_LohseBoi/quantum/send_string.o
LOAD .build/obj_sofle_rev1_LohseBoi/quantum/bitwise.o
LOAD .build/obj_sofle_rev1_LohseBoi/quantum/led.o
LOAD .build/obj_sofle_rev1_LohseBoi/quantum/action.o
LOAD .build/obj_sofle_rev1_LohseBoi/quantum/action_layer.o
LOAD .build/obj_sofle_rev1_LohseBoi/quantum/action_macro.o
LOAD .build/obj_sofle_rev1_LohseBoi/quantum/action_tapping.o
LOAD .build/obj_sofle_rev1_LohseBoi/quantum/action_util.o
LOAD .build/obj_sofle_rev1_LohseBoi/quantum/eeconfig.o
LOAD .build/obj_sofle_rev1_LohseBoi/quantum/keyboard.o
LOAD .build/obj_sofle_rev1_LohseBoi/quantum/keymap_common.o
LOAD .build/obj_sofle_rev1_LohseBoi/quantum/keycode_config.o
LOAD .build/obj_sofle_rev1_LohseBoi/quantum/logging/debug.o
LOAD .build/obj_sofle_rev1_LohseBoi/quantum/logging/sendchar.o
LOAD .build/obj_sofle_rev1_LohseBoi/quantum/bootmagic/magic.o
LOAD .build/obj_sofle_rev1_LohseBoi/quantum/matrix_common.o
LOAD .build/obj_sofle_rev1_LohseBoi/quantum/matrix.o
LOAD .build/obj_sofle_rev1_LohseBoi/quantum/debounce/sym_defer_g.o
LOAD .build/obj_sofle_rev1_LohseBoi/quantum/split_common/split_util.o
LOAD .build/obj_sofle_rev1_LohseBoi/quantum/split_common/transport.o
LOAD .build/obj_sofle_rev1_LohseBoi/quantum/split_common/transactions.o
LOAD .build/obj_sofle_rev1_LohseBoi/quantum/main.o
LOAD .build/obj_sofle_rev1_LohseBoi/quantum/wpm.o
LOAD .build/obj_sofle_rev1_LohseBoi/quantum/encoder.o
LOAD .build/obj_sofle_rev1_LohseBoi/crc.o
LOAD .build/obj_sofle_rev1_LohseBoi/ssd1306_sh1106.o
LOAD .build/obj_sofle_rev1_LohseBoi/quantum/process_keycode/process_space_cadet.o
LOAD .build/obj_sofle_rev1_LohseBoi/quantum/process_keycode/process_magic.o
LOAD .build/obj_sofle_rev1_LohseBoi/quantum/process_keycode/process_grave_esc.o
LOAD .build/obj_sofle_rev1_LohseBoi/i2c_master.a
LOAD .build/obj_sofle_rev1_LohseBoi/i2c_slave.a
LOAD .build/obj_sofle_rev1_LohseBoi/serial.a
LOAD .build/obj_sofle_rev1_LohseBoi/common/host.o
LOAD .build/obj_sofle_rev1_LohseBoi/common/report.o
LOAD .build/obj_sofle_rev1_LohseBoi/common/sync_timer.o
LOAD .build/obj_sofle_rev1_LohseBoi/common/usb_util.o
LOAD .build/obj_sofle_rev1_LohseBoi/common/avr/platform.o
LOAD .build/obj_sofle_rev1_LohseBoi/common/avr/suspend.o
LOAD .build/obj_sofle_rev1_LohseBoi/common/avr/timer.o
LOAD .build/obj_sofle_rev1_LohseBoi/common/avr/bootloader.o
LOAD .build/obj_sofle_rev1_LohseBoi/common/avr/xprintf.o
LOAD .build/obj_sofle_rev1_LohseBoi/common/avr/printf.o
LOAD .build/obj_sofle_rev1_LohseBoi/lufa.o
LOAD .build/obj_sofle_rev1_LohseBoi/usb_descriptor.o
LOAD .build/obj_sofle_rev1_LohseBoi/lib/lufa/LUFA/Drivers/USB/Class/Common/HIDParser.o
LOAD .build/obj_sofle_rev1_LohseBoi/lib/lufa/LUFA/Drivers/USB/Core/AVR8/Device_AVR8.o
LOAD .build/obj_sofle_rev1_LohseBoi/lib/lufa/LUFA/Drivers/USB/Core/AVR8/EndpointStream_AVR8.o
LOAD .build/obj_sofle_rev1_LohseBoi/lib/lufa/LUFA/Drivers/USB/Core/AVR8/Endpoint_AVR8.o
LOAD .build/obj_sofle_rev1_LohseBoi/lib/lufa/LUFA/Drivers/USB/Core/AVR8/Host_AVR8.o
LOAD .build/obj_sofle_rev1_LohseBoi/lib/lufa/LUFA/Drivers/USB/Core/AVR8/PipeStream_AVR8.o
LOAD .build/obj_sofle_rev1_LohseBoi/lib/lufa/LUFA/Drivers/USB/Core/AVR8/Pipe_AVR8.o
LOAD .build/obj_sofle_rev1_LohseBoi/lib/lufa/LUFA/Drivers/USB/Core/AVR8/USBController_AVR8.o
LOAD .build/obj_sofle_rev1_LohseBoi/lib/lufa/LUFA/Drivers/USB/Core/AVR8/USBInterrupt_AVR8.o
LOAD .build/obj_sofle_rev1_LohseBoi/lib/lufa/LUFA/Drivers/USB/Core/ConfigDescriptors.o
LOAD .build/obj_sofle_rev1_LohseBoi/lib/lufa/LUFA/Drivers/USB/Core/DeviceStandardReq.o
LOAD .build/obj_sofle_rev1_LohseBoi/lib/lufa/LUFA/Drivers/USB/Core/Events.o
LOAD .build/obj_sofle_rev1_LohseBoi/lib/lufa/LUFA/Drivers/USB/Core/HostStandardReq.o
LOAD .build/obj_sofle_rev1_LohseBoi/lib/lufa/LUFA/Drivers/USB/Core/USBTask.o
LOAD .build/obj_sofle_rev1_LohseBoi/protocol/lufa/usb_util.o
LOAD /usr/lib/gcc/avr/8.3.0/../../../../avr/lib/avr5/libm.a
START GROUP
LOAD /usr/lib/gcc/avr/8.3.0/avr5/libgcc.a
LOAD /usr/lib/gcc/avr/8.3.0/../../../../avr/lib/avr5/libm.a
LOAD /usr/lib/gcc/avr/8.3.0/../../../../avr/lib/avr5/libc.a
LOAD /usr/lib/gcc/avr/8.3.0/../../../../avr/lib/avr5/libatmega32u4.a
END GROUP
                0x0000000000020000                __TEXT_REGION_LENGTH__ = DEFINED (__TEXT_REGION_LENGTH__)?__TEXT_REGION_LENGTH__:0x20000
                0x000000000000ffa0                __DATA_REGION_LENGTH__ = DEFINED (__DATA_REGION_LENGTH__)?__DATA_REGION_LENGTH__:0xffa0
                0x0000000000010000                __EEPROM_REGION_LENGTH__ = DEFINED (__EEPROM_REGION_LENGTH__)?__EEPROM_REGION_LENGTH__:0x10000
                0x0000000000000400                __FUSE_REGION_LENGTH__ = DEFINED (__FUSE_REGION_LENGTH__)?__FUSE_REGION_LENGTH__:0x400
                0x0000000000000400                __LOCK_REGION_LENGTH__ = DEFINED (__LOCK_REGION_LENGTH__)?__LOCK_REGION_LENGTH__:0x400
                0x0000000000000400                __SIGNATURE_REGION_LENGTH__ = DEFINED (__SIGNATURE_REGION_LENGTH__)?__SIGNATURE_REGION_LENGTH__:0x400
                0x0000000000000400                __USER_SIGNATURE_REGION_LENGTH__ = DEFINED (__USER_SIGNATURE_REGION_LENGTH__)?__USER_SIGNATURE_REGION_LENGTH__:0x400

.hash
 *(.hash)

.dynsym
 *(.dynsym)

.dynstr
 *(.dynstr)

.gnu.version
 *(.gnu.version)

.gnu.version_d
 *(.gnu.version_d)

.gnu.version_r
 *(.gnu.version_r)

.rel.init
 *(.rel.init)

.rela.init
 *(.rela.init)

.rel.text
 *(.rel.text)
 *(.rel.text.*)
 *(.rel.gnu.linkonce.t*)

.rela.text
 *(.rela.text)
 *(.rela.text.*)
 *(.rela.gnu.linkonce.t*)

.rel.fini
 *(.rel.fini)

.rela.fini
 *(.rela.fini)

.rel.rodata
 *(.rel.rodata)
 *(.rel.rodata.*)
 *(.rel.gnu.linkonce.r*)

.rela.rodata
 *(.rela.rodata)
 *(.rela.rodata.*)
 *(.rela.gnu.linkonce.r*)

.rel.data
 *(.rel.data)
 *(.rel.data.*)
 *(.rel.gnu.linkonce.d*)

.rela.data
 *(.rela.data)
 *(.rela.data.*)
 *(.rela.gnu.linkonce.d*)

.rel.ctors
 *(.rel.ctors)

.rela.ctors
 *(.rela.ctors)

.rel.dtors
 *(.rel.dtors)

.rela.dtors
 *(.rela.dtors)

.rel.got
 *(.rel.got)

.rela.got
 *(.rela.got)

.rel.bss
 *(.rel.bss)

.rela.bss
 *(.rela.bss)

.rel.plt
 *(.rel.plt)

.rela.plt
 *(.rela.plt)

.text           0x0000000000000000     0x641c
 *(.vectors)
 .vectors       0x0000000000000000       0xac /usr/lib/gcc/avr/8.3.0/../../../../avr/lib/avr5/crtatmega32u4.o
                0x0000000000000000                __vectors
                0x0000000000000000                __vector_default
 *(.vectors)
 *(.progmem.gcc*)
                0x00000000000000ac                . = ALIGN (0x2)
                0x00000000000000ac                __trampolines_start = .
 *(.trampolines)
 .trampolines   0x00000000000000ac        0x0 linker stubs
 *(.trampolines*)
                0x00000000000000ac                __trampolines_end = .
 *libprintf_flt.a:*(.progmem.data)
 *libc.a:*(.progmem.data)
 *(.progmem.*)
 .progmem.data.hand_swap_config
                0x00000000000000ac       0x78 .build/obj_sofle_rev1_LohseBoi/keyboards/sofle/sofle.o
                0x00000000000000ac                hand_swap_config
 .progmem.data.__c.3971
                0x0000000000000124        0x4 .build/obj_sofle_rev1_LohseBoi/keyboards/sofle/keymaps/LohseBoi/keymap.o
 .progmem.data.__c.3967
                0x0000000000000128        0x4 .build/obj_sofle_rev1_LohseBoi/keyboards/sofle/keymaps/LohseBoi/keymap.o
 .progmem.data.__c.3963
                0x000000000000012c        0x4 .build/obj_sofle_rev1_LohseBoi/keyboards/sofle/keymaps/LohseBoi/keymap.o
 .progmem.data.__c.3956
                0x0000000000000130        0x4 .build/obj_sofle_rev1_LohseBoi/keyboards/sofle/keymaps/LohseBoi/keymap.o
 .progmem.data.__c.3880
                0x0000000000000134       0x15 .build/obj_sofle_rev1_LohseBoi/keyboards/sofle/keymaps/LohseBoi/keymap.o
 .progmem.data.__c.3876
                0x0000000000000149        0x5 .build/obj_sofle_rev1_LohseBoi/keyboards/sofle/keymaps/LohseBoi/keymap.o
 .progmem.data.__c.3874
                0x000000000000014e        0x3 .build/obj_sofle_rev1_LohseBoi/keyboards/sofle/keymaps/LohseBoi/keymap.o
 .progmem.data.__c.3936
                0x0000000000000151        0x6 .build/obj_sofle_rev1_LohseBoi/keyboards/sofle/keymaps/LohseBoi/keymap.o
 .progmem.data.__c.3933
                0x0000000000000157        0x4 .build/obj_sofle_rev1_LohseBoi/keyboards/sofle/keymaps/LohseBoi/keymap.o
 .progmem.data.__c.3931
                0x000000000000015b        0x7 .build/obj_sofle_rev1_LohseBoi/keyboards/sofle/keymaps/LohseBoi/keymap.o
 .progmem.data.__c.3928
                0x0000000000000162        0x5 .build/obj_sofle_rev1_LohseBoi/keyboards/sofle/keymaps/LohseBoi/keymap.o
 .progmem.data.__c.3925
                0x0000000000000167        0x5 .build/obj_sofle_rev1_LohseBoi/keyboards/sofle/keymaps/LohseBoi/keymap.o
 .progmem.data.__c.3922
                0x000000000000016c        0x5 .build/obj_sofle_rev1_LohseBoi/keyboards/sofle/keymaps/LohseBoi/keymap.o
 .progmem.data.__c.3919
                0x0000000000000171        0x7 .build/obj_sofle_rev1_LohseBoi/keyboards/sofle/keymaps/LohseBoi/keymap.o
 .progmem.data.__c.3915
                0x0000000000000178        0x6 .build/obj_sofle_rev1_LohseBoi/keyboards/sofle/keymaps/LohseBoi/keymap.o
 .progmem.data.__c.3912
                0x000000000000017e        0x6 .build/obj_sofle_rev1_LohseBoi/keyboards/sofle/keymaps/LohseBoi/keymap.o
 .progmem.data.__c.3910
                0x0000000000000184        0x3 .build/obj_sofle_rev1_LohseBoi/keyboards/sofle/keymaps/LohseBoi/keymap.o
 .progmem.data.__c.3908
                0x0000000000000187        0x6 .build/obj_sofle_rev1_LohseBoi/keyboards/sofle/keymaps/LohseBoi/keymap.o
 .progmem.data.__c.3905
                0x000000000000018d        0x6 .build/obj_sofle_rev1_LohseBoi/keyboards/sofle/keymaps/LohseBoi/keymap.o
 .progmem.data.__c.3901
                0x0000000000000193        0x6 .build/obj_sofle_rev1_LohseBoi/keyboards/sofle/keymaps/LohseBoi/keymap.o
 .progmem.data.__c.3898
                0x0000000000000199        0x4 .build/obj_sofle_rev1_LohseBoi/keyboards/sofle/keymaps/LohseBoi/keymap.o
 .progmem.data.__c.3896
                0x000000000000019d        0x4 .build/obj_sofle_rev1_LohseBoi/keyboards/sofle/keymaps/LohseBoi/keymap.o
 .progmem.data.__c.3894
                0x00000000000001a1        0x1 .build/obj_sofle_rev1_LohseBoi/keyboards/sofle/keymaps/LohseBoi/keymap.o
 .progmem.data.__c.3892
                0x00000000000001a2        0x5 .build/obj_sofle_rev1_LohseBoi/keyboards/sofle/keymaps/LohseBoi/keymap.o
 .progmem.data.__c.3890
                0x00000000000001a7        0x3 .build/obj_sofle_rev1_LohseBoi/keyboards/sofle/keymaps/LohseBoi/keymap.o
 .progmem.data.keymaps
                0x00000000000001aa      0x258 .build/obj_sofle_rev1_LohseBoi/keyboards/sofle/keymaps/LohseBoi/keymap.o
                0x00000000000001aa                keymaps
 .progmem.data.ascii_to_keycode_lut
                0x0000000000000402       0x80 .build/obj_sofle_rev1_LohseBoi/quantum/send_string.o
                0x0000000000000402                ascii_to_keycode_lut
 .progmem.data.ascii_to_dead_lut
                0x0000000000000482       0x10 .build/obj_sofle_rev1_LohseBoi/quantum/send_string.o
                0x0000000000000482                ascii_to_dead_lut
 .progmem.data.ascii_to_altgr_lut
                0x0000000000000492       0x10 .build/obj_sofle_rev1_LohseBoi/quantum/send_string.o
                0x0000000000000492                ascii_to_altgr_lut
 .progmem.data.ascii_to_shift_lut
                0x00000000000004a2       0x10 .build/obj_sofle_rev1_LohseBoi/quantum/send_string.o
                0x00000000000004a2                ascii_to_shift_lut
 .progmem.data.display_off.2276
                0x00000000000004b2        0x2 .build/obj_sofle_rev1_LohseBoi/ssd1306_sh1106.o
 .progmem.data.display_on.2272
                0x00000000000004b4        0x2 .build/obj_sofle_rev1_LohseBoi/ssd1306_sh1106.o
 .progmem.data.display_setup2.2106
                0x00000000000004b6        0xd .build/obj_sofle_rev1_LohseBoi/ssd1306_sh1106.o
 .progmem.data.display_flipped.2105
                0x00000000000004c3        0x3 .build/obj_sofle_rev1_LohseBoi/ssd1306_sh1106.o
 .progmem.data.display_normal.2104
                0x00000000000004c6        0x3 .build/obj_sofle_rev1_LohseBoi/ssd1306_sh1106.o
 .progmem.data.display_setup1.2103
                0x00000000000004c9        0xd .build/obj_sofle_rev1_LohseBoi/ssd1306_sh1106.o
 .progmem.data.font
                0x00000000000004d6      0x540 .build/obj_sofle_rev1_LohseBoi/ssd1306_sh1106.o
 .progmem.data.ProductString
                0x0000000000000a16        0xe .build/obj_sofle_rev1_LohseBoi/usb_descriptor.o
                0x0000000000000a16                ProductString
 .progmem.data.ManufacturerString
                0x0000000000000a24       0x1c .build/obj_sofle_rev1_LohseBoi/usb_descriptor.o
                0x0000000000000a24                ManufacturerString
 .progmem.data.LanguageString
                0x0000000000000a40        0x4 .build/obj_sofle_rev1_LohseBoi/usb_descriptor.o
                0x0000000000000a40                LanguageString
 .progmem.data.ConfigurationDescriptor
                0x0000000000000a44       0x3b .build/obj_sofle_rev1_LohseBoi/usb_descriptor.o
                0x0000000000000a44                ConfigurationDescriptor
 .progmem.data.DeviceDescriptor
                0x0000000000000a7f       0x12 .build/obj_sofle_rev1_LohseBoi/usb_descriptor.o
                0x0000000000000a7f                DeviceDescriptor
 .progmem.data.SharedReport
                0x0000000000000a91       0x32 .build/obj_sofle_rev1_LohseBoi/usb_descriptor.o
                0x0000000000000a91                SharedReport
 .progmem.data.KeyboardReport
                0x0000000000000ac3       0x40 .build/obj_sofle_rev1_LohseBoi/usb_descriptor.o
                0x0000000000000ac3                KeyboardReport
                0x0000000000000b04                . = ALIGN (0x2)
 *fill*         0x0000000000000b03        0x1 
 *(.lowtext)
 *(.lowtext*)
                0x0000000000000b04                __ctors_start = .
 *(.ctors)
                0x0000000000000b04                __ctors_end = .
                0x0000000000000b04                __dtors_start = .
 *(.dtors)
                0x0000000000000b04                __dtors_end = .
 SORT_BY_NAME(*)(.ctors)
 SORT_BY_NAME(*)(.dtors)
 *(.init0)
 .init0         0x0000000000000b04        0x0 /usr/lib/gcc/avr/8.3.0/../../../../avr/lib/avr5/crtatmega32u4.o
                0x0000000000000b04                __init
 *(.init0)
 *(.init1)
 *(.init1)
 *(.init2)
 .init2         0x0000000000000b04        0xc /usr/lib/gcc/avr/8.3.0/../../../../avr/lib/avr5/crtatmega32u4.o
 *(.init2)
 *(.init3)
 .init3         0x0000000000000b10       0x54 .build/obj_sofle_rev1_LohseBoi/common/avr/bootloader.o
                0x0000000000000b10                bootloader_jump_after_watchdog_reset
 *(.init3)
 *(.init4)
 .init4         0x0000000000000b64       0x16 /usr/lib/gcc/avr/8.3.0/avr5/libgcc.a(_copy_data.o)
                0x0000000000000b64                __do_copy_data
 .init4         0x0000000000000b7a       0x10 /usr/lib/gcc/avr/8.3.0/avr5/libgcc.a(_clear_bss.o)
                0x0000000000000b7a                __do_clear_bss
 *(.init4)
 *(.init5)
 *(.init5)
 *(.init6)
 *(.init6)
 *(.init7)
 *(.init7)
 *(.init8)
 *(.init8)
 *(.init9)
 .init9         0x0000000000000b8a        0x8 /usr/lib/gcc/avr/8.3.0/../../../../avr/lib/avr5/crtatmega32u4.o
 *(.init9)
 *(.text)
 .text          0x0000000000000b92        0x4 /usr/lib/gcc/avr/8.3.0/../../../../avr/lib/avr5/crtatmega32u4.o
                0x0000000000000b92                __vector_38
                0x0000000000000b92                __vector_22
                0x0000000000000b92                __vector_28
                0x0000000000000b92                __vector_1
                0x0000000000000b92                __vector_32
                0x0000000000000b92                __vector_34
                0x0000000000000b92                __vector_24
                0x0000000000000b92                __bad_interrupt
                0x0000000000000b92                __vector_6
                0x0000000000000b92                __vector_31
                0x0000000000000b92                __vector_35
                0x0000000000000b92                __vector_39
                0x0000000000000b92                __vector_23
                0x0000000000000b92                __vector_30
                0x0000000000000b92                __vector_25
                0x0000000000000b92                __vector_13
                0x0000000000000b92                __vector_17
                0x0000000000000b92                __vector_19
                0x0000000000000b92                __vector_7
                0x0000000000000b92                __vector_41
                0x0000000000000b92                __vector_27
                0x0000000000000b92                __vector_5
                0x0000000000000b92                __vector_33
                0x0000000000000b92                __vector_37
                0x0000000000000b92                __vector_4
                0x0000000000000b92                __vector_9
                0x0000000000000b92                __vector_2
                0x0000000000000b92                __vector_15
                0x0000000000000b92                __vector_36
                0x0000000000000b92                __vector_29
                0x0000000000000b92                __vector_40
                0x0000000000000b92                __vector_8
                0x0000000000000b92                __vector_26
                0x0000000000000b92                __vector_14
                0x0000000000000b92                __vector_16
                0x0000000000000b92                __vector_18
                0x0000000000000b92                __vector_20
                0x0000000000000b92                __vector_42
                0x0000000000000b96                . = ALIGN (0x2)
 *(.text.*)
 .text.oled_init_user
                0x0000000000000b96        0x4 .build/obj_sofle_rev1_LohseBoi/keyboards/sofle/keymaps/LohseBoi/keymap.o
                0x0000000000000b96                oled_init_user
 .text.oled_task_user
                0x0000000000000b9a      0x220 .build/obj_sofle_rev1_LohseBoi/keyboards/sofle/keymaps/LohseBoi/keymap.o
                0x0000000000000b9a                oled_task_user
 .text.process_record_user
                0x0000000000000dba      0x136 .build/obj_sofle_rev1_LohseBoi/keyboards/sofle/keymaps/LohseBoi/keymap.o
                0x0000000000000dba                process_record_user
 .text.matrix_scan_user
                0x0000000000000ef0       0x44 .build/obj_sofle_rev1_LohseBoi/keyboards/sofle/keymaps/LohseBoi/keymap.o
                0x0000000000000ef0                matrix_scan_user
 .text.encoder_update_user
                0x0000000000000f34       0x50 .build/obj_sofle_rev1_LohseBoi/keyboards/sofle/keymaps/LohseBoi/keymap.o
                0x0000000000000f34                encoder_update_user
 .text.process_action_kb
                0x0000000000000f84        0x4 .build/obj_sofle_rev1_LohseBoi/quantum/quantum.o
                0x0000000000000f84                process_action_kb
 .text.process_record_kb
                0x0000000000000f88        0x4 .build/obj_sofle_rev1_LohseBoi/quantum/quantum.o
                0x0000000000000f88                process_record_kb
 .text.post_process_record_user
                0x0000000000000f8c        0x2 .build/obj_sofle_rev1_LohseBoi/quantum/quantum.o
                0x0000000000000f8c                post_process_record_user
 .text.post_process_record_kb
                0x0000000000000f8e        0x4 .build/obj_sofle_rev1_LohseBoi/quantum/quantum.o
                0x0000000000000f8e                post_process_record_kb
 .text.get_event_keycode
                0x0000000000000f92       0x66 .build/obj_sofle_rev1_LohseBoi/quantum/quantum.o
                0x0000000000000f92                get_event_keycode
 .text.get_record_keycode
                0x0000000000000ff8       0x12 .build/obj_sofle_rev1_LohseBoi/quantum/quantum.o
                0x0000000000000ff8                get_record_keycode
 .text.pre_process_record_quantum
                0x000000000000100a        0x4 .build/obj_sofle_rev1_LohseBoi/quantum/quantum.o
                0x000000000000100a                pre_process_record_quantum
 .text.post_process_record_quantum
                0x000000000000100e       0x16 .build/obj_sofle_rev1_LohseBoi/quantum/quantum.o
                0x000000000000100e                post_process_record_quantum
 .text.set_single_persistent_default_layer
                0x0000000000001024       0x34 .build/obj_sofle_rev1_LohseBoi/quantum/quantum.o
                0x0000000000001024                set_single_persistent_default_layer
 .text.update_tri_layer_state
                0x0000000000001058       0xa8 .build/obj_sofle_rev1_LohseBoi/quantum/quantum.o
                0x0000000000001058                update_tri_layer_state
 .text.update_tri_layer
                0x0000000000001100       0x24 .build/obj_sofle_rev1_LohseBoi/quantum/quantum.o
                0x0000000000001100                update_tri_layer
 .text.matrix_init_quantum
                0x0000000000001124        0xc .build/obj_sofle_rev1_LohseBoi/quantum/quantum.o
                0x0000000000001124                matrix_init_quantum
 .text.matrix_scan_quantum
                0x0000000000001130        0x8 .build/obj_sofle_rev1_LohseBoi/quantum/quantum.o
                0x0000000000001130                matrix_scan_quantum
 .text.shutdown_user
                0x0000000000001138        0x2 .build/obj_sofle_rev1_LohseBoi/quantum/quantum.o
                0x0000000000001138                shutdown_user
 .text.reset_keyboard
                0x000000000000113a       0x1e .build/obj_sofle_rev1_LohseBoi/quantum/quantum.o
                0x000000000000113a                reset_keyboard
 .text.process_record_quantum
                0x0000000000001158       0xb4 .build/obj_sofle_rev1_LohseBoi/quantum/quantum.o
                0x0000000000001158                process_record_quantum
 .text.send_char
                0x000000000000120c       0xcc .build/obj_sofle_rev1_LohseBoi/quantum/send_string.o
                0x000000000000120c                send_char
 .text.send_string_with_delay_P
                0x00000000000012d8       0xd4 .build/obj_sofle_rev1_LohseBoi/quantum/send_string.o
                0x00000000000012d8                send_string_with_delay_P
 .text.send_string_P
                0x00000000000013ac        0x6 .build/obj_sofle_rev1_LohseBoi/quantum/send_string.o
                0x00000000000013ac                send_string_P
 .text.biton32  0x00000000000013b2       0x9a .build/obj_sofle_rev1_LohseBoi/quantum/bitwise.o
                0x00000000000013b2                biton32
 .text.led_set_user
                0x000000000000144c        0x2 .build/obj_sofle_rev1_LohseBoi/quantum/led.o
                0x000000000000144c                led_set_user
 .text.led_set_kb
                0x000000000000144e        0x4 .build/obj_sofle_rev1_LohseBoi/quantum/led.o
                0x000000000000144e                led_set_kb
 .text.led_update_user
                0x0000000000001452        0x4 .build/obj_sofle_rev1_LohseBoi/quantum/led.o
                0x0000000000001452                led_update_user
 .text.led_update_kb
                0x0000000000001456        0x4 .build/obj_sofle_rev1_LohseBoi/quantum/led.o
                0x0000000000001456                led_update_kb
 .text.led_init_ports
                0x000000000000145a        0x2 .build/obj_sofle_rev1_LohseBoi/quantum/led.o
                0x000000000000145a                led_init_ports
 .text.led_set  0x000000000000145c       0x10 .build/obj_sofle_rev1_LohseBoi/quantum/led.o
                0x000000000000145c                led_set
 .text.process_hand_swap
                0x000000000000146c       0x6a .build/obj_sofle_rev1_LohseBoi/quantum/action.o
                0x000000000000146c                process_hand_swap
 .text.action_exec
                0x00000000000014d6       0x98 .build/obj_sofle_rev1_LohseBoi/quantum/action.o
                0x00000000000014d6                action_exec
 .text.process_record_tap_hint
                0x000000000000156e       0x28 .build/obj_sofle_rev1_LohseBoi/quantum/action.o
                0x000000000000156e                process_record_tap_hint
 .text.register_code
                0x0000000000001596       0x8c .build/obj_sofle_rev1_LohseBoi/quantum/action.o
                0x0000000000001596                register_code
 .text.unregister_code
                0x0000000000001622       0x50 .build/obj_sofle_rev1_LohseBoi/quantum/action.o
                0x0000000000001622                unregister_code
 .text.tap_code_delay
                0x0000000000001672       0x2e .build/obj_sofle_rev1_LohseBoi/quantum/action.o
                0x0000000000001672                tap_code_delay
 .text.tap_code
                0x00000000000016a0       0x10 .build/obj_sofle_rev1_LohseBoi/quantum/action.o
                0x00000000000016a0                tap_code
 .text.register_mods
                0x00000000000016b0        0xe .build/obj_sofle_rev1_LohseBoi/quantum/action.o
                0x00000000000016b0                register_mods
 .text.unregister_mods
                0x00000000000016be        0xe .build/obj_sofle_rev1_LohseBoi/quantum/action.o
                0x00000000000016be                unregister_mods
 .text.process_action
                0x00000000000016cc      0x50a .build/obj_sofle_rev1_LohseBoi/quantum/action.o
                0x00000000000016cc                process_action
 .text.process_record_handler
                0x0000000000001bd6       0x2e .build/obj_sofle_rev1_LohseBoi/quantum/action.o
                0x0000000000001bd6                process_record_handler
 .text.process_record
                0x0000000000001c04       0x50 .build/obj_sofle_rev1_LohseBoi/quantum/action.o
                0x0000000000001c04                process_record
 .text.clear_keyboard_but_mods_and_keys
                0x0000000000001c54       0x1c .build/obj_sofle_rev1_LohseBoi/quantum/action.o
                0x0000000000001c54                clear_keyboard_but_mods_and_keys
 .text.clear_keyboard_but_mods
                0x0000000000001c70        0x8 .build/obj_sofle_rev1_LohseBoi/quantum/action.o
                0x0000000000001c70                clear_keyboard_but_mods
 .text.clear_keyboard
                0x0000000000001c78        0x8 .build/obj_sofle_rev1_LohseBoi/quantum/action.o
                0x0000000000001c78                clear_keyboard
 .text.is_tap_action
                0x0000000000001c80       0x3e .build/obj_sofle_rev1_LohseBoi/quantum/action.o
                0x0000000000001c80                is_tap_action
 .text.is_tap_record
                0x0000000000001cbe        0xe .build/obj_sofle_rev1_LohseBoi/quantum/action.o
                0x0000000000001cbe                is_tap_record
 .text.debug_event
                0x0000000000001ccc       0x1e .build/obj_sofle_rev1_LohseBoi/quantum/action.o
                0x0000000000001ccc                debug_event
 .text.debug_record
                0x0000000000001cea       0x20 .build/obj_sofle_rev1_LohseBoi/quantum/action.o
                0x0000000000001cea                debug_record
 .text.default_layer_state_set_user
                0x0000000000001d0a        0x2 .build/obj_sofle_rev1_LohseBoi/quantum/action_layer.o
                0x0000000000001d0a                default_layer_state_set_user
 .text.default_layer_state_set_kb
                0x0000000000001d0c        0x4 .build/obj_sofle_rev1_LohseBoi/quantum/action_layer.o
                0x0000000000001d0c                default_layer_state_set_kb
 .text.default_layer_state_set
                0x0000000000001d10       0x18 .build/obj_sofle_rev1_LohseBoi/quantum/action_layer.o
 .text.default_layer_debug
                0x0000000000001d28        0x2 .build/obj_sofle_rev1_LohseBoi/quantum/action_layer.o
                0x0000000000001d28                default_layer_debug
 .text.default_layer_set
                0x0000000000001d2a        0x4 .build/obj_sofle_rev1_LohseBoi/quantum/action_layer.o
                0x0000000000001d2a                default_layer_set
 .text.default_layer_or
                0x0000000000001d2e       0x24 .build/obj_sofle_rev1_LohseBoi/quantum/action_layer.o
                0x0000000000001d2e                default_layer_or
 .text.default_layer_and
                0x0000000000001d52       0x24 .build/obj_sofle_rev1_LohseBoi/quantum/action_layer.o
                0x0000000000001d52                default_layer_and
 .text.default_layer_xor
                0x0000000000001d76       0x24 .build/obj_sofle_rev1_LohseBoi/quantum/action_layer.o
                0x0000000000001d76                default_layer_xor
 .text.layer_state_set_user
                0x0000000000001d9a        0x4 .build/obj_sofle_rev1_LohseBoi/quantum/action_layer.o
                0x0000000000001d9a                layer_state_set_user
 .text.layer_state_set_kb
                0x0000000000001d9e        0x4 .build/obj_sofle_rev1_LohseBoi/quantum/action_layer.o
                0x0000000000001d9e                layer_state_set_kb
 .text.layer_state_set
                0x0000000000001da2       0x18 .build/obj_sofle_rev1_LohseBoi/quantum/action_layer.o
                0x0000000000001da2                layer_state_set
 .text.layer_clear
                0x0000000000001dba        0xa .build/obj_sofle_rev1_LohseBoi/quantum/action_layer.o
                0x0000000000001dba                layer_clear
 .text.layer_move
                0x0000000000001dc4       0x2a .build/obj_sofle_rev1_LohseBoi/quantum/action_layer.o
                0x0000000000001dc4                layer_move
 .text.layer_on
                0x0000000000001dee       0x42 .build/obj_sofle_rev1_LohseBoi/quantum/action_layer.o
                0x0000000000001dee                layer_on
 .text.layer_off
                0x0000000000001e30       0x46 .build/obj_sofle_rev1_LohseBoi/quantum/action_layer.o
                0x0000000000001e30                layer_off
 .text.layer_invert
                0x0000000000001e76       0x42 .build/obj_sofle_rev1_LohseBoi/quantum/action_layer.o
                0x0000000000001e76                layer_invert
 .text.layer_or
                0x0000000000001eb8       0x24 .build/obj_sofle_rev1_LohseBoi/quantum/action_layer.o
                0x0000000000001eb8                layer_or
 .text.layer_and
                0x0000000000001edc       0x24 .build/obj_sofle_rev1_LohseBoi/quantum/action_layer.o
                0x0000000000001edc                layer_and
 .text.layer_xor
                0x0000000000001f00       0x24 .build/obj_sofle_rev1_LohseBoi/quantum/action_layer.o
                0x0000000000001f00                layer_xor
 .text.layer_debug
                0x0000000000001f24        0x2 .build/obj_sofle_rev1_LohseBoi/quantum/action_layer.o
                0x0000000000001f24                layer_debug
 .text.update_source_layers_cache
                0x0000000000001f26       0x5c .build/obj_sofle_rev1_LohseBoi/quantum/action_layer.o
                0x0000000000001f26                update_source_layers_cache
 .text.read_source_layers_cache
                0x0000000000001f82       0x52 .build/obj_sofle_rev1_LohseBoi/quantum/action_layer.o
                0x0000000000001f82                read_source_layers_cache
 .text.layer_switch_get_layer
                0x0000000000001fd4       0x84 .build/obj_sofle_rev1_LohseBoi/quantum/action_layer.o
                0x0000000000001fd4                layer_switch_get_layer
 .text.layer_switch_get_action
                0x0000000000002058       0x14 .build/obj_sofle_rev1_LohseBoi/quantum/action_layer.o
                0x0000000000002058                layer_switch_get_action
 .text.store_or_get_action
                0x000000000000206c       0x48 .build/obj_sofle_rev1_LohseBoi/quantum/action_layer.o
                0x000000000000206c                store_or_get_action
 .text.debug_waiting_buffer
                0x00000000000020b4       0x42 .build/obj_sofle_rev1_LohseBoi/quantum/action_tapping.o
 .text.debug_tapping_key
                0x00000000000020f6       0x1c .build/obj_sofle_rev1_LohseBoi/quantum/action_tapping.o
 .text.waiting_buffer_scan_tap
                0x0000000000002112       0xac .build/obj_sofle_rev1_LohseBoi/quantum/action_tapping.o
 .text.process_tapping
                0x00000000000021be      0x33e .build/obj_sofle_rev1_LohseBoi/quantum/action_tapping.o
 .text.action_tapping_process
                0x00000000000024fc      0x134 .build/obj_sofle_rev1_LohseBoi/quantum/action_tapping.o
                0x00000000000024fc                action_tapping_process
 .text.add_key  0x0000000000002630        0xe .build/obj_sofle_rev1_LohseBoi/quantum/action_util.o
                0x0000000000002630                add_key
 .text.del_key  0x000000000000263e        0xe .build/obj_sofle_rev1_LohseBoi/quantum/action_util.o
                0x000000000000263e                del_key
 .text.clear_keys
                0x000000000000264c        0xc .build/obj_sofle_rev1_LohseBoi/quantum/action_util.o
                0x000000000000264c                clear_keys
 .text.get_oneshot_layer
                0x0000000000002658        0xc .build/obj_sofle_rev1_LohseBoi/quantum/action_util.o
                0x0000000000002658                get_oneshot_layer
 .text.get_oneshot_layer_state
                0x0000000000002664        0x8 .build/obj_sofle_rev1_LohseBoi/quantum/action_util.o
                0x0000000000002664                get_oneshot_layer_state
 .text.set_oneshot_swaphands
                0x000000000000266c        0xe .build/obj_sofle_rev1_LohseBoi/quantum/action_util.o
                0x000000000000266c                set_oneshot_swaphands
 .text.clear_oneshot_swaphands
                0x000000000000267a        0xa .build/obj_sofle_rev1_LohseBoi/quantum/action_util.o
                0x000000000000267a                clear_oneshot_swaphands
 .text.release_oneshot_swaphands
                0x0000000000002684       0x1a .build/obj_sofle_rev1_LohseBoi/quantum/action_util.o
                0x0000000000002684                release_oneshot_swaphands
 .text.use_oneshot_swaphands
                0x000000000000269e       0x1a .build/obj_sofle_rev1_LohseBoi/quantum/action_util.o
                0x000000000000269e                use_oneshot_swaphands
 .text.is_oneshot_layer_active
                0x00000000000026b8        0xe .build/obj_sofle_rev1_LohseBoi/quantum/action_util.o
                0x00000000000026b8                is_oneshot_layer_active
 .text.oneshot_set
                0x00000000000026c6       0x24 .build/obj_sofle_rev1_LohseBoi/quantum/action_util.o
                0x00000000000026c6                oneshot_set
 .text.oneshot_toggle
                0x00000000000026ea       0x12 .build/obj_sofle_rev1_LohseBoi/quantum/action_util.o
                0x00000000000026ea                oneshot_toggle
 .text.oneshot_enable
                0x00000000000026fc        0x6 .build/obj_sofle_rev1_LohseBoi/quantum/action_util.o
                0x00000000000026fc                oneshot_enable
 .text.oneshot_disable
                0x0000000000002702        0x6 .build/obj_sofle_rev1_LohseBoi/quantum/action_util.o
                0x0000000000002702                oneshot_disable
 .text.get_mods
                0x0000000000002708        0x6 .build/obj_sofle_rev1_LohseBoi/quantum/action_util.o
                0x0000000000002708                get_mods
 .text.add_mods
                0x000000000000270e        0xc .build/obj_sofle_rev1_LohseBoi/quantum/action_util.o
                0x000000000000270e                add_mods
 .text.del_mods
                0x000000000000271a        0xe .build/obj_sofle_rev1_LohseBoi/quantum/action_util.o
                0x000000000000271a                del_mods
 .text.clear_mods
                0x0000000000002728        0x6 .build/obj_sofle_rev1_LohseBoi/quantum/action_util.o
                0x0000000000002728                clear_mods
 .text.add_weak_mods
                0x000000000000272e        0xc .build/obj_sofle_rev1_LohseBoi/quantum/action_util.o
                0x000000000000272e                add_weak_mods
 .text.del_weak_mods
                0x000000000000273a        0xe .build/obj_sofle_rev1_LohseBoi/quantum/action_util.o
                0x000000000000273a                del_weak_mods
 .text.clear_weak_mods
                0x0000000000002748        0x6 .build/obj_sofle_rev1_LohseBoi/quantum/action_util.o
                0x0000000000002748                clear_weak_mods
 .text.clear_macro_mods
                0x000000000000274e        0x6 .build/obj_sofle_rev1_LohseBoi/quantum/action_util.o
                0x000000000000274e                clear_macro_mods
 .text.get_oneshot_mods
                0x0000000000002754        0x6 .build/obj_sofle_rev1_LohseBoi/quantum/action_util.o
                0x0000000000002754                get_oneshot_mods
 .text.oneshot_mods_changed_user
                0x000000000000275a        0x2 .build/obj_sofle_rev1_LohseBoi/quantum/action_util.o
                0x000000000000275a                oneshot_mods_changed_user
 .text.oneshot_mods_changed_kb
                0x000000000000275c        0x4 .build/obj_sofle_rev1_LohseBoi/quantum/action_util.o
                0x000000000000275c                oneshot_mods_changed_kb
 .text.set_oneshot_mods
                0x0000000000002760       0x1a .build/obj_sofle_rev1_LohseBoi/quantum/action_util.o
                0x0000000000002760                set_oneshot_mods
 .text.clear_oneshot_mods
                0x000000000000277a       0x14 .build/obj_sofle_rev1_LohseBoi/quantum/action_util.o
                0x000000000000277a                clear_oneshot_mods
 .text.send_keyboard_report
                0x000000000000278e       0x66 .build/obj_sofle_rev1_LohseBoi/quantum/action_util.o
                0x000000000000278e                send_keyboard_report
 .text.oneshot_layer_changed_user
                0x00000000000027f4        0x2 .build/obj_sofle_rev1_LohseBoi/quantum/action_util.o
                0x00000000000027f4                oneshot_layer_changed_user
 .text.oneshot_layer_changed_kb
                0x00000000000027f6        0x4 .build/obj_sofle_rev1_LohseBoi/quantum/action_util.o
                0x00000000000027f6                oneshot_layer_changed_kb
 .text.set_oneshot_layer
                0x00000000000027fa       0x2c .build/obj_sofle_rev1_LohseBoi/quantum/action_util.o
                0x00000000000027fa                set_oneshot_layer
 .text.reset_oneshot_layer
                0x0000000000002826        0xa .build/obj_sofle_rev1_LohseBoi/quantum/action_util.o
                0x0000000000002826                reset_oneshot_layer
 .text.clear_oneshot_layer_state
                0x0000000000002830       0x38 .build/obj_sofle_rev1_LohseBoi/quantum/action_util.o
                0x0000000000002830                clear_oneshot_layer_state
 .text.eeconfig_is_enabled
                0x0000000000002868       0x16 .build/obj_sofle_rev1_LohseBoi/quantum/eeconfig.o
                0x0000000000002868                eeconfig_is_enabled
 .text.eeconfig_read_debug
                0x000000000000287e        0x8 .build/obj_sofle_rev1_LohseBoi/quantum/eeconfig.o
                0x000000000000287e                eeconfig_read_debug
 .text.eeconfig_read_default_layer
                0x0000000000002886        0x8 .build/obj_sofle_rev1_LohseBoi/quantum/eeconfig.o
                0x0000000000002886                eeconfig_read_default_layer
 .text.eeconfig_update_default_layer
                0x000000000000288e        0xa .build/obj_sofle_rev1_LohseBoi/quantum/eeconfig.o
                0x000000000000288e                eeconfig_update_default_layer
 .text.eeconfig_read_keymap
                0x0000000000002898       0x1c .build/obj_sofle_rev1_LohseBoi/quantum/eeconfig.o
                0x0000000000002898                eeconfig_read_keymap
 .text.eeconfig_update_keymap
                0x00000000000028b4       0x1a .build/obj_sofle_rev1_LohseBoi/quantum/eeconfig.o
                0x00000000000028b4                eeconfig_update_keymap
 .text.eeconfig_update_kb
                0x00000000000028ce        0xc .build/obj_sofle_rev1_LohseBoi/quantum/eeconfig.o
                0x00000000000028ce                eeconfig_update_kb
 .text.eeconfig_update_user
                0x00000000000028da        0xc .build/obj_sofle_rev1_LohseBoi/quantum/eeconfig.o
                0x00000000000028da                eeconfig_update_user
 .text.eeconfig_init_user
                0x00000000000028e6        0xa .build/obj_sofle_rev1_LohseBoi/quantum/eeconfig.o
                0x00000000000028e6                eeconfig_init_user
 .text.eeconfig_init_kb
                0x00000000000028f0        0xe .build/obj_sofle_rev1_LohseBoi/quantum/eeconfig.o
                0x00000000000028f0                eeconfig_init_kb
 .text.eeconfig_init_quantum
                0x00000000000028fe       0xbe .build/obj_sofle_rev1_LohseBoi/quantum/eeconfig.o
                0x00000000000028fe                eeconfig_init_quantum
 .text.eeconfig_init
                0x00000000000029bc        0x4 .build/obj_sofle_rev1_LohseBoi/quantum/eeconfig.o
                0x00000000000029bc                eeconfig_init
 .text.eeconfig_update_handedness
                0x00000000000029c0        0xa .build/obj_sofle_rev1_LohseBoi/quantum/eeconfig.o
                0x00000000000029c0                eeconfig_update_handedness
 .text.last_matrix_activity_trigger
                0x00000000000029ca       0x26 .build/obj_sofle_rev1_LohseBoi/quantum/keyboard.o
                0x00000000000029ca                last_matrix_activity_trigger
 .text.last_encoder_activity_trigger
                0x00000000000029f0       0x26 .build/obj_sofle_rev1_LohseBoi/quantum/keyboard.o
                0x00000000000029f0                last_encoder_activity_trigger
 .text.disable_jtag
                0x0000000000002a16        0xe .build/obj_sofle_rev1_LohseBoi/quantum/keyboard.o
                0x0000000000002a16                disable_jtag
 .text.keyboard_pre_init_user
                0x0000000000002a24        0x2 .build/obj_sofle_rev1_LohseBoi/quantum/keyboard.o
                0x0000000000002a24                keyboard_pre_init_user
 .text.matrix_setup
                0x0000000000002a26        0x2 .build/obj_sofle_rev1_LohseBoi/quantum/keyboard.o
                0x0000000000002a26                matrix_setup
 .text.keyboard_pre_init_kb
                0x0000000000002a28        0x4 .build/obj_sofle_rev1_LohseBoi/quantum/keyboard.o
                0x0000000000002a28                keyboard_pre_init_kb
 .text.keyboard_post_init_user
                0x0000000000002a2c        0x2 .build/obj_sofle_rev1_LohseBoi/quantum/keyboard.o
                0x0000000000002a2c                keyboard_post_init_user
 .text.keyboard_post_init_kb
                0x0000000000002a2e        0x4 .build/obj_sofle_rev1_LohseBoi/quantum/keyboard.o
                0x0000000000002a2e                keyboard_post_init_kb
 .text.keyboard_setup
                0x0000000000002a32       0x14 .build/obj_sofle_rev1_LohseBoi/quantum/keyboard.o
                0x0000000000002a32                keyboard_setup
 .text.should_process_keypress
                0x0000000000002a46        0x4 .build/obj_sofle_rev1_LohseBoi/quantum/keyboard.o
                0x0000000000002a46                should_process_keypress
 .text.housekeeping_task_kb
                0x0000000000002a4a        0x2 .build/obj_sofle_rev1_LohseBoi/quantum/keyboard.o
                0x0000000000002a4a                housekeeping_task_kb
 .text.housekeeping_task_user
                0x0000000000002a4c        0x2 .build/obj_sofle_rev1_LohseBoi/quantum/keyboard.o
                0x0000000000002a4c                housekeeping_task_user
 .text.housekeeping_task
                0x0000000000002a4e        0x8 .build/obj_sofle_rev1_LohseBoi/quantum/keyboard.o
                0x0000000000002a4e                housekeeping_task
 .text.keyboard_init
                0x0000000000002a56       0x1e .build/obj_sofle_rev1_LohseBoi/quantum/keyboard.o
                0x0000000000002a56                keyboard_init
 .text.keyboard_task
                0x0000000000002a74      0x15e .build/obj_sofle_rev1_LohseBoi/quantum/keyboard.o
                0x0000000000002a74                keyboard_task
 .text.action_for_keycode
                0x0000000000002bd2      0x1e4 .build/obj_sofle_rev1_LohseBoi/quantum/keymap_common.o
                0x0000000000002bd2                action_for_keycode
 .text.keymap_key_to_keycode
                0x0000000000002db6       0x28 .build/obj_sofle_rev1_LohseBoi/quantum/keymap_common.o
                0x0000000000002db6                keymap_key_to_keycode
 .text.action_for_key
                0x0000000000002dde        0x8 .build/obj_sofle_rev1_LohseBoi/quantum/keymap_common.o
                0x0000000000002dde                action_for_key
 .text.keycode_config
                0x0000000000002de6      0x12e .build/obj_sofle_rev1_LohseBoi/quantum/keycode_config.o
                0x0000000000002de6                keycode_config
 .text.mod_config
                0x0000000000002f14       0x86 .build/obj_sofle_rev1_LohseBoi/quantum/keycode_config.o
                0x0000000000002f14                mod_config
 .text.sendchar
                0x0000000000002f9a        0x4 .build/obj_sofle_rev1_LohseBoi/quantum/logging/sendchar.o
                0x0000000000002f9a                sendchar
 .text.bootmagic
                0x0000000000002f9e        0x2 .build/obj_sofle_rev1_LohseBoi/quantum/bootmagic/magic.o
                0x0000000000002f9e                bootmagic
 .text.magic    0x0000000000002fa0       0x48 .build/obj_sofle_rev1_LohseBoi/quantum/bootmagic/magic.o
                0x0000000000002fa0                magic
 .text.matrix_init_user
                0x0000000000002fe8        0x2 .build/obj_sofle_rev1_LohseBoi/quantum/matrix_common.o
                0x0000000000002fe8                matrix_init_user
 .text.matrix_init_kb
                0x0000000000002fea        0x4 .build/obj_sofle_rev1_LohseBoi/quantum/matrix_common.o
                0x0000000000002fea                matrix_init_kb
 .text.matrix_scan_kb
                0x0000000000002fee        0x4 .build/obj_sofle_rev1_LohseBoi/quantum/matrix_common.o
                0x0000000000002fee                matrix_scan_kb
 .text.matrix_get_row
                0x0000000000002ff2        0xc .build/obj_sofle_rev1_LohseBoi/quantum/matrix_common.o
                0x0000000000002ff2                matrix_get_row
 .text.matrix_print
                0x0000000000002ffe        0x2 .build/obj_sofle_rev1_LohseBoi/quantum/matrix_common.o
                0x0000000000002ffe                matrix_print
 .text.matrix_io_delay
                0x0000000000003000        0x8 .build/obj_sofle_rev1_LohseBoi/quantum/matrix_common.o
                0x0000000000003000                matrix_io_delay
 .text.matrix_output_select_delay
                0x0000000000003008        0x4 .build/obj_sofle_rev1_LohseBoi/quantum/matrix_common.o
                0x0000000000003008                matrix_output_select_delay
 .text.matrix_output_unselect_delay
                0x000000000000300c        0x4 .build/obj_sofle_rev1_LohseBoi/quantum/matrix_common.o
                0x000000000000300c                matrix_output_unselect_delay
 .text.setPinInputHigh_atomic
                0x0000000000003010       0x2e .build/obj_sofle_rev1_LohseBoi/quantum/matrix.o
 .text.matrix_slave_scan_user
                0x000000000000303e        0x2 .build/obj_sofle_rev1_LohseBoi/quantum/matrix.o
                0x000000000000303e                matrix_slave_scan_user
 .text.matrix_slave_scan_kb
                0x0000000000003040        0x4 .build/obj_sofle_rev1_LohseBoi/quantum/matrix.o
                0x0000000000003040                matrix_slave_scan_kb
 .text.matrix_init_pins
                0x0000000000003044       0x40 .build/obj_sofle_rev1_LohseBoi/quantum/matrix.o
                0x0000000000003044                matrix_init_pins
 .text.matrix_read_cols_on_row
                0x0000000000003084       0xd6 .build/obj_sofle_rev1_LohseBoi/quantum/matrix.o
                0x0000000000003084                matrix_read_cols_on_row
 .text.matrix_init
                0x000000000000315a       0x44 .build/obj_sofle_rev1_LohseBoi/quantum/matrix.o
                0x000000000000315a                matrix_init
 .text.matrix_post_scan
                0x000000000000319e       0xc2 .build/obj_sofle_rev1_LohseBoi/quantum/matrix.o
                0x000000000000319e                matrix_post_scan
 .text.matrix_scan
                0x0000000000003260       0xa6 .build/obj_sofle_rev1_LohseBoi/quantum/matrix.o
                0x0000000000003260                matrix_scan
 .text.debounce_init
                0x0000000000003306        0x2 .build/obj_sofle_rev1_LohseBoi/quantum/debounce/sym_defer_g.o
                0x0000000000003306                debounce_init
 .text.debounce
                0x0000000000003308       0x6c .build/obj_sofle_rev1_LohseBoi/quantum/debounce/sym_defer_g.o
                0x0000000000003308                debounce
 .text.is_keyboard_master
                0x0000000000003374       0x30 .build/obj_sofle_rev1_LohseBoi/quantum/split_common/split_util.o
                0x0000000000003374                is_keyboard_master
 .text.is_keyboard_left
                0x00000000000033a4        0x4 .build/obj_sofle_rev1_LohseBoi/quantum/split_common/split_util.o
                0x00000000000033a4                is_keyboard_left
 .text.split_pre_init
                0x00000000000033a8       0x14 .build/obj_sofle_rev1_LohseBoi/quantum/split_common/split_util.o
                0x00000000000033a8                split_pre_init
 .text.split_post_init
                0x00000000000033bc        0xe .build/obj_sofle_rev1_LohseBoi/quantum/split_common/split_util.o
                0x00000000000033bc                split_post_init
 .text.is_transport_connected
                0x00000000000033ca        0xe .build/obj_sofle_rev1_LohseBoi/quantum/split_common/split_util.o
                0x00000000000033ca                is_transport_connected
 .text.transport_master_if_connected
                0x00000000000033d8       0x6c .build/obj_sofle_rev1_LohseBoi/quantum/split_common/split_util.o
                0x00000000000033d8                transport_master_if_connected
 .text.transport_master_init
                0x0000000000003444        0x4 .build/obj_sofle_rev1_LohseBoi/quantum/split_common/transport.o
                0x0000000000003444                transport_master_init
 .text.transport_slave_init
                0x0000000000003448        0x4 .build/obj_sofle_rev1_LohseBoi/quantum/split_common/transport.o
                0x0000000000003448                transport_slave_init
 .text.transport_execute_transaction
                0x000000000000344c       0xa2 .build/obj_sofle_rev1_LohseBoi/quantum/split_common/transport.o
                0x000000000000344c                transport_execute_transaction
 .text.transport_master
                0x00000000000034ee        0x4 .build/obj_sofle_rev1_LohseBoi/quantum/split_common/transport.o
                0x00000000000034ee                transport_master
 .text.transport_slave
                0x00000000000034f2        0x4 .build/obj_sofle_rev1_LohseBoi/quantum/split_common/transport.o
                0x00000000000034f2                transport_slave
 .text.sync_timer_handlers_master
                0x00000000000034f6       0x8a .build/obj_sofle_rev1_LohseBoi/quantum/split_common/transactions.o
 .text.read_if_checksum_mismatch
                0x0000000000003580       0xce .build/obj_sofle_rev1_LohseBoi/quantum/split_common/transactions.o
 .text.encoder_handlers_master
                0x000000000000364e       0x56 .build/obj_sofle_rev1_LohseBoi/quantum/split_common/transactions.o
 .text.slave_matrix_handlers_master
                0x00000000000036a4       0x82 .build/obj_sofle_rev1_LohseBoi/quantum/split_common/transactions.o
 .text.transaction_handler_master.isra.3
                0x0000000000003726       0x7e .build/obj_sofle_rev1_LohseBoi/quantum/split_common/transactions.o
 .text.transactions_master
                0x00000000000037a4       0x48 .build/obj_sofle_rev1_LohseBoi/quantum/split_common/transactions.o
                0x00000000000037a4                transactions_master
 .text.transactions_slave
                0x00000000000037ec       0xa0 .build/obj_sofle_rev1_LohseBoi/quantum/split_common/transactions.o
                0x00000000000037ec                transactions_slave
 .text.startup.main
                0x000000000000388c       0x16 .build/obj_sofle_rev1_LohseBoi/quantum/main.o
                0x000000000000388c                main
 .text.get_current_wpm
                0x00000000000038a2        0x6 .build/obj_sofle_rev1_LohseBoi/quantum/wpm.o
                0x00000000000038a2                get_current_wpm
 .text.wpm_keycode_user
                0x00000000000038a8       0x4e .build/obj_sofle_rev1_LohseBoi/quantum/wpm.o
                0x00000000000038a8                wpm_keycode_user
 .text.wpm_keycode_kb
                0x00000000000038f6        0x4 .build/obj_sofle_rev1_LohseBoi/quantum/wpm.o
                0x00000000000038f6                wpm_keycode_kb
 .text.update_wpm
                0x00000000000038fa       0xb4 .build/obj_sofle_rev1_LohseBoi/quantum/wpm.o
                0x00000000000038fa                update_wpm
 .text.decay_wpm
                0x00000000000039ae       0x84 .build/obj_sofle_rev1_LohseBoi/quantum/wpm.o
                0x00000000000039ae                decay_wpm
 .text.encoder_update_kb
                0x0000000000003a32        0x4 .build/obj_sofle_rev1_LohseBoi/quantum/encoder.o
                0x0000000000003a32                encoder_update_kb
 .text.encoder_init
                0x0000000000003a36       0xba .build/obj_sofle_rev1_LohseBoi/quantum/encoder.o
                0x0000000000003a36                encoder_init
 .text.encoder_read
                0x0000000000003af0       0xd2 .build/obj_sofle_rev1_LohseBoi/quantum/encoder.o
                0x0000000000003af0                encoder_read
 .text.encoder_state_raw
                0x0000000000003bc2       0x12 .build/obj_sofle_rev1_LohseBoi/quantum/encoder.o
                0x0000000000003bc2                encoder_state_raw
 .text.encoder_update_raw
                0x0000000000003bd4       0x7e .build/obj_sofle_rev1_LohseBoi/quantum/encoder.o
                0x0000000000003bd4                encoder_update_raw
 .text.crc_init
                0x0000000000003c52        0x2 .build/obj_sofle_rev1_LohseBoi/crc.o
                0x0000000000003c52                crc_init
 .text.crc8     0x0000000000003c54       0x2e .build/obj_sofle_rev1_LohseBoi/crc.o
                0x0000000000003c54                crc8
 .text.i2c_transmit_P.constprop.2
                0x0000000000003c82       0x60 .build/obj_sofle_rev1_LohseBoi/ssd1306_sh1106.o
 .text.oled_clear
                0x0000000000003ce2       0x2a .build/obj_sofle_rev1_LohseBoi/ssd1306_sh1106.o
                0x0000000000003ce2                oled_clear
 .text.oled_init
                0x0000000000003d0c       0x8c .build/obj_sofle_rev1_LohseBoi/ssd1306_sh1106.o
                0x0000000000003d0c                oled_init
 .text.oled_set_cursor
                0x0000000000003d98       0x2e .build/obj_sofle_rev1_LohseBoi/ssd1306_sh1106.o
                0x0000000000003d98                oled_set_cursor
 .text.oled_advance_char
                0x0000000000003dc6       0x3e .build/obj_sofle_rev1_LohseBoi/ssd1306_sh1106.o
                0x0000000000003dc6                oled_advance_char
 .text.oled_write_char
                0x0000000000003e04       0xf4 .build/obj_sofle_rev1_LohseBoi/ssd1306_sh1106.o
                0x0000000000003e04                oled_write_char
 .text.oled_advance_page
                0x0000000000003ef8       0x66 .build/obj_sofle_rev1_LohseBoi/ssd1306_sh1106.o
                0x0000000000003ef8                oled_advance_page
 .text.oled_write
                0x0000000000003f5e       0x38 .build/obj_sofle_rev1_LohseBoi/ssd1306_sh1106.o
                0x0000000000003f5e                oled_write
 .text.oled_write_ln
                0x0000000000003f96        0xa .build/obj_sofle_rev1_LohseBoi/ssd1306_sh1106.o
                0x0000000000003f96                oled_write_ln
 .text.oled_write_P
                0x0000000000003fa0       0x24 .build/obj_sofle_rev1_LohseBoi/ssd1306_sh1106.o
                0x0000000000003fa0                oled_write_P
 .text.oled_write_ln_P
                0x0000000000003fc4        0xa .build/obj_sofle_rev1_LohseBoi/ssd1306_sh1106.o
                0x0000000000003fc4                oled_write_ln_P
 .text.oled_on  0x0000000000003fce       0x4a .build/obj_sofle_rev1_LohseBoi/ssd1306_sh1106.o
                0x0000000000003fce                oled_on
 .text.oled_render
                0x0000000000004018      0x1ee .build/obj_sofle_rev1_LohseBoi/ssd1306_sh1106.o
                0x0000000000004018                oled_render
 .text.oled_off
                0x0000000000004206       0x36 .build/obj_sofle_rev1_LohseBoi/ssd1306_sh1106.o
                0x0000000000004206                oled_off
 .text.is_oled_on
                0x000000000000423c        0x6 .build/obj_sofle_rev1_LohseBoi/ssd1306_sh1106.o
                0x000000000000423c                is_oled_on
 .text.oled_task
                0x0000000000004242       0x74 .build/obj_sofle_rev1_LohseBoi/ssd1306_sh1106.o
                0x0000000000004242                oled_task
 .text.perform_space_cadet
                0x00000000000042b6       0xd8 .build/obj_sofle_rev1_LohseBoi/quantum/process_keycode/process_space_cadet.o
                0x00000000000042b6                perform_space_cadet
 .text.process_space_cadet
                0x000000000000438e       0xa4 .build/obj_sofle_rev1_LohseBoi/quantum/process_keycode/process_space_cadet.o
                0x000000000000438e                process_space_cadet
 .text.process_magic
                0x0000000000004432      0x254 .build/obj_sofle_rev1_LohseBoi/quantum/process_keycode/process_magic.o
                0x0000000000004432                process_magic
 .text.process_grave_esc
                0x0000000000004686       0x54 .build/obj_sofle_rev1_LohseBoi/quantum/process_keycode/process_grave_esc.o
                0x0000000000004686                process_grave_esc
 .text.i2c_init
                0x00000000000046da        0xc .build/obj_sofle_rev1_LohseBoi/i2c_master.a(i2c_master.o)
                0x00000000000046da                i2c_init
 .text.i2c_start
                0x00000000000046e6       0xf4 .build/obj_sofle_rev1_LohseBoi/i2c_master.a(i2c_master.o)
                0x00000000000046e6                i2c_start
 .text.i2c_write
                0x00000000000047da       0x5e .build/obj_sofle_rev1_LohseBoi/i2c_master.a(i2c_master.o)
                0x00000000000047da                i2c_write
 .text.i2c_transmit
                0x0000000000004838       0x4e .build/obj_sofle_rev1_LohseBoi/i2c_master.a(i2c_master.o)
                0x0000000000004838                i2c_transmit
 .text.i2c_writeReg
                0x0000000000004886       0x5a .build/obj_sofle_rev1_LohseBoi/i2c_master.a(i2c_master.o)
                0x0000000000004886                i2c_writeReg
 .text.i2c_stop
                0x00000000000048e0        0x8 .build/obj_sofle_rev1_LohseBoi/i2c_master.a(i2c_master.o)
                0x00000000000048e0                i2c_stop
 .text.sync_recv
                0x00000000000048e8       0x10 .build/obj_sofle_rev1_LohseBoi/serial.a(serial.o)
 .text.sync_send
                0x00000000000048f8        0xc .build/obj_sofle_rev1_LohseBoi/serial.a(serial.o)
 .text.serial_read_chunk.constprop.0
                0x0000000000004904       0x58 .build/obj_sofle_rev1_LohseBoi/serial.a(serial.o)
 .text.serial_recive_packet
                0x000000000000495c       0x4e .build/obj_sofle_rev1_LohseBoi/serial.a(serial.o)
 .text.soft_serial_initiator_init
                0x00000000000049aa        0x6 .build/obj_sofle_rev1_LohseBoi/serial.a(serial.o)
                0x00000000000049aa                soft_serial_initiator_init
 .text.soft_serial_target_init
                0x00000000000049b0       0x12 .build/obj_sofle_rev1_LohseBoi/serial.a(serial.o)
                0x00000000000049b0                soft_serial_target_init
 .text.serial_write_chunk
                0x00000000000049c2       0x42 .build/obj_sofle_rev1_LohseBoi/serial.a(serial.o)
                0x00000000000049c2                serial_write_chunk
 .text.serial_send_packet
                0x0000000000004a04       0x34 .build/obj_sofle_rev1_LohseBoi/serial.a(serial.o)
 .text.__vector_3
                0x0000000000004a38      0x18c .build/obj_sofle_rev1_LohseBoi/serial.a(serial.o)
                0x0000000000004a38                __vector_3
 .text.soft_serial_transaction
                0x0000000000004bc4      0x168 .build/obj_sofle_rev1_LohseBoi/serial.a(serial.o)
                0x0000000000004bc4                soft_serial_transaction
 .text.host_set_driver
                0x0000000000004d2c        0xa .build/obj_sofle_rev1_LohseBoi/common/host.o
                0x0000000000004d2c                host_set_driver
 .text.host_keyboard_leds
                0x0000000000004d36       0x26 .build/obj_sofle_rev1_LohseBoi/common/host.o
                0x0000000000004d36                host_keyboard_leds
 .text.host_keyboard_led_state
                0x0000000000004d5c        0x6 .build/obj_sofle_rev1_LohseBoi/common/host.o
                0x0000000000004d5c                host_keyboard_led_state
 .text.host_keyboard_send
                0x0000000000004d62       0x16 .build/obj_sofle_rev1_LohseBoi/common/host.o
                0x0000000000004d62                host_keyboard_send
 .text.host_system_send
                0x0000000000004d78       0x2c .build/obj_sofle_rev1_LohseBoi/common/host.o
                0x0000000000004d78                host_system_send
 .text.host_consumer_send
                0x0000000000004da4       0x2c .build/obj_sofle_rev1_LohseBoi/common/host.o
                0x0000000000004da4                host_consumer_send
 .text.has_anykey
                0x0000000000004dd0       0x24 .build/obj_sofle_rev1_LohseBoi/common/report.o
                0x0000000000004dd0                has_anykey
 .text.is_key_pressed
                0x0000000000004df4       0x1e .build/obj_sofle_rev1_LohseBoi/common/report.o
                0x0000000000004df4                is_key_pressed
 .text.add_key_byte
                0x0000000000004e12       0x34 .build/obj_sofle_rev1_LohseBoi/common/report.o
                0x0000000000004e12                add_key_byte
 .text.del_key_byte
                0x0000000000004e46       0x1a .build/obj_sofle_rev1_LohseBoi/common/report.o
                0x0000000000004e46                del_key_byte
 .text.add_key_to_report
                0x0000000000004e60        0x4 .build/obj_sofle_rev1_LohseBoi/common/report.o
                0x0000000000004e60                add_key_to_report
 .text.del_key_from_report
                0x0000000000004e64        0x4 .build/obj_sofle_rev1_LohseBoi/common/report.o
                0x0000000000004e64                del_key_from_report
 .text.clear_keys_from_report
                0x0000000000004e68        0xe .build/obj_sofle_rev1_LohseBoi/common/report.o
                0x0000000000004e68                clear_keys_from_report
 .text.sync_timer_init
                0x0000000000004e76       0x12 .build/obj_sofle_rev1_LohseBoi/common/sync_timer.o
                0x0000000000004e76                sync_timer_init
 .text.sync_timer_update
                0x0000000000004e88       0x3a .build/obj_sofle_rev1_LohseBoi/common/sync_timer.o
                0x0000000000004e88                sync_timer_update
 .text.sync_timer_read32
                0x0000000000004ec2       0x36 .build/obj_sofle_rev1_LohseBoi/common/sync_timer.o
                0x0000000000004ec2                sync_timer_read32
 .text.platform_setup
                0x0000000000004ef8        0x2 .build/obj_sofle_rev1_LohseBoi/common/avr/platform.o
                0x0000000000004ef8                platform_setup
 .text.matrix_power_up
                0x0000000000004efa        0x2 .build/obj_sofle_rev1_LohseBoi/common/avr/suspend.o
                0x0000000000004efa                matrix_power_up
 .text.suspend_power_down_user
                0x0000000000004efc        0x2 .build/obj_sofle_rev1_LohseBoi/common/avr/suspend.o
                0x0000000000004efc                suspend_power_down_user
 .text.suspend_power_down_kb
                0x0000000000004efe        0x4 .build/obj_sofle_rev1_LohseBoi/common/avr/suspend.o
                0x0000000000004efe                suspend_power_down_kb
 .text.suspend_power_down
                0x0000000000004f02       0x5c .build/obj_sofle_rev1_LohseBoi/common/avr/suspend.o
                0x0000000000004f02                suspend_power_down
 .text.matrix_power_down
                0x0000000000004f5e        0x2 .build/obj_sofle_rev1_LohseBoi/common/avr/suspend.o
                0x0000000000004f5e                matrix_power_down
 .text.suspend_wakeup_condition
                0x0000000000004f60       0x28 .build/obj_sofle_rev1_LohseBoi/common/avr/suspend.o
                0x0000000000004f60                suspend_wakeup_condition
 .text.suspend_wakeup_init_user
                0x0000000000004f88        0x2 .build/obj_sofle_rev1_LohseBoi/common/avr/suspend.o
                0x0000000000004f88                suspend_wakeup_init_user
 .text.suspend_wakeup_init_kb
                0x0000000000004f8a        0x4 .build/obj_sofle_rev1_LohseBoi/common/avr/suspend.o
                0x0000000000004f8a                suspend_wakeup_init_kb
 .text.suspend_wakeup_init
                0x0000000000004f8e       0x10 .build/obj_sofle_rev1_LohseBoi/common/avr/suspend.o
                0x0000000000004f8e                suspend_wakeup_init
 .text.__vector_12
                0x0000000000004f9e       0x4e .build/obj_sofle_rev1_LohseBoi/common/avr/suspend.o
                0x0000000000004f9e                __vector_12
 .text.timer_init
                0x0000000000004fec       0x12 .build/obj_sofle_rev1_LohseBoi/common/avr/timer.o
                0x0000000000004fec                timer_init
 .text.timer_read
                0x0000000000004ffe       0x18 .build/obj_sofle_rev1_LohseBoi/common/avr/timer.o
                0x0000000000004ffe                timer_read
 .text.timer_read32
                0x0000000000005016       0x18 .build/obj_sofle_rev1_LohseBoi/common/avr/timer.o
                0x0000000000005016                timer_read32
 .text.timer_elapsed
                0x000000000000502e       0x1e .build/obj_sofle_rev1_LohseBoi/common/avr/timer.o
                0x000000000000502e                timer_elapsed
 .text.timer_elapsed32
                0x000000000000504c       0x38 .build/obj_sofle_rev1_LohseBoi/common/avr/timer.o
                0x000000000000504c                timer_elapsed32
 .text.__vector_21
                0x0000000000005084       0x48 .build/obj_sofle_rev1_LohseBoi/common/avr/timer.o
                0x0000000000005084                __vector_21
 .text.bootloader_jump
                0x00000000000050cc       0x22 .build/obj_sofle_rev1_LohseBoi/common/avr/bootloader.o
                0x00000000000050cc                bootloader_jump
 .text.print_set_sendchar
                0x00000000000050ee        0xa .build/obj_sofle_rev1_LohseBoi/common/avr/printf.o
                0x00000000000050ee                print_set_sendchar
 .text.keyboard_leds
                0x00000000000050f8        0x6 .build/obj_sofle_rev1_LohseBoi/lufa.o
 .text.send_extra
                0x00000000000050fe       0x56 .build/obj_sofle_rev1_LohseBoi/lufa.o
 .text.send_consumer
                0x0000000000005154        0x8 .build/obj_sofle_rev1_LohseBoi/lufa.o
 .text.send_system
                0x000000000000515c        0x8 .build/obj_sofle_rev1_LohseBoi/lufa.o
 .text.send_keyboard
                0x0000000000005164       0x5a .build/obj_sofle_rev1_LohseBoi/lufa.o
 .text.send_mouse
                0x00000000000051be        0x2 .build/obj_sofle_rev1_LohseBoi/lufa.o
 .text.EVENT_USB_Device_Connect
                0x00000000000051c0       0x1c .build/obj_sofle_rev1_LohseBoi/lufa.o
                0x00000000000051c0                EVENT_USB_Device_Connect
 .text.EVENT_USB_Device_Disconnect
                0x00000000000051dc        0x6 .build/obj_sofle_rev1_LohseBoi/lufa.o
                0x00000000000051dc                EVENT_USB_Device_Disconnect
 .text.EVENT_USB_Device_Reset
                0x00000000000051e2        0x2 .build/obj_sofle_rev1_LohseBoi/lufa.o
                0x00000000000051e2                EVENT_USB_Device_Reset
 .text.EVENT_USB_Device_Suspend
                0x00000000000051e4        0x2 .build/obj_sofle_rev1_LohseBoi/lufa.o
                0x00000000000051e4                EVENT_USB_Device_Suspend
 .text.EVENT_USB_Device_WakeUp
                0x00000000000051e6        0x2 .build/obj_sofle_rev1_LohseBoi/lufa.o
                0x00000000000051e6                EVENT_USB_Device_WakeUp
 .text.EVENT_USB_Device_ConfigurationChanged
                0x00000000000051e8       0x14 .build/obj_sofle_rev1_LohseBoi/lufa.o
                0x00000000000051e8                EVENT_USB_Device_ConfigurationChanged
 .text.EVENT_USB_Device_ControlRequest
                0x00000000000051fc      0x16e .build/obj_sofle_rev1_LohseBoi/lufa.o
                0x00000000000051fc                EVENT_USB_Device_ControlRequest
 .text.protocol_setup
                0x000000000000536a       0x32 .build/obj_sofle_rev1_LohseBoi/lufa.o
                0x000000000000536a                protocol_setup
 .text.protocol_init
                0x000000000000539c       0x24 .build/obj_sofle_rev1_LohseBoi/lufa.o
                0x000000000000539c                protocol_init
 .text.protocol_task
                0x00000000000053c0       0x36 .build/obj_sofle_rev1_LohseBoi/lufa.o
                0x00000000000053c0                protocol_task
 .text.CALLBACK_USB_GetDescriptor
                0x00000000000053f6        0x4 .build/obj_sofle_rev1_LohseBoi/lufa.o
                0x00000000000053f6                CALLBACK_USB_GetDescriptor
 .text.get_usb_descriptor
                0x00000000000053fa       0xb0 .build/obj_sofle_rev1_LohseBoi/usb_descriptor.o
                0x00000000000053fa                get_usb_descriptor
 .text.USB_Device_SendRemoteWakeup
                0x00000000000054aa       0x2c .build/obj_sofle_rev1_LohseBoi/lib/lufa/LUFA/Drivers/USB/Core/AVR8/Device_AVR8.o
                0x00000000000054aa                USB_Device_SendRemoteWakeup
 .text.Endpoint_Write_Stream_LE
                0x00000000000054d6       0x9e .build/obj_sofle_rev1_LohseBoi/lib/lufa/LUFA/Drivers/USB/Core/AVR8/EndpointStream_AVR8.o
                0x00000000000054d6                Endpoint_Write_Stream_LE
 .text.Endpoint_Write_Control_Stream_LE
                0x0000000000005574       0xbc .build/obj_sofle_rev1_LohseBoi/lib/lufa/LUFA/Drivers/USB/Core/AVR8/EndpointStream_AVR8.o
                0x0000000000005574                Endpoint_Write_Control_Stream_LE
 .text.Endpoint_Write_Control_PStream_LE
                0x0000000000005630       0xbe .build/obj_sofle_rev1_LohseBoi/lib/lufa/LUFA/Drivers/USB/Core/AVR8/EndpointStream_AVR8.o
                0x0000000000005630                Endpoint_Write_Control_PStream_LE
 .text.Endpoint_ConfigureEndpoint_Prv
                0x00000000000056ee       0x68 .build/obj_sofle_rev1_LohseBoi/lib/lufa/LUFA/Drivers/USB/Core/AVR8/Endpoint_AVR8.o
                0x00000000000056ee                Endpoint_ConfigureEndpoint_Prv
 .text.Endpoint_ClearStatusStage
                0x0000000000005756       0x3e .build/obj_sofle_rev1_LohseBoi/lib/lufa/LUFA/Drivers/USB/Core/AVR8/Endpoint_AVR8.o
                0x0000000000005756                Endpoint_ClearStatusStage
 .text.Endpoint_WaitUntilReady
                0x0000000000005794       0x62 .build/obj_sofle_rev1_LohseBoi/lib/lufa/LUFA/Drivers/USB/Core/AVR8/Endpoint_AVR8.o
                0x0000000000005794                Endpoint_WaitUntilReady
 .text.USB_Disable
                0x00000000000057f6       0x34 .build/obj_sofle_rev1_LohseBoi/lib/lufa/LUFA/Drivers/USB/Core/AVR8/USBController_AVR8.o
                0x00000000000057f6                USB_Disable
 .text.USB_ResetInterface
                0x000000000000582a       0x86 .build/obj_sofle_rev1_LohseBoi/lib/lufa/LUFA/Drivers/USB/Core/AVR8/USBController_AVR8.o
                0x000000000000582a                USB_ResetInterface
 .text.USB_Init
                0x00000000000058b0       0x22 .build/obj_sofle_rev1_LohseBoi/lib/lufa/LUFA/Drivers/USB/Core/AVR8/USBController_AVR8.o
                0x00000000000058b0                USB_Init
 .text.USB_INT_DisableAllInterrupts
                0x00000000000058d2       0x10 .build/obj_sofle_rev1_LohseBoi/lib/lufa/LUFA/Drivers/USB/Core/AVR8/USBInterrupt_AVR8.o
                0x00000000000058d2                USB_INT_DisableAllInterrupts
 .text.USB_INT_ClearAllInterrupts
                0x00000000000058e2        0xa .build/obj_sofle_rev1_LohseBoi/lib/lufa/LUFA/Drivers/USB/Core/AVR8/USBInterrupt_AVR8.o
                0x00000000000058e2                USB_INT_ClearAllInterrupts
 .text.__vector_10
                0x00000000000058ec      0x1a8 .build/obj_sofle_rev1_LohseBoi/lib/lufa/LUFA/Drivers/USB/Core/AVR8/USBInterrupt_AVR8.o
                0x00000000000058ec                __vector_10
 .text.__vector_11
                0x0000000000005a94       0x88 .build/obj_sofle_rev1_LohseBoi/lib/lufa/LUFA/Drivers/USB/Core/AVR8/USBInterrupt_AVR8.o
                0x0000000000005a94                __vector_11
 .text.USB_Device_ProcessControlRequest
                0x0000000000005b1c      0x2a4 .build/obj_sofle_rev1_LohseBoi/lib/lufa/LUFA/Drivers/USB/Core/DeviceStandardReq.o
                0x0000000000005b1c                USB_Device_ProcessControlRequest
 .text.USB_Event_Stub
                0x0000000000005dc0        0x2 .build/obj_sofle_rev1_LohseBoi/lib/lufa/LUFA/Drivers/USB/Core/Events.o
                0x0000000000005dc0                USB_Event_Stub
                0x0000000000005dc0                EVENT_USB_Device_StartOfFrame
 .text.USB_USBTask
                0x0000000000005dc2       0x36 .build/obj_sofle_rev1_LohseBoi/lib/lufa/LUFA/Drivers/USB/Core/USBTask.o
                0x0000000000005dc2                USB_USBTask
 .text.usb_disconnect
                0x0000000000005df8        0xa .build/obj_sofle_rev1_LohseBoi/protocol/lufa/usb_util.o
                0x0000000000005df8                usb_disconnect
 .text.usb_vbus_state
                0x0000000000005e02       0x1a .build/obj_sofle_rev1_LohseBoi/protocol/lufa/usb_util.o
                0x0000000000005e02                usb_vbus_state
 .text.avr-libc.fplib
                0x0000000000005e1c        0xe /usr/lib/gcc/avr/8.3.0/../../../../avr/lib/avr5/libm.a(addsf3.o)
                0x0000000000005e1c                __subsf3
                0x0000000000005e1e                __addsf3
 .text.avr-libc.fplib
                0x0000000000005e2a       0xcc /usr/lib/gcc/avr/8.3.0/../../../../avr/lib/avr5/libm.a(addsf3x.o)
                0x0000000000005e4c                __addsf3x
 .text.avr-libc.fplib
                0x0000000000005ef6       0x2e /usr/lib/gcc/avr/8.3.0/../../../../avr/lib/avr5/libm.a(ceil.o)
                0x0000000000005ef6                ceil
 .text.avr-libc.fplib
                0x0000000000005f24       0x5e /usr/lib/gcc/avr/8.3.0/../../../../avr/lib/avr5/libm.a(fixunssfsi.o)
                0x0000000000005f24                __fixunssfsi
 .text.avr-libc.fplib
                0x0000000000005f82       0x7a /usr/lib/gcc/avr/8.3.0/../../../../avr/lib/avr5/libm.a(floatsisf.o)
                0x0000000000005f82                __floatunsisf
                0x0000000000005f86                __floatsisf
 .text.avr-libc.fplib
                0x0000000000005ffc        0xc /usr/lib/gcc/avr/8.3.0/../../../../avr/lib/avr5/libm.a(fp_inf.o)
                0x0000000000005ffc                __fp_inf
 .text.avr-libc.fplib
                0x0000000000006008       0x36 /usr/lib/gcc/avr/8.3.0/../../../../avr/lib/avr5/libm.a(fp_mintl.o)
                0x0000000000006008                __fp_mintl
 .text.avr-libc.fplib
                0x000000000000603e       0x1c /usr/lib/gcc/avr/8.3.0/../../../../avr/lib/avr5/libm.a(fp_mpack.o)
                0x000000000000603e                __fp_mpack
                0x0000000000006042                __fp_mpack_finite
 .text.avr-libc.fplib
                0x000000000000605a        0x6 /usr/lib/gcc/avr/8.3.0/../../../../avr/lib/avr5/libm.a(fp_nan.o)
                0x000000000000605a                __fp_nan
 .text.avr-libc.fplib
                0x0000000000006060        0xe /usr/lib/gcc/avr/8.3.0/../../../../avr/lib/avr5/libm.a(fp_pscA.o)
                0x0000000000006060                __fp_pscA
 .text.avr-libc.fplib
                0x000000000000606e        0xe /usr/lib/gcc/avr/8.3.0/../../../../avr/lib/avr5/libm.a(fp_pscB.o)
                0x000000000000606e                __fp_pscB
 .text.avr-libc.fplib
                0x000000000000607c       0x22 /usr/lib/gcc/avr/8.3.0/../../../../avr/lib/avr5/libm.a(fp_round.o)
                0x000000000000607c                __fp_round
 .text.avr-libc.fplib
                0x000000000000609e       0x44 /usr/lib/gcc/avr/8.3.0/../../../../avr/lib/avr5/libm.a(fp_split3.o)
                0x000000000000609e                __fp_split3
                0x00000000000060ae                __fp_splitA
 .text.avr-libc.fplib
                0x00000000000060e2       0x30 /usr/lib/gcc/avr/8.3.0/../../../../avr/lib/avr5/libm.a(fp_trunc.o)
                0x00000000000060e2                __fp_trunc
 .text.avr-libc.fplib
                0x0000000000006112        0xe /usr/lib/gcc/avr/8.3.0/../../../../avr/lib/avr5/libm.a(fp_zero.o)
                0x0000000000006112                __fp_zero
                0x0000000000006114                __fp_szero
 .text.avr-libc.fplib
                0x0000000000006120        0x8 /usr/lib/gcc/avr/8.3.0/../../../../avr/lib/avr5/libm.a(mulsf3.o)
                0x0000000000006120                __mulsf3
 .text.avr-libc.fplib
                0x0000000000006128       0xd2 /usr/lib/gcc/avr/8.3.0/../../../../avr/lib/avr5/libm.a(mulsf3x.o)
                0x0000000000006146                __mulsf3x
                0x000000000000614c                __mulsf3_pse
 .text.libgcc.div
                0x00000000000061fa       0x18 /usr/lib/gcc/avr/8.3.0/avr5/libgcc.a(_udivmodqi4.o)
                0x00000000000061fa                __udivmodqi4
 .text.libgcc.div
                0x0000000000006212       0x28 /usr/lib/gcc/avr/8.3.0/avr5/libgcc.a(_udivmodhi4.o)
                0x0000000000006212                __udivmodhi4
 .text.libgcc.div
                0x000000000000623a       0x28 /usr/lib/gcc/avr/8.3.0/avr5/libgcc.a(_divmodhi4.o)
                0x000000000000623a                __divmodhi4
                0x000000000000623a                _div
 .text.libgcc.div
                0x0000000000006262       0x2e /usr/lib/gcc/avr/8.3.0/avr5/libgcc.a(_divmodsi4.o)
                0x0000000000006262                __divmodsi4
 .text.libgcc.div
                0x0000000000006290       0x10 /usr/lib/gcc/avr/8.3.0/avr5/libgcc.a(_negsi2.o)
                0x0000000000006290                __negsi2
 .text.libgcc   0x00000000000062a0        0xc /usr/lib/gcc/avr/8.3.0/avr5/libgcc.a(_tablejump2.o)
                0x00000000000062a0                __tablejump2__
 .text.libgcc.div
                0x00000000000062ac       0x44 /usr/lib/gcc/avr/8.3.0/avr5/libgcc.a(_udivmodsi4.o)
                0x00000000000062ac                __udivmodsi4
 .text.avr-libc
                0x00000000000062f0       0x12 /usr/lib/gcc/avr/8.3.0/../../../../avr/lib/avr5/libc.a(memcpy_P.o)
                0x00000000000062f0                memcpy_P
 .text.avr-libc
                0x0000000000006302       0x1a /usr/lib/gcc/avr/8.3.0/../../../../avr/lib/avr5/libc.a(memcmp.o)
                0x0000000000006302                memcmp
 .text.avr-libc
                0x000000000000631c       0x12 /usr/lib/gcc/avr/8.3.0/../../../../avr/lib/avr5/libc.a(memcpy.o)
                0x000000000000631c                memcpy
 .text.avr-libc
                0x000000000000632e       0x10 /usr/lib/gcc/avr/8.3.0/../../../../avr/lib/avr5/libatmega32u4.a(eerd_byte.o)
                0x000000000000632e                eeprom_read_byte
 .text.avr-libc
                0x000000000000633e        0xc /usr/lib/gcc/avr/8.3.0/../../../../avr/lib/avr5/libatmega32u4.a(eerd_word.o)
                0x000000000000633e                eeprom_read_word
 .text.avr-libc
                0x000000000000634a       0x24 /usr/lib/gcc/avr/8.3.0/../../../../avr/lib/avr5/libatmega32u4.a(eeupd_byte.o)
                0x000000000000634a                eeprom_update_byte
                0x000000000000634c                eeprom_update_r18
 .text.avr-libc
                0x000000000000636e       0x18 /usr/lib/gcc/avr/8.3.0/../../../../avr/lib/avr5/libatmega32u4.a(eeupd_dword.o)
                0x000000000000636e                eeprom_update_dword
                0x000000000000636e                eeprom_update_float
 .text.avr-libc
                0x0000000000006386        0xc /usr/lib/gcc/avr/8.3.0/../../../../avr/lib/avr5/libatmega32u4.a(eeupd_word.o)
                0x0000000000006386                eeprom_update_word
 .text.avr-libc
                0x0000000000006392       0x20 /usr/lib/gcc/avr/8.3.0/../../../../avr/lib/avr5/libatmega32u4.a(eerd_block.o)
                0x0000000000006392                eeprom_read_block
                0x0000000000006396                eeprom_read_blraw
                0x00000000000063b2                . = ALIGN (0x2)
 *(.fini9)
 .fini9         0x00000000000063b2        0x0 /usr/lib/gcc/avr/8.3.0/avr5/libgcc.a(_exit.o)
                0x00000000000063b2                exit
                0x00000000000063b2                _exit
 *(.fini9)
 *(.fini8)
 *(.fini8)
 *(.fini7)
 *(.fini7)
 *(.fini6)
 *(.fini6)
 *(.fini5)
 *(.fini5)
 *(.fini4)
 *(.fini4)
 *(.fini3)
 *(.fini3)
 *(.fini2)
 *(.fini2)
 *(.fini1)
 *(.fini1)
 *(.fini0)
 .fini0         0x00000000000063b2        0x4 /usr/lib/gcc/avr/8.3.0/avr5/libgcc.a(_exit.o)
 *(.fini0)
 *(.hightext)
 *(.hightext*)
 *(.progmemx.*)
                0x00000000000063b6                . = ALIGN (0x2)
 *(.jumptables)
 *(.jumptables*)
 .jumptables.gcc.process_record_user
                0x00000000000063b6       0x10 .build/obj_sofle_rev1_LohseBoi/keyboards/sofle/keymaps/LohseBoi/keymap.o
 .jumptables.gcc.process_action
                0x00000000000063c6       0x26 .build/obj_sofle_rev1_LohseBoi/quantum/action.o
 .jumptables.gcc.is_tap_action
                0x00000000000063ec       0x1c .build/obj_sofle_rev1_LohseBoi/quantum/action.o
 .jumptables.gcc.USB_Device_ProcessControlRequest
                0x0000000000006408       0x14 .build/obj_sofle_rev1_LohseBoi/lib/lufa/LUFA/Drivers/USB/Core/DeviceStandardReq.o
                0x000000000000641c                _etext = .

.data           0x0000000000800100       0xdc load address 0x000000000000641c
                0x0000000000800100                PROVIDE (__data_start = .)
 *(.data)
 *(.data*)
 .data.keyboard_report
                0x0000000000800100        0x2 .build/obj_sofle_rev1_LohseBoi/quantum/action_util.o
                0x0000000000800100                keyboard_report
 .data.isLeftHand
                0x0000000000800102        0x1 .build/obj_sofle_rev1_LohseBoi/quantum/split_common/split_util.o
                0x0000000000800102                isLeftHand
 .data.split_transaction_table
                0x0000000000800103       0x32 .build/obj_sofle_rev1_LohseBoi/quantum/split_common/transactions.o
                0x0000000000800103                split_transaction_table
 .data.encoders_pad_b
                0x0000000000800135        0x1 .build/obj_sofle_rev1_LohseBoi/quantum/encoder.o
 .data.encoders_pad_a
                0x0000000000800136        0x1 .build/obj_sofle_rev1_LohseBoi/quantum/encoder.o
 .data.display_start.2149
                0x0000000000800137        0x7 .build/obj_sofle_rev1_LohseBoi/ssd1306_sh1106.o
 .data.lufa_driver
                0x000000000080013e        0xa .build/obj_sofle_rev1_LohseBoi/lufa.o
                0x000000000080013e                lufa_driver
 .data.keyboard_protocol
                0x0000000000800148        0x1 .build/obj_sofle_rev1_LohseBoi/lufa.o
                0x0000000000800148                keyboard_protocol
 *(.gnu.linkonce.d*)
 *(.rodata)
 .rodata        0x0000000000800149        0x7 .build/obj_sofle_rev1_LohseBoi/keyboards/sofle/keymaps/LohseBoi/keymap.o
 *(.rodata*)
 .rodata.CSWTCH.24
                0x0000000000800150       0x2e .build/obj_sofle_rev1_LohseBoi/quantum/action.o
 .rodata.CSWTCH.23
                0x000000000080017e        0x3 .build/obj_sofle_rev1_LohseBoi/quantum/action.o
 .rodata.CSWTCH.1
                0x0000000000800181       0x2e .build/obj_sofle_rev1_LohseBoi/quantum/keymap_common.o
 .rodata.CSWTCH.0
                0x00000000008001af        0x3 .build/obj_sofle_rev1_LohseBoi/quantum/keymap_common.o
 .rodata.col_pins
                0x00000000008001b2        0x6 .build/obj_sofle_rev1_LohseBoi/quantum/matrix.o
 .rodata.row_pins
                0x00000000008001b8        0xa .build/obj_sofle_rev1_LohseBoi/quantum/matrix.o
 .rodata.split_shmem
                0x00000000008001c2        0x2 .build/obj_sofle_rev1_LohseBoi/quantum/split_common/transport.o
                0x00000000008001c2                split_shmem
 .rodata.encoder_LUT
                0x00000000008001c4       0x10 .build/obj_sofle_rev1_LohseBoi/quantum/encoder.o
 .rodata.source_map.2150
                0x00000000008001d4        0x4 .build/obj_sofle_rev1_LohseBoi/ssd1306_sh1106.o
 .rodata.target_map.2151
                0x00000000008001d8        0x4 .build/obj_sofle_rev1_LohseBoi/ssd1306_sh1106.o
 *(.gnu.linkonce.r*)
                0x00000000008001dc                . = ALIGN (0x2)
                0x00000000008001dc                _edata = .
                0x00000000008001dc                PROVIDE (__data_end = .)

.bss            0x00000000008001dc      0x355
                0x00000000008001dc                PROVIDE (__bss_start = .)
 *(.bss)
 .bss           0x00000000008001dc        0x2 .build/obj_sofle_rev1_LohseBoi/common/avr/xprintf.o
                0x00000000008001dc                xfunc_out
 *(.bss*)
 .bss.turner    0x00000000008001de        0x2 .build/obj_sofle_rev1_LohseBoi/keyboards/sofle/keymaps/LohseBoi/keymap.o
                0x00000000008001de                turner
 .bss.media_counter
                0x00000000008001e0        0x1 .build/obj_sofle_rev1_LohseBoi/keyboards/sofle/keymaps/LohseBoi/keymap.o
                0x00000000008001e0                media_counter
 .bss.media_timer
                0x00000000008001e1        0x2 .build/obj_sofle_rev1_LohseBoi/keyboards/sofle/keymaps/LohseBoi/keymap.o
                0x00000000008001e1                media_timer
 .bss.is_media_active
                0x00000000008001e3        0x1 .build/obj_sofle_rev1_LohseBoi/keyboards/sofle/keymaps/LohseBoi/keymap.o
                0x00000000008001e3                is_media_active
 .bss.lwr_tapped
                0x00000000008001e4        0x1 .build/obj_sofle_rev1_LohseBoi/keyboards/sofle/keymaps/LohseBoi/keymap.o
                0x00000000008001e4                lwr_tapped
 .bss.lwr_timer
                0x00000000008001e5        0x2 .build/obj_sofle_rev1_LohseBoi/keyboards/sofle/keymaps/LohseBoi/keymap.o
                0x00000000008001e5                lwr_timer
 .bss.wpm_timer
                0x00000000008001e7        0x2 .build/obj_sofle_rev1_LohseBoi/keyboards/sofle/keymaps/LohseBoi/keymap.o
                0x00000000008001e7                wpm_timer
 .bss.swap_state.2819
                0x00000000008001e9        0xa .build/obj_sofle_rev1_LohseBoi/quantum/action.o
 .bss.disable_action_cache
                0x00000000008001f3        0x1 .build/obj_sofle_rev1_LohseBoi/quantum/action.o
                0x00000000008001f3                disable_action_cache
 .bss.swap_held
                0x00000000008001f4        0x1 .build/obj_sofle_rev1_LohseBoi/quantum/action.o
                0x00000000008001f4                swap_held
 .bss.swap_hands
                0x00000000008001f5        0x1 .build/obj_sofle_rev1_LohseBoi/quantum/action.o
                0x00000000008001f5                swap_hands
 .bss.source_layers_cache
                0x00000000008001f6       0x28 .build/obj_sofle_rev1_LohseBoi/quantum/action_layer.o
                0x00000000008001f6                source_layers_cache
 .bss.layer_state
                0x000000000080021e        0x4 .build/obj_sofle_rev1_LohseBoi/quantum/action_layer.o
                0x000000000080021e                layer_state
 .bss.default_layer_state
                0x0000000000800222        0x4 .build/obj_sofle_rev1_LohseBoi/quantum/action_layer.o
                0x0000000000800222                default_layer_state
 .bss.waiting_buffer_tail
                0x0000000000800226        0x1 .build/obj_sofle_rev1_LohseBoi/quantum/action_tapping.o
 .bss.waiting_buffer_head
                0x0000000000800227        0x1 .build/obj_sofle_rev1_LohseBoi/quantum/action_tapping.o
 .bss.waiting_buffer
                0x0000000000800228       0x30 .build/obj_sofle_rev1_LohseBoi/quantum/action_tapping.o
 .bss.tapping_key
                0x0000000000800258        0x6 .build/obj_sofle_rev1_LohseBoi/quantum/action_tapping.o
 .bss.swap_hands_oneshot
                0x000000000080025e        0x1 .build/obj_sofle_rev1_LohseBoi/quantum/action_util.o
                0x000000000080025e                swap_hands_oneshot
 .bss.oneshot_layer_data
                0x000000000080025f        0x1 .build/obj_sofle_rev1_LohseBoi/quantum/action_util.o
 .bss.oneshot_mods
                0x0000000000800260        0x1 .build/obj_sofle_rev1_LohseBoi/quantum/action_util.o
 .bss.__compound_literal.0
                0x0000000000800261        0x8 .build/obj_sofle_rev1_LohseBoi/quantum/action_util.o
 .bss.macro_mods
                0x0000000000800269        0x1 .build/obj_sofle_rev1_LohseBoi/quantum/action_util.o
 .bss.weak_mods
                0x000000000080026a        0x1 .build/obj_sofle_rev1_LohseBoi/quantum/action_util.o
 .bss.real_mods
                0x000000000080026b        0x1 .build/obj_sofle_rev1_LohseBoi/quantum/action_util.o
 .bss.led_status.3930
                0x000000000080026c        0x1 .build/obj_sofle_rev1_LohseBoi/quantum/keyboard.o
 .bss.matrix_prev.3929
                0x000000000080026d        0xa .build/obj_sofle_rev1_LohseBoi/quantum/keyboard.o
 .bss.last_encoder_modification_time
                0x0000000000800277        0x4 .build/obj_sofle_rev1_LohseBoi/quantum/keyboard.o
 .bss.last_matrix_modification_time
                0x000000000080027b        0x4 .build/obj_sofle_rev1_LohseBoi/quantum/keyboard.o
 .bss.last_input_modification_time
                0x000000000080027f        0x4 .build/obj_sofle_rev1_LohseBoi/quantum/keyboard.o
 .bss.debug_config
                0x0000000000800283        0x1 .build/obj_sofle_rev1_LohseBoi/quantum/logging/debug.o
                0x0000000000800283                debug_config
 .bss.debouncing_time
                0x0000000000800284        0x2 .build/obj_sofle_rev1_LohseBoi/quantum/debounce/sym_defer_g.o
 .bss.debouncing
                0x0000000000800286        0x1 .build/obj_sofle_rev1_LohseBoi/quantum/debounce/sym_defer_g.o
 .bss.connection_check_timer.4123
                0x0000000000800287        0x2 .build/obj_sofle_rev1_LohseBoi/quantum/split_common/split_util.o
 .bss.usbstate.4109
                0x0000000000800289        0x1 .build/obj_sofle_rev1_LohseBoi/quantum/split_common/split_util.o
 .bss.connection_errors
                0x000000000080028a        0x1 .build/obj_sofle_rev1_LohseBoi/quantum/split_common/split_util.o
 .bss.shared_memory
                0x000000000080028b        0xc .build/obj_sofle_rev1_LohseBoi/quantum/split_common/transport.o
 .bss.last_sync_timer.4351
                0x0000000000800297        0x4 .build/obj_sofle_rev1_LohseBoi/quantum/split_common/transactions.o
 .bss.last_matrix.4319
                0x000000000080029b        0x5 .build/obj_sofle_rev1_LohseBoi/quantum/split_common/transactions.o
 .bss.last_update.4318
                0x00000000008002a0        0x4 .build/obj_sofle_rev1_LohseBoi/quantum/split_common/transactions.o
 .bss.last_update.4330
                0x00000000008002a4        0x4 .build/obj_sofle_rev1_LohseBoi/quantum/split_common/transactions.o
 .bss.last_update.4344
                0x00000000008002a8        0x4 .build/obj_sofle_rev1_LohseBoi/quantum/split_common/transactions.o
 .bss.wpm_timer
                0x00000000008002ac        0x2 .build/obj_sofle_rev1_LohseBoi/quantum/wpm.o
 .bss.current_wpm
                0x00000000008002ae        0x1 .build/obj_sofle_rev1_LohseBoi/quantum/wpm.o
 .bss.thatHand  0x00000000008002af        0x1 .build/obj_sofle_rev1_LohseBoi/quantum/encoder.o
 .bss.thisHand  0x00000000008002b0        0x1 .build/obj_sofle_rev1_LohseBoi/quantum/encoder.o
 .bss.encoder_value
                0x00000000008002b1        0x2 .build/obj_sofle_rev1_LohseBoi/quantum/encoder.o
 .bss.encoder_pulses
                0x00000000008002b3        0x1 .build/obj_sofle_rev1_LohseBoi/quantum/encoder.o
 .bss.encoder_state