   1               		.file	"sync_timer.c"
   2               	__SP_H__ = 0x3e
   3               	__SP_L__ = 0x3d
   4               	__SREG__ = 0x3f
   5               	__tmp_reg__ = 0
   6               	__zero_reg__ = 1
   7               		.text
   8               	.Ltext0:
   9               		.cfi_sections	.debug_frame
  10               		.section	.text.sync_timer_init,"ax",@progbits
  11               	.global	sync_timer_init
  13               	sync_timer_init:
  14               	.LFB5:
  15               		.file 1 "tmk_core/common/sync_timer.c"
   1:tmk_core/common/sync_timer.c **** /*
   2:tmk_core/common/sync_timer.c **** Copyright (C) 2020 Ryan Caltabiano <https://github.com/XScorpion2>
   3:tmk_core/common/sync_timer.c **** 
   4:tmk_core/common/sync_timer.c **** Permission is hereby granted, free of charge, to any person obtaining a copy of
   5:tmk_core/common/sync_timer.c **** this software and associated documentation files (the "Software"), to deal in
   6:tmk_core/common/sync_timer.c **** the Software without restriction, including without limitation the rights to
   7:tmk_core/common/sync_timer.c **** use, copy, modify, merge, publish, distribute, sublicense, and/or sell copies
   8:tmk_core/common/sync_timer.c **** of the Software, and to permit persons to whom the Software is furnished to do
   9:tmk_core/common/sync_timer.c **** so, subject to the following conditions:
  10:tmk_core/common/sync_timer.c **** 
  11:tmk_core/common/sync_timer.c **** The above copyright notice and this permission notice shall be included in all
  12:tmk_core/common/sync_timer.c **** copies or substantial portions of the Software.
  13:tmk_core/common/sync_timer.c **** 
  14:tmk_core/common/sync_timer.c **** If you happen to meet one of the copyright holders in a bar you are obligated
  15:tmk_core/common/sync_timer.c **** to buy them one pint of beer.
  16:tmk_core/common/sync_timer.c **** 
  17:tmk_core/common/sync_timer.c **** THE SOFTWARE IS PROVIDED "AS IS", WITHOUT WARRANTY OF ANY KIND, EXPRESS OR
  18:tmk_core/common/sync_timer.c **** IMPLIED, INCLUDING BUT NOT LIMITED TO THE WARRANTIES OF MERCHANTABILITY,
  19:tmk_core/common/sync_timer.c **** FITNESS FOR A PARTICULAR PURPOSE AND NONINFRINGEMENT. IN NO EVENT SHALL THE
  20:tmk_core/common/sync_timer.c **** AUTHORS OR COPYRIGHT HOLDERS BE LIABLE FOR ANY CLAIM, DAMAGES OR OTHER
  21:tmk_core/common/sync_timer.c **** LIABILITY, WHETHER IN AN ACTION OF CONTRACT, TORT OR OTHERWISE, ARISING FROM,
  22:tmk_core/common/sync_timer.c **** OUT OF OR IN CONNECTION WITH THE SOFTWARE OR THE USE OR OTHER DEALINGS IN THE
  23:tmk_core/common/sync_timer.c **** SOFTWARE.
  24:tmk_core/common/sync_timer.c **** */
  25:tmk_core/common/sync_timer.c **** 
  26:tmk_core/common/sync_timer.c **** #include "sync_timer.h"
  27:tmk_core/common/sync_timer.c **** #include "keyboard.h"
  28:tmk_core/common/sync_timer.c **** 
  29:tmk_core/common/sync_timer.c **** #if (defined(SPLIT_KEYBOARD) || defined(SERIAL_LINK_ENABLE)) && !defined(DISABLE_SYNC_TIMER)
  30:tmk_core/common/sync_timer.c **** volatile int32_t sync_timer_ms;
  31:tmk_core/common/sync_timer.c **** 
  32:tmk_core/common/sync_timer.c **** void sync_timer_init(void) { sync_timer_ms = 0; }
  16               		.loc 1 32 28 view -0
  17               		.cfi_startproc
  18               	/* prologue: function */
  19               	/* frame size = 0 */
  20               	/* stack size = 0 */
  21               	.L__stack_usage = 0
  22               		.loc 1 32 30 view .LVU1
  23               		.loc 1 32 44 is_stmt 0 view .LVU2
  24 0000 1092 0000 		sts sync_timer_ms,__zero_reg__
  25 0004 1092 0000 		sts sync_timer_ms+1,__zero_reg__
  26 0008 1092 0000 		sts sync_timer_ms+2,__zero_reg__
  27 000c 1092 0000 		sts sync_timer_ms+3,__zero_reg__
  28               	/* epilogue start */
  29               		.loc 1 32 49 view .LVU3
  30 0010 0895      		ret
  31               		.cfi_endproc
  32               	.LFE5:
  34               		.section	.text.sync_timer_update,"ax",@progbits
  35               	.global	sync_timer_update
  37               	sync_timer_update:
  38               	.LVL0:
  39               	.LFB6:
  33:tmk_core/common/sync_timer.c **** 
  34:tmk_core/common/sync_timer.c **** void sync_timer_update(uint32_t time) {
  40               		.loc 1 34 39 is_stmt 1 view -0
  41               		.cfi_startproc
  42               		.loc 1 34 39 is_stmt 0 view .LVU5
  43 0000 CF92      		push r12
  44               	.LCFI0:
  45               		.cfi_def_cfa_offset 3
  46               		.cfi_offset 12, -2
  47 0002 DF92      		push r13
  48               	.LCFI1:
  49               		.cfi_def_cfa_offset 4
  50               		.cfi_offset 13, -3
  51 0004 EF92      		push r14
  52               	.LCFI2:
  53               		.cfi_def_cfa_offset 5
  54               		.cfi_offset 14, -4
  55 0006 FF92      		push r15
  56               	.LCFI3:
  57               		.cfi_def_cfa_offset 6
  58               		.cfi_offset 15, -5
  59 0008 CF93      		push r28
  60               	.LCFI4:
  61               		.cfi_def_cfa_offset 7
  62               		.cfi_offset 28, -6
  63 000a DF93      		push r29
  64               	.LCFI5:
  65               		.cfi_def_cfa_offset 8
  66               		.cfi_offset 29, -7
  67 000c 00D0      		rcall .
  68 000e 00D0      		rcall .
  69               	.LCFI6:
  70               		.cfi_def_cfa_offset 12
  71 0010 CDB7      		in r28,__SP_L__
  72 0012 DEB7      		in r29,__SP_H__
  73               	.LCFI7:
  74               		.cfi_def_cfa_register 28
  75               	/* prologue: function */
  76               	/* frame size = 4 */
  77               	/* stack size = 10 */
  78               	.L__stack_usage = 10
  79 0014 6B01      		movw r12,r22
  80 0016 7C01      		movw r14,r24
  35:tmk_core/common/sync_timer.c ****     if (is_keyboard_master()) return;
  81               		.loc 1 35 5 is_stmt 1 view .LVU6
  82               		.loc 1 35 9 is_stmt 0 view .LVU7
  83 0018 0E94 0000 		call is_keyboard_master
  84               	.LVL1:
  85               		.loc 1 35 8 view .LVU8
  86 001c 8111      		cpse r24,__zero_reg__
  87 001e 00C0      		rjmp .L2
  36:tmk_core/common/sync_timer.c ****     sync_timer_ms = time - timer_read32();
  88               		.loc 1 36 5 is_stmt 1 view .LVU9
  89               		.loc 1 36 28 is_stmt 0 view .LVU10
  90 0020 0E94 0000 		call timer_read32
  91               	.LVL2:
  92               		.loc 1 36 26 view .LVU11
  93 0024 C61A      		sub r12,r22
  94 0026 D70A      		sbc r13,r23
  95 0028 E80A      		sbc r14,r24
  96 002a F90A      		sbc r15,r25
  97               		.loc 1 36 19 view .LVU12
  98 002c C092 0000 		sts sync_timer_ms,r12
  99 0030 D092 0000 		sts sync_timer_ms+1,r13
 100 0034 E092 0000 		sts sync_timer_ms+2,r14
 101 0038 F092 0000 		sts sync_timer_ms+3,r15
 102               	.L2:
 103               	/* epilogue start */
  37:tmk_core/common/sync_timer.c **** }
 104               		.loc 1 37 1 view .LVU13
 105 003c 0F90      		pop __tmp_reg__
 106 003e 0F90      		pop __tmp_reg__
 107 0040 0F90      		pop __tmp_reg__
 108 0042 0F90      		pop __tmp_reg__
 109 0044 DF91      		pop r29
 110 0046 CF91      		pop r28
 111 0048 FF90      		pop r15
 112 004a EF90      		pop r14
 113 004c DF90      		pop r13
 114 004e CF90      		pop r12
 115 0050 0895      		ret
 116               		.cfi_endproc
 117               	.LFE6:
 119               		.section	.text.sync_timer_read32,"ax",@progbits
 120               	.global	sync_timer_read32
 122               	sync_timer_read32:
 123               	.LFB8:
  38:tmk_core/common/sync_timer.c **** 
  39:tmk_core/common/sync_timer.c **** uint16_t sync_timer_read(void) {
  40:tmk_core/common/sync_timer.c ****     if (is_keyboard_master()) return timer_read();
  41:tmk_core/common/sync_timer.c ****     return sync_timer_read32();
  42:tmk_core/common/sync_timer.c **** }
  43:tmk_core/common/sync_timer.c **** 
  44:tmk_core/common/sync_timer.c **** uint32_t sync_timer_read32(void) {
 124               		.loc 1 44 34 is_stmt 1 view -0
 125               		.cfi_startproc
 126 0000 CF93      		push r28
 127               	.LCFI8:
 128               		.cfi_def_cfa_offset 3
 129               		.cfi_offset 28, -2
 130 0002 DF93      		push r29
 131               	.LCFI9:
 132               		.cfi_def_cfa_offset 4
 133               		.cfi_offset 29, -3
 134 0004 00D0      		rcall .
 135 0006 00D0      		rcall .
 136               	.LCFI10:
 137               		.cfi_def_cfa_offset 8
 138 0008 CDB7      		in r28,__SP_L__
 139 000a DEB7      		in r29,__SP_H__
 140               	.LCFI11:
 141               		.cfi_def_cfa_register 28
 142               	/* prologue: function */
 143               	/* frame size = 4 */
 144               	/* stack size = 6 */
 145               	.L__stack_usage = 6
  45:tmk_core/common/sync_timer.c ****     if (is_keyboard_master()) return timer_read32();
 146               		.loc 1 45 5 view .LVU15
 147               		.loc 1 45 9 is_stmt 0 view .LVU16
 148 000c 0E94 0000 		call is_keyboard_master
 149               	.LVL3:
 150               		.loc 1 45 8 view .LVU17
 151 0010 8823      		tst r24
 152 0012 01F0      		breq .L5
 153               		.loc 1 45 31 is_stmt 1 discriminator 1 view .LVU18
 154               	/* epilogue start */
  46:tmk_core/common/sync_timer.c ****     return sync_timer_ms + timer_read32();
  47:tmk_core/common/sync_timer.c **** }
 155               		.loc 1 47 1 is_stmt 0 discriminator 1 view .LVU19
 156 0014 0F90      		pop __tmp_reg__
 157 0016 0F90      		pop __tmp_reg__
 158 0018 0F90      		pop __tmp_reg__
 159 001a 0F90      		pop __tmp_reg__
 160 001c DF91      		pop r29
 161 001e CF91      		pop r28
  45:tmk_core/common/sync_timer.c ****     if (is_keyboard_master()) return timer_read32();
 162               		.loc 1 45 38 discriminator 1 view .LVU20
 163 0020 0C94 0000 		jmp timer_read32
 164               	.LVL4:
 165               	.L5:
  46:tmk_core/common/sync_timer.c ****     return sync_timer_ms + timer_read32();
 166               		.loc 1 46 5 is_stmt 1 view .LVU21
  46:tmk_core/common/sync_timer.c ****     return sync_timer_ms + timer_read32();
 167               		.loc 1 46 28 is_stmt 0 view .LVU22
 168 0024 0E94 0000 		call timer_read32
 169               	.LVL5:
 170 0028 6983      		std Y+1,r22
 171 002a 7A83      		std Y+2,r23
 172 002c 8B83      		std Y+3,r24
 173 002e 9C83      		std Y+4,r25
  46:tmk_core/common/sync_timer.c ****     return sync_timer_ms + timer_read32();
 174               		.loc 1 46 26 view .LVU23
 175 0030 8091 0000 		lds r24,sync_timer_ms
 176 0034 9091 0000 		lds r25,sync_timer_ms+1
 177 0038 A091 0000 		lds r26,sync_timer_ms+2
 178 003c B091 0000 		lds r27,sync_timer_ms+3
 179 0040 2981      		ldd r18,Y+1
 180 0042 3A81      		ldd r19,Y+2
 181 0044 4B81      		ldd r20,Y+3
 182 0046 5C81      		ldd r21,Y+4
 183 0048 280F      		add r18,r24
 184 004a 391F      		adc r19,r25
 185 004c 4A1F      		adc r20,r26
 186 004e 5B1F      		adc r21,r27
 187               		.loc 1 47 1 view .LVU24
 188 0050 CA01      		movw r24,r20
 189 0052 B901      		movw r22,r18
 190               	/* epilogue start */
 191 0054 0F90      		pop __tmp_reg__
 192 0056 0F90      		pop __tmp_reg__
 193 0058 0F90      		pop __tmp_reg__
 194 005a 0F90      		pop __tmp_reg__
 195 005c DF91      		pop r29
 196 005e CF91      		pop r28
 197 0060 0895      		ret
 198               		.cfi_endproc
 199               	.LFE8:
 201               		.section	.text.sync_timer_read,"ax",@progbits
 202               	.global	sync_timer_read
 204               	sync_timer_read:
 205               	.LFB7:
  39:tmk_core/common/sync_timer.c ****     if (is_keyboard_master()) return timer_read();
 206               		.loc 1 39 32 is_stmt 1 view -0
 207               		.cfi_startproc
 208               	/* prologue: function */
 209               	/* frame size = 0 */
 210               	/* stack size = 0 */
 211               	.L__stack_usage = 0
  40:tmk_core/common/sync_timer.c ****     return sync_timer_read32();
 212               		.loc 1 40 5 view .LVU26
  40:tmk_core/common/sync_timer.c ****     return sync_timer_read32();
 213               		.loc 1 40 9 is_stmt 0 view .LVU27
 214 0000 0E94 0000 		call is_keyboard_master
 215               	.LVL6:
  40:tmk_core/common/sync_timer.c ****     return sync_timer_read32();
 216               		.loc 1 40 8 view .LVU28
 217 0004 8111      		cpse r24,__zero_reg__
  40:tmk_core/common/sync_timer.c ****     return sync_timer_read32();
 218               		.loc 1 40 31 is_stmt 1 discriminator 1 view .LVU29
  40:tmk_core/common/sync_timer.c ****     return sync_timer_read32();
 219               		.loc 1 40 38 is_stmt 0 discriminator 1 view .LVU30
 220 0006 0C94 0000 		jmp timer_read
 221               	.LVL7:
 222               	.L7:
  41:tmk_core/common/sync_timer.c **** }
 223               		.loc 1 41 5 is_stmt 1 view .LVU31
  41:tmk_core/common/sync_timer.c **** }
 224               		.loc 1 41 12 is_stmt 0 view .LVU32
 225 000a 0E94 0000 		call sync_timer_read32
 226               	.LVL8:
  42:tmk_core/common/sync_timer.c **** 
 227               		.loc 1 42 1 view .LVU33
 228 000e CB01      		movw r24,r22
 229               	/* epilogue start */
 230 0010 0895      		ret
 231               		.cfi_endproc
 232               	.LFE7:
 234               		.section	.text.sync_timer_elapsed,"ax",@progbits
 235               	.global	sync_timer_elapsed
 237               	sync_timer_elapsed:
 238               	.LVL9:
 239               	.LFB9:
  48:tmk_core/common/sync_timer.c **** 
  49:tmk_core/common/sync_timer.c **** uint16_t sync_timer_elapsed(uint16_t last) {
 240               		.loc 1 49 44 is_stmt 1 view -0
 241               		.cfi_startproc
 242               		.loc 1 49 44 is_stmt 0 view .LVU35
 243 0000 CF93      		push r28
 244               	.LCFI12:
 245               		.cfi_def_cfa_offset 3
 246               		.cfi_offset 28, -2
 247 0002 DF93      		push r29
 248               	.LCFI13:
 249               		.cfi_def_cfa_offset 4
 250               		.cfi_offset 29, -3
 251               	/* prologue: function */
 252               	/* frame size = 0 */
 253               	/* stack size = 2 */
 254               	.L__stack_usage = 2
 255 0004 EC01      		movw r28,r24
  50:tmk_core/common/sync_timer.c ****     if (is_keyboard_master()) return timer_elapsed(last);
 256               		.loc 1 50 5 is_stmt 1 view .LVU36
 257               		.loc 1 50 9 is_stmt 0 view .LVU37
 258 0006 0E94 0000 		call is_keyboard_master
 259               	.LVL10:
 260               		.loc 1 50 8 view .LVU38
 261 000a 8823      		tst r24
 262 000c 01F0      		breq .L9
 263               		.loc 1 50 31 is_stmt 1 discriminator 1 view .LVU39
 264               		.loc 1 50 38 is_stmt 0 discriminator 1 view .LVU40
 265 000e CE01      		movw r24,r28
 266               	/* epilogue start */
  51:tmk_core/common/sync_timer.c ****     return TIMER_DIFF_16(sync_timer_read(), last);
  52:tmk_core/common/sync_timer.c **** }
 267               		.loc 1 52 1 discriminator 1 view .LVU41
 268 0010 DF91      		pop r29
 269 0012 CF91      		pop r28
 270               	.LVL11:
  50:tmk_core/common/sync_timer.c ****     if (is_keyboard_master()) return timer_elapsed(last);
 271               		.loc 1 50 38 discriminator 1 view .LVU42
 272 0014 0C94 0000 		jmp timer_elapsed
 273               	.LVL12:
 274               	.L9:
  51:tmk_core/common/sync_timer.c ****     return TIMER_DIFF_16(sync_timer_read(), last);
 275               		.loc 1 51 5 is_stmt 1 view .LVU43
  51:tmk_core/common/sync_timer.c ****     return TIMER_DIFF_16(sync_timer_read(), last);
 276               		.loc 1 51 12 is_stmt 0 view .LVU44
 277 0018 0E94 0000 		call sync_timer_read
 278               	.LVL13:
 279               		.loc 1 52 1 view .LVU45
 280 001c 8C1B      		sub r24,r28
 281 001e 9D0B      		sbc r25,r29
 282               	/* epilogue start */
 283 0020 DF91      		pop r29
 284 0022 CF91      		pop r28
 285               	.LVL14:
 286               		.loc 1 52 1 view .LVU46
 287 0024 0895      		ret
 288               		.cfi_endproc
 289               	.LFE9:
 291               		.section	.text.sync_timer_elapsed32,"ax",@progbits
 292               	.global	sync_timer_elapsed32
 294               	sync_timer_elapsed32:
 295               	.LVL15:
 296               	.LFB10:
  53:tmk_core/common/sync_timer.c **** 
  54:tmk_core/common/sync_timer.c **** uint32_t sync_timer_elapsed32(uint32_t last) {
 297               		.loc 1 54 46 is_stmt 1 view -0
 298               		.cfi_startproc
 299               		.loc 1 54 46 is_stmt 0 view .LVU48
 300 0000 CF93      		push r28
 301               	.LCFI14:
 302               		.cfi_def_cfa_offset 3
 303               		.cfi_offset 28, -2
 304 0002 DF93      		push r29
 305               	.LCFI15:
 306               		.cfi_def_cfa_offset 4
 307               		.cfi_offset 29, -3
 308 0004 CDB7      		in r28,__SP_L__
 309 0006 DEB7      		in r29,__SP_H__
 310               	.LCFI16:
 311               		.cfi_def_cfa_register 28
 312 0008 2897      		sbiw r28,8
 313               	.LCFI17:
 314               		.cfi_def_cfa_offset 12
 315 000a 0FB6      		in __tmp_reg__,__SREG__
 316 000c F894      		cli
 317 000e DEBF      		out __SP_H__,r29
 318 0010 0FBE      		out __SREG__,__tmp_reg__
 319 0012 CDBF      		out __SP_L__,r28
 320               	/* prologue: function */
 321               	/* frame size = 8 */
 322               	/* stack size = 10 */
 323               	.L__stack_usage = 10
 324 0014 6983      		std Y+1,r22
 325 0016 7A83      		std Y+2,r23
 326 0018 8B83      		std Y+3,r24
 327 001a 9C83      		std Y+4,r25
  55:tmk_core/common/sync_timer.c ****     if (is_keyboard_master()) return timer_elapsed32(last);
 328               		.loc 1 55 5 is_stmt 1 view .LVU49
 329               		.loc 1 55 9 is_stmt 0 view .LVU50
 330 001c 0E94 0000 		call is_keyboard_master
 331               	.LVL16:
 332               		.loc 1 55 8 view .LVU51
 333 0020 8823      		tst r24
 334 0022 01F0      		breq .L11
 335               		.loc 1 55 31 is_stmt 1 discriminator 1 view .LVU52
 336               		.loc 1 55 38 is_stmt 0 discriminator 1 view .LVU53
 337 0024 6981      		ldd r22,Y+1
 338 0026 7A81      		ldd r23,Y+2
 339 0028 8B81      		ldd r24,Y+3
 340 002a 9C81      		ldd r25,Y+4
 341               	/* epilogue start */
  56:tmk_core/common/sync_timer.c ****     return TIMER_DIFF_32(sync_timer_read32(), last);
  57:tmk_core/common/sync_timer.c **** }
 342               		.loc 1 57 1 discriminator 1 view .LVU54
 343 002c 2896      		adiw r28,8
 344 002e 0FB6      		in __tmp_reg__,__SREG__
 345 0030 F894      		cli
 346 0032 DEBF      		out __SP_H__,r29
 347 0034 0FBE      		out __SREG__,__tmp_reg__
 348 0036 CDBF      		out __SP_L__,r28
 349 0038 DF91      		pop r29
 350 003a CF91      		pop r28
  55:tmk_core/common/sync_timer.c ****     if (is_keyboard_master()) return timer_elapsed32(last);
 351               		.loc 1 55 38 discriminator 1 view .LVU55
 352 003c 0C94 0000 		jmp timer_elapsed32
 353               	.LVL17:
 354               	.L11:
  56:tmk_core/common/sync_timer.c ****     return TIMER_DIFF_32(sync_timer_read32(), last);
 355               		.loc 1 56 5 is_stmt 1 view .LVU56
  56:tmk_core/common/sync_timer.c ****     return TIMER_DIFF_32(sync_timer_read32(), last);
 356               		.loc 1 56 12 is_stmt 0 view .LVU57
 357 0040 0E94 0000 		call sync_timer_read32
 358               	.LVL18:
 359 0044 9B01      		movw r18,r22
 360 0046 AC01      		movw r20,r24
 361 0048 8981      		ldd r24,Y+1
 362 004a 9A81      		ldd r25,Y+2
 363 004c AB81      		ldd r26,Y+3
 364 004e BC81      		ldd r27,Y+4
 365 0050 281B      		sub r18,r24
 366 0052 390B      		sbc r19,r25
 367 0054 4A0B      		sbc r20,r26
 368 0056 5B0B      		sbc r21,r27
 369               		.loc 1 57 1 view .LVU58
 370 0058 CA01      		movw r24,r20
 371 005a B901      		movw r22,r18
 372               	/* epilogue start */
 373 005c 2896      		adiw r28,8
 374 005e 0FB6      		in __tmp_reg__,__SREG__
 375 0060 F894      		cli
 376 0062 DEBF      		out __SP_H__,r29
 377 0064 0FBE      		out __SREG__,__tmp_reg__
 378 0066 CDBF      		out __SP_L__,r28
 379 0068 DF91      		pop r29
 380 006a CF91      		pop r28
 381 006c 0895      		ret
 382               		.cfi_endproc
 383               	.LFE10:
 385               		.comm	sync_timer_ms,4,1
 386               		.text
 387               	.Letext0:
 388               		.file 2 "/usr/avr/include/stdint.h"
 389               		.file 3 "tmk_core/common/timer.h"
 390               		.file 4 "quantum/keyboard.h"
DEFINED SYMBOLS
                            *ABS*:0000000000000000 sync_timer.c
     /tmp/cc3dxWZL.s:2      *ABS*:000000000000003e __SP_H__
     /tmp/cc3dxWZL.s:3      *ABS*:000000000000003d __SP_L__
     /tmp/cc3dxWZL.s:4      *ABS*:000000000000003f __SREG__
     /tmp/cc3dxWZL.s:5      *ABS*:0000000000000000 __tmp_reg__
     /tmp/cc3dxWZL.s:6      *ABS*:0000000000000001 __zero_reg__
     /tmp/cc3dxWZL.s:13     .text.sync_timer_init:0000000000000000 sync_timer_init
                            *COM*:0000000000000004 sync_timer_ms
     /tmp/cc3dxWZL.s:37     .text.sync_timer_update:0000000000000000 sync_timer_update
     /tmp/cc3dxWZL.s:122    .text.sync_timer_read32:0000000000000000 sync_timer_read32
     /tmp/cc3dxWZL.s:204    .text.sync_timer_read:0000000000000000 sync_timer_read
     /tmp/cc3dxWZL.s:237    .text.sync_timer_elapsed:0000000000000000 sync_timer_elapsed
     /tmp/cc3dxWZL.s:294    .text.sync_timer_elapsed32:0000000000000000 sync_timer_elapsed32

UNDEFINED SYMBOLS
is_keyboard_master
timer_read32
timer_read
timer_elapsed
timer_elapsed32
__do_clear_bss
